job_id=25550060.pbs101
host=x1000c0s2b0n1
runner=/scratch/users/ntu/yguo017/dino-wm-wall/meeting-ready/02-horizon-weighted-recurrent-student/lewm-transfer/linear-response-adapter/runner.py
NVIDIA A100-SXM4-40GB, 40960 MiB
timestamp, index, name, utilization.gpu [%], memory.used [MiB], memory.total [MiB]
2026/09/25 21:28:37.953, 0, NVIDIA A100-SXM4-40GB, 0 %, 1 MiB, 40960 MiB
2026/09/25 21:28:42.954, 0, NVIDIA A100-SXM4-40GB, 0 %, 1 MiB, 40960 MiB
2026/09/25 21:28:47.955, 0, NVIDIA A100-SXM4-40GB, 0 %, 1 MiB, 40960 MiB
2026/09/25 21:28:52.986, 0, NVIDIA A100-SXM4-40GB, 0 %, 1 MiB, 40960 MiB
2026/09/25 21:28:57.992, 0, NVIDIA A100-SXM4-40GB, 0 %, 1 MiB, 40960 MiB
2026/09/25 21:29:02.992, 0, NVIDIA A100-SXM4-40GB, 0 %, 1 MiB, 40960 MiB
2026/09/25 21:29:07.993, 0, NVIDIA A100-SXM4-40GB, 0 %, 1 MiB, 40960 MiB
2026/09/25 21:29:12.995, 0, NVIDIA A100-SXM4-40GB, 0 %, 1 MiB, 40960 MiB
2026/09/25 21:29:18.000, 0, NVIDIA A100-SXM4-40GB, 0 %, 1 MiB, 40960 MiB
2026/09/25 21:29:23.001, 0, NVIDIA A100-SXM4-40GB, 0 %, 1 MiB, 40960 MiB
2026/09/25 21:29:28.003, 0, NVIDIA A100-SXM4-40GB, 0 %, 1 MiB, 40960 MiB
2026/09/25 21:29:33.004, 0, NVIDIA A100-SXM4-40GB, 0 %, 1 MiB, 40960 MiB
2026/09/25 21:29:38.006, 0, NVIDIA A100-SXM4-40GB, 0 %, 1 MiB, 40960 MiB
2026/09/25 21:29:43.007, 0, NVIDIA A100-SXM4-40GB, 0 %, 1 MiB, 40960 MiB
2026/09/25 21:29:48.008, 0, NVIDIA A100-SXM4-40GB, 0 %, 1 MiB, 40960 MiB
2026/09/25 21:29:53.010, 0, NVIDIA A100-SXM4-40GB, 0 %, 1 MiB, 40960 MiB
2026/09/25 21:29:58.012, 0, NVIDIA A100-SXM4-40GB, 0 %, 1 MiB, 40960 MiB
2026/09/25 21:30:03.013, 0, NVIDIA A100-SXM4-40GB, 0 %, 1 MiB, 40960 MiB
2026/09/25 21:30:08.014, 0, NVIDIA A100-SXM4-40GB, 0 %, 1 MiB, 40960 MiB
2026/09/25 21:30:13.015, 0, NVIDIA A100-SXM4-40GB, 0 %, 1 MiB, 40960 MiB
2026/09/25 21:30:18.015, 0, NVIDIA A100-SXM4-40GB, 0 %, 1 MiB, 40960 MiB
2026/09/25 21:30:23.016, 0, NVIDIA A100-SXM4-40GB, 0 %, 1 MiB, 40960 MiB
adapter self-check PASS
2026/09/25 21:30:28.017, 0, NVIDIA A100-SXM4-40GB, 0 %, 1 MiB, 40960 MiB
2026/09/25 21:30:33.017, 0, NVIDIA A100-SXM4-40GB, 0 %, 1 MiB, 40960 MiB
2026/09/25 21:30:38.019, 0, NVIDIA A100-SXM4-40GB, 0 %, 1 MiB, 40960 MiB
2026/09/25 21:30:43.020, 0, NVIDIA A100-SXM4-40GB, 0 %, 507 MiB, 40960 MiB
2026/09/25 21:30:48.021, 0, NVIDIA A100-SXM4-40GB, 10 %, 539 MiB, 40960 MiB
2026/09/25 21:30:53.022, 0, NVIDIA A100-SXM4-40GB, 0 %, 539 MiB, 40960 MiB
2026/09/25 21:31:00.147, 0, NVIDIA A100-SXM4-40GB, 0 %, 575 MiB, 40960 MiB
2026/09/25 21:31:05.148, 0, NVIDIA A100-SXM4-40GB, 0 %, 575 MiB, 40960 MiB
2026/09/25 21:31:10.149, 0, NVIDIA A100-SXM4-40GB, 0 %, 575 MiB, 40960 MiB
2026/09/25 21:31:15.149, 0, NVIDIA A100-SXM4-40GB, 0 %, 575 MiB, 40960 MiB
2026/09/25 21:31:20.150, 0, NVIDIA A100-SXM4-40GB, 0 %, 575 MiB, 40960 MiB
2026/09/25 21:31:25.151, 0, NVIDIA A100-SXM4-40GB, 0 %, 575 MiB, 40960 MiB
2026/09/25 21:31:30.151, 0, NVIDIA A100-SXM4-40GB, 0 %, 575 MiB, 40960 MiB
2026/09/25 21:31:35.153, 0, NVIDIA A100-SXM4-40GB, 0 %, 575 MiB, 40960 MiB
2026/09/25 21:31:40.154, 0, NVIDIA A100-SXM4-40GB, 0 %, 575 MiB, 40960 MiB
2026/09/25 21:31:45.155, 0, NVIDIA A100-SXM4-40GB, 0 %, 575 MiB, 40960 MiB
2026/09/25 21:31:50.156, 0, NVIDIA A100-SXM4-40GB, 0 %, 575 MiB, 40960 MiB
2026/09/25 21:31:55.157, 0, NVIDIA A100-SXM4-40GB, 0 %, 575 MiB, 40960 MiB
2026/09/25 21:32:00.158, 0, NVIDIA A100-SXM4-40GB, 0 %, 575 MiB, 40960 MiB
2026/09/25 21:32:05.159, 0, NVIDIA A100-SXM4-40GB, 0 %, 575 MiB, 40960 MiB
2026/09/25 21:32:10.160, 0, NVIDIA A100-SXM4-40GB, 0 %, 575 MiB, 40960 MiB
2026/09/25 21:32:15.161, 0, NVIDIA A100-SXM4-40GB, 0 %, 575 MiB, 40960 MiB
2026/09/25 21:32:20.161, 0, NVIDIA A100-SXM4-40GB, 0 %, 575 MiB, 40960 MiB
2026/09/25 21:32:25.162, 0, NVIDIA A100-SXM4-40GB, 0 %, 575 MiB, 40960 MiB
2026/09/25 21:32:30.164, 0, NVIDIA A100-SXM4-40GB, 0 %, 575 MiB, 40960 MiB
2026/09/25 21:32:35.165, 0, NVIDIA A100-SXM4-40GB, 0 %, 575 MiB, 40960 MiB
2026/09/25 21:32:40.167, 0, NVIDIA A100-SXM4-40GB, 0 %, 575 MiB, 40960 MiB
2026/09/25 21:32:45.168, 0, NVIDIA A100-SXM4-40GB, 0 %, 575 MiB, 40960 MiB
2026/09/25 21:32:50.168, 0, NVIDIA A100-SXM4-40GB, 0 %, 649 MiB, 40960 MiB
2026/09/25 21:32:55.169, 0, NVIDIA A100-SXM4-40GB, 0 %, 651 MiB, 40960 MiB
2026/09/25 21:33:00.171, 0, NVIDIA A100-SXM4-40GB, 36 %, 689 MiB, 40960 MiB
wrote /scratch/users/ntu/yguo017/dino-wm-wall/meeting-ready/02-horizon-weighted-recurrent-student/lewm-transfer/linear-response-adapter/artifacts/25550060.pbs101/linear_response_adapter_summary.json; linear gate=NO-GO; fresh episodes=[16987, 3807, 8951, 2346, 13712, 16952, 11729, 3086]
2026/09/25 21:33:05.171, 0, NVIDIA A100-SXM4-40GB, 0 %, 691 MiB, 40960 MiB
2026/09/25 21:33:10.172, 0, NVIDIA A100-SXM4-40GB, 0 %, 691 MiB, 40960 MiB
2026/09/25 21:33:15.174, 0, NVIDIA A100-SXM4-40GB, 0 %, 655 MiB, 40960 MiB
RUNNER_EXIT_STATUS=0
