PBS_JOBID=25570320.pbs101 HOST=x1000c0s1b0n0.hostmgmt2000.cm.asp2a.nscc.sg NODEFILE=/var/spool/pbs/aux/25570320.pbs101
START_UTC=2026-09-26T16:54:38Z
SOURCE_COMMIT=bdd812d9432cccda8c350086006401b436f91982
DATA_SOURCE_MARKER={"schema":"dino-wm-shared-prefix-cache.pusht-assets-ready","source_job":"23952308.pbs101","hashes":"not computed"}
RUNTIME_PYTHON=/scratch/users/ntu/yguo017/lewm-pusht-iteration/venv/bin/python
CALIBRATION_ONLY=1; FORMAL_EPOCHS=2; PER_ARM_UPDATES=110 (warmup=10,timed=100)
name, uuid, memory.total [MiB]
NVIDIA A100-SXM4-40GB, GPU-4b82553c-1c0e-1fca-6618-a6b65710c205, 40960 MiB
GPU_TELEMETRY_UTC=2026-09-26T16:54:38Z CALIBRATION_ARM_BEGIN=sparse RUN_NAME=costcal_sparse_mlp_var_pd384 UTC=2026-09-26T16:54:38Z
0, 1, 40960;
GPU_TELEMETRY_UTC=2026-09-26T16:54:43Z 0, 1, 40960;
GPU_TELEMETRY_UTC=2026-09-26T16:54:48Z 0, 1, 40960;
GPU_TELEMETRY_UTC=2026-09-26T16:54:53Z 0, 1, 40960;
GPU_TELEMETRY_UTC=2026-09-26T16:54:58Z 0, 1, 40960;
GPU_TELEMETRY_UTC=2026-09-26T16:55:03Z 0, 1, 40960;
GPU_TELEMETRY_UTC=2026-09-26T16:55:08Z 0, 1, 40960;
GPU_TELEMETRY_UTC=2026-09-26T16:55:13Z 0, 1, 40960;
GPU_TELEMETRY_UTC=2026-09-26T16:55:18Z 0, 1, 40960;
GPU_TELEMETRY_UTC=2026-09-26T16:55:23Z 0, 1, 40960;
GPU_TELEMETRY_UTC=2026-09-26T16:55:28Z 0, 1, 40960;
GPU_TELEMETRY_UTC=2026-09-26T16:55:33Z 0, 1, 40960;
GPU_TELEMETRY_UTC=2026-09-26T16:55:38Z 0, 1, 40960;
GPU_TELEMETRY_UTC=2026-09-26T16:55:43Z 0, 1, 40960;
GPU_TELEMETRY_UTC=2026-09-26T16:55:48Z 0, 1, 40960;
GPU_TELEMETRY_UTC=2026-09-26T16:55:54Z 0, 1, 40960;
GPU_TELEMETRY_UTC=2026-09-26T16:55:59Z 0, 1, 40960;
GPU_TELEMETRY_UTC=2026-09-26T16:56:04Z 0, 1, 40960;
GPU_TELEMETRY_UTC=2026-09-26T16:56:09Z 0, 1, 40960;
GPU_TELEMETRY_UTC=2026-09-26T16:56:14Z 0, 1, 40960;
Primary config module 'conf' not found.
Check that it's correct and contains an __init__.py file

Set the environment variable HYDRA_FULL_ERROR=1 for a complete stack trace.
GPU_TELEMETRY_UTC=2026-09-26T16:56:19Z 0, 1, 40960;
GPU_TELEMETRY_UTC=2026-09-26T16:56:24Z 0, 1, 40960;
GPU_TELEMETRY_UTC=2026-09-26T16:56:29Z 0, 1, 40960;
CALIBRATION_ARM_EXIT arm=sparse exit_code=1
