PBS_JOBID=25570365.pbs101 HOST=x1000c0s1b0n0.hostmgmt2000.cm.asp2a.nscc.sg NODEFILE=/var/spool/pbs/aux/25570365.pbs101
START_UTC=2026-09-26T16:59:03Z
SOURCE_COMMIT=bdd812d9432cccda8c350086006401b436f91982
DATA_SOURCE_MARKER={"schema":"dino-wm-shared-prefix-cache.pusht-assets-ready","source_job":"23952308.pbs101","hashes":"not computed"}
RUNTIME_PYTHON=/scratch/users/ntu/yguo017/lewm-pusht-iteration/venv/bin/python
CALIBRATION_ONLY=1; FORMAL_EPOCHS=2; PER_ARM_UPDATES=110 (warmup=10,timed=100)
name, uuid, memory.total [MiB]
NVIDIA A100-SXM4-40GB, GPU-4b82553c-1c0e-1fca-6618-a6b65710c205, 40960 MiB
GPU_TELEMETRY_UTC=2026-09-26T16:59:03Z CALIBRATION_ARM_BEGIN=sparse RUN_NAME=costcal_sparse_mlp_var_pd384 UTC=2026-09-26T16:59:03Z
0, 1, 40960;
GPU_TELEMETRY_UTC=2026-09-26T16:59:09Z 0, 1, 40960;
[2026-09-27 00:59:10,695][train][INFO] - Model saved dir: /scratch/users/ntu/yguo017/experiment/reproduction/lpwm/calibration_runs/25570365.pbs101/checkpoints/outputs/costcal_sparse_mlp_var_pd384
[2026-09-27 00:59:11,039][accelerate.utils.other][WARNING] - Detected kernel version 4.18.0, which is below the recommended minimum of 5.5.0; this can cause the process to hang. It is recommended to upgrade the kernel to the minimum version or higher.
[2026-09-27 00:59:11,039][train][INFO] - rank: 0  model_name: costcal_sparse_mlp_var_pd384_pusht_f5_h3_p1
[2026-09-27 00:59:11,039][train][INFO] - device: cuda   model_name: costcal_sparse_mlp_var_pd384_pusht_f5_h3_p1
wandb: WARNING `resume` will be ignored since W&B syncing is set to `offline`. Starting a new run with run id 685isaxe.
wandb: Tracking run with wandb version 0.30.0
wandb: W&B syncing is set to `offline` in this directory. Run `wandb online` or set WANDB_MODE=online to enable cloud syncing.
wandb: Run data is saved locally in /scratch/users/ntu/yguo017/experiment/reproduction/lpwm/calibration_runs/25570365.pbs101/checkpoints/outputs/costcal_sparse_mlp_var_pd384/wandb/offline-run-20260927_005911-685isaxe
wandb: View this run in the terminal with `wandb leet`
[2026-09-27 00:59:13,935][train][INFO] - Loading dataset from /scratch/users/ntu/yguo017/dino-wm-wall/data/pusht_noise ...
GPU_TELEMETRY_UTC=2026-09-26T16:59:14Z 0, 5, 40960;
Loaded 18685 rollouts
Loaded 21 rollouts
[2026-09-27 00:59:18,606][train][INFO] - dataloader batch size: 64
[2026-09-27 00:59:18,607][train][INFO] - Train encoder, predictor, decoder:            True            True            False
GPU_TELEMETRY_UTC=2026-09-26T16:59:19Z 0, 5, 40960;
using 3d prop position use_3d_pos=False
Proprio encoder type: <class 'models.proprio.ProprioceptiveEmbedding'>
Action encoder type: <class 'models.infojepa_modules.Embedder'>
[2026-09-27 00:59:19,896][train][INFO] - Regularizer: RDMReg
[2026-09-27 00:59:19,897][train][INFO] - Link: reprelu
num_action_repeat: 1
num_proprio_repeat: 1
proprio encoder: ProprioceptiveEmbedding(
  (patch_embed): Conv1d(4, 10, kernel_size=(1,), stride=(1,))
)
action encoder: Embedder(
  (patch_embed): Conv1d(10, 10, kernel_size=(1,), stride=(1,))
  (embed): Sequential(
    (0): Linear(in_features=10, out_features=1536, bias=True)
    (1): SiLU()
    (2): Linear(in_features=1536, out_features=384, bias=True)
  )
)
proprio_dim: 10, after repeat: 10
action_dim: 384, after repeat: 384
emb_dim: 384
Model emb_dim:  384

### muP init schema [encoder]  (fan_in=1 => vector/scalar-like) ###
param                                                  fan_in  scheme
cls_token                                                   1  embed   N(0, 0.02)
pos_embedding                                               1  embed   N(0, 0.02)
patch_embed.weight                                        588  hidden  N(0, 1/sqrt(fan_in)) std=0.04124
patch_embed.bias                                            1  bias    zeros
transformer.norm.weight                                     1  norm    ones
transformer.norm.bias                                       1  norm    zeros
transformer.layers.0.attn.norm.weight                       1  norm    ones
transformer.layers.0.attn.norm.bias                         1  norm    zeros
transformer.layers.0.attn.to_qkv.weight                   384  hidden  N(0, 1/sqrt(fan_in)) std=0.05103
transformer.layers.0.attn.to_out.0.weight                 192  hidden  N(0, 1/sqrt(fan_in)) std=0.07217
transformer.layers.0.attn.to_out.0.bias                     1  bias    zeros
transformer.layers.0.mlp.net.0.weight                       1  norm    ones
transformer.layers.0.mlp.net.0.bias                         1  norm    zeros
transformer.layers.0.mlp.net.1.weight                     384  hidden  N(0, 1/sqrt(fan_in)) std=0.05103
transformer.layers.0.mlp.net.1.bias                         1  bias    zeros
transformer.layers.0.mlp.net.4.weight                     768  hidden  N(0, 1/sqrt(fan_in)) std=0.03608
transformer.layers.0.mlp.net.4.bias                         1  bias    zeros
transformer.layers.1.attn.norm.weight                       1  norm    ones
transformer.layers.1.attn.norm.bias                         1  norm    zeros
transformer.layers.1.attn.to_qkv.weight                   384  hidden  N(0, 1/sqrt(fan_in)) std=0.05103
transformer.layers.1.attn.to_out.0.weight                 192  hidden  N(0, 1/sqrt(fan_in)) std=0.07217
transformer.layers.1.attn.to_out.0.bias                     1  bias    zeros
transformer.layers.1.mlp.net.0.weight                       1  norm    ones
transformer.layers.1.mlp.net.0.bias                         1  norm    zeros
transformer.layers.1.mlp.net.1.weight                     384  hidden  N(0, 1/sqrt(fan_in)) std=0.05103
transformer.layers.1.mlp.net.1.bias                         1  bias    zeros
transformer.layers.1.mlp.net.4.weight                     768  hidden  N(0, 1/sqrt(fan_in)) std=0.03608
transformer.layers.1.mlp.net.4.bias                         1  bias    zeros
transformer.layers.2.attn.norm.weight                       1  norm    ones
transformer.layers.2.attn.norm.bias                         1  norm    zeros
transformer.layers.2.attn.to_qkv.weight                   384  hidden  N(0, 1/sqrt(fan_in)) std=0.05103
transformer.layers.2.attn.to_out.0.weight                 192  hidden  N(0, 1/sqrt(fan_in)) std=0.07217
transformer.layers.2.attn.to_out.0.bias                     1  bias    zeros
transformer.layers.2.mlp.net.0.weight                       1  norm    ones
transformer.layers.2.mlp.net.0.bias                         1  norm    zeros
transformer.layers.2.mlp.net.1.weight                     384  hidden  N(0, 1/sqrt(fan_in)) std=0.05103
transformer.layers.2.mlp.net.1.bias                         1  bias    zeros
transformer.layers.2.mlp.net.4.weight                     768  hidden  N(0, 1/sqrt(fan_in)) std=0.03608
transformer.layers.2.mlp.net.4.bias                         1  bias    zeros
transformer.layers.3.attn.norm.weight                       1  norm    ones
transformer.layers.3.attn.norm.bias                         1  norm    zeros
transformer.layers.3.attn.to_qkv.weight                   384  hidden  N(0, 1/sqrt(fan_in)) std=0.05103
transformer.layers.3.attn.to_out.0.weight                 192  hidden  N(0, 1/sqrt(fan_in)) std=0.07217
transformer.layers.3.attn.to_out.0.bias                     1  bias    zeros
transformer.layers.3.mlp.net.0.weight                       1  norm    ones
transformer.layers.3.mlp.net.0.bias                         1  norm    zeros
transformer.layers.3.mlp.net.1.weight                     384  hidden  N(0, 1/sqrt(fan_in)) std=0.05103
transformer.layers.3.mlp.net.1.bias                         1  bias    zeros
transformer.layers.3.mlp.net.4.weight                     768  hidden  N(0, 1/sqrt(fan_in)) std=0.03608
transformer.layers.3.mlp.net.4.bias                         1  bias    zeros
transformer.layers.4.attn.norm.weight                       1  norm    ones
transformer.layers.4.attn.norm.bias                         1  norm    zeros
transformer.layers.4.attn.to_qkv.weight                   384  hidden  N(0, 1/sqrt(fan_in)) std=0.05103
transformer.layers.4.attn.to_out.0.weight                 192  hidden  N(0, 1/sqrt(fan_in)) std=0.07217
transformer.layers.4.attn.to_out.0.bias                     1  bias    zeros
transformer.layers.4.mlp.net.0.weight                       1  norm    ones
transformer.layers.4.mlp.net.0.bias                         1  norm    zeros
transformer.layers.4.mlp.net.1.weight                     384  hidden  N(0, 1/sqrt(fan_in)) std=0.05103
transformer.layers.4.mlp.net.1.bias                         1  bias    zeros
transformer.layers.4.mlp.net.4.weight                     768  hidden  N(0, 1/sqrt(fan_in)) std=0.03608
transformer.layers.4.mlp.net.4.bias                         1  bias    zeros
transformer.layers.5.attn.norm.weight                       1  norm    ones
transformer.layers.5.attn.norm.bias                         1  norm    zeros
transformer.layers.5.attn.to_qkv.weight                   384  hidden  N(0, 1/sqrt(fan_in)) std=0.05103
transformer.layers.5.attn.to_out.0.weight                 192  hidden  N(0, 1/sqrt(fan_in)) std=0.07217
transformer.layers.5.attn.to_out.0.bias                     1  bias    zeros
transformer.layers.5.mlp.net.0.weight                       1  norm    ones
transformer.layers.5.mlp.net.0.bias                         1  norm    zeros
transformer.layers.5.mlp.net.1.weight                     384  hidden  N(0, 1/sqrt(fan_in)) std=0.05103
transformer.layers.5.mlp.net.1.bias                         1  bias    zeros
transformer.layers.5.mlp.net.4.weight                     768  hidden  N(0, 1/sqrt(fan_in)) std=0.03608
transformer.layers.5.mlp.net.4.bias                         1  bias    zeros
transformer.layers.6.attn.norm.weight                       1  norm    ones
transformer.layers.6.attn.norm.bias                         1  norm    zeros
transformer.layers.6.attn.to_qkv.weight                   384  hidden  N(0, 1/sqrt(fan_in)) std=0.05103
transformer.layers.6.attn.to_out.0.weight                 192  hidden  N(0, 1/sqrt(fan_in)) std=0.07217
transformer.layers.6.attn.to_out.0.bias                     1  bias    zeros
transformer.layers.6.mlp.net.0.weight                       1  norm    ones
transformer.layers.6.mlp.net.0.bias                         1  norm    zeros
transformer.layers.6.mlp.net.1.weight                     384  hidden  N(0, 1/sqrt(fan_in)) std=0.05103
transformer.layers.6.mlp.net.1.bias                         1  bias    zeros
transformer.layers.6.mlp.net.4.weight                     768  hidden  N(0, 1/sqrt(fan_in)) std=0.03608
transformer.layers.6.mlp.net.4.bias                         1  bias    zeros
transformer.layers.7.attn.norm.weight                       1  norm    ones
transformer.layers.7.attn.norm.bias                         1  norm    zeros
transformer.layers.7.attn.to_qkv.weight                   384  hidden  N(0, 1/sqrt(fan_in)) std=0.05103
transformer.layers.7.attn.to_out.0.weight                 192  hidden  N(0, 1/sqrt(fan_in)) std=0.07217
transformer.layers.7.attn.to_out.0.bias                     1  bias    zeros
transformer.layers.7.mlp.net.0.weight                       1  norm    ones
transformer.layers.7.mlp.net.0.bias                         1  norm    zeros
transformer.layers.7.mlp.net.1.weight                     384  hidden  N(0, 1/sqrt(fan_in)) std=0.05103
transformer.layers.7.mlp.net.1.bias                         1  bias    zeros
transformer.layers.7.mlp.net.4.weight                     768  hidden  N(0, 1/sqrt(fan_in)) std=0.03608
transformer.layers.7.mlp.net.4.bias                         1  bias    zeros
transformer.layers.8.attn.norm.weight                       1  norm    ones
transformer.layers.8.attn.norm.bias                         1  norm    zeros
transformer.layers.8.attn.to_qkv.weight                   384  hidden  N(0, 1/sqrt(fan_in)) std=0.05103
transformer.layers.8.attn.to_out.0.weight                 192  hidden  N(0, 1/sqrt(fan_in)) std=0.07217
transformer.layers.8.attn.to_out.0.bias                     1  bias    zeros
transformer.layers.8.mlp.net.0.weight                       1  norm    ones
transformer.layers.8.mlp.net.0.bias                         1  norm    zeros
transformer.layers.8.mlp.net.1.weight                     384  hidden  N(0, 1/sqrt(fan_in)) std=0.05103
transformer.layers.8.mlp.net.1.bias                         1  bias    zeros
transformer.layers.8.mlp.net.4.weight                     768  hidden  N(0, 1/sqrt(fan_in)) std=0.03608
transformer.layers.8.mlp.net.4.bias                         1  bias    zeros
transformer.layers.9.attn.norm.weight                       1  norm    ones
transformer.layers.9.attn.norm.bias                         1  norm    zeros
transformer.layers.9.attn.to_qkv.weight                   384  hidden  N(0, 1/sqrt(fan_in)) std=0.05103
transformer.layers.9.attn.to_out.0.weight                 192  hidden  N(0, 1/sqrt(fan_in)) std=0.07217
transformer.layers.9.attn.to_out.0.bias                     1  bias    zeros
transformer.layers.9.mlp.net.0.weight                       1  norm    ones
transformer.layers.9.mlp.net.0.bias                         1  norm    zeros
transformer.layers.9.mlp.net.1.weight                     384  hidden  N(0, 1/sqrt(fan_in)) std=0.05103
transformer.layers.9.mlp.net.1.bias                         1  bias    zeros
transformer.layers.9.mlp.net.4.weight                     768  hidden  N(0, 1/sqrt(fan_in)) std=0.03608
transformer.layers.9.mlp.net.4.bias                         1  bias    zeros
transformer.layers.10.attn.norm.weight                      1  norm    ones
transformer.layers.10.attn.norm.bias                        1  norm    zeros
transformer.layers.10.attn.to_qkv.weight                  384  hidden  N(0, 1/sqrt(fan_in)) std=0.05103
transformer.layers.10.attn.to_out.0.weight                192  hidden  N(0, 1/sqrt(fan_in)) std=0.07217
transformer.layers.10.attn.to_out.0.bias                    1  bias    zeros
transformer.layers.10.mlp.net.0.weight                      1  norm    ones
transformer.layers.10.mlp.net.0.bias                        1  norm    zeros
transformer.layers.10.mlp.net.1.weight                    384  hidden  N(0, 1/sqrt(fan_in)) std=0.05103
transformer.layers.10.mlp.net.1.bias                        1  bias    zeros
transformer.layers.10.mlp.net.4.weight                    768  hidden  N(0, 1/sqrt(fan_in)) std=0.03608
transformer.layers.10.mlp.net.4.bias                        1  bias    zeros
transformer.layers.11.attn.norm.weight                      1  norm    ones
transformer.layers.11.attn.norm.bias                        1  norm    zeros
transformer.layers.11.attn.to_qkv.weight                  384  hidden  N(0, 1/sqrt(fan_in)) std=0.05103
transformer.layers.11.attn.to_out.0.weight                192  hidden  N(0, 1/sqrt(fan_in)) std=0.07217
transformer.layers.11.attn.to_out.0.bias                    1  bias    zeros
transformer.layers.11.mlp.net.0.weight                      1  norm    ones
transformer.layers.11.mlp.net.0.bias                        1  norm    zeros
transformer.layers.11.mlp.net.1.weight                    384  hidden  N(0, 1/sqrt(fan_in)) std=0.05103
transformer.layers.11.mlp.net.1.bias                        1  bias    zeros
transformer.layers.11.mlp.net.4.weight                    768  hidden  N(0, 1/sqrt(fan_in)) std=0.03608
transformer.layers.11.mlp.net.4.bias                        1  bias    zeros
projector.net.0.weight                                    384  hidden  N(0, 1/sqrt(fan_in)) std=0.05103
projector.net.0.bias                                        1  bias    zeros
projector.net.1.weight                                      1  norm    ones
projector.net.1.bias                                        1  norm    zeros
projector.net.3.weight                                   2048  hidden  N(0, 1/sqrt(fan_in)) std=0.0221
projector.net.3.bias                                        1  bias    zeros
### [encoder] init done ###

### muP init schema [predictor]  (fan_in=1 => vector/scalar-like) ###
param                                                  fan_in  scheme
lags.0.weight                                             384  hidden  N(0, 1/sqrt(fan_in)) std=0.05103
lags.0.bias                                                 1  bias    zeros
lags.1.weight                                             384  hidden  N(0, 1/sqrt(fan_in)) std=0.05103
lags.2.weight                                             384  hidden  N(0, 1/sqrt(fan_in)) std=0.05103
B.weight                                                  384  hidden  N(0, 1/sqrt(fan_in)) std=0.05103
W.weight                                                  384  hidden  N(0, 1/sqrt(fan_in)) std=0.05103
W.bias                                                      1  bias    zeros
### [predictor] init done ###
[2026-09-27 00:59:20,230][train][INFO] - Applied muP init to trained scratch modules (encoder=True, predictor=True, decoder=False).

### muP LR schema [encoder]  base_lr=0.0005  base_width=384 ###
### used_lr = base_lr * base_width / fan_in ###
param                                            fan_in   base_w      used_lr     wd
cls_token                                           384      384    5.000e-04   0.01
pos_embedding                                       384      384    5.000e-04   0.01
patch_embed.weight                                  588      384    3.265e-04   0.01 (fan_in!=base_width)
patch_embed.bias                                    384      384    5.000e-04    0.0
transformer.norm.weight                             384      384    5.000e-04    0.0
transformer.norm.bias                               384      384    5.000e-04    0.0
transformer.layers.0.attn.norm.weight               384      384    5.000e-04    0.0
transformer.layers.0.attn.norm.bias                 384      384    5.000e-04    0.0
transformer.layers.0.attn.to_qkv.weight             384      384    5.000e-04   0.01
transformer.layers.0.attn.to_out.0.weight           192      384    1.000e-03   0.01 (fan_in!=base_width)
transformer.layers.0.attn.to_out.0.bias             384      384    5.000e-04    0.0
transformer.layers.0.mlp.net.0.weight               384      384    5.000e-04    0.0
transformer.layers.0.mlp.net.0.bias                 384      384    5.000e-04    0.0
transformer.layers.0.mlp.net.1.weight               384      384    5.000e-04   0.01
transformer.layers.0.mlp.net.1.bias                 384      384    5.000e-04    0.0
transformer.layers.0.mlp.net.4.weight               768      384    2.500e-04   0.01 (fan_in!=base_width)
transformer.layers.0.mlp.net.4.bias                 384      384    5.000e-04    0.0
transformer.layers.1.attn.norm.weight               384      384    5.000e-04    0.0
transformer.layers.1.attn.norm.bias                 384      384    5.000e-04    0.0
transformer.layers.1.attn.to_qkv.weight             384      384    5.000e-04   0.01
transformer.layers.1.attn.to_out.0.weight           192      384    1.000e-03   0.01 (fan_in!=base_width)
transformer.layers.1.attn.to_out.0.bias             384      384    5.000e-04    0.0
transformer.layers.1.mlp.net.0.weight               384      384    5.000e-04    0.0
transformer.layers.1.mlp.net.0.bias                 384      384    5.000e-04    0.0
transformer.layers.1.mlp.net.1.weight               384      384    5.000e-04   0.01
transformer.layers.1.mlp.net.1.bias                 384      384    5.000e-04    0.0
transformer.layers.1.mlp.net.4.weight               768      384    2.500e-04   0.01 (fan_in!=base_width)
transformer.layers.1.mlp.net.4.bias                 384      384    5.000e-04    0.0
transformer.layers.2.attn.norm.weight               384      384    5.000e-04    0.0
transformer.layers.2.attn.norm.bias                 384      384    5.000e-04    0.0
transformer.layers.2.attn.to_qkv.weight             384      384    5.000e-04   0.01
transformer.layers.2.attn.to_out.0.weight           192      384    1.000e-03   0.01 (fan_in!=base_width)
transformer.layers.2.attn.to_out.0.bias             384      384    5.000e-04    0.0
transformer.layers.2.mlp.net.0.weight               384      384    5.000e-04    0.0
transformer.layers.2.mlp.net.0.bias                 384      384    5.000e-04    0.0
transformer.layers.2.mlp.net.1.weight               384      384    5.000e-04   0.01
transformer.layers.2.mlp.net.1.bias                 384      384    5.000e-04    0.0
transformer.layers.2.mlp.net.4.weight               768      384    2.500e-04   0.01 (fan_in!=base_width)
transformer.layers.2.mlp.net.4.bias                 384      384    5.000e-04    0.0
transformer.layers.3.attn.norm.weight               384      384    5.000e-04    0.0
transformer.layers.3.attn.norm.bias                 384      384    5.000e-04    0.0
transformer.layers.3.attn.to_qkv.weight             384      384    5.000e-04   0.01
transformer.layers.3.attn.to_out.0.weight           192      384    1.000e-03   0.01 (fan_in!=base_width)
transformer.layers.3.attn.to_out.0.bias             384      384    5.000e-04    0.0
transformer.layers.3.mlp.net.0.weight               384      384    5.000e-04    0.0
transformer.layers.3.mlp.net.0.bias                 384      384    5.000e-04    0.0
transformer.layers.3.mlp.net.1.weight               384      384    5.000e-04   0.01
transformer.layers.3.mlp.net.1.bias                 384      384    5.000e-04    0.0
transformer.layers.3.mlp.net.4.weight               768      384    2.500e-04   0.01 (fan_in!=base_width)
transformer.layers.3.mlp.net.4.bias                 384      384    5.000e-04    0.0
transformer.layers.4.attn.norm.weight               384      384    5.000e-04    0.0
transformer.layers.4.attn.norm.bias                 384      384    5.000e-04    0.0
transformer.layers.4.attn.to_qkv.weight             384      384    5.000e-04   0.01
transformer.layers.4.attn.to_out.0.weight           192      384    1.000e-03   0.01 (fan_in!=base_width)
transformer.layers.4.attn.to_out.0.bias             384      384    5.000e-04    0.0
transformer.layers.4.mlp.net.0.weight               384      384    5.000e-04    0.0
transformer.layers.4.mlp.net.0.bias                 384      384    5.000e-04    0.0
transformer.layers.4.mlp.net.1.weight               384      384    5.000e-04   0.01
transformer.layers.4.mlp.net.1.bias                 384      384    5.000e-04    0.0
transformer.layers.4.mlp.net.4.weight               768      384    2.500e-04   0.01 (fan_in!=base_width)
transformer.layers.4.mlp.net.4.bias                 384      384    5.000e-04    0.0
transformer.layers.5.attn.norm.weight               384      384    5.000e-04    0.0
transformer.layers.5.attn.norm.bias                 384      384    5.000e-04    0.0
transformer.layers.5.attn.to_qkv.weight             384      384    5.000e-04   0.01
transformer.layers.5.attn.to_out.0.weight           192      384    1.000e-03   0.01 (fan_in!=base_width)
transformer.layers.5.attn.to_out.0.bias             384      384    5.000e-04    0.0
transformer.layers.5.mlp.net.0.weight               384      384    5.000e-04    0.0
transformer.layers.5.mlp.net.0.bias                 384      384    5.000e-04    0.0
transformer.layers.5.mlp.net.1.weight               384      384    5.000e-04   0.01
transformer.layers.5.mlp.net.1.bias                 384      384    5.000e-04    0.0
transformer.layers.5.mlp.net.4.weight               768      384    2.500e-04   0.01 (fan_in!=base_width)
transformer.layers.5.mlp.net.4.bias                 384      384    5.000e-04    0.0
transformer.layers.6.attn.norm.weight               384      384    5.000e-04    0.0
transformer.layers.6.attn.norm.bias                 384      384    5.000e-04    0.0
transformer.layers.6.attn.to_qkv.weight             384      384    5.000e-04   0.01
transformer.layers.6.attn.to_out.0.weight           192      384    1.000e-03   0.01 (fan_in!=base_width)
transformer.layers.6.attn.to_out.0.bias             384      384    5.000e-04    0.0
transformer.layers.6.mlp.net.0.weight               384      384    5.000e-04    0.0
transformer.layers.6.mlp.net.0.bias                 384      384    5.000e-04    0.0
transformer.layers.6.mlp.net.1.weight               384      384    5.000e-04   0.01
transformer.layers.6.mlp.net.1.bias                 384      384    5.000e-04    0.0
transformer.layers.6.mlp.net.4.weight               768      384    2.500e-04   0.01 (fan_in!=base_width)
transformer.layers.6.mlp.net.4.bias                 384      384    5.000e-04    0.0
transformer.layers.7.attn.norm.weight               384      384    5.000e-04    0.0
transformer.layers.7.attn.norm.bias                 384      384    5.000e-04    0.0
transformer.layers.7.attn.to_qkv.weight             384      384    5.000e-04   0.01
transformer.layers.7.attn.to_out.0.weight           192      384    1.000e-03   0.01 (fan_in!=base_width)
transformer.layers.7.attn.to_out.0.bias             384      384    5.000e-04    0.0
transformer.layers.7.mlp.net.0.weight               384      384    5.000e-04    0.0
transformer.layers.7.mlp.net.0.bias                 384      384    5.000e-04    0.0
transformer.layers.7.mlp.net.1.weight               384      384    5.000e-04   0.01
transformer.layers.7.mlp.net.1.bias                 384      384    5.000e-04    0.0
transformer.layers.7.mlp.net.4.weight               768      384    2.500e-04   0.01 (fan_in!=base_width)
transformer.layers.7.mlp.net.4.bias                 384      384    5.000e-04    0.0
transformer.layers.8.attn.norm.weight               384      384    5.000e-04    0.0
transformer.layers.8.attn.norm.bias                 384      384    5.000e-04    0.0
transformer.layers.8.attn.to_qkv.weight             384      384    5.000e-04   0.01
transformer.layers.8.attn.to_out.0.weight           192      384    1.000e-03   0.01 (fan_in!=base_width)
transformer.layers.8.attn.to_out.0.bias             384      384    5.000e-04    0.0
transformer.layers.8.mlp.net.0.weight               384      384    5.000e-04    0.0
transformer.layers.8.mlp.net.0.bias                 384      384    5.000e-04    0.0
transformer.layers.8.mlp.net.1.weight               384      384    5.000e-04   0.01
transformer.layers.8.mlp.net.1.bias                 384      384    5.000e-04    0.0
transformer.layers.8.mlp.net.4.weight               768      384    2.500e-04   0.01 (fan_in!=base_width)
transformer.layers.8.mlp.net.4.bias                 384      384    5.000e-04    0.0
transformer.layers.9.attn.norm.weight               384      384    5.000e-04    0.0
transformer.layers.9.attn.norm.bias                 384      384    5.000e-04    0.0
transformer.layers.9.attn.to_qkv.weight             384      384    5.000e-04   0.01
transformer.layers.9.attn.to_out.0.weight           192      384    1.000e-03   0.01 (fan_in!=base_width)
transformer.layers.9.attn.to_out.0.bias             384      384    5.000e-04    0.0
transformer.layers.9.mlp.net.0.weight               384      384    5.000e-04    0.0
transformer.layers.9.mlp.net.0.bias                 384      384    5.000e-04    0.0
transformer.layers.9.mlp.net.1.weight               384      384    5.000e-04   0.01
transformer.layers.9.mlp.net.1.bias                 384      384    5.000e-04    0.0
transformer.layers.9.mlp.net.4.weight               768      384    2.500e-04   0.01 (fan_in!=base_width)
transformer.layers.9.mlp.net.4.bias                 384      384    5.000e-04    0.0
transformer.layers.10.attn.norm.weight              384      384    5.000e-04    0.0
transformer.layers.10.attn.norm.bias                384      384    5.000e-04    0.0
transformer.layers.10.attn.to_qkv.weight            384      384    5.000e-04   0.01
transformer.layers.10.attn.to_out.0.weight          192      384    1.000e-03   0.01 (fan_in!=base_width)
transformer.layers.10.attn.to_out.0.bias            384      384    5.000e-04    0.0
transformer.layers.10.mlp.net.0.weight              384      384    5.000e-04    0.0
transformer.layers.10.mlp.net.0.bias                384      384    5.000e-04    0.0
transformer.layers.10.mlp.net.1.weight              384      384    5.000e-04   0.01
transformer.layers.10.mlp.net.1.bias                384      384    5.000e-04    0.0
transformer.layers.10.mlp.net.4.weight              768      384    2.500e-04   0.01 (fan_in!=base_width)
transformer.layers.10.mlp.net.4.bias                384      384    5.000e-04    0.0
transformer.layers.11.attn.norm.weight              384      384    5.000e-04    0.0
transformer.layers.11.attn.norm.bias                384      384    5.000e-04    0.0
transformer.layers.11.attn.to_qkv.weight            384      384    5.000e-04   0.01
transformer.layers.11.attn.to_out.0.weight          192      384    1.000e-03   0.01 (fan_in!=base_width)
transformer.layers.11.attn.to_out.0.bias            384      384    5.000e-04    0.0
transformer.layers.11.mlp.net.0.weight              384      384    5.000e-04    0.0
transformer.layers.11.mlp.net.0.bias                384      384    5.000e-04    0.0
transformer.layers.11.mlp.net.1.weight              384      384    5.000e-04   0.01
transformer.layers.11.mlp.net.1.bias                384      384    5.000e-04    0.0
transformer.layers.11.mlp.net.4.weight              768      384    2.500e-04   0.01 (fan_in!=base_width)
transformer.layers.11.mlp.net.4.bias                384      384    5.000e-04    0.0
projector.net.0.weight                              384      384    5.000e-04   0.01
projector.net.0.bias                                384      384    5.000e-04    0.0
projector.net.1.weight                              384      384    5.000e-04    0.0
projector.net.1.bias                                384      384    5.000e-04    0.0
projector.net.3.weight                             2048      384    9.375e-05   0.01 (fan_in!=base_width)
projector.net.3.bias                                384      384    5.000e-04    0.0
### [encoder] 144 param-groups, 12,559,104 params ###

### muP LR schema [predictor]  base_lr=0.0005  base_width=384 ###
### used_lr = base_lr * base_width / fan_in ###
param                                            fan_in   base_w      used_lr     wd
lags.0.weight                                       384      384    5.000e-04   0.01
lags.0.bias                                         384      384    5.000e-04    0.0
lags.1.weight                                       384      384    5.000e-04   0.01
lags.2.weight                                       384      384    5.000e-04   0.01
B.weight                                            384      384    5.000e-04   0.01
W.weight                                            384      384    5.000e-04   0.01
W.bias                                              384      384    5.000e-04    0.0
### [predictor] 7 param-groups, 738,048 params ###

### muP LR schema [action_encoder]  base_lr=0.0005  base_width=384 ###
### used_lr = base_lr * base_width / fan_in ###
param                                            fan_in   base_w      used_lr     wd
patch_embed.weight                                   10      384    1.920e-02   0.01 (fan_in!=base_width)
patch_embed.bias                                    384      384    5.000e-04    0.0
embed.0.weight                                       10      384    1.920e-02   0.01 (fan_in!=base_width)
embed.0.bias                                        384      384    5.000e-04    0.0
embed.2.weight                                     1536      384    1.250e-04   0.01 (fan_in!=base_width)
embed.2.bias                                        384      384    5.000e-04    0.0
### [action_encoder] 6 param-groups, 607,214 params ###

### muP LR schema [proprio_encoder]  base_lr=0.0005  base_width=384 ###
### used_lr = base_lr * base_width / fan_in ###
param                                            fan_in   base_w      used_lr     wd
patch_embed.weight                                    4      384    4.800e-02   0.01 (fan_in!=base_width)
patch_embed.bias                                    384      384    5.000e-04    0.0
### [proprio_encoder] 2 param-groups, 50 params ###
Epoch 1 Train:   0%|          | 0/110 [00:00<?, ?it/s][[[[[[00:59:20] [/github/workspace/src/video/video_reader.cc00:59:20:[] 00:59:20/github/workspace/src/video/video_reader.cc:] [/github/workspace/src/video/video_reader.cc[:[83: ERROR opening: /scratch/users/ntu/yguo017/dino-wm-wall/data/pusht_noise/train/obses/episode_7129.mp483, : No such file or directory83ERROR opening: 
[[00:59:2000:59:20: 00:59:20/scratch/users/ntu/yguo017/dino-wm-wall/data/pusht_noise/train/obses/episode_16476.mp4ERROR opening: , 00:59:2000:59:20] ] 00:59:20] [[] 00:59:20No such file or directory/scratch/users/ntu/yguo017/dino-wm-wall/data/pusht_noise/train/obses/episode_5050.mp4/github/workspace/src/video/video_reader.cc
00:59:20:] /github/workspace/src/video/video_reader.cc] /github/workspace/src/video/video_reader.cc:/github/workspace/src/video/video_reader.cc/github/workspace/src/video/video_reader.cc] , :] /github/workspace/src/video/video_reader.cc:00:59:2083[:/github/workspace/src/video/video_reader.ccNo such file or directory/github/workspace/src/video/video_reader.cc00:59:20::[[[83] 83: /github/workspace/src/video/video_reader.cc:83
:83: ] 00:59:2000:59:20: ] : ] /github/workspace/src/video/video_reader.ccERROR opening: ERROR opening: 00:59:208383[: ERROR opening: /github/workspace/src/video/video_reader.cc00:59:20ERROR opening: :83/github/workspace/src/video/video_reader.cc:/scratch/users/ntu/yguo017/dino-wm-wall/data/pusht_noise/train/obses/episode_10205.mp4/scratch/users/ntu/yguo017/dino-wm-wall/data/pusht_noise/train/obses/episode_15093.mp4] : 83: ERROR opening: ERROR opening: 00:59:20ERROR opening: /scratch/users/ntu/yguo017/dino-wm-wall/data/pusht_noise/train/obses/episode_9755.mp400:59:20] 83] /scratch/users/ntu/yguo017/dino-wm-wall/data/pusht_noise/train/obses/episode_8208.mp4: :ERROR opening: , , /github/workspace/src/video/video_reader.ccNo such file or directory: /scratch/users/ntu/yguo017/dino-wm-wall/data/pusht_noise/train/obses/episode_17108.mp4
/scratch/users/ntu/yguo017/dino-wm-wall/data/pusht_noise/train/obses/episode_15074.mp4ERROR opening: ] /scratch/users/ntu/yguo017/dino-wm-wall/data/pusht_noise/train/obses/episode_13249.mp4, /github/workspace/src/video/video_reader.cc/github/workspace/src/video/video_reader.cc83: 83: /github/workspace/src/video/video_reader.cc, ERROR opening: 00:59:20/scratch/users/ntu/yguo017/dino-wm-wall/data/pusht_noise/train/obses/episode_10642.mp4No such file or directory:, , , No such file or directoryNo such file or directory/scratch/users/ntu/yguo017/dino-wm-wall/data/pusht_noise/train/obses/episode_105.mp4
No such file or directory, ::ERROR opening: : :No such file or directory/scratch/users/ntu/yguo017/dino-wm-wall/data/pusht_noise/train/obses/episode_9956.mp483] , 
: No such file or directory


ERROR opening: No such file or directory/scratch/users/ntu/yguo017/dino-wm-wall/data/pusht_noise/train/obses/episode_8110.mp4ERROR opening: 
, /github/workspace/src/video/video_reader.ccNo such file or directory8383
/scratch/users/ntu/yguo017/dino-wm-wall/data/pusht_noise/train/obses/episode_7947.mp4, /scratch/users/ntu/yguo017/dino-wm-wall/data/pusht_noise/train/obses/episode_4678.mp4, No such file or directory83No such file or directory
:
: : , No such file or directory: 
ERROR opening: ERROR opening: ERROR opening: /scratch/users/ntu/yguo017/dino-wm-wall/data/pusht_noise/train/obses/episode_2121.mp4No such file or directory, 
83/scratch/users/ntu/yguo017/dino-wm-wall/data/pusht_noise/train/obses/episode_17849.mp4/scratch/users/ntu/yguo017/dino-wm-wall/data/pusht_noise/train/obses/episode_13435.mp4No such file or directory
, , : 
No such file or directory
No such file or directoryERROR opening: 
/scratch/users/ntu/yguo017/dino-wm-wall/data/pusht_noise/train/obses/episode_2892.mp4, No such file or directory
[[00:59:20] /github/workspace/src/video/video_reader.cc00:59:20:] /github/workspace/src/video/video_reader.cc:83[: 83ERROR opening: /scratch/users/ntu/yguo017/dino-wm-wall/data/pusht_noise/train/obses/episode_15989.mp4: , ERROR opening: No such file or directory/scratch/users/ntu/yguo017/dino-wm-wall/data/pusht_noise/train/obses/episode_17079.mp4
, 00:59:20No such file or directory
] /github/workspace/src/video/video_reader.cc:83: ERROR opening: /scratch/users/ntu/yguo017/dino-wm-wall/data/pusht_noise/train/obses/episode_6095.mp4, No such file or directory
[00:59:20] /github/workspace/src/video/video_reader.cc:83: ERROR opening: /scratch/users/ntu/yguo017/dino-wm-wall/data/pusht_noise/train/obses/episode_16732.mp4, No such file or directory
[[[00:59:2000:59:20] 00:59:20] ] /github/workspace/src/video/video_reader.cc/github/workspace/src/video/video_reader.cc/github/workspace/src/video/video_reader.cc:::83: 83ERROR opening: : 83ERROR opening: /scratch/users/ntu/yguo017/dino-wm-wall/data/pusht_noise/train/obses/episode_17244.mp4/scratch/users/ntu/yguo017/dino-wm-wall/data/pusht_noise/train/obses/episode_4306.mp4, , No such file or directory: No such file or directory

ERROR opening: /scratch/users/ntu/yguo017/dino-wm-wall/data/pusht_noise/train/obses/episode_9962.mp4, No such file or directory
[[00:59:20] /github/workspace/src/video/video_reader.cc:83: ERROR opening: /scratch/users/ntu/yguo017/dino-wm-wall/data/pusht_noise/train/obses/episode_12032.mp400:59:20] , No such file or directory/github/workspace/src/video/video_reader.cc
:83: ERROR opening: /scratch/users/ntu/yguo017/dino-wm-wall/data/pusht_noise/train/obses/episode_2930.mp4, No such file or directory
[00:59:20] /github/workspace/src/video/video_reader.cc:83: ERROR opening: /scratch/users/ntu/yguo017/dino-wm-wall/data/pusht_noise/train/obses/episode_12115.mp4, No such file or directory
[[00:59:20[00:59:20] ] /github/workspace/src/video/video_reader.cc[/github/workspace/src/video/video_reader.cc::8383: : 00:59:20ERROR opening: ERROR opening: 00:59:20/scratch/users/ntu/yguo017/dino-wm-wall/data/pusht_noise/train/obses/episode_4726.mp4/scratch/users/ntu/yguo017/dino-wm-wall/data/pusht_noise/train/obses/episode_3188.mp4] , , /github/workspace/src/video/video_reader.cc] No such file or directoryNo such file or directory/github/workspace/src/video/video_reader.cc
:
:8383: : ERROR opening: /scratch/users/ntu/yguo017/dino-wm-wall/data/pusht_noise/train/obses/episode_16054.mp4ERROR opening: , /scratch/users/ntu/yguo017/dino-wm-wall/data/pusht_noise/train/obses/episode_11065.mp4No such file or directory, 
No such file or directory
[00:59:20] /github/workspace/src/video/video_reader.cc:83: ERROR opening: /scratch/users/ntu/yguo017/dino-wm-wall/data/pusht_noise/train/obses/episode_14107.mp4, No such file or directory
[00:59:20] /github/workspace/src/video/video_reader.cc[:83: [ERROR opening: /scratch/users/ntu/yguo017/dino-wm-wall/data/pusht_noise/train/obses/episode_873.mp400:59:20, No such file or directory00:59:20] 
] /github/workspace/src/video/video_reader.cc/github/workspace/src/video/video_reader.cc::8383: : ERROR opening: ERROR opening: /scratch/users/ntu/yguo017/dino-wm-wall/data/pusht_noise/train/obses/episode_3028.mp4/scratch/users/ntu/yguo017/dino-wm-wall/data/pusht_noise/train/obses/episode_15755.mp4, , No such file or directoryNo such file or directory

[00:59:20] /github/workspace/src/video/video_reader.cc:83: ERROR opening: /scratch/users/ntu/yguo017/dino-wm-wall/data/pusht_noise/train/obses/episode_12246.mp4, No such file or directory
[00:59:20] /github/workspace/src/video/video_reader.cc:83: ERROR opening: /scratch/users/ntu/yguo017/dino-wm-wall/data/pusht_noise/train/obses/episode_8500.mp4, No such file or directory
[00:59:20] /github/workspace/src/video/video_reader.cc:83: ERROR opening: /scratch/users/ntu/yguo017/dino-wm-wall/data/pusht_noise/train/obses/episode_175.mp4, No such file or directory
Epoch 1 Train:   0%|          | 0/110 [00:00<?, ?it/s]
Error executing job with overrides: ['env=pusht', 'frameskip=5', 'num_hist=3', 'encoder=vit_scratch', 'link=reprelu', 'regularizer=rdmreg', 'target_p=1', 'agg=b', 'training.epochs=2', 'training.batch_size=64', 'env.num_workers=20', 'ckpt_base_path=/scratch/users/ntu/yguo017/experiment/reproduction/lpwm/calibration_runs/25570365.pbs101/checkpoints', 'predictor=mlp_var', 'training.mup_lr=5e-4', 'reg_weight=0.1', 'mup=true', 'training.seed=0', 'encoder.proj_dim=384', 'action_emb_dim=384', 'mu=0']
Traceback (most recent call last):
  File "/scratch/users/ntu/yguo017/experiment/reproduction/lpwm/lpworldmodel-bdd812d/train.py", line 902, in main
    trainer.run()
  File "/scratch/users/ntu/yguo017/experiment/reproduction/lpwm/cost_calibration_runner.py", line 152, in bounded_run
    self.train()
  File "/scratch/users/ntu/yguo017/experiment/reproduction/lpwm/lpworldmodel-bdd812d/train.py", line 526, in train
    for i, data in enumerate(
  File "/scratch/users/ntu/yguo017/lewm-pusht-iteration/venv/lib64/python3.11/site-packages/tqdm/std.py", line 1186, in __iter__
    for obj in iterable:
  File "/scratch/users/ntu/yguo017/experiment/reproduction/lpwm/cost_calibration_runner.py", line 54, in __iter__
    batch = next(iterator)
            ^^^^^^^^^^^^^^
  File "/scratch/users/ntu/yguo017/experiment/reproduction/lpwm/runtime-overlay-minimal/accelerate/data_loader.py", line 451, in __iter__
    current_batch = next(dataloader_iter)
                    ^^^^^^^^^^^^^^^^^^^^^
  File "/scratch/users/ntu/yguo017/lewm-pusht-iteration/venv/lib64/python3.11/site-packages/torch/utils/data/dataloader.py", line 734, in __next__
    data = self._next_data()
           ^^^^^^^^^^^^^^^^^
  File "/scratch/users/ntu/yguo017/lewm-pusht-iteration/venv/lib64/python3.11/site-packages/torch/utils/data/dataloader.py", line 1516, in _next_data
    return self._process_data(data, worker_id)
           ^^^^^^^^^^^^^^^^^^^^^^^^^^^^^^^^^^^
  File "/scratch/users/ntu/yguo017/lewm-pusht-iteration/venv/lib64/python3.11/site-packages/torch/utils/data/dataloader.py", line 1551, in _process_data
    data.reraise()
  File "/scratch/users/ntu/yguo017/lewm-pusht-iteration/venv/lib64/python3.11/site-packages/torch/_utils.py", line 769, in reraise
    raise exception
RuntimeError: Caught RuntimeError in DataLoader worker process 0.
Original Traceback (most recent call last):
  File "/scratch/users/ntu/yguo017/lewm-pusht-iteration/venv/lib64/python3.11/site-packages/torch/utils/data/_utils/worker.py", line 349, in _worker_loop
    data = fetcher.fetch(index)  # type: ignore[possibly-undefined]
           ^^^^^^^^^^^^^^^^^^^^
  File "/scratch/users/ntu/yguo017/lewm-pusht-iteration/venv/lib64/python3.11/site-packages/torch/utils/data/_utils/fetch.py", line 52, in fetch
    data = [self.dataset[idx] for idx in possibly_batched_index]
           ^^^^^^^^^^^^^^^^^^^^^^^^^^^^^^^^^^^^^^^^^^^^^^^^^^^^^
  File "/scratch/users/ntu/yguo017/lewm-pusht-iteration/venv/lib64/python3.11/site-packages/torch/utils/data/_utils/fetch.py", line 52, in <listcomp>
    data = [self.dataset[idx] for idx in possibly_batched_index]
            ~~~~~~~~~~~~^^^^^
  File "/scratch/users/ntu/yguo017/experiment/reproduction/lpwm/lpworldmodel-bdd812d/datasets/traj_dset.py", line 96, in __getitem__
    obs, act, state, _ = self.dataset.get_frames(i, frames)
                         ^^^^^^^^^^^^^^^^^^^^^^^^^^^^^^^^^^
  File "/scratch/users/ntu/yguo017/experiment/reproduction/lpwm/lpworldmodel-bdd812d/datasets/pusht_dset.py", line 109, in get_frames
    reader = VideoReader(str(vid_dir / f"episode_{idx:03d}.mp4"), num_threads=1)
             ^^^^^^^^^^^^^^^^^^^^^^^^^^^^^^^^^^^^^^^^^^^^^^^^^^^^^^^^^^^^^^^^^^^
  File "/scratch/users/ntu/yguo017/experiment/reproduction/lpwm/runtime-overlay-minimal/decord/video_reader.py", line 57, in __init__
    raise RuntimeError("Error reading " + uri + "...")
RuntimeError: Error reading /scratch/users/ntu/yguo017/dino-wm-wall/data/pusht_noise/train/obses/episode_9956.mp4...


Set the environment variable HYDRA_FULL_ERROR=1 for a complete stack trace.
[1;34mwandb[0m: 
[1;34mwandb[0m: You can sync this run to the cloud by running:
[1;34mwandb[0m: [1mwandb sync /scratch/users/ntu/yguo017/experiment/reproduction/lpwm/calibration_runs/25570365.pbs101/checkpoints/outputs/costcal_sparse_mlp_var_pd384/wandb/offline-run-20260927_005911-685isaxe[0m
[1;34mwandb[0m: Find logs at: [1;35mwandb/offline-run-20260927_005911-685isaxe/logs[0m
CALIBRATION_ARM_EXIT arm=sparse exit_code=1
