PBS_JOBID=25570151.pbs101 HOST=x1002c2s1b1n0.hostmgmt2002.cm.asp2a.nscc.sg NODEFILE=/var/spool/pbs/aux/25570151.pbs101
START_UTC=2026-09-26T16:34:08Z
OFFICIAL_SOURCE_ARCHIVE_COMMIT=bdd812d9432cccda8c350086006401b436f91982
OFFICIAL_DINO_ASSET_MARKER={"schema":"dino-wm-shared-prefix-cache.pusht-assets-ready","source_job":"23952308.pbs101","hashes":"not computed"}
OFFICIAL_OSF_ARCHIVE_SIZE_BYTES=2785304515 MTIME=2026-09-19 18:40:02.000000000 +0800
PYTHON=/scratch/users/ntu/yguo017/lewm-pusht-iteration/venv/bin/python
OVERLAY=/scratch/users/ntu/yguo017/experiment/reproduction/lpwm/runtime-overlay-minimal
Collecting accelerate==0.26.1
  Downloading accelerate-0.26.1-py3-none-any.whl.metadata (18 kB)
Collecting gym==0.23.1
  Downloading gym-0.23.1.tar.gz (626 kB)
     ━━━━━━━━━━━━━━━━━━━━━━━━━━━━━━━━━━━━━━━━ 626.2/626.2 kB 2.8 MB/s  0:00:00
  Installing build dependencies: started
  Installing build dependencies: finished with status 'done'
  Getting requirements to build wheel: started
  Getting requirements to build wheel: finished with status 'done'
  Preparing metadata (pyproject.toml): started
  Preparing metadata (pyproject.toml): finished with status 'done'
Collecting gym-notices==0.0.8
  Downloading gym_notices-0.0.8-py3-none-any.whl.metadata (1.0 kB)
Collecting decord==0.6.0
  Using cached decord-0.6.0-py3-none-manylinux2010_x86_64.whl.metadata (422 bytes)
Collecting submitit==1.5.1
  Downloading submitit-1.5.1-py3-none-any.whl.metadata (8.0 kB)
Collecting hydra-submitit-launcher==1.2.0
  Using cached hydra_submitit_launcher-1.2.0-py3-none-any.whl.metadata (1.1 kB)
Downloading accelerate-0.26.1-py3-none-any.whl (270 kB)
Downloading gym_notices-0.0.8-py3-none-any.whl (3.0 kB)
Using cached decord-0.6.0-py3-none-manylinux2010_x86_64.whl (13.6 MB)
Downloading submitit-1.5.1-py3-none-any.whl (74 kB)
Using cached hydra_submitit_launcher-1.2.0-py3-none-any.whl (5.2 kB)
Building wheels for collected packages: gym
  Building wheel for gym (pyproject.toml): started
  Building wheel for gym (pyproject.toml): finished with status 'done'
  Created wheel for gym: filename=gym-0.23.1-py3-none-any.whl size=701461 sha256=f010f9a615a5fd8eb6c2800eb2fbef37d772c71ff0aefba982f724252c5baa45
  Stored in directory: /home/users/ntu/yguo017/.cache/pip/wheels/5b/dd/a4/b1860cec4c1751b5a84c31e2abc3b88bd71e11c1df79b73986
Successfully built gym
Installing collected packages: hydra-submitit-launcher, gym-notices, decord, submitit, gym, accelerate

Successfully installed accelerate-0.26.1 decord-0.6.0 gym-0.23.1 gym-notices-0.0.8 hydra-submitit-launcher-1.2.0 submitit-1.5.1
/scratch/users/ntu/yguo017/lewm-pusht-iteration/venv/lib64/python3.11/site-packages/torch/cuda/__init__.py:829: UserWarning: Can't initialize NVML
  warnings.warn("Can't initialize NVML")
PYTHON_VERSION=3.11.7 (main, Jan 26 2024, 15:26:41) [GCC 8.5.0 20210514 (Red Hat 8.5.0-21)]
TORCH_VERSION=2.8.0+cu128
TORCH_CUDA_AVAILABLE=False
OVERLAY_IMPORT_accelerate=PASS:0.26.1:/scratch/users/ntu/yguo017/experiment/reproduction/lpwm/runtime-overlay-minimal/accelerate/__init__.py
OVERLAY_IMPORT_gym=PASS:0.23.1:/scratch/users/ntu/yguo017/experiment/reproduction/lpwm/runtime-overlay-minimal/gym/__init__.py
OVERLAY_IMPORT_decord=PASS:0.6.0:/scratch/users/ntu/yguo017/experiment/reproduction/lpwm/runtime-overlay-minimal/decord/__init__.py
OVERLAY_IMPORT_submitit=PASS:1.5.1:/scratch/users/ntu/yguo017/experiment/reproduction/lpwm/runtime-overlay-minimal/submitit/__init__.py
OFFICIAL_IMPORT_train=PASS
OFFICIAL_IMPORT_plan=PASS
OFFICIAL_ENTRYPOINT_IMPORTS_READY=1
Loaded 18685 rollouts
Loaded 21 rollouts
OFFICIAL_LOADER_INIT_SECONDS=3.004
TRAIN_TRAJECTORIES_ACTUAL=18685
TRAIN_SLICES_ACTUAL=1981721
TRAIN_DATALOADER_BATCHES_ACTUAL=30965
TRAIN_BATCH_SIZE=64
TRAIN_NUM_WORKERS=20
VALID_TRAJECTORIES_ACTUAL=21
VALID_SLICES_ACTUAL=2115
VALID_DATALOADER_BATCHES_ACTUAL=34
VALID_BATCH_SIZE=64
VALID_NUM_WORKERS=20
TRAIN_EPOCHS=2
TRAIN_TOTAL_BATCHES_2_EPOCHS=61930
LOADER_ITEMS_ITERATED=0; IMAGE_VIDEO_READS=0
ACTUAL_LOADER_LENGTHS_VALID=1
END_UTC=2026-09-26T16:36:22Z
CPU_LOADER_PREFLIGHT_COMPLETE=1
