PBS_JOBID=25569971.pbs101 HOST=x1001c6s0b1n0.hostmgmt2001.cm.asp2a.nscc.sg NODEFILE=/var/spool/pbs/aux/25569971.pbs101
START_UTC=2026-09-26T16:18:12Z
PYTHON=/scratch/users/ntu/yguo017/lewm-pusht-iteration/venv/bin/python
OFFICIAL_SOURCE_ARCHIVE_COMMIT=bdd812d9432cccda8c350086006401b436f91982 (reused verified marker)
OFFICIAL_SOURCE_ARCHIVE_COMMIT=bdd812d9432cccda8c350086006401b436f91982
SOURCE_ENTRYPOINTS=present
DATA_ROOT=/scratch/users/ntu/yguo017/dino-wm-wall/data/pusht_noise
DATA_FILE=train/seq_lengths.pkl SIZE_BYTES=71861 MTIME=2025-01-09 06:13:10.000000000 +0800
DATA_FILE=train/rel_actions.pth SIZE_BYTES=73545328 MTIME=2025-01-09 06:13:10.000000000 +0800
DATA_FILE=train/states.pth SIZE_BYTES=183861527 MTIME=2025-01-09 06:13:07.000000000 +0800
DATA_FILE=train/velocities.pth SIZE_BYTES=73545323 MTIME=2025-01-09 06:13:15.000000000 +0800
DATA_FILE=val/seq_lengths.pkl SIZE_BYTES=500 MTIME=2025-01-09 06:13:15.000000000 +0800
DATA_FILE=val/rel_actions.pth SIZE_BYTES=42480 MTIME=2025-01-09 06:13:15.000000000 +0800
DATA_FILE=val/states.pth SIZE_BYTES=104471 MTIME=2025-01-09 06:13:15.000000000 +0800
DATA_FILE=val/velocities.pth SIZE_BYTES=83819 MTIME=2025-01-09 06:13:15.000000000 +0800
PYTHON_VERSION=3.11.7 (main, Jan 26 2024, 15:26:41) [GCC 8.5.0 20210514 (Red Hat 8.5.0-21)]
TORCH_VERSION=2.8.0+cu128
TORCH_CUDA_AVAILABLE=False
OFFICIAL_IMPORT_train=FAIL:ModuleNotFoundError:No module named 'accelerate'
OFFICIAL_IMPORT_plan=FAIL:ModuleNotFoundError:No module named 'gym'
RUNTIME_READY=0 (official train.py/plan.py imports only)
TRAIN_SEQ_LENGTHS_TYPE=list
TRAIN_EPISODES=18685
TRAIN_FRAMES_SUM=2336736
TRAIN_WINDOWS_HISTORY3_FRAMESKIP5=1981721
TRAIN_BATCH_STEPS_EPOCH_BATCH64=30965
VAL_SEQ_LENGTHS_TYPE=list
VAL_EPISODES=21
VAL_FRAMES_SUM=2514
VAL_WINDOWS_HISTORY3_FRAMESKIP5=2115
VAL_BATCH_STEPS_EPOCH_BATCH64=34
SOURCE_TRAINER_PARAMETERS_BEGIN
/scratch/users/ntu/yguo017/experiment/reproduction/lpwm/lpworldmodel-bdd812d/environment.yaml
/scratch/users/ntu/yguo017/experiment/reproduction/lpwm/lpworldmodel-bdd812d/lpwm_swm/environment.yaml
7:  - python=3.9
12:      - accelerate==0.26.1
47:      - gitpython==3.1.43
52:      - gym==0.23.1
56:      - hydra-core==1.2.0
57:      - hydra-submitit-launcher==1.2.0
65:      - ipython==8.18.1
108:      - opencv-python==4.6.0.66
172:      - torch==2.3.0
173:      - torchvision==0.18.0
183:      - wandb==0.13.1
/scratch/users/ntu/yguo017/experiment/reproduction/lpwm/lpworldmodel-bdd812d/custom_resolvers.py
/scratch/users/ntu/yguo017/experiment/reproduction/lpwm/lpworldmodel-bdd812d/preprocessor.py
/scratch/users/ntu/yguo017/experiment/reproduction/lpwm/lpworldmodel-bdd812d/planning/base_planner.py
/scratch/users/ntu/yguo017/experiment/reproduction/lpwm/lpworldmodel-bdd812d/planning/mpc.py
/scratch/users/ntu/yguo017/experiment/reproduction/lpwm/lpworldmodel-bdd812d/planning/gd.py
/scratch/users/ntu/yguo017/experiment/reproduction/lpwm/lpworldmodel-bdd812d/planning/objectives.py
/scratch/users/ntu/yguo017/experiment/reproduction/lpwm/lpworldmodel-bdd812d/planning/evaluator.py
/scratch/users/ntu/yguo017/experiment/reproduction/lpwm/lpworldmodel-bdd812d/planning/cem.py
/scratch/users/ntu/yguo017/experiment/reproduction/lpwm/lpworldmodel-bdd812d/planning/__init__.py
/scratch/users/ntu/yguo017/experiment/reproduction/lpwm/lpworldmodel-bdd812d/metrics/image_metrics.py
/scratch/users/ntu/yguo017/experiment/reproduction/lpwm/lpworldmodel-bdd812d/models/dino.py
/scratch/users/ntu/yguo017/experiment/reproduction/lpwm/lpworldmodel-bdd812d/models/vit.py
/scratch/users/ntu/yguo017/experiment/reproduction/lpwm/lpworldmodel-bdd812d/models/infojepa_modules.py
/scratch/users/ntu/yguo017/experiment/reproduction/lpwm/lpworldmodel-bdd812d/models/proprio.py
/scratch/users/ntu/yguo017/experiment/reproduction/lpwm/lpworldmodel-bdd812d/models/vit_encoder.py
/scratch/users/ntu/yguo017/experiment/reproduction/lpwm/lpworldmodel-bdd812d/models/visual_world_model.py
/scratch/users/ntu/yguo017/experiment/reproduction/lpwm/lpworldmodel-bdd812d/models/vqvae.py
/scratch/users/ntu/yguo017/experiment/reproduction/lpwm/lpworldmodel-bdd812d/models/__init__.py
/scratch/users/ntu/yguo017/experiment/reproduction/lpwm/lpworldmodel-bdd812d/models/dummy.py
/scratch/users/ntu/yguo017/experiment/reproduction/lpwm/lpworldmodel-bdd812d/models/mup.py
/scratch/users/ntu/yguo017/experiment/reproduction/lpwm/lpworldmodel-bdd812d/datasets/pusht_dset.py
/scratch/users/ntu/yguo017/experiment/reproduction/lpwm/lpworldmodel-bdd812d/datasets/wall_dset.py
/scratch/users/ntu/yguo017/experiment/reproduction/lpwm/lpworldmodel-bdd812d/datasets/img_transforms.py
/scratch/users/ntu/yguo017/experiment/reproduction/lpwm/lpworldmodel-bdd812d/datasets/__init__.py
/scratch/users/ntu/yguo017/experiment/reproduction/lpwm/lpworldmodel-bdd812d/datasets/traj_dset.py
/scratch/users/ntu/yguo017/experiment/reproduction/lpwm/lpworldmodel-bdd812d/lpwm_swm/module.py
/scratch/users/ntu/yguo017/experiment/reproduction/lpwm/lpworldmodel-bdd812d/lpwm_swm/model.py
/scratch/users/ntu/yguo017/experiment/reproduction/lpwm/lpworldmodel-bdd812d/lpwm_swm/metrics.py
/scratch/users/ntu/yguo017/experiment/reproduction/lpwm/lpworldmodel-bdd812d/lpwm_swm/loss.py
/scratch/users/ntu/yguo017/experiment/reproduction/lpwm/lpworldmodel-bdd812d/lpwm_swm/train.py
/scratch/users/ntu/yguo017/experiment/reproduction/lpwm/lpworldmodel-bdd812d/lpwm_swm/eval.py
/scratch/users/ntu/yguo017/experiment/reproduction/lpwm/lpworldmodel-bdd812d/plan.py
/scratch/users/ntu/yguo017/experiment/reproduction/lpwm/lpworldmodel-bdd812d/utils.py
/scratch/users/ntu/yguo017/experiment/reproduction/lpwm/lpworldmodel-bdd812d/env/serial_vector_env.py
/scratch/users/ntu/yguo017/experiment/reproduction/lpwm/lpworldmodel-bdd812d/env/venv.py
/scratch/users/ntu/yguo017/experiment/reproduction/lpwm/lpworldmodel-bdd812d/env/__init__.py
/scratch/users/ntu/yguo017/experiment/reproduction/lpwm/lpworldmodel-bdd812d/distributed_fn/launch.py
/scratch/users/ntu/yguo017/experiment/reproduction/lpwm/lpworldmodel-bdd812d/distributed_fn/distributed.py
/scratch/users/ntu/yguo017/experiment/reproduction/lpwm/lpworldmodel-bdd812d/distributed_fn/__init__.py
/scratch/users/ntu/yguo017/experiment/reproduction/lpwm/lpworldmodel-bdd812d/train.py
SOURCE_TRAINER_PARAMETERS_END
DISK_FREE=10.150.127.3@o2ib:10.150.127.4@o2ib:/lustre1  9.5P  6.6P  2.9P  70% /scratch
END_UTC=2026-09-26T16:19:22Z
PREFLIGHT_SOURCE_DATA_VALID=1
