PBS_JOBID=25569861.pbs101 HOST=x1001c3s6b0n0.hostmgmt2001.cm.asp2a.nscc.sg NODEFILE=/var/spool/pbs/aux/25569861.pbs101
START_UTC=2026-09-26T16:11:29Z
PYTHON=/scratch/users/ntu/yguo017/lewm-pusht-iteration/venv/bin/python
OFFICIAL_SOURCE_ARCHIVE_COMMIT=bdd812d9432cccda8c350086006401b436f91982
OFFICIAL_SOURCE_ARCHIVE_URL=https://codeload.github.com/YilunKuang/lpworldmodel/tar.gz/bdd812d9432cccda8c350086006401b436f91982
OFFICIAL_SOURCE_ARCHIVE_COMMIT=bdd812d9432cccda8c350086006401b436f91982
SOURCE_ENTRYPOINTS=present
DATA_ROOT=/scratch/users/ntu/yguo017/dino-wm-wall/data/pusht_noise
DATA_FILE=train/seq_lengths.pkl SIZE_BYTES=71861 MTIME=2025-01-09 06:13:10.000000000 +0800
DATA_FILE=train/rel_actions.pth SIZE_BYTES=73545328 MTIME=2025-01-09 06:13:10.000000000 +0800
DATA_FILE=train/states.pth SIZE_BYTES=183861527 MTIME=2025-01-09 06:13:07.000000000 +0800
DATA_FILE=train/velocities.pth SIZE_BYTES=73545323 MTIME=2025-01-09 06:13:15.000000000 +0800
DATA_FILE=val/seq_lengths.pkl SIZE_BYTES=500 MTIME=2025-01-09 06:13:15.000000000 +0800
DATA_FILE=val/rel_actions.pth SIZE_BYTES=42480 MTIME=2025-01-09 06:13:15.000000000 +0800
DATA_FILE=val/states.pth SIZE_BYTES=104471 MTIME=2025-01-09 06:13:15.000000000 +0800
DATA_FILE=val/velocities.pth SIZE_BYTES=83819 MTIME=2025-01-09 06:13:15.000000000 +0800
PYTHON_VERSION=3.11.7 (main, Jan 26 2024, 15:26:41) [GCC 8.5.0 20210514 (Red Hat 8.5.0-21)]
MODULE_torch=2.8.0+cu128
TORCH_CUDA_AVAILABLE=False
MODULE_numpy=2.4.6
MODULE_torchvision=0.23.0+cu128
MODULE_omegaconf=2.3.1
MODULE_hydra=1.3.7
MODULE_wandb=0.30.0
MODULE_mup=missing
MODULE_einops=0.8.2
MODULE_diffusers=missing
RUNTIME_READY=0
TRAIN_SEQ_LENGTHS_TYPE=list
TRAIN_SEQ_LENGTHS_SHAPE=None
TRAIN_SEQ_LENGTHS_PREVIEW=[np.int64(109), np.int64(109), np.int64(109), np.int64(109), np.int64(109), np.int64(109), np.int64(109), np.int64(109), np.int64(109), np.int64(109), np.int64(109), np.int64(109), np.int64(109), np.int64(109), np.int64(109), np.int64(109), np.int64(109), np.int64(109), np.int64(109), np.int64(109), np.int64(109), np.int64(109), np.int64(109), np.int64(109), np.int64(109), np.int64(109), np.int64(
TRAIN_WINDOWS_UNRESOLVED=1
VAL_SEQ_LENGTHS_TYPE=list
VAL_SEQ_LENGTHS_SHAPE=None
VAL_SEQ_LENGTHS_PREVIEW=[np.int64(104), np.int64(111), np.int64(161), np.int64(114), np.int64(150), np.int64(94), np.int64(86), np.int64(122), np.int64(92), np.int64(126), np.int64(76), np.int64(112), np.int64(167), np.int64(118), np.int64(167), np.int64(134), np.int64(98), np.int64(80), np.int64(133), np.int64(114), np.int64(155)]
VAL_WINDOWS_UNRESOLVED=1
SOURCE_TRAINER_PARAMETERS_BEGIN
/scratch/users/ntu/yguo017/experiment/reproduction/lpwm/lpworldmodel-bdd812d/custom_resolvers.py
/scratch/users/ntu/yguo017/experiment/reproduction/lpwm/lpworldmodel-bdd812d/preprocessor.py
/scratch/users/ntu/yguo017/experiment/reproduction/lpwm/lpworldmodel-bdd812d/planning/base_planner.py
/scratch/users/ntu/yguo017/experiment/reproduction/lpwm/lpworldmodel-bdd812d/planning/mpc.py
/scratch/users/ntu/yguo017/experiment/reproduction/lpwm/lpworldmodel-bdd812d/planning/gd.py
/scratch/users/ntu/yguo017/experiment/reproduction/lpwm/lpworldmodel-bdd812d/planning/objectives.py
/scratch/users/ntu/yguo017/experiment/reproduction/lpwm/lpworldmodel-bdd812d/planning/evaluator.py
/scratch/users/ntu/yguo017/experiment/reproduction/lpwm/lpworldmodel-bdd812d/planning/cem.py
/scratch/users/ntu/yguo017/experiment/reproduction/lpwm/lpworldmodel-bdd812d/planning/__init__.py
/scratch/users/ntu/yguo017/experiment/reproduction/lpwm/lpworldmodel-bdd812d/metrics/image_metrics.py
/scratch/users/ntu/yguo017/experiment/reproduction/lpwm/lpworldmodel-bdd812d/models/dino.py
/scratch/users/ntu/yguo017/experiment/reproduction/lpwm/lpworldmodel-bdd812d/models/vit.py
/scratch/users/ntu/yguo017/experiment/reproduction/lpwm/lpworldmodel-bdd812d/models/infojepa_modules.py
/scratch/users/ntu/yguo017/experiment/reproduction/lpwm/lpworldmodel-bdd812d/models/proprio.py
/scratch/users/ntu/yguo017/experiment/reproduction/lpwm/lpworldmodel-bdd812d/models/vit_encoder.py
/scratch/users/ntu/yguo017/experiment/reproduction/lpwm/lpworldmodel-bdd812d/models/visual_world_model.py
/scratch/users/ntu/yguo017/experiment/reproduction/lpwm/lpworldmodel-bdd812d/models/vqvae.py
/scratch/users/ntu/yguo017/experiment/reproduction/lpwm/lpworldmodel-bdd812d/models/__init__.py
/scratch/users/ntu/yguo017/experiment/reproduction/lpwm/lpworldmodel-bdd812d/models/dummy.py
/scratch/users/ntu/yguo017/experiment/reproduction/lpwm/lpworldmodel-bdd812d/models/mup.py
/scratch/users/ntu/yguo017/experiment/reproduction/lpwm/lpworldmodel-bdd812d/datasets/pusht_dset.py
/scratch/users/ntu/yguo017/experiment/reproduction/lpwm/lpworldmodel-bdd812d/datasets/wall_dset.py
/scratch/users/ntu/yguo017/experiment/reproduction/lpwm/lpworldmodel-bdd812d/datasets/img_transforms.py
/scratch/users/ntu/yguo017/experiment/reproduction/lpwm/lpworldmodel-bdd812d/datasets/__init__.py
/scratch/users/ntu/yguo017/experiment/reproduction/lpwm/lpworldmodel-bdd812d/datasets/traj_dset.py
/scratch/users/ntu/yguo017/experiment/reproduction/lpwm/lpworldmodel-bdd812d/lpwm_swm/module.py
/scratch/users/ntu/yguo017/experiment/reproduction/lpwm/lpworldmodel-bdd812d/lpwm_swm/model.py
/scratch/users/ntu/yguo017/experiment/reproduction/lpwm/lpworldmodel-bdd812d/lpwm_swm/metrics.py
/scratch/users/ntu/yguo017/experiment/reproduction/lpwm/lpworldmodel-bdd812d/lpwm_swm/loss.py
/scratch/users/ntu/yguo017/experiment/reproduction/lpwm/lpworldmodel-bdd812d/lpwm_swm/train.py
/scratch/users/ntu/yguo017/experiment/reproduction/lpwm/lpworldmodel-bdd812d/lpwm_swm/eval.py
/scratch/users/ntu/yguo017/experiment/reproduction/lpwm/lpworldmodel-bdd812d/plan.py
/scratch/users/ntu/yguo017/experiment/reproduction/lpwm/lpworldmodel-bdd812d/utils.py
/scratch/users/ntu/yguo017/experiment/reproduction/lpwm/lpworldmodel-bdd812d/env/serial_vector_env.py
/scratch/users/ntu/yguo017/experiment/reproduction/lpwm/lpworldmodel-bdd812d/env/venv.py
/scratch/users/ntu/yguo017/experiment/reproduction/lpwm/lpworldmodel-bdd812d/env/__init__.py
/scratch/users/ntu/yguo017/experiment/reproduction/lpwm/lpworldmodel-bdd812d/distributed_fn/launch.py
/scratch/users/ntu/yguo017/experiment/reproduction/lpwm/lpworldmodel-bdd812d/distributed_fn/distributed.py
/scratch/users/ntu/yguo017/experiment/reproduction/lpwm/lpworldmodel-bdd812d/distributed_fn/__init__.py
/scratch/users/ntu/yguo017/experiment/reproduction/lpwm/lpworldmodel-bdd812d/train.py
SOURCE_TRAINER_PARAMETERS_END
DISK_FREE=10.150.127.3@o2ib:10.150.127.4@o2ib:/lustre1  9.5P  6.6P  2.9P  70% /scratch
END_UTC=2026-09-26T16:13:05Z
PREFLIGHT_SOURCE_DATA_VALID=1
