PBS_JOBID=25570452.pbs101 HOST=x1001c1s4b0n1.hostmgmt2001.cm.asp2a.nscc.sg NODEFILE=/var/spool/pbs/aux/25570452.pbs101
START_UTC=2026-09-26T17:08:02Z
SOURCE_COMMIT=bdd812d9432cccda8c350086006401b436f91982
DATA_ROOT=/scratch/users/ntu/yguo017/dino-wm-wall/data/pusht_noise
ASSET_MARKER={"schema":"dino-wm-shared-prefix-cache.pusht-assets-ready","source_job":"23952308.pbs101","hashes":"not computed"}
OSF_ARCHIVE_SIZE_BYTES=2785304515 MTIME=2026-09-19 18:40:02.000000000 +0800 PATH=/scratch/users/ntu/yguo017/dino-wm-wall/artifacts/pusht-assets-23952308.pbs101/downloads/official-pusht-noise.zip
CLIP_MISSING PATH=/scratch/users/ntu/yguo017/dino-wm-wall/data/pusht_noise/train/obses/episode_9956.mp4
CLIP_MISSING PATH=/scratch/users/ntu/yguo017/dino-wm-wall/data/pusht_noise/train/obses/episode_2930.mp4
CLIP_MISSING PATH=/scratch/users/ntu/yguo017/dino-wm-wall/data/pusht_noise/train/obses/episode_000.mp4
CLIP_PRESENT SIZE_BYTES=108383 MTIME=2025-01-09 06:13:15.000000000 +0800 PATH=/scratch/users/ntu/yguo017/dino-wm-wall/data/pusht_noise/val/obses/episode_000.mp4
CLIP_RESOLVED_PATH=/scratch/users/ntu/yguo017/dino-wm-wall/data/pusht_noise/val/obses/episode_000.mp4
KNOWN_CLIP_DIR_PRESENT PATH=/scratch/users/ntu/yguo017/dino-wm-wall/data/pusht_noise/train/obses
KNOWN_CLIP_DIR_ABSENT PATH=/scratch/users/ntu/yguo017/lewm-pusht-iteration/data/pusht_noise/train/obses
KNOWN_CLIP_DIR_ABSENT PATH=/scratch/users/ntu/yguo017/lewm-pusht-iteration/datasets/pusht_noise/train/obses
ARCHIVE_EXACT_MEMBER_CHECK_BEGIN
ARCHIVE_MEMBER path=pusht_noise/val/obses/episode_000.mp4 size_bytes=108383 compressed_bytes=105129
ARCHIVE_MEMBER_HEADER path=pusht_noise/val/obses/episode_000.mp4 bytes=000000206674797069736f6d00000200
ARCHIVE_MEMBER path=pusht_noise/train/obses/episode_2930.mp4 size_bytes=231714 compressed_bytes=224133
ARCHIVE_MEMBER_HEADER path=pusht_noise/train/obses/episode_2930.mp4 bytes=000000206674797069736f6d00000200
ARCHIVE_MEMBER path=pusht_noise/train/obses/episode_000.mp4 size_bytes=106323 compressed_bytes=102933
ARCHIVE_MEMBER_HEADER path=pusht_noise/train/obses/episode_000.mp4 bytes=000000206674797069736f6d00000200
ARCHIVE_MEMBER path=pusht_noise/train/obses/episode_9956.mp4 size_bytes=137339 compressed_bytes=132822
ARCHIVE_MEMBER_HEADER path=pusht_noise/train/obses/episode_9956.mp4 bytes=000000206674797069736f6d00000200
ARCHIVE_MEMBER_MATCHES=4
EXACT_LOCAL_CLIP_READ_BEGIN
DECORD_IMPORT=PASS version=0.6.0 path=/scratch/users/ntu/yguo017/experiment/reproduction/lpwm/runtime-overlay-minimal/decord/__init__.py
LOCAL_CLIP_HEADER path=/scratch/users/ntu/yguo017/dino-wm-wall/data/pusht_noise/val/obses/episode_000.mp4 size_bytes=108383 bytes=000000206674797069736f6d00000200
DECORD_READ_PASS path=/scratch/users/ntu/yguo017/dino-wm-wall/data/pusht_noise/val/obses/episode_000.mp4 frames=104 first_frame_shape=(224, 224, 3)
OFFICIAL_DATASET_GETITEM_CHECK_BEGIN
Loaded 18685 rollouts
Loaded 21 rollouts
OFFICIAL_LOADER_COUNTS train_trajectories=18685 train_slices=1981721
OFFICIAL_LOADER_DIAGNOSTIC_FAIL AttributeError: 'PushTDataset' object has no attribute 'indices'
DIAGNOSTIC_READ_ONLY=1; NO_FILES_CREATED_IN_DATASET=1; NO_CLIPS_SKIPPED=1
END_UTC=2026-09-26T17:09:07Z
EXACT_CLIP_DIAGNOSTIC_COMPLETE=1
