PBS_JOBID=25571238.pbs101 HOST=x1000c0s1b0n0.hostmgmt2000.cm.asp2a.nscc.sg NODEFILE=/var/spool/pbs/aux/25571238.pbs101
START_UTC=2026-09-26T18:33:51Z
SOURCE_COMMIT=bdd812d9432cccda8c350086006401b436f91982
CALIBRATION_ONLY_CHECKPOINT=/scratch/users/ntu/yguo017/experiment/reproduction/lpwm/calibration_runs/25571046.pbs101/checkpoints/outputs/costcal_sparse_mlp_var_pd384/checkpoints/model_latest.pth
PLAN_EVALS=1 SEED=99 GOAL_H=5 CEM=300/30/30 MPC_MAX_ITER=10
CUDA_VISIBLE_DEVICES=GPU-4b82553c-1c0e-1fca-6618-a6b65710c205
NVML_ALL_GPU_IDENTITY_BEGIN
index, uuid, name, memory.total [MiB]
0, GPU-4b82553c-1c0e-1fca-6618-a6b65710c205, NVIDIA A100-SXM4-40GB, 40960 MiB
NVML_ALL_GPU_IDENTITY_END
TORCH_CUDA_VISIBLE_DEVICES=GPU-4b82553c-1c0e-1fca-6618-a6b65710c205
TORCH_LOGICAL_DEVICE=cuda:0
TORCH_DEVICE_NAME=NVIDIA A100-SXM4-40GB
TORCH_DEVICE_TOTAL_MEMORY_BYTES=42406903808
TORCH_ALLOCATED_BYTES_BEFORE_PLAN=0
TORCH_RESERVED_BYTES_BEFORE_PLAN=0
OFFICIAL_PLAN_CWD=/scratch/users/ntu/yguo017/experiment/reproduction/lpwm/lpworldmodel-bdd812d
GPU_TELEMETRY_UTC=2026-09-26T18:34:52Z 0, GPU-4b82553c-1c0e-1fca-6618-a6b65710c205, 0, 1, 40960;
GPU_TELEMETRY_UTC=2026-09-26T18:34:57Z 0, GPU-4b82553c-1c0e-1fca-6618-a6b65710c205, 0, 1, 40960;
GPU_TELEMETRY_UTC=2026-09-26T18:35:02Z 0, GPU-4b82553c-1c0e-1fca-6618-a6b65710c205, 0, 1, 40960;
GPU_TELEMETRY_UTC=2026-09-26T18:35:07Z 0, GPU-4b82553c-1c0e-1fca-6618-a6b65710c205, 0, 1, 40960;
GPU_TELEMETRY_UTC=2026-09-26T18:35:13Z 0, GPU-4b82553c-1c0e-1fca-6618-a6b65710c205, 0, 1, 40960;
GPU_TELEMETRY_UTC=2026-09-26T18:35:18Z 0, GPU-4b82553c-1c0e-1fca-6618-a6b65710c205, 0, 1, 40960;
GPU_TELEMETRY_UTC=2026-09-26T18:35:23Z 0, GPU-4b82553c-1c0e-1fca-6618-a6b65710c205, 0, 1, 40960;
GPU_TELEMETRY_UTC=2026-09-26T18:35:28Z 0, GPU-4b82553c-1c0e-1fca-6618-a6b65710c205, 0, 1, 40960;
GPU_TELEMETRY_UTC=2026-09-26T18:35:33Z 0, GPU-4b82553c-1c0e-1fca-6618-a6b65710c205, 0, 5, 40960;
GPU_TELEMETRY_UTC=2026-09-26T18:35:38Z 0, GPU-4b82553c-1c0e-1fca-6618-a6b65710c205, 0, 5, 40960;
GPU_TELEMETRY_UTC=2026-09-26T18:35:43Z 0, GPU-4b82553c-1c0e-1fca-6618-a6b65710c205, 0, 481, 40960;
GPU_TELEMETRY_UTC=2026-09-26T18:35:48Z 0, GPU-4b82553c-1c0e-1fca-6618-a6b65710c205, 0, 481, 40960;
GPU_TELEMETRY_UTC=2026-09-26T18:35:53Z 0, GPU-4b82553c-1c0e-1fca-6618-a6b65710c205, 0, 481, 40960;
GPU_TELEMETRY_UTC=2026-09-26T18:35:58Z 0, GPU-4b82553c-1c0e-1fca-6618-a6b65710c205, 0, 869, 40960;
GPU_TELEMETRY_UTC=2026-09-26T18:36:03Z 0, GPU-4b82553c-1c0e-1fca-6618-a6b65710c205, 0, 869, 40960;
GPU_TELEMETRY_UTC=2026-09-26T18:36:08Z 0, GPU-4b82553c-1c0e-1fca-6618-a6b65710c205, 0, 869, 40960;
GPU_TELEMETRY_UTC=2026-09-26T18:36:13Z 0, GPU-4b82553c-1c0e-1fca-6618-a6b65710c205, 0, 869, 40960;
GPU_TELEMETRY_UTC=2026-09-26T18:36:18Z 0, GPU-4b82553c-1c0e-1fca-6618-a6b65710c205, 0, 949, 40960;
GPU_TELEMETRY_UTC=2026-09-26T18:36:23Z 0, GPU-4b82553c-1c0e-1fca-6618-a6b65710c205, 0, 949, 40960;
GPU_TELEMETRY_UTC=2026-09-26T18:36:28Z 0, GPU-4b82553c-1c0e-1fca-6618-a6b65710c205, 0, 2125, 40960;
GPU_TELEMETRY_UTC=2026-09-26T18:36:33Z 0, GPU-4b82553c-1c0e-1fca-6618-a6b65710c205, 0, 2125, 40960;
GPU_TELEMETRY_UTC=2026-09-26T18:36:38Z 0, GPU-4b82553c-1c0e-1fca-6618-a6b65710c205, 52, 2351, 40960;
GPU_TELEMETRY_UTC=2026-09-26T18:36:43Z 0, GPU-4b82553c-1c0e-1fca-6618-a6b65710c205, 57, 2351, 40960;
GPU_TELEMETRY_UTC=2026-09-26T18:36:49Z 0, GPU-4b82553c-1c0e-1fca-6618-a6b65710c205, 53, 2351, 40960;
GPU_TELEMETRY_UTC=2026-09-26T18:36:54Z 0, GPU-4b82553c-1c0e-1fca-6618-a6b65710c205, 14, 2351, 40960;
GPU_TELEMETRY_UTC=2026-09-26T18:36:59Z 0, GPU-4b82553c-1c0e-1fca-6618-a6b65710c205, 53, 2351, 40960;
GPU_TELEMETRY_UTC=2026-09-26T18:37:04Z 0, GPU-4b82553c-1c0e-1fca-6618-a6b65710c205, 54, 2351, 40960;
GPU_TELEMETRY_UTC=2026-09-26T18:37:09Z 0, GPU-4b82553c-1c0e-1fca-6618-a6b65710c205, 59, 2351, 40960;
GPU_TELEMETRY_UTC=2026-09-26T18:37:14Z 0, GPU-4b82553c-1c0e-1fca-6618-a6b65710c205, 52, 2351, 40960;
GPU_TELEMETRY_UTC=2026-09-26T18:37:19Z 0, GPU-4b82553c-1c0e-1fca-6618-a6b65710c205, 81, 2351, 40960;
GPU_TELEMETRY_UTC=2026-09-26T18:37:24Z 0, GPU-4b82553c-1c0e-1fca-6618-a6b65710c205, 66, 2351, 40960;
GPU_TELEMETRY_UTC=2026-09-26T18:37:29Z 0, GPU-4b82553c-1c0e-1fca-6618-a6b65710c205, 66, 2351, 40960;
GPU_TELEMETRY_UTC=2026-09-26T18:37:34Z 0, GPU-4b82553c-1c0e-1fca-6618-a6b65710c205, 66, 2351, 40960;
GPU_TELEMETRY_UTC=2026-09-26T18:37:39Z 0, GPU-4b82553c-1c0e-1fca-6618-a6b65710c205, 53, 2351, 40960;
GPU_TELEMETRY_UTC=2026-09-26T18:37:44Z 0, GPU-4b82553c-1c0e-1fca-6618-a6b65710c205, 0, 2351, 40960;
GPU_TELEMETRY_UTC=2026-09-26T18:37:49Z 0, GPU-4b82553c-1c0e-1fca-6618-a6b65710c205, 53, 2351, 40960;
GPU_TELEMETRY_UTC=2026-09-26T18:37:54Z 0, GPU-4b82553c-1c0e-1fca-6618-a6b65710c205, 1, 2351, 40960;
GPU_TELEMETRY_UTC=2026-09-26T18:37:59Z 0, GPU-4b82553c-1c0e-1fca-6618-a6b65710c205, 66, 2351, 40960;
GPU_TELEMETRY_UTC=2026-09-26T18:38:04Z 0, GPU-4b82553c-1c0e-1fca-6618-a6b65710c205, 1, 2351, 40960;
GPU_TELEMETRY_UTC=2026-09-26T18:38:10Z 0, GPU-4b82553c-1c0e-1fca-6618-a6b65710c205, 0, 2351, 40960;
GPU_TELEMETRY_UTC=2026-09-26T18:38:15Z 0, GPU-4b82553c-1c0e-1fca-6618-a6b65710c205, 0, 2351, 40960;
PLAN_COST_REPORT={"cem_candidates": 300, "cem_elites": 30, "cem_opt_steps": 30, "checkpoint_is_formal_reproduction_weight": false, "checkpoint_source": "nonformal 25571046 sparse calibration only", "cuda_visible_devices": "GPU-4b82553c-1c0e-1fca-6618-a6b65710c205", "execution_host": "x1000c0s1b0n0.hostmgmt2000.cm.asp2a.nscc.sg", "exit_code": 0, "goal_H": 5, "mpc_max_replanning_iterations": 10, "n_evals": 1, "official_entrypoint": "scripts/plan.sh plan_lewm.yaml costcal_sparse_mlp_var_pd384 latest 1 10", "outcome_metrics_exported_or_read": false, "pbs_job_id": "25571238.pbs101", "runtime_overlay": "existing PushT v5 overlay before LpWM minimal overlay", "schema": "lpwm-bounded-native-plan-cost-v1", "seed": 99, "source_commit": "bdd812d9432cccda8c350086006401b436f91982", "status": "PLAN_COST_PASS", "wall_seconds": 204.40782499313354}
PLAN_LOG=/scratch/users/ntu/yguo017/experiment/reproduction/lpwm/plan-cost-runs/25571238.pbs101/native-plan.log
REPORT=/scratch/users/ntu/yguo017/experiment/reproduction/lpwm/plan-cost-runs/25571238.pbs101/plan_cost.json
END_UTC=2026-09-26T18:38:17Z
PLAN_COST_SAMPLE_COMPLETE
