PBS_JOBID=25570558.pbs101 HOST=x1001c0s5b0n1.hostmgmt2001.cm.asp2a.nscc.sg NODEFILE=/var/spool/pbs/aux/25570558.pbs101
START_UTC=2026-09-26T17:17:18Z
SOURCE_COMMIT=bdd812d9432cccda8c350086006401b436f91982
DATA_ROOT=/scratch/users/ntu/yguo017/dino-wm-wall/data/pusht_noise
OFFICIAL_ARCHIVE=/scratch/users/ntu/yguo017/dino-wm-wall/artifacts/pusht-assets-23952308.pbs101/downloads/official-pusht-noise.zip
OSF_ARCHIVE_SIZE_BYTES=2785304515 MTIME=2026-09-19 18:40:02.000000000 +0800 PATH=/scratch/users/ntu/yguo017/dino-wm-wall/artifacts/pusht-assets-23952308.pbs101/downloads/official-pusht-noise.zip
MARKER_IS_HISTORICAL_CONTROL_ONLY={"schema":"dino-wm-shared-prefix-cache.pusht-assets-ready","source_job":"23952308.pbs101","hashes":"not computed"}
TRAIN_METADATA_TRAJECTORIES=18685
EXPECTED_VIDEO_NAME_RANGE=episode_000.mp4..episode_18684.mp4
ARCHIVE_TRAIN_CLIP_MEMBERS=18685
ARCHIVE_MEMBER_INDEX_SECONDS=0.234
PREEXISTING_SAME_SIZE_CLIPS=32
MISSING_TRAIN_CLIPS_TO_RECOVER=18653
EXTRACTION_PROGRESS clips=1000 bytes=113222590
EXTRACTION_PROGRESS clips=2000 bytes=223308416
EXTRACTION_PROGRESS clips=3000 bytes=337427043
EXTRACTION_PROGRESS clips=4000 bytes=464343235
EXTRACTION_PROGRESS clips=5000 bytes=579153483
EXTRACTION_PROGRESS clips=6000 bytes=697502811
EXTRACTION_PROGRESS clips=7000 bytes=813243561
EXTRACTION_PROGRESS clips=8000 bytes=922973022
EXTRACTION_PROGRESS clips=9000 bytes=1041293074
EXTRACTION_PROGRESS clips=10000 bytes=1146091607
EXTRACTION_PROGRESS clips=11000 bytes=1267255349
EXTRACTION_PROGRESS clips=12000 bytes=1391445961
EXTRACTION_PROGRESS clips=13000 bytes=1510687217
EXTRACTION_PROGRESS clips=14000 bytes=1634343949
EXTRACTION_PROGRESS clips=15000 bytes=1743669706
EXTRACTION_PROGRESS clips=16000 bytes=1853924194
EXTRACTION_PROGRESS clips=17000 bytes=1968000682
EXTRACTION_PROGRESS clips=18000 bytes=2099503703
OFFICIAL_FACTORY_ITEM_CHECK_BEGIN
Loaded 18685 rollouts
Loaded 21 rollouts
OFFICIAL_FACTORY_GETITEM_PASS split=train shapes={"visual": [4, 3, 224, 224], "proprio": [4, 4], "action": [4, 10], "state": [4, 7]}
OFFICIAL_FACTORY_GETITEM_PASS split=valid shapes={"visual": [4, 3, 224, 224], "proprio": [4, 4], "action": [4, 10], "state": [4, 7]}
OFFICIAL_BASE_GET_FRAMES_PASS episode=9956 frames=[0, 5, 10, 15] shapes={"frame_indices": [0, 5, 10, 15], "visual": [4, 3, 224, 224], "action": [4, 2], "state": [4, 7]}
OFFICIAL_BASE_GET_FRAMES_PASS episode=2930 frames=[0, 5, 10, 15] shapes={"frame_indices": [0, 5, 10, 15], "visual": [4, 3, 224, 224], "action": [4, 2], "state": [4, 7]}
OFFICIAL_BASE_GET_FRAMES_PASS episode=18684 frames=[0, 5, 10, 15] shapes={"frame_indices": [0, 5, 10, 15], "visual": [4, 3, 224, 224], "action": [4, 2], "state": [4, 7]}
RECOVERY_REPORT=/scratch/users/ntu/yguo017/experiment/reproduction/lpwm/train-video-recovery-25570558.pbs101.json
RECOVERY_SUMMARY={"metadata_train_trajectory_count": 18685, "archive_train_clip_member_count": 18685, "archive_member_ids_exactly_cover_metadata": true, "existing_same_size_clip_count": 32, "newly_extracted_clip_count": 18653, "newly_extracted_uncompressed_bytes": 2163166894, "archive_index_seconds": 0.234, "extraction_seconds": 2829.063, "post_extraction_exact_name_and_size_coverage": true, "official_factory_getitem": {"train": {"visual": [4, 3, 224, 224], "proprio": [4, 4], "action": [4, 10], "state": [4, 7]}, "valid": {"visual": [4, 3, 224, 224], "proprio": [4, 4], "action": [4, 10], "state": [4, 7]}}, "official_base_get_frames": {"9956": {"frame_indices": [0, 5, 10, 15], "visual": [4, 3, 224, 224], "action": [4, 2], "state": [4, 7]}, "2930": {"frame_indices": [0, 5, 10, 15], "visual": [4, 3, 224, 224], "action": [4, 2], "state": [4, 7]}, "18684": {"frame_indices": [0, 5, 10, 15], "visual": [4, 3, 224, 224], "action": [4, 2], "state": [4, 7]}}}
TRAIN_VIDEO_RECOVERY_AND_NATIVE_READS_COMPLETE=1
END_UTC=2026-09-26T18:05:43Z
TRAIN_VIDEO_RECOVERY_COMPLETE=1
