Traceback (most recent call last):
  File "/tc1home/UG/yguo017/v100_newangles_ccds/artifacts/64761/flow_screen.py", line 1293, in <module>
    main()
  File "/tc1home/UG/yguo017/v100_newangles_ccds/artifacts/64761/flow_screen.py", line 1289, in main
    _run(args, allocation)
  File "/tc1home/UG/yguo017/v100_newangles_ccds/artifacts/64761/flow_screen.py", line 1135, in _run
    policy, torch, runtime_identity = _load_runtime(args, torch)
  File "/tc1home/UG/yguo017/v100_newangles_ccds/artifacts/64761/flow_screen.py", line 304, in _load_runtime
    config = SmolVLAConfig.from_pretrained(str(model_path), local_files_only=True)
  File "/tc1home/UG/yguo017/v100_newangles_ccds/smolvla/venv/lib/python3.10/site-packages/lerobot/configs/policies.py", line 211, in from_pretrained
    orig_config = draccus.parse(cls, config_file, args=[])
  File "/tc1home/UG/yguo017/v100_newangles_ccds/smolvla/venv/lib/python3.10/site-packages/draccus/argparsing.py", line 211, in parse
    return parser.parse_args(args)
  File "/tc1home/UG/yguo017/v100_newangles_ccds/smolvla/venv/lib/python3.10/site-packages/draccus/argparsing.py", line 102, in parse_args
    args, _ = self.parse_known_args(args, namespace, is_parse_args=True)
  File "/tc1home/UG/yguo017/v100_newangles_ccds/smolvla/venv/lib/python3.10/site-packages/draccus/argparsing.py", line 136, in parse_known_args
    parsed_t = self._postprocessing(parsed_args)
  File "/tc1home/UG/yguo017/v100_newangles_ccds/smolvla/venv/lib/python3.10/site-packages/draccus/argparsing.py", line 180, in _postprocessing
    cfg = decoding.decode(self.config_class, deflat_d)
  File "/tc1home/UG/yguo017/v100_newangles_ccds/smolvla/venv/lib/python3.10/site-packages/draccus/parsers/registry_utils.py", line 78, in wrapper
    return base_func(*args, **kw)
  File "/tc1home/UG/yguo017/v100_newangles_ccds/smolvla/venv/lib/python3.10/site-packages/draccus/parsers/decoding.py", line 48, in decode
    return get_decoding_fn(cls)(raw_value, ())  # type: ignore
  File "/tc1home/UG/yguo017/v100_newangles_ccds/smolvla/venv/lib/python3.10/site-packages/draccus/parsers/decoding.py", line 175, in decode_choice_class
    return decode_dataclass(cls, raw_value)  # type: ignore
  File "/tc1home/UG/yguo017/v100_newangles_ccds/smolvla/venv/lib/python3.10/site-packages/draccus/parsers/decoding.py", line 149, in decode_dataclass
    raise DecodingError(path, f"The fields {formatted_keys} are not valid for {stringify_type(cls)}")
draccus.utils.DecodingError: The fields `type` are not valid for SmolVLAConfig
