Wed Sep  9 20:23:51 +08 2026
x1000c2s4b0n1
source/config identities and prior-verified checkpoint metadata match
allocated GPU: NVIDIA A100-SXM4-40GB 42406903808 1a89214c-dfe1-449d-3cd2-f1479e0bf264
[robosuite WARNING] No private macro file found! (macros.py:53)
2026-09-09 20:25:41,034 WARNING No private macro file found!
[robosuite WARNING] It is recommended to use a private macro file (macros.py:54)
2026-09-09 20:25:41,034 WARNING It is recommended to use a private macro file
[robosuite WARNING] To setup, run: python /scratch/users/ntu/yguo017/fastwam-smoke/venv/lib/python3.11/site-packages/robosuite/scripts/setup_macros.py (macros.py:55)
2026-09-09 20:25:41,034 WARNING To setup, run: python /scratch/users/ntu/yguo017/fastwam-smoke/venv/lib/python3.11/site-packages/robosuite/scripts/setup_macros.py
2026-09-09 20:25:44,044 INFO No OpenGL_accelerate module loaded: No module named 'OpenGL_accelerate'
Gym has been unmaintained since 2022 and does not support NumPy 2.0 amongst other critical functionality.
Please upgrade to Gymnasium, the maintained drop-in replacement of Gym, or contact the authors of your software and request that they upgrade.
See the migration guide at https://gymnasium.farama.org/introduction/migration_guide/ for additional information.
2026-09-09 20:27:30,225 INFO Loading Wan2.2-TI2V-5B components...
2026-09-09 20:27:30,227 INFO Skipping pretrained video DiT load (`skip_dit_load_from_pretrain=True`); initializing video expert randomly and expecting checkpoint override.
2026-09-09 20:31:52,672 INFO Finished loading Wan2.2-TI2V-5B components in 262.45 seconds.
2026-09-09 20:31:52,672 INFO Skipping ActionDiT pretrained load (`skip_dit_load_from_pretrain=True`); initializing action expert randomly and expecting checkpoint override.
2026-09-09 20:31:57,551 INFO Initialized MoT with experts: ['video', 'action'], num_layers=30
2026-09-09 20:31:57,592 INFO   Expert 'video': num_params=5.00 B
2026-09-09 20:31:57,594 INFO   Expert 'action': num_params=1.02 B
[info] using task orders [0, 1, 2, 3, 4, 5, 6, 7, 8, 9]
[Warning]: datasets path /scratch/users/ntu/yguo017/fastwam-smoke/libero/datasets does not exist!
[info] using task orders [0, 1, 2, 3, 4, 5, 6, 7, 8, 9]
[Warning]: datasets path /scratch/users/ntu/yguo017/fastwam-smoke/libero/datasets does not exist!
{"mode": "probe", "status": "ok", "site": "video_d00_self_attn_q"}
Wed Sep  9 20:33:23 +08 2026
