timestamp, index, name, utilization.gpu [%], memory.used [MiB], memory.total [MiB]
2026/09/23 09:45:58.218, 0, NVIDIA A100-SXM4-40GB, 0 %, 1 MiB, 40960 MiB
2026/09/23 09:46:03.219, 0, NVIDIA A100-SXM4-40GB, 0 %, 1 MiB, 40960 MiB
2026/09/23 09:46:08.220, 0, NVIDIA A100-SXM4-40GB, 0 %, 1 MiB, 40960 MiB
2026/09/23 09:46:13.222, 0, NVIDIA A100-SXM4-40GB, 0 %, 1 MiB, 40960 MiB
2026/09/23 09:46:18.223, 0, NVIDIA A100-SXM4-40GB, 0 %, 1 MiB, 40960 MiB
2026/09/23 09:46:23.223, 0, NVIDIA A100-SXM4-40GB, 0 %, 1 MiB, 40960 MiB
2026/09/23 09:46:28.224, 0, NVIDIA A100-SXM4-40GB, 0 %, 1 MiB, 40960 MiB
2026/09/23 09:46:33.225, 0, NVIDIA A100-SXM4-40GB, 0 %, 1 MiB, 40960 MiB
2026/09/23 09:46:38.225, 0, NVIDIA A100-SXM4-40GB, 0 %, 1 MiB, 40960 MiB
2026/09/23 09:46:43.227, 0, NVIDIA A100-SXM4-40GB, 0 %, 1 MiB, 40960 MiB
2026/09/23 09:46:48.229, 0, NVIDIA A100-SXM4-40GB, 0 %, 1 MiB, 40960 MiB
2026/09/23 09:46:53.229, 0, NVIDIA A100-SXM4-40GB, 0 %, 1 MiB, 40960 MiB
2026/09/23 09:46:58.230, 0, NVIDIA A100-SXM4-40GB, 0 %, 1 MiB, 40960 MiB
2026/09/23 09:47:03.231, 0, NVIDIA A100-SXM4-40GB, 0 %, 1 MiB, 40960 MiB
2026/09/23 09:47:08.232, 0, NVIDIA A100-SXM4-40GB, 0 %, 1 MiB, 40960 MiB
2026/09/23 09:47:13.232, 0, NVIDIA A100-SXM4-40GB, 0 %, 1 MiB, 40960 MiB
2026/09/23 09:47:18.234, 0, NVIDIA A100-SXM4-40GB, 0 %, 1 MiB, 40960 MiB
2026/09/23 09:47:23.234, 0, NVIDIA A100-SXM4-40GB, 0 %, 1 MiB, 40960 MiB
2026/09/23 09:47:28.235, 0, NVIDIA A100-SXM4-40GB, 0 %, 1 MiB, 40960 MiB
2026/09/23 09:47:33.236, 0, NVIDIA A100-SXM4-40GB, 0 %, 1 MiB, 40960 MiB
2026/09/23 09:47:38.236, 0, NVIDIA A100-SXM4-40GB, 0 %, 503 MiB, 40960 MiB
2026/09/23 09:47:43.237, 0, NVIDIA A100-SXM4-40GB, 0 %, 585 MiB, 40960 MiB
2026/09/23 09:47:48.237, 0, NVIDIA A100-SXM4-40GB, 0 %, 585 MiB, 40960 MiB
2026/09/23 09:47:53.238, 0, NVIDIA A100-SXM4-40GB, 40 %, 641 MiB, 40960 MiB
2026/09/23 09:47:58.239, 0, NVIDIA A100-SXM4-40GB, 92 %, 641 MiB, 40960 MiB
2026/09/23 09:48:03.240, 0, NVIDIA A100-SXM4-40GB, 26 %, 641 MiB, 40960 MiB
{"phase": "adaptive_quality", "paired_trajectories_completed": 8, "paired_trajectories_total": 48}
2026/09/23 09:48:08.242, 0, NVIDIA A100-SXM4-40GB, 90 %, 641 MiB, 40960 MiB
2026/09/23 09:48:13.243, 0, NVIDIA A100-SXM4-40GB, 25 %, 641 MiB, 40960 MiB
2026/09/23 09:48:18.243, 0, NVIDIA A100-SXM4-40GB, 92 %, 641 MiB, 40960 MiB
{"phase": "adaptive_quality", "paired_trajectories_completed": 16, "paired_trajectories_total": 48}
2026/09/23 09:48:23.244, 0, NVIDIA A100-SXM4-40GB, 85 %, 641 MiB, 40960 MiB
2026/09/23 09:48:28.245, 0, NVIDIA A100-SXM4-40GB, 77 %, 641 MiB, 40960 MiB
{"phase": "adaptive_quality", "paired_trajectories_completed": 24, "paired_trajectories_total": 48}
2026/09/23 09:48:33.245, 0, NVIDIA A100-SXM4-40GB, 93 %, 641 MiB, 40960 MiB
2026/09/23 09:48:38.246, 0, NVIDIA A100-SXM4-40GB, 68 %, 641 MiB, 40960 MiB
{"phase": "adaptive_quality", "paired_trajectories_completed": 32, "paired_trajectories_total": 48}
2026/09/23 09:48:43.247, 0, NVIDIA A100-SXM4-40GB, 93 %, 641 MiB, 40960 MiB
2026/09/23 09:48:48.247, 0, NVIDIA A100-SXM4-40GB, 56 %, 641 MiB, 40960 MiB
2026/09/23 09:48:53.248, 0, NVIDIA A100-SXM4-40GB, 90 %, 641 MiB, 40960 MiB
{"phase": "adaptive_quality", "paired_trajectories_completed": 40, "paired_trajectories_total": 48}
2026/09/23 09:48:58.249, 0, NVIDIA A100-SXM4-40GB, 37 %, 641 MiB, 40960 MiB
2026/09/23 09:49:03.249, 0, NVIDIA A100-SXM4-40GB, 92 %, 641 MiB, 40960 MiB
{"phase": "adaptive_quality", "paired_trajectories_completed": 48, "paired_trajectories_total": 48}
2026/09/23 09:49:08.250, 0, NVIDIA A100-SXM4-40GB, 90 %, 641 MiB, 40960 MiB
2026/09/23 09:49:13.252, 0, NVIDIA A100-SXM4-40GB, 78 %, 641 MiB, 40960 MiB
2026/09/23 09:49:18.253, 0, NVIDIA A100-SXM4-40GB, 80 %, 641 MiB, 40960 MiB
2026/09/23 09:49:23.253, 0, NVIDIA A100-SXM4-40GB, 82 %, 641 MiB, 40960 MiB
2026/09/23 09:49:28.254, 0, NVIDIA A100-SXM4-40GB, 82 %, 641 MiB, 40960 MiB
2026/09/23 09:49:33.255, 0, NVIDIA A100-SXM4-40GB, 93 %, 641 MiB, 40960 MiB
2026/09/23 09:49:38.255, 0, NVIDIA A100-SXM4-40GB, 93 %, 641 MiB, 40960 MiB
2026/09/23 09:49:43.256, 0, NVIDIA A100-SXM4-40GB, 89 %, 641 MiB, 40960 MiB
2026/09/23 09:49:48.257, 0, NVIDIA A100-SXM4-40GB, 93 %, 641 MiB, 40960 MiB
2026/09/23 09:49:53.257, 0, NVIDIA A100-SXM4-40GB, 93 %, 641 MiB, 40960 MiB
2026/09/23 09:49:58.258, 0, NVIDIA A100-SXM4-40GB, 90 %, 641 MiB, 40960 MiB
{"phase": "adaptive_timing", "repeat_completed": 1, "warmups": 3, "repeats": 5}
2026/09/23 09:50:03.259, 0, NVIDIA A100-SXM4-40GB, 81 %, 641 MiB, 40960 MiB
2026/09/23 09:50:08.259, 0, NVIDIA A100-SXM4-40GB, 81 %, 641 MiB, 40960 MiB
2026/09/23 09:50:13.260, 0, NVIDIA A100-SXM4-40GB, 82 %, 641 MiB, 40960 MiB
2026/09/23 09:50:18.262, 0, NVIDIA A100-SXM4-40GB, 80 %, 641 MiB, 40960 MiB
2026/09/23 09:50:23.262, 0, NVIDIA A100-SXM4-40GB, 93 %, 641 MiB, 40960 MiB
2026/09/23 09:50:28.263, 0, NVIDIA A100-SXM4-40GB, 93 %, 641 MiB, 40960 MiB
2026/09/23 09:50:33.264, 0, NVIDIA A100-SXM4-40GB, 93 %, 641 MiB, 40960 MiB
2026/09/23 09:50:38.264, 0, NVIDIA A100-SXM4-40GB, 93 %, 641 MiB, 40960 MiB
2026/09/23 09:50:43.265, 0, NVIDIA A100-SXM4-40GB, 93 %, 641 MiB, 40960 MiB
{"phase": "adaptive_timing", "repeat_completed": 2, "warmups": 3, "repeats": 5}
2026/09/23 09:50:48.265, 0, NVIDIA A100-SXM4-40GB, 43 %, 641 MiB, 40960 MiB
2026/09/23 09:50:53.266, 0, NVIDIA A100-SXM4-40GB, 75 %, 641 MiB, 40960 MiB
2026/09/23 09:50:58.267, 0, NVIDIA A100-SXM4-40GB, 79 %, 641 MiB, 40960 MiB
2026/09/23 09:51:03.267, 0, NVIDIA A100-SXM4-40GB, 81 %, 641 MiB, 40960 MiB
2026/09/23 09:51:08.268, 0, NVIDIA A100-SXM4-40GB, 81 %, 641 MiB, 40960 MiB
2026/09/23 09:51:13.270, 0, NVIDIA A100-SXM4-40GB, 92 %, 641 MiB, 40960 MiB
2026/09/23 09:51:18.270, 0, NVIDIA A100-SXM4-40GB, 93 %, 641 MiB, 40960 MiB
2026/09/23 09:51:23.271, 0, NVIDIA A100-SXM4-40GB, 93 %, 641 MiB, 40960 MiB
2026/09/23 09:51:28.271, 0, NVIDIA A100-SXM4-40GB, 94 %, 641 MiB, 40960 MiB
2026/09/23 09:51:33.272, 0, NVIDIA A100-SXM4-40GB, 93 %, 641 MiB, 40960 MiB
{"phase": "adaptive_timing", "repeat_completed": 3, "warmups": 3, "repeats": 5}
2026/09/23 09:51:38.273, 0, NVIDIA A100-SXM4-40GB, 43 %, 641 MiB, 40960 MiB
2026/09/23 09:51:43.273, 0, NVIDIA A100-SXM4-40GB, 81 %, 641 MiB, 40960 MiB
2026/09/23 09:51:48.274, 0, NVIDIA A100-SXM4-40GB, 81 %, 641 MiB, 40960 MiB
2026/09/23 09:51:53.275, 0, NVIDIA A100-SXM4-40GB, 82 %, 641 MiB, 40960 MiB
2026/09/23 09:51:58.275, 0, NVIDIA A100-SXM4-40GB, 93 %, 641 MiB, 40960 MiB
2026/09/23 09:52:03.276, 0, NVIDIA A100-SXM4-40GB, 93 %, 641 MiB, 40960 MiB
2026/09/23 09:52:08.276, 0, NVIDIA A100-SXM4-40GB, 92 %, 641 MiB, 40960 MiB
2026/09/23 09:52:13.277, 0, NVIDIA A100-SXM4-40GB, 88 %, 641 MiB, 40960 MiB
2026/09/23 09:52:18.279, 0, NVIDIA A100-SXM4-40GB, 93 %, 641 MiB, 40960 MiB
2026/09/23 09:52:23.280, 0, NVIDIA A100-SXM4-40GB, 93 %, 641 MiB, 40960 MiB
{"phase": "adaptive_timing", "repeat_completed": 4, "warmups": 3, "repeats": 5}
2026/09/23 09:52:28.280, 0, NVIDIA A100-SXM4-40GB, 42 %, 641 MiB, 40960 MiB
2026/09/23 09:52:33.281, 0, NVIDIA A100-SXM4-40GB, 81 %, 641 MiB, 40960 MiB
2026/09/23 09:52:38.281, 0, NVIDIA A100-SXM4-40GB, 79 %, 641 MiB, 40960 MiB
2026/09/23 09:52:43.282, 0, NVIDIA A100-SXM4-40GB, 81 %, 641 MiB, 40960 MiB
2026/09/23 09:52:48.283, 0, NVIDIA A100-SXM4-40GB, 89 %, 641 MiB, 40960 MiB
2026/09/23 09:52:53.283, 0, NVIDIA A100-SXM4-40GB, 93 %, 641 MiB, 40960 MiB
2026/09/23 09:52:58.284, 0, NVIDIA A100-SXM4-40GB, 93 %, 641 MiB, 40960 MiB
2026/09/23 09:53:03.285, 0, NVIDIA A100-SXM4-40GB, 91 %, 641 MiB, 40960 MiB
2026/09/23 09:53:08.285, 0, NVIDIA A100-SXM4-40GB, 93 %, 641 MiB, 40960 MiB
2026/09/23 09:53:13.287, 0, NVIDIA A100-SXM4-40GB, 93 %, 641 MiB, 40960 MiB
{"phase": "adaptive_timing", "repeat_completed": 5, "warmups": 3, "repeats": 5}
2026/09/23 09:53:18.288, 0, NVIDIA A100-SXM4-40GB, 43 %, 641 MiB, 40960 MiB
2026/09/23 09:53:23.288, 0, NVIDIA A100-SXM4-40GB, 73 %, 641 MiB, 40960 MiB
2026/09/23 09:53:28.289, 0, NVIDIA A100-SXM4-40GB, 81 %, 641 MiB, 40960 MiB
2026/09/23 09:53:33.289, 0, NVIDIA A100-SXM4-40GB, 79 %, 641 MiB, 40960 MiB
2026/09/23 09:53:38.290, 0, NVIDIA A100-SXM4-40GB, 93 %, 641 MiB, 40960 MiB
2026/09/23 09:53:43.291, 0, NVIDIA A100-SXM4-40GB, 93 %, 641 MiB, 40960 MiB
2026/09/23 09:53:48.291, 0, NVIDIA A100-SXM4-40GB, 93 %, 641 MiB, 40960 MiB
2026/09/23 09:53:53.292, 0, NVIDIA A100-SXM4-40GB, 93 %, 641 MiB, 40960 MiB
2026/09/23 09:53:58.292, 0, NVIDIA A100-SXM4-40GB, 93 %, 641 MiB, 40960 MiB
2026/09/23 09:54:03.293, 0, NVIDIA A100-SXM4-40GB, 90 %, 641 MiB, 40960 MiB
{"phase": "adaptive_timing", "repeat_completed": 6, "warmups": 3, "repeats": 5}
2026/09/23 09:54:08.294, 0, NVIDIA A100-SXM4-40GB, 79 %, 641 MiB, 40960 MiB
2026/09/23 09:54:13.294, 0, NVIDIA A100-SXM4-40GB, 80 %, 641 MiB, 40960 MiB
2026/09/23 09:54:18.296, 0, NVIDIA A100-SXM4-40GB, 81 %, 641 MiB, 40960 MiB
2026/09/23 09:54:23.297, 0, NVIDIA A100-SXM4-40GB, 77 %, 641 MiB, 40960 MiB
2026/09/23 09:54:28.297, 0, NVIDIA A100-SXM4-40GB, 92 %, 641 MiB, 40960 MiB
2026/09/23 09:54:33.298, 0, NVIDIA A100-SXM4-40GB, 93 %, 641 MiB, 40960 MiB
2026/09/23 09:54:38.299, 0, NVIDIA A100-SXM4-40GB, 92 %, 641 MiB, 40960 MiB
2026/09/23 09:54:43.299, 0, NVIDIA A100-SXM4-40GB, 92 %, 641 MiB, 40960 MiB
2026/09/23 09:54:48.300, 0, NVIDIA A100-SXM4-40GB, 93 %, 641 MiB, 40960 MiB
2026/09/23 09:54:53.301, 0, NVIDIA A100-SXM4-40GB, 93 %, 641 MiB, 40960 MiB
{"phase": "adaptive_timing", "repeat_completed": 7, "warmups": 3, "repeats": 5}
2026/09/23 09:54:58.301, 0, NVIDIA A100-SXM4-40GB, 80 %, 641 MiB, 40960 MiB
2026/09/23 09:55:03.302, 0, NVIDIA A100-SXM4-40GB, 79 %, 641 MiB, 40960 MiB
2026/09/23 09:55:08.303, 0, NVIDIA A100-SXM4-40GB, 79 %, 641 MiB, 40960 MiB
2026/09/23 09:55:13.303, 0, NVIDIA A100-SXM4-40GB, 77 %, 641 MiB, 40960 MiB
2026/09/23 09:55:18.304, 0, NVIDIA A100-SXM4-40GB, 93 %, 641 MiB, 40960 MiB
2026/09/23 09:55:23.304, 0, NVIDIA A100-SXM4-40GB, 93 %, 641 MiB, 40960 MiB
2026/09/23 09:55:28.305, 0, NVIDIA A100-SXM4-40GB, 93 %, 641 MiB, 40960 MiB
2026/09/23 09:55:33.306, 0, NVIDIA A100-SXM4-40GB, 93 %, 641 MiB, 40960 MiB
2026/09/23 09:55:38.308, 0, NVIDIA A100-SXM4-40GB, 93 %, 641 MiB, 40960 MiB
{"phase": "adaptive_timing", "repeat_completed": 8, "warmups": 3, "repeats": 5}
2026/09/23 09:55:43.308, 0, NVIDIA A100-SXM4-40GB, 93 %, 641 MiB, 40960 MiB
{"status": "COMPLETE", "gates": {"schedule_quality_and_latency": {"uniform_teacher7": true, "late_teacher7": true}, "schedule_calls_exact": true, "schedule_calls_expected": {"student_only": 0, "uniform_teacher7": 7, "late_teacher7": 7, "teacher_only": 30}, "schedule_calls_observed_per_trajectory": {"student_only": [0, 0, 0, 0, 0, 0, 0, 0, 0, 0, 0, 0, 0, 0, 0, 0, 0, 0, 0, 0, 0, 0, 0, 0, 0, 0, 0, 0, 0, 0, 0, 0, 0, 0, 0, 0, 0, 0, 0, 0, 0, 0, 0, 0, 0, 0, 0, 0], "uniform_teacher7": [7, 7, 7, 7, 7, 7, 7, 7, 7, 7, 7, 7, 7, 7, 7, 7, 7, 7, 7, 7, 7, 7, 7, 7, 7, 7, 7, 7, 7, 7, 7, 7, 7, 7, 7, 7, 7, 7, 7, 7, 7, 7, 7, 7, 7, 7, 7, 7], "late_teacher7": [7, 7, 7, 7, 7, 7, 7, 7, 7, 7, 7, 7, 7, 7, 7, 7, 7, 7, 7, 7, 7, 7, 7, 7, 7, 7, 7, 7, 7, 7, 7, 7, 7, 7, 7, 7, 7, 7, 7, 7, 7, 7, 7, 7, 7, 7, 7, 7], "teacher_only": [30, 30, 30, 30, 30, 30, 30, 30, 30, 30, 30, 30, 30, 30, 30, 30, 30, 30, 30, 30, 30, 30, 30, 30, 30, 30, 30, 30, 30, 30, 30, 30, 30, 30, 30, 30, 30, 30, 30, 30, 30, 30, 30, 30, 30, 30, 30, 30]}, "finite": true, "shared_provenance": true, "validity": true, "overall": "PASS", "claim_boundary": "Fixed-observation fully adaptive CEM mechanism evidence only; official CEM deployment and closed-loop are NOT_RUN_BY_SCOPE."}, "output": "/scratch/users/ntu/yguo017/dino-wm-wall/meeting-ready/02-horizon-weighted-recurrent-student/lewm-transfer/adaptive-teacher-schedule/artifacts/25432397.pbs101/adaptive_teacher_schedule_summary.json"}
2026/09/23 09:55:48.309, 0, NVIDIA A100-SXM4-40GB, 0 %, 641 MiB, 40960 MiB
2026/09/23 09:55:53.310, 0, NVIDIA A100-SXM4-40GB, 0 %, 641 MiB, 40960 MiB
