timestamp, index, name, utilization.gpu [%], memory.used [MiB], memory.total [MiB]
2026/09/24 19:23:54.470, 0, NVIDIA A100-SXM4-40GB, 0 %, 1 MiB, 40960 MiB
2026/09/24 19:23:59.472, 0, NVIDIA A100-SXM4-40GB, 0 %, 1 MiB, 40960 MiB
/scratch/users/ntu/yguo017/lewm-pusht-iteration/stable-worldmodel/stable_worldmodel/envs/__init__.py:215: UserWarning: ale-py not found; ALE/* envs are unavailable. Install with: pip install 'stable-worldmodel[env]' or pip install ale-py.
  from stable_worldmodel.envs import ale  # noqa: F401
19:24:01 | INFO  | __init__.py | Cached 'action' from '/scratch/users/ntu/yguo017/dino-wm-wall/meeting-ready/02-horizon-weighted-recurrent-student/lewm-transfer/official-lewm-dataset-teacher-baseline/artifacts/25535774.pbs101/cache/datasets/pusht_expert_train.h5'
19:24:01 | INFO  | __init__.py | Cached 'proprio' from '/scratch/users/ntu/yguo017/dino-wm-wall/meeting-ready/02-horizon-weighted-recurrent-student/lewm-transfer/official-lewm-dataset-teacher-baseline/artifacts/25535774.pbs101/cache/datasets/pusht_expert_train.h5'
19:24:01 | INFO  | __init__.py | Cached 'state' from '/scratch/users/ntu/yguo017/dino-wm-wall/meeting-ready/02-horizon-weighted-recurrent-student/lewm-transfer/official-lewm-dataset-teacher-baseline/artifacts/25535774.pbs101/cache/datasets/pusht_expert_train.h5'
2026/09/24 19:24:04.472, 0, NVIDIA A100-SXM4-40GB, 0 %, 5 MiB, 40960 MiB
2026/09/24 19:24:09.473, 0, NVIDIA A100-SXM4-40GB, 0 %, 503 MiB, 40960 MiB
19:24:10 | INFO  | atomic_chec~| [atomic_save] installed crash-safe checkpoint plugin (write to sibling .tmp + fsync + atomic rename)
/scratch/users/ntu/yguo017/lewm-pusht-iteration/venv/lib64/python3.11/site-packages/gymnasium/spaces/box.py:415: UserWarning: [33mWARN: Casting input x to numpy array.[0m
  gym.logger.warn("Casting input x to numpy array.")
2026/09/24 19:24:14.474, 0, NVIDIA A100-SXM4-40GB, 42 %, 617 MiB, 40960 MiB
2026/09/24 19:24:19.474, 0, NVIDIA A100-SXM4-40GB, 44 %, 617 MiB, 40960 MiB
2026/09/24 19:24:24.475, 0, NVIDIA A100-SXM4-40GB, 44 %, 617 MiB, 40960 MiB
CEM solve time: 16.0285 seconds
2026/09/24 19:24:29.475, 0, NVIDIA A100-SXM4-40GB, 0 %, 617 MiB, 40960 MiB
2026/09/24 19:24:34.476, 0, NVIDIA A100-SXM4-40GB, 37 %, 617 MiB, 40960 MiB
2026/09/24 19:24:39.477, 0, NVIDIA A100-SXM4-40GB, 44 %, 617 MiB, 40960 MiB
2026/09/24 19:24:44.478, 0, NVIDIA A100-SXM4-40GB, 43 %, 617 MiB, 40960 MiB
CEM solve time: 14.2825 seconds
{"arm": "student_only", "successes": 11, "teacher_calls": 0, "solve_calls": 2, "planner_s": 30.311}
/scratch/users/ntu/yguo017/lewm-pusht-iteration/venv/lib64/python3.11/site-packages/gymnasium/spaces/box.py:415: UserWarning: [33mWARN: Casting input x to numpy array.[0m
  gym.logger.warn("Casting input x to numpy array.")
2026/09/24 19:24:49.479, 0, NVIDIA A100-SXM4-40GB, 0 %, 617 MiB, 40960 MiB
2026/09/24 19:24:54.480, 0, NVIDIA A100-SXM4-40GB, 81 %, 643 MiB, 40960 MiB
2026/09/24 19:24:59.483, 0, NVIDIA A100-SXM4-40GB, 79 %, 643 MiB, 40960 MiB
2026/09/24 19:25:04.484, 0, NVIDIA A100-SXM4-40GB, 78 %, 643 MiB, 40960 MiB
2026/09/24 19:25:09.486, 0, NVIDIA A100-SXM4-40GB, 79 %, 643 MiB, 40960 MiB
2026/09/24 19:25:14.487, 0, NVIDIA A100-SXM4-40GB, 75 %, 643 MiB, 40960 MiB
2026/09/24 19:25:19.489, 0, NVIDIA A100-SXM4-40GB, 79 %, 643 MiB, 40960 MiB
2026/09/24 19:25:24.492, 0, NVIDIA A100-SXM4-40GB, 79 %, 643 MiB, 40960 MiB
2026/09/24 19:25:29.494, 0, NVIDIA A100-SXM4-40GB, 80 %, 643 MiB, 40960 MiB
CEM solve time: 42.3688 seconds
2026/09/24 19:25:34.495, 0, NVIDIA A100-SXM4-40GB, 0 %, 643 MiB, 40960 MiB
2026/09/24 19:25:39.497, 0, NVIDIA A100-SXM4-40GB, 79 %, 643 MiB, 40960 MiB
CEM solve time: 8.4106 seconds
2026/09/24 19:25:44.498, 0, NVIDIA A100-SXM4-40GB, 0 %, 643 MiB, 40960 MiB
{"arm": "teacher_only", "successes": 49, "teacher_calls": 1800, "solve_calls": 2, "planner_s": 50.78}
/scratch/users/ntu/yguo017/lewm-pusht-iteration/venv/lib64/python3.11/site-packages/gymnasium/spaces/box.py:415: UserWarning: [33mWARN: Casting input x to numpy array.[0m
  gym.logger.warn("Casting input x to numpy array.")
2026/09/24 19:25:49.499, 0, NVIDIA A100-SXM4-40GB, 37 %, 643 MiB, 40960 MiB
2026/09/24 19:25:54.499, 0, NVIDIA A100-SXM4-40GB, 37 %, 643 MiB, 40960 MiB
2026/09/24 19:25:59.500, 0, NVIDIA A100-SXM4-40GB, 39 %, 643 MiB, 40960 MiB
CEM solve time: 17.6713 seconds
2026/09/24 19:26:04.501, 0, NVIDIA A100-SXM4-40GB, 0 %, 643 MiB, 40960 MiB
2026/09/24 19:26:09.501, 0, NVIDIA A100-SXM4-40GB, 37 %, 643 MiB, 40960 MiB
2026/09/24 19:26:14.502, 0, NVIDIA A100-SXM4-40GB, 39 %, 643 MiB, 40960 MiB
2026/09/24 19:26:19.503, 0, NVIDIA A100-SXM4-40GB, 40 %, 643 MiB, 40960 MiB
CEM solve time: 16.4719 seconds
2026/09/24 19:26:24.504, 0, NVIDIA A100-SXM4-40GB, 40 %, 643 MiB, 40960 MiB
{"arm": "late_teacher7", "successes": 11, "teacher_calls": 14, "solve_calls": 2, "planner_s": 34.144}
/scratch/users/ntu/yguo017/lewm-pusht-iteration/venv/lib64/python3.11/site-packages/gymnasium/spaces/box.py:415: UserWarning: [33mWARN: Casting input x to numpy array.[0m
  gym.logger.warn("Casting input x to numpy array.")
2026/09/24 19:26:29.504, 0, NVIDIA A100-SXM4-40GB, 37 %, 643 MiB, 40960 MiB
2026/09/24 19:26:34.506, 0, NVIDIA A100-SXM4-40GB, 37 %, 643 MiB, 40960 MiB
2026/09/24 19:26:39.506, 0, NVIDIA A100-SXM4-40GB, 44 %, 643 MiB, 40960 MiB
2026/09/24 19:26:44.507, 0, NVIDIA A100-SXM4-40GB, 44 %, 643 MiB, 40960 MiB
CEM solve time: 16.3774 seconds
2026/09/24 19:26:49.508, 0, NVIDIA A100-SXM4-40GB, 65 %, 643 MiB, 40960 MiB
2026/09/24 19:26:54.509, 0, NVIDIA A100-SXM4-40GB, 38 %, 643 MiB, 40960 MiB
2026/09/24 19:26:59.509, 0, NVIDIA A100-SXM4-40GB, 44 %, 643 MiB, 40960 MiB
CEM solve time: 14.7630 seconds
2026/09/24 19:27:04.510, 0, NVIDIA A100-SXM4-40GB, 0 %, 643 MiB, 40960 MiB
{"arm": "uniform_teacher7", "successes": 11, "teacher_calls": 14, "solve_calls": 2, "planner_s": 31.141}
{"overall": "FAIL_CLOSED", "checks": {"validity": false, "teacher_only_success_vector_exactly_matches_baseline": true, "teacher_only_vector_mismatch_indices": [], "exact_50_tasks_and_200_outcomes": true, "task_keys_and_order_match": true, "prepared_observation_keys_pair_exactly": true, "all_schedules_and_finite_outputs": false, "native_solver_generator_state_and_shape_common_prefix": true, "late_teacher7_benefit_vs_student_only": false, "late_teacher7_teacher_gap_within_5": false, "late_teacher7_planner_time_ratio_at_most_0_70": true}}
