job_id=25549480.pbs101
host=x1000c1s0b0n0
runner=/scratch/users/ntu/yguo017/dino-wm-wall/meeting-ready/02-horizon-weighted-recurrent-student/lewm-transfer/terminal-response-loss/runner.py
freeze=/scratch/users/ntu/yguo017/dino-wm-wall/meeting-ready/02-horizon-weighted-recurrent-student/lewm-transfer/terminal-response-loss/FREEZE.json
NVIDIA A100-SXM4-40GB, 40960 MiB
timestamp, index, name, utilization.gpu [%], memory.used [MiB], memory.total [MiB]
2026/09/25 20:32:48.856, 0, NVIDIA A100-SXM4-40GB, 0 %, 1 MiB, 40960 MiB
2026/09/25 20:32:53.857, 0, NVIDIA A100-SXM4-40GB, 0 %, 1 MiB, 40960 MiB
2026/09/25 20:32:58.858, 0, NVIDIA A100-SXM4-40GB, 0 %, 1 MiB, 40960 MiB
2026/09/25 20:33:03.859, 0, NVIDIA A100-SXM4-40GB, 0 %, 1 MiB, 40960 MiB
2026/09/25 20:33:08.859, 0, NVIDIA A100-SXM4-40GB, 0 %, 1 MiB, 40960 MiB
2026/09/25 20:33:13.860, 0, NVIDIA A100-SXM4-40GB, 0 %, 1 MiB, 40960 MiB
2026/09/25 20:33:18.861, 0, NVIDIA A100-SXM4-40GB, 0 %, 1 MiB, 40960 MiB
2026/09/25 20:33:23.862, 0, NVIDIA A100-SXM4-40GB, 0 %, 1 MiB, 40960 MiB
2026/09/25 20:33:28.863, 0, NVIDIA A100-SXM4-40GB, 0 %, 1 MiB, 40960 MiB
2026/09/25 20:33:33.864, 0, NVIDIA A100-SXM4-40GB, 0 %, 1 MiB, 40960 MiB
2026/09/25 20:33:38.865, 0, NVIDIA A100-SXM4-40GB, 0 %, 1 MiB, 40960 MiB
2026/09/25 20:33:43.865, 0, NVIDIA A100-SXM4-40GB, 0 %, 1 MiB, 40960 MiB
2026/09/25 20:33:48.866, 0, NVIDIA A100-SXM4-40GB, 0 %, 1 MiB, 40960 MiB
2026/09/25 20:33:53.867, 0, NVIDIA A100-SXM4-40GB, 0 %, 1 MiB, 40960 MiB
2026/09/25 20:33:58.868, 0, NVIDIA A100-SXM4-40GB, 0 %, 1 MiB, 40960 MiB
2026/09/25 20:34:03.868, 0, NVIDIA A100-SXM4-40GB, 0 %, 1 MiB, 40960 MiB
2026/09/25 20:34:08.869, 0, NVIDIA A100-SXM4-40GB, 0 %, 1 MiB, 40960 MiB
terminal response loss self-check: PASS
2026/09/25 20:34:13.870, 0, NVIDIA A100-SXM4-40GB, 0 %, 1 MiB, 40960 MiB
2026/09/25 20:34:18.870, 0, NVIDIA A100-SXM4-40GB, 0 %, 1 MiB, 40960 MiB
2026/09/25 20:34:23.871, 0, NVIDIA A100-SXM4-40GB, 0 %, 1 MiB, 40960 MiB
2026/09/25 20:34:28.872, 0, NVIDIA A100-SXM4-40GB, 0 %, 1 MiB, 40960 MiB
2026/09/25 20:34:33.873, 0, NVIDIA A100-SXM4-40GB, 0 %, 1 MiB, 40960 MiB
2026/09/25 20:34:38.873, 0, NVIDIA A100-SXM4-40GB, 0 %, 1 MiB, 40960 MiB
2026/09/25 20:34:43.874, 0, NVIDIA A100-SXM4-40GB, 0 %, 1 MiB, 40960 MiB
2026/09/25 20:34:48.874, 0, NVIDIA A100-SXM4-40GB, 0 %, 1 MiB, 40960 MiB
2026/09/25 20:34:53.876, 0, NVIDIA A100-SXM4-40GB, 0 %, 1 MiB, 40960 MiB
2026/09/25 20:34:58.876, 0, NVIDIA A100-SXM4-40GB, 0 %, 1 MiB, 40960 MiB
2026/09/25 20:35:03.900, 0, NVIDIA A100-SXM4-40GB, 0 %, 1 MiB, 40960 MiB
2026/09/25 20:35:08.901, 0, NVIDIA A100-SXM4-40GB, 0 %, 1 MiB, 40960 MiB
2026/09/25 20:35:13.902, 0, NVIDIA A100-SXM4-40GB, 0 %, 1 MiB, 40960 MiB
2026/09/25 20:35:18.902, 0, NVIDIA A100-SXM4-40GB, 0 %, 1 MiB, 40960 MiB
2026/09/25 20:35:23.903, 0, NVIDIA A100-SXM4-40GB, 0 %, 1 MiB, 40960 MiB
2026/09/25 20:35:28.904, 0, NVIDIA A100-SXM4-40GB, 0 %, 1 MiB, 40960 MiB
2026/09/25 20:35:33.905, 0, NVIDIA A100-SXM4-40GB, 0 %, 1 MiB, 40960 MiB
2026/09/25 20:35:38.906, 0, NVIDIA A100-SXM4-40GB, 0 %, 1 MiB, 40960 MiB
2026/09/25 20:35:43.908, 0, NVIDIA A100-SXM4-40GB, 0 %, 1 MiB, 40960 MiB
2026/09/25 20:35:48.908, 0, NVIDIA A100-SXM4-40GB, 0 %, 1 MiB, 40960 MiB
2026/09/25 20:35:53.909, 0, NVIDIA A100-SXM4-40GB, 0 %, 1 MiB, 40960 MiB
2026/09/25 20:35:58.910, 0, NVIDIA A100-SXM4-40GB, 0 %, 1 MiB, 40960 MiB
2026/09/25 20:36:03.910, 0, NVIDIA A100-SXM4-40GB, 0 %, 1 MiB, 40960 MiB
2026/09/25 20:36:08.911, 0, NVIDIA A100-SXM4-40GB, 0 %, 1 MiB, 40960 MiB
2026/09/25 20:36:13.912, 0, NVIDIA A100-SXM4-40GB, 0 %, 1 MiB, 40960 MiB
2026/09/25 20:36:18.913, 0, NVIDIA A100-SXM4-40GB, 0 %, 1 MiB, 40960 MiB
2026/09/25 20:36:23.913, 0, NVIDIA A100-SXM4-40GB, 0 %, 1 MiB, 40960 MiB
2026/09/25 20:36:28.914, 0, NVIDIA A100-SXM4-40GB, 0 %, 1 MiB, 40960 MiB
2026/09/25 20:36:33.915, 0, NVIDIA A100-SXM4-40GB, 0 %, 1 MiB, 40960 MiB
2026/09/25 20:36:38.915, 0, NVIDIA A100-SXM4-40GB, 0 %, 1 MiB, 40960 MiB
2026/09/25 20:36:43.917, 0, NVIDIA A100-SXM4-40GB, 0 %, 1 MiB, 40960 MiB
2026/09/25 20:36:48.918, 0, NVIDIA A100-SXM4-40GB, 0 %, 1 MiB, 40960 MiB
2026/09/25 20:36:53.919, 0, NVIDIA A100-SXM4-40GB, 0 %, 1 MiB, 40960 MiB
2026/09/25 20:36:58.919, 0, NVIDIA A100-SXM4-40GB, 0 %, 1 MiB, 40960 MiB
2026/09/25 20:37:03.920, 0, NVIDIA A100-SXM4-40GB, 0 %, 527 MiB, 40960 MiB
2026/09/25 20:37:08.921, 0, NVIDIA A100-SXM4-40GB, 0 %, 661 MiB, 40960 MiB
2026/09/25 20:37:13.921, 0, NVIDIA A100-SXM4-40GB, 0 %, 671 MiB, 40960 MiB
2026/09/25 20:37:18.922, 0, NVIDIA A100-SXM4-40GB, 40 %, 679 MiB, 40960 MiB
2026/09/25 20:37:23.924, 0, NVIDIA A100-SXM4-40GB, 40 %, 679 MiB, 40960 MiB
2026/09/25 20:37:28.925, 0, NVIDIA A100-SXM4-40GB, 32 %, 679 MiB, 40960 MiB
2026/09/25 20:37:33.926, 0, NVIDIA A100-SXM4-40GB, 38 %, 679 MiB, 40960 MiB
2026/09/25 20:37:38.928, 0, NVIDIA A100-SXM4-40GB, 37 %, 679 MiB, 40960 MiB
2026/09/25 20:37:43.929, 0, NVIDIA A100-SXM4-40GB, 38 %, 679 MiB, 40960 MiB
2026/09/25 20:37:48.930, 0, NVIDIA A100-SXM4-40GB, 38 %, 679 MiB, 40960 MiB
2026/09/25 20:37:53.930, 0, NVIDIA A100-SXM4-40GB, 39 %, 681 MiB, 40960 MiB
2026/09/25 20:37:58.931, 0, NVIDIA A100-SXM4-40GB, 32 %, 681 MiB, 40960 MiB
2026/09/25 20:38:03.932, 0, NVIDIA A100-SXM4-40GB, 40 %, 681 MiB, 40960 MiB
2026/09/25 20:38:08.932, 0, NVIDIA A100-SXM4-40GB, 40 %, 681 MiB, 40960 MiB
2026/09/25 20:38:13.933, 0, NVIDIA A100-SXM4-40GB, 40 %, 681 MiB, 40960 MiB
2026/09/25 20:38:18.934, 0, NVIDIA A100-SXM4-40GB, 40 %, 681 MiB, 40960 MiB
2026/09/25 20:38:23.935, 0, NVIDIA A100-SXM4-40GB, 40 %, 681 MiB, 40960 MiB
2026/09/25 20:38:28.936, 0, NVIDIA A100-SXM4-40GB, 31 %, 681 MiB, 40960 MiB
2026/09/25 20:38:33.937, 0, NVIDIA A100-SXM4-40GB, 0 %, 681 MiB, 40960 MiB
2026/09/25 20:38:38.938, 0, NVIDIA A100-SXM4-40GB, 0 %, 681 MiB, 40960 MiB
2026/09/25 20:38:43.938, 0, NVIDIA A100-SXM4-40GB, 0 %, 683 MiB, 40960 MiB
2026/09/25 20:38:48.939, 0, NVIDIA A100-SXM4-40GB, 0 %, 683 MiB, 40960 MiB
2026/09/25 20:38:53.940, 0, NVIDIA A100-SXM4-40GB, 56 %, 683 MiB, 40960 MiB
2026/09/25 20:38:58.941, 0, NVIDIA A100-SXM4-40GB, 78 %, 637 MiB, 40960 MiB
{"status": "PREDICTOR_LEVEL_COMPLETE", "primary_gate": "NO-GO", "output_dir": "/scratch/users/ntu/yguo017/dino-wm-wall/meeting-ready/02-horizon-weighted-recurrent-student/lewm-transfer/terminal-response-loss/artifacts/25549480.pbs101"}
2026/09/25 20:39:03.941, 0, NVIDIA A100-SXM4-40GB, 0 %, 637 MiB, 40960 MiB
RUNNER_EXIT_STATUS=0
