cuda_device_count=1
cuda_device_name=NVIDIA A100-SXM4-40GB
timestamp, index, name, utilization.gpu [%], memory.used [MiB], memory.total [MiB]
2026/09/22 10:46:43.136, 0, NVIDIA A100-SXM4-40GB, 0 %, 1 MiB, 40960 MiB
Gym has been unmaintained since 2022 and does not support NumPy 2.0 amongst other critical functionality.
Please upgrade to Gymnasium, the maintained drop-in replacement of Gym, or contact the authors of your software and request that they upgrade.
See the migration guide at https://gymnasium.farama.org/introduction/migration_guide/ for additional information.
/var/tmp/pbs.25145484.pbs101/dino-pusht-cem-score-distill-25145484.pbs101/runtime/venv/lib/python3.11/site-packages/wandb/util.py:118: SentryHubDeprecationWarning: `sentry_sdk.Hub` is deprecated and will be removed in a future major release. Please consult our 1.x to 2.x migration guide for details on how to migrate `Hub` usage to the new API: https://docs.sentry.io/platforms/python/migration/1.x-to-2.x
  sentry_hub = sentry_sdk.Hub(sentry_client)
/var/tmp/pbs.25145484.pbs101/dino-pusht-cem-score-distill-25145484.pbs101/runtime/venv/lib/python3.11/site-packages/wandb/sdk/internal/internal_api.py:30: DeprecationWarning: pkg_resources is deprecated as an API. See https://setuptools.pypa.io/en/latest/pkg_resources.html
  from pkg_resources import parse_version
/var/tmp/pbs.25145484.pbs101/dino-pusht-cem-score-distill-25145484.pbs101/runtime/venv/lib/python3.11/site-packages/pkg_resources/__init__.py:2825: DeprecationWarning: Deprecated call to `pkg_resources.declare_namespace('mpl_toolkits')`.
Implementing implicit namespace packages (as specified in PEP 420) is preferred to `pkg_resources.declare_namespace`. See https://setuptools.pypa.io/en/latest/references/keywords.html#keyword-namespace-packages
  declare_namespace(pkg)
/var/tmp/pbs.25145484.pbs101/dino-pusht-cem-score-distill-25145484.pbs101/runtime/venv/lib/python3.11/site-packages/pkg_resources/__init__.py:2825: DeprecationWarning: Deprecated call to `pkg_resources.declare_namespace('google')`.
Implementing implicit namespace packages (as specified in PEP 420) is preferred to `pkg_resources.declare_namespace`. See https://setuptools.pypa.io/en/latest/references/keywords.html#keyword-namespace-packages
  declare_namespace(pkg)
/scratch/users/ntu/yguo017/dino-wm-wall/source/custom_resolvers.py:4: UserWarning: 
The version_base parameter is not specified.
Please specify a compatability version level, or None.
Will assume defaults for version 1.1
  @hydra.main(config_path=None)
Loaded 18685 rollouts
Loaded 21 rollouts
Resuming from epoch 2: /scratch/users/ntu/yguo017/dino-wm-wall/checkpoints/outputs/pusht/checkpoints/model_latest.pth
Using cache found in /var/tmp/pbs.25145484.pbs101/dino-pusht-cem-score-distill-25145484.pbs101/runtime/torch/hub/facebookresearch_dinov2_7764ea0f912e53c92e82eb78a2a1631e92725fc8
num_action_repeat: 1
num_proprio_repeat: 1
proprio encoder: ProprioceptiveEmbedding(
  (patch_embed): Conv1d(4, 10, kernel_size=(1,), stride=(1,))
)
action encoder: ProprioceptiveEmbedding(
  (patch_embed): Conv1d(10, 10, kernel_size=(1,), stride=(1,))
)
proprio_dim: 10, after repeat: 10
action_dim: 10, after repeat: 10
emb_dim: 404
Model emb_dim:  404
Loaded 18685 rollouts
Loaded 21 rollouts
2026/09/22 10:47:13.139, 0, NVIDIA A100-SXM4-40GB, 100 %, 5933 MiB, 40960 MiB
2026/09/22 10:47:43.142, 0, NVIDIA A100-SXM4-40GB, 100 %, 5933 MiB, 40960 MiB
2026/09/22 10:48:13.145, 0, NVIDIA A100-SXM4-40GB, 100 %, 5933 MiB, 40960 MiB
2026/09/22 10:48:43.148, 0, NVIDIA A100-SXM4-40GB, 100 %, 5933 MiB, 40960 MiB
2026/09/22 10:49:13.150, 0, NVIDIA A100-SXM4-40GB, 100 %, 5933 MiB, 40960 MiB
2026/09/22 10:49:43.154, 0, NVIDIA A100-SXM4-40GB, 100 %, 5933 MiB, 40960 MiB
2026/09/22 10:50:13.157, 0, NVIDIA A100-SXM4-40GB, 100 %, 5933 MiB, 40960 MiB
2026/09/22 10:50:43.159, 0, NVIDIA A100-SXM4-40GB, 54 %, 5997 MiB, 40960 MiB
2026/09/22 10:51:13.162, 0, NVIDIA A100-SXM4-40GB, 73 %, 5997 MiB, 40960 MiB
2026/09/22 10:51:43.165, 0, NVIDIA A100-SXM4-40GB, 82 %, 5997 MiB, 40960 MiB
2026/09/22 10:52:13.168, 0, NVIDIA A100-SXM4-40GB, 66 %, 5997 MiB, 40960 MiB
2026/09/22 10:52:43.170, 0, NVIDIA A100-SXM4-40GB, 54 %, 5997 MiB, 40960 MiB
2026/09/22 10:53:13.173, 0, NVIDIA A100-SXM4-40GB, 100 %, 26373 MiB, 40960 MiB
2026/09/22 10:53:43.176, 0, NVIDIA A100-SXM4-40GB, 100 %, 26373 MiB, 40960 MiB
2026/09/22 10:54:13.178, 0, NVIDIA A100-SXM4-40GB, 100 %, 26373 MiB, 40960 MiB
2026/09/22 10:54:43.181, 0, NVIDIA A100-SXM4-40GB, 100 %, 26373 MiB, 40960 MiB
2026/09/22 10:55:13.183, 0, NVIDIA A100-SXM4-40GB, 100 %, 26373 MiB, 40960 MiB
{
  "output": "/scratch/users/ntu/yguo017/dino-wm-wall/artifacts/dino-pusht-cem-score-distill-25145484.pbs101",
  "stage1": "FAIL",
  "stage2": "SKIPPED"
}
