timestamp, index, name, utilization.gpu [%], memory.used [MiB], memory.total [MiB]
2026/09/22 17:34:12.528, 0, NVIDIA A100-SXM4-40GB, 0 %, 1 MiB, 40960 MiB
2026/09/22 17:34:17.530, 0, NVIDIA A100-SXM4-40GB, 0 %, 1 MiB, 40960 MiB
2026/09/22 17:34:22.530, 0, NVIDIA A100-SXM4-40GB, 0 %, 1 MiB, 40960 MiB
2026/09/22 17:34:27.531, 0, NVIDIA A100-SXM4-40GB, 0 %, 1 MiB, 40960 MiB
2026/09/22 17:34:32.532, 0, NVIDIA A100-SXM4-40GB, 0 %, 1 MiB, 40960 MiB
2026/09/22 17:34:37.532, 0, NVIDIA A100-SXM4-40GB, 0 %, 1 MiB, 40960 MiB
2026/09/22 17:34:42.533, 0, NVIDIA A100-SXM4-40GB, 0 %, 1 MiB, 40960 MiB
2026/09/22 17:34:47.533, 0, NVIDIA A100-SXM4-40GB, 0 %, 1 MiB, 40960 MiB
2026/09/22 17:34:52.534, 0, NVIDIA A100-SXM4-40GB, 0 %, 1 MiB, 40960 MiB
2026/09/22 17:34:57.536, 0, NVIDIA A100-SXM4-40GB, 0 %, 1 MiB, 40960 MiB
2026/09/22 17:35:02.536, 0, NVIDIA A100-SXM4-40GB, 0 %, 1 MiB, 40960 MiB
2026/09/22 17:35:07.537, 0, NVIDIA A100-SXM4-40GB, 0 %, 1 MiB, 40960 MiB
2026/09/22 17:35:12.537, 0, NVIDIA A100-SXM4-40GB, 0 %, 1 MiB, 40960 MiB
2026/09/22 17:35:17.538, 0, NVIDIA A100-SXM4-40GB, 0 %, 1 MiB, 40960 MiB
2026/09/22 17:35:22.539, 0, NVIDIA A100-SXM4-40GB, 0 %, 1 MiB, 40960 MiB
2026/09/22 17:35:27.541, 0, NVIDIA A100-SXM4-40GB, 0 %, 1 MiB, 40960 MiB
2026/09/22 17:35:32.541, 0, NVIDIA A100-SXM4-40GB, 0 %, 1 MiB, 40960 MiB
2026/09/22 17:35:37.542, 0, NVIDIA A100-SXM4-40GB, 0 %, 1 MiB, 40960 MiB
2026/09/22 17:35:42.542, 0, NVIDIA A100-SXM4-40GB, 0 %, 1 MiB, 40960 MiB
2026/09/22 17:35:47.544, 0, NVIDIA A100-SXM4-40GB, 0 %, 1 MiB, 40960 MiB
2026/09/22 17:35:52.545, 0, NVIDIA A100-SXM4-40GB, 0 %, 1 MiB, 40960 MiB
2026/09/22 17:35:57.546, 0, NVIDIA A100-SXM4-40GB, 0 %, 1 MiB, 40960 MiB
2026/09/22 17:36:02.547, 0, NVIDIA A100-SXM4-40GB, 0 %, 1 MiB, 40960 MiB
2026/09/22 17:36:07.548, 0, NVIDIA A100-SXM4-40GB, 0 %, 1 MiB, 40960 MiB
2026/09/22 17:36:12.549, 0, NVIDIA A100-SXM4-40GB, 0 %, 1 MiB, 40960 MiB
2026/09/22 17:36:17.549, 0, NVIDIA A100-SXM4-40GB, 0 %, 1 MiB, 40960 MiB
2026/09/22 17:36:22.550, 0, NVIDIA A100-SXM4-40GB, 0 %, 1 MiB, 40960 MiB
2026/09/22 17:36:27.551, 0, NVIDIA A100-SXM4-40GB, 0 %, 1 MiB, 40960 MiB
2026/09/22 17:36:32.552, 0, NVIDIA A100-SXM4-40GB, 0 %, 1 MiB, 40960 MiB
2026/09/22 17:36:37.552, 0, NVIDIA A100-SXM4-40GB, 0 %, 1 MiB, 40960 MiB
2026/09/22 17:36:42.554, 0, NVIDIA A100-SXM4-40GB, 0 %, 1 MiB, 40960 MiB
2026/09/22 17:36:47.554, 0, NVIDIA A100-SXM4-40GB, 0 %, 499 MiB, 40960 MiB
2026/09/22 17:36:52.555, 0, NVIDIA A100-SXM4-40GB, 0 %, 611 MiB, 40960 MiB
2026/09/22 17:36:57.556, 0, NVIDIA A100-SXM4-40GB, 0 %, 615 MiB, 40960 MiB
2026/09/22 17:37:02.556, 0, NVIDIA A100-SXM4-40GB, 0 %, 615 MiB, 40960 MiB
2026/09/22 17:37:07.557, 0, NVIDIA A100-SXM4-40GB, 39 %, 615 MiB, 40960 MiB
{"phase": "train_cem_collection", "contexts_completed": 32, "contexts_total": 512}
{"phase": "train_cem_collection", "contexts_completed": 64, "contexts_total": 512}
2026/09/22 17:37:12.557, 0, NVIDIA A100-SXM4-40GB, 39 %, 615 MiB, 40960 MiB
{"phase": "train_cem_collection", "contexts_completed": 96, "contexts_total": 512}
2026/09/22 17:37:17.558, 0, NVIDIA A100-SXM4-40GB, 37 %, 615 MiB, 40960 MiB
{"phase": "train_cem_collection", "contexts_completed": 128, "contexts_total": 512}
2026/09/22 17:37:22.558, 0, NVIDIA A100-SXM4-40GB, 29 %, 615 MiB, 40960 MiB
{"phase": "train_cem_collection", "contexts_completed": 160, "contexts_total": 512}
2026/09/22 17:37:27.560, 0, NVIDIA A100-SXM4-40GB, 39 %, 615 MiB, 40960 MiB
{"phase": "train_cem_collection", "contexts_completed": 192, "contexts_total": 512}
2026/09/22 17:37:32.560, 0, NVIDIA A100-SXM4-40GB, 35 %, 615 MiB, 40960 MiB
{"phase": "train_cem_collection", "contexts_completed": 224, "contexts_total": 512}
2026/09/22 17:37:37.562, 0, NVIDIA A100-SXM4-40GB, 38 %, 615 MiB, 40960 MiB
{"phase": "train_cem_collection", "contexts_completed": 256, "contexts_total": 512}
2026/09/22 17:37:42.563, 0, NVIDIA A100-SXM4-40GB, 38 %, 615 MiB, 40960 MiB
{"phase": "train_cem_collection", "contexts_completed": 288, "contexts_total": 512}
{"phase": "train_cem_collection", "contexts_completed": 320, "contexts_total": 512}
2026/09/22 17:37:47.564, 0, NVIDIA A100-SXM4-40GB, 39 %, 615 MiB, 40960 MiB
{"phase": "train_cem_collection", "contexts_completed": 352, "contexts_total": 512}
2026/09/22 17:37:52.565, 0, NVIDIA A100-SXM4-40GB, 28 %, 615 MiB, 40960 MiB
{"phase": "train_cem_collection", "contexts_completed": 384, "contexts_total": 512}
2026/09/22 17:37:57.565, 0, NVIDIA A100-SXM4-40GB, 37 %, 615 MiB, 40960 MiB
{"phase": "train_cem_collection", "contexts_completed": 416, "contexts_total": 512}
2026/09/22 17:38:02.566, 0, NVIDIA A100-SXM4-40GB, 39 %, 615 MiB, 40960 MiB
{"phase": "train_cem_collection", "contexts_completed": 448, "contexts_total": 512}
2026/09/22 17:38:07.567, 0, NVIDIA A100-SXM4-40GB, 39 %, 615 MiB, 40960 MiB
{"phase": "train_cem_collection", "contexts_completed": 480, "contexts_total": 512}
2026/09/22 17:38:12.568, 0, NVIDIA A100-SXM4-40GB, 38 %, 615 MiB, 40960 MiB
{"phase": "train_cem_collection", "contexts_completed": 512, "contexts_total": 512}
2026/09/22 17:38:17.568, 0, NVIDIA A100-SXM4-40GB, 0 %, 667 MiB, 40960 MiB
2026/09/22 17:38:22.569, 0, NVIDIA A100-SXM4-40GB, 1 %, 675 MiB, 40960 MiB
2026/09/22 17:38:27.569, 0, NVIDIA A100-SXM4-40GB, 40 %, 687 MiB, 40960 MiB
2026/09/22 17:38:32.570, 0, NVIDIA A100-SXM4-40GB, 40 %, 687 MiB, 40960 MiB
2026/09/22 17:38:37.570, 0, NVIDIA A100-SXM4-40GB, 40 %, 693 MiB, 40960 MiB
2026/09/22 17:38:42.571, 0, NVIDIA A100-SXM4-40GB, 40 %, 693 MiB, 40960 MiB
2026/09/22 17:38:47.571, 0, NVIDIA A100-SXM4-40GB, 0 %, 693 MiB, 40960 MiB
2026/09/22 17:38:52.572, 0, NVIDIA A100-SXM4-40GB, 0 %, 693 MiB, 40960 MiB
{"phase": "fresh_cem_collection", "blocks_completed": 8, "blocks_total": 48}
2026/09/22 17:38:57.574, 0, NVIDIA A100-SXM4-40GB, 57 %, 693 MiB, 40960 MiB
{"phase": "fresh_cem_collection", "blocks_completed": 16, "blocks_total": 48}
{"phase": "fresh_cem_collection", "blocks_completed": 24, "blocks_total": 48}
{"phase": "fresh_cem_collection", "blocks_completed": 32, "blocks_total": 48}
{"phase": "fresh_cem_collection", "blocks_completed": 40, "blocks_total": 48}
{"phase": "fresh_cem_collection", "blocks_completed": 48, "blocks_total": 48}
2026/09/22 17:39:02.574, 0, NVIDIA A100-SXM4-40GB, 56 %, 693 MiB, 40960 MiB
{"status": "COMPLETE", "gates": {"status": "FAIL", "conditions": {"primary_median_delta_le_threshold": false, "primary_strictly_improved_episodes_min": false, "each_round_episode_median_delta_le_zero": false, "forgetting_median_delta_le_threshold": true, "forgetting_no_episode_above_threshold": false, "finite": true}, "primary_episode_deltas": {"835": 0.5164499878883362, "1058": 0.4210590124130249, "2682": -0.20610830187797546, "2773": -0.7225101888179779, "10658": -0.13112479448318481, "11169": 0.06850177049636841, "12612": -0.3238919526338577, "17214": 0.32108330726623535}, "primary_median_delta": -0.0313115119934082, "strictly_improved_episodes": 4, "per_round_episode_deltas": {"10": {"835": 0.138533353805542, "1058": 0.3426876664161682, "2682": -0.4945220947265625, "2773": -0.6995429396629333, "10658": -0.27738797664642334, "11169": -0.3872193396091461, "12612": -0.8592865839600563, "17214": 0.2624874711036682}, "20": {"835": 0.6408133804798126, "1058": 0.6381538510322571, "2682": -0.20697635412216187, "2773": -0.45358338952064514, "10658": 0.34153974056243896, "11169": 0.16507011651992798, "12612": -0.29855845868587494, "17214": 0.25989824533462524}, "30": {"835": 0.6190790608525276, "1058": 0.2871483564376831, "2682": 0.04039585590362549, "2773": -0.675360232591629, "10658": 0.47555238008499146, "11169": 0.12137430906295776, "12612": -0.24639742076396942, "17214": 0.6730160117149353}}, "per_round_median_delta": {"10": -0.33230365812778473, "20": 0.2124841809272766, "30": 0.20426133275032043}, "forgetting_episode_deltas": {"835": 0.011118903756141663, "1058": -0.036858247593045235, "2682": -0.9519557952880859, "2773": -0.10069897770881653, "10658": -0.22837987542152405, "11169": -0.17116579413414001, "12612": 0.35170682705938816, "17214": 0.20600451529026031}, "forgetting_median_delta": -0.06877861265093088, "forgetting_max_episode_delta": 0.35170682705938816, "paired_unit": "episode; primary median over 18 nested CEM blocks per episode"}, "output": "/scratch/users/ntu/yguo017/dino-wm-wall/meeting-ready/02-horizon-weighted-recurrent-student/lewm-transfer/cem-distribution-distill/artifacts/25239551.pbs101/cem_distribution_distill_summary.json"}
2026/09/22 17:39:07.575, 0, NVIDIA A100-SXM4-40GB, 0 %, 693 MiB, 40960 MiB
2026/09/22 17:39:12.577, 0, NVIDIA A100-SXM4-40GB, 0 %, 693 MiB, 40960 MiB
2026/09/22 17:39:17.578, 0, NVIDIA A100-SXM4-40GB, 0 %, 693 MiB, 40960 MiB
2026/09/22 17:39:22.579, 0, NVIDIA A100-SXM4-40GB, 0 %, 693 MiB, 40960 MiB
