NVIDIA A100-SXM4-40GB, 40960 MiB
timestamp, index, name, utilization.gpu [%], memory.used [MiB], memory.total [MiB]
2026/09/20 20:34:29.475, 0, NVIDIA A100-SXM4-40GB, 0 %, 1 MiB, 40960 MiB
Gym has been unmaintained since 2022 and does not support NumPy 2.0 amongst other critical functionality.
Please upgrade to Gymnasium, the maintained drop-in replacement of Gym, or contact the authors of your software and request that they upgrade.
See the migration guide at https://gymnasium.farama.org/introduction/migration_guide/ for additional information.
/var/tmp/pbs.24544733.pbs101/dino-pusht-student-closed-loop-24544733.pbs101/runtime/venv/lib/python3.11/site-packages/wandb/util.py:118: SentryHubDeprecationWarning: `sentry_sdk.Hub` is deprecated and will be removed in a future major release. Please consult our 1.x to 2.x migration guide for details on how to migrate `Hub` usage to the new API: https://docs.sentry.io/platforms/python/migration/1.x-to-2.x
  sentry_hub = sentry_sdk.Hub(sentry_client)
/var/tmp/pbs.24544733.pbs101/dino-pusht-student-closed-loop-24544733.pbs101/runtime/venv/lib/python3.11/site-packages/wandb/sdk/internal/internal_api.py:30: DeprecationWarning: pkg_resources is deprecated as an API. See https://setuptools.pypa.io/en/latest/pkg_resources.html
  from pkg_resources import parse_version
/var/tmp/pbs.24544733.pbs101/dino-pusht-student-closed-loop-24544733.pbs101/runtime/venv/lib/python3.11/site-packages/pkg_resources/__init__.py:2825: DeprecationWarning: Deprecated call to `pkg_resources.declare_namespace('mpl_toolkits')`.
Implementing implicit namespace packages (as specified in PEP 420) is preferred to `pkg_resources.declare_namespace`. See https://setuptools.pypa.io/en/latest/references/keywords.html#keyword-namespace-packages
  declare_namespace(pkg)
/var/tmp/pbs.24544733.pbs101/dino-pusht-student-closed-loop-24544733.pbs101/runtime/venv/lib/python3.11/site-packages/pkg_resources/__init__.py:2825: DeprecationWarning: Deprecated call to `pkg_resources.declare_namespace('google')`.
Implementing implicit namespace packages (as specified in PEP 420) is preferred to `pkg_resources.declare_namespace`. See https://setuptools.pypa.io/en/latest/references/keywords.html#keyword-namespace-packages
  declare_namespace(pkg)
/scratch/users/ntu/yguo017/dino-wm-wall/source/custom_resolvers.py:4: UserWarning: 
The version_base parameter is not specified.
Please specify a compatability version level, or None.
Will assume defaults for version 1.1
  @hydra.main(config_path=None)
Loaded 18685 rollouts
Loaded 21 rollouts
Resuming from epoch 2: /scratch/users/ntu/yguo017/dino-wm-wall/checkpoints/outputs/pusht/checkpoints/model_latest.pth
Using cache found in /var/tmp/pbs.24544733.pbs101/dino-pusht-student-closed-loop-24544733.pbs101/runtime/torch/hub/facebookresearch_dinov2_7764ea0f912e53c92e82eb78a2a1631e92725fc8
num_action_repeat: 1
num_proprio_repeat: 1
proprio encoder: ProprioceptiveEmbedding(
  (patch_embed): Conv1d(4, 10, kernel_size=(1,), stride=(1,))
)
action encoder: ProprioceptiveEmbedding(
  (patch_embed): Conv1d(10, 10, kernel_size=(1,), stride=(1,))
)
proprio_dim: 10, after repeat: 10
action_dim: 10, after repeat: 10
emb_dim: 404
Model emb_dim:  404
eval_seed:  [1, 100, 199, 298, 397, 496, 595, 694]
Dumped plan targets to /scratch/users/ntu/yguo017/dino-wm-wall/artifacts/dino-pusht-student-closed-loop-24544733.pbs101/plan_targets.pkl
2026/09/20 20:34:59.479, 0, NVIDIA A100-SXM4-40GB, 100 %, 24831 MiB, 40960 MiB
Success rate:  0.0
{'success': array([False, False, False, False, False, False, False, False]), 'state_dist': array([ 70.862785, 100.402794, 331.40503 , 133.94922 , 184.34407 ,
       165.04501 , 155.50175 , 121.684975], dtype=float32)}
2026/09/20 20:35:29.481, 0, NVIDIA A100-SXM4-40GB, 100 %, 24831 MiB, 40960 MiB
Success rate:  0.0
{'success': array([False, False, False, False, False, False, False, False]), 'state_dist': array([ 73.13012 ,  55.226578, 277.99344 ,  75.620735, 135.91019 ,
       102.79431 , 104.84345 ,  70.993256], dtype=float32)}
2026/09/20 20:35:59.483, 0, NVIDIA A100-SXM4-40GB, 100 %, 24831 MiB, 40960 MiB
Success rate:  0.25
{'success': array([False,  True, False,  True, False, False, False, False]), 'state_dist': array([ 67.28077 ,  27.233213, 221.16295 ,  46.006607, 111.01165 ,
        69.624306,  66.00655 ,  47.375553], dtype=float32)}
2026/09/20 20:36:29.486, 0, NVIDIA A100-SXM4-40GB, 100 %, 24831 MiB, 40960 MiB
Success rate:  0.75
{'success': array([False,  True,  True,  True,  True,  True,  True, False]), 'state_dist': array([ 72.757324,  29.803696, 174.87283 ,  27.651764,  89.696526,
        67.708046,  57.75868 ,  32.147404], dtype=float32)}
2026/09/20 20:36:59.489, 0, NVIDIA A100-SXM4-40GB, 100 %, 24831 MiB, 40960 MiB
Success rate:  0.75
{'success': array([False,  True,  True,  True,  True,  True,  True, False]), 'state_dist': array([ 69.97766 ,  34.14359 , 147.53696 ,  32.07137 ,  58.514095,
        66.28527 ,  44.815468,  34.405163], dtype=float32)}
2026/09/20 20:37:29.492, 0, NVIDIA A100-SXM4-40GB, 100 %, 24831 MiB, 40960 MiB
Success rate:  0.75
{'success': array([False,  True,  True,  True,  True,  True,  True, False]), 'state_dist': array([ 63.754696,  32.300426, 121.68532 ,  33.372116,  57.668385,
        57.642925,  54.851948,  43.724586], dtype=float32)}
2026/09/20 20:37:59.495, 0, NVIDIA A100-SXM4-40GB, 100 %, 24831 MiB, 40960 MiB
Success rate:  0.75
{'success': array([False,  True,  True,  True,  True,  True,  True, False]), 'state_dist': array([ 54.144596,  31.357506, 106.329834,  35.023537,  52.901184,
        48.1238  ,  52.46091 ,  45.57369 ], dtype=float32)}
2026/09/20 20:38:29.498, 0, NVIDIA A100-SXM4-40GB, 100 %, 24831 MiB, 40960 MiB
Success rate:  0.75
{'success': array([False,  True,  True,  True,  True,  True,  True, False]), 'state_dist': array([ 39.96127 ,  29.652176, 103.90597 ,  39.69819 ,  45.45812 ,
        41.539806,  50.708447,  45.307907], dtype=float32)}
2026/09/20 20:38:59.501, 0, NVIDIA A100-SXM4-40GB, 100 %, 24831 MiB, 40960 MiB
Success rate:  1.0
{'success': array([ True,  True,  True,  True,  True,  True,  True,  True]), 'state_dist': array([36.80893 , 26.02928 , 94.87172 , 25.388418, 44.436985, 38.91613 ,
       40.14618 , 41.684532], dtype=float32)}
MPC iter 0 Eval ------- 
Success rate:  1.0
{'success': array([ True,  True,  True,  True,  True,  True,  True,  True]), 'state_dist': array([36.80893 , 26.02928 , 94.87172 , 25.388418, 44.436985, 38.91613 ,
       40.14618 , 41.684532], dtype=float32)}
self.is_success:  [ True  True  True  True  True  True  True  True]
Success rate:  1.0
{'success': array([ True,  True,  True,  True,  True,  True,  True,  True]), 'state_dist': array([36.80893 , 26.02928 , 94.87172 , 25.388418, 44.436985, 38.91613 ,
       40.14618 , 41.684532], dtype=float32)}
Success rate:  0.0
{'success': array([False, False, False, False, False, False, False, False]), 'state_dist': array([ 56.143524,  99.79231 , 322.88123 , 129.66985 , 184.16704 ,
       155.61205 , 156.41867 , 106.93999 ], dtype=float32)}
Success rate:  0.0
{'success': array([False, False, False, False, False, False, False, False]), 'state_dist': array([ 60.17985 ,  39.036514, 263.9781  ,  58.436077, 126.35666 ,
        81.91778 , 102.83917 ,  50.82978 ], dtype=float32)}
Success rate:  0.125
{'success': array([False, False, False,  True, False, False, False, False]), 'state_dist': array([ 62.43804 ,  31.91686 , 183.2086  ,  24.325638,  75.6769  ,
        44.3332  ,  55.841976,  38.857487], dtype=float32)}
Success rate:  0.125
{'success': array([False, False, False,  True, False, False, False, False]), 'state_dist': array([ 58.02681 ,  23.791481, 138.1923  ,  15.228529,  50.170803,
        40.940422,  32.11995 ,  41.95467 ], dtype=float32)}
Success rate:  0.25
{'success': array([False, False, False,  True, False, False,  True, False]), 'state_dist': array([ 58.968956,  22.948153, 115.12313 ,  18.041   ,  34.25606 ,
        37.620342,  24.275707,  44.014015], dtype=float32)}
Success rate:  0.25
{'success': array([False, False, False,  True, False, False,  True, False]), 'state_dist': array([59.691723, 25.477173, 97.21479 , 20.124617, 33.61677 , 43.74275 ,
       23.9113  , 41.160835], dtype=float32)}
Success rate:  0.25
{'success': array([False, False, False,  True, False, False,  True, False]), 'state_dist': array([60.261948, 29.058178, 87.37927 , 19.9499  , 28.675018, 38.723347,
       22.116148, 40.990738], dtype=float32)}
Success rate:  0.375
{'success': array([False, False, False,  True,  True, False,  True, False]), 'state_dist': array([59.011566, 28.38906 , 89.43665 , 21.251177, 20.515478, 38.76359 ,
       23.084892, 42.815292], dtype=float32)}
Success rate:  0.375
{'success': array([False, False, False,  True,  True, False,  True, False]), 'state_dist': array([60.027664, 26.775574, 80.638405, 18.659086, 24.472475, 37.631634,
       19.435913, 44.265705], dtype=float32)}
2026/09/20 20:39:29.504, 0, NVIDIA A100-SXM4-40GB, 0 %, 24831 MiB, 40960 MiB
Success rate:  0.25
{'success': array([False, False, False,  True, False, False,  True, False]), 'state_dist': array([59.615536, 25.215017, 84.415955, 17.284403, 25.828215, 36.587208,
       19.748499, 42.89874 ], dtype=float32)}
Success rate:  0.25
{'success': array([False, False, False,  True, False, False,  True, False]), 'state_dist': array([59.14436 , 26.229149, 86.05695 , 18.61396 , 26.658566, 37.44412 ,
       18.446587, 43.72873 ], dtype=float32)}
Success rate:  0.25
{'success': array([False, False, False,  True, False, False,  True, False]), 'state_dist': array([58.007763, 23.18317 , 78.98556 , 17.324347, 28.590048, 43.057194,
       15.002765, 43.564808], dtype=float32)}
Success rate:  0.25
{'success': array([False, False, False,  True, False, False,  True, False]), 'state_dist': array([58.331726, 25.152636, 74.534225, 16.756659, 27.594814, 40.68036 ,
       16.796045, 44.40512 ], dtype=float32)}
Success rate:  0.25
{'success': array([False, False, False,  True, False, False,  True, False]), 'state_dist': array([56.4559  , 25.878174, 70.24749 , 17.16598 , 28.083012, 44.17981 ,
       17.56138 , 43.774372], dtype=float32)}
Success rate:  0.25
{'success': array([False, False, False,  True, False, False,  True, False]), 'state_dist': array([57.641254, 23.009003, 70.82822 , 17.086384, 27.74401 , 43.117817,
       16.051064, 44.370476], dtype=float32)}
Success rate:  0.25
{'success': array([False, False, False,  True, False, False,  True, False]), 'state_dist': array([58.5041  , 23.958937, 70.018326, 17.285027, 27.736496, 42.950665,
       18.494219, 44.14127 ], dtype=float32)}
Success rate:  0.25
{'success': array([False, False, False,  True, False, False,  True, False]), 'state_dist': array([58.693745, 25.601387, 68.102806, 18.01273 , 27.998062, 44.04715 ,
       19.86305 , 42.543148], dtype=float32)}
Success rate:  0.25
{'success': array([False, False, False,  True, False, False,  True, False]), 'state_dist': array([58.971085, 27.168638, 73.73747 , 19.015726, 26.33352 , 44.782787,
       17.734484, 44.698593], dtype=float32)}
Success rate:  0.25
{'success': array([False, False, False,  True, False, False,  True, False]), 'state_dist': array([58.993843, 28.276558, 71.88302 , 20.298548, 26.324577, 43.27698 ,
       19.647823, 44.81099 ], dtype=float32)}
Success rate:  0.25
{'success': array([False, False, False,  True, False, False,  True, False]), 'state_dist': array([60.22661 , 29.720257, 70.435776, 20.717175, 30.046253, 41.3974  ,
       19.213526, 44.14893 ], dtype=float32)}
Success rate:  0.25
{'success': array([False, False, False,  True, False, False,  True, False]), 'state_dist': array([60.329227, 29.116137, 69.53015 , 19.776508, 29.805119, 40.570026,
       18.460848, 45.874325], dtype=float32)}
Success rate:  0.25
{'success': array([False, False, False,  True, False, False,  True, False]), 'state_dist': array([60.109947, 30.502394, 71.75743 , 19.667727, 30.246157, 42.177536,
       18.362211, 46.614445], dtype=float32)}
Success rate:  0.25
{'success': array([False, False, False,  True, False, False,  True, False]), 'state_dist': array([59.952595, 38.238598, 72.77066 , 18.92692 , 29.202969, 44.317417,
       18.88773 , 45.20946 ], dtype=float32)}
2026/09/20 20:39:59.506, 0, NVIDIA A100-SXM4-40GB, 100 %, 24831 MiB, 40960 MiB
Success rate:  0.25
{'success': array([False, False, False,  True, False, False,  True, False]), 'state_dist': array([60.087357, 35.38694 , 70.454185, 17.450829, 30.110786, 43.857773,
       19.4082  , 45.466206], dtype=float32)}
Success rate:  0.25
{'success': array([False, False, False,  True, False, False,  True, False]), 'state_dist': array([60.57079 , 27.684067, 71.69185 , 17.71849 , 30.216444, 44.53577 ,
       20.086233, 45.957638], dtype=float32)}
Success rate:  0.25
{'success': array([False, False, False,  True, False, False,  True, False]), 'state_dist': array([59.786526, 28.514229, 71.642555, 18.660358, 30.965097, 44.15025 ,
       21.35734 , 45.886833], dtype=float32)}
Success rate:  0.25
{'success': array([False, False, False,  True, False, False,  True, False]), 'state_dist': array([60.428215, 27.345064, 73.1605  , 18.246078, 30.960495, 45.383335,
       20.319426, 45.947792], dtype=float32)}
Success rate:  0.25
{'success': array([False, False, False,  True, False, False,  True, False]), 'state_dist': array([59.452114, 31.573013, 76.42784 , 18.409494, 31.231867, 44.565414,
       22.025354, 46.135113], dtype=float32)}
Success rate:  0.25
{'success': array([False, False, False,  True, False, False,  True, False]), 'state_dist': array([59.611313, 37.382397, 80.63381 , 18.523752, 31.50507 , 44.5785  ,
       21.944113, 45.311287], dtype=float32)}
Success rate:  0.25
{'success': array([False, False, False,  True, False, False,  True, False]), 'state_dist': array([59.397232, 31.03783 , 86.06491 , 18.226496, 31.685019, 46.164078,
       22.121134, 46.13269 ], dtype=float32)}
MPC iter 0 Eval ------- 
Success rate:  0.25
{'success': array([False, False, False,  True, False, False,  True, False]), 'state_dist': array([59.397232, 31.03783 , 86.06491 , 18.226496, 31.685019, 46.164078,
       22.121134, 46.13269 ], dtype=float32)}
self.is_success:  [False False False  True False False  True False]
Success rate:  0.25
{'success': array([False, False, False,  True, False, False,  True, False]), 'state_dist': array([ 66.445114,  33.67451 , 251.79256 ,  26.671696, 122.11348 ,
        75.561775,  13.760357,  58.570415], dtype=float32)}
Success rate:  0.25
{'success': array([False, False, False,  True, False, False,  True, False]), 'state_dist': array([ 66.510254,  26.590557, 215.09737 ,  20.75147 ,  75.94726 ,
        50.764103,  19.134167,  39.786358], dtype=float32)}
Success rate:  0.25
{'success': array([False, False, False,  True, False, False,  True, False]), 'state_dist': array([ 68.15906 ,  27.346588, 199.37523 ,  17.986166,  64.568184,
        46.44709 ,  17.51055 ,  42.73466 ], dtype=float32)}
Success rate:  0.25
{'success': array([False, False, False,  True, False, False,  True, False]), 'state_dist': array([ 66.41243 ,  29.785082, 189.65208 ,  22.567251,  49.59594 ,
        45.184723,  19.411522,  40.095158], dtype=float32)}
Success rate:  0.25
{'success': array([False, False, False,  True, False, False,  True, False]), 'state_dist': array([ 68.039345,  29.819788, 178.8891  ,  17.556301,  50.428764,
        44.674232,  20.196453,  39.077435], dtype=float32)}
Success rate:  0.25
{'success': array([False, False, False,  True, False, False,  True, False]), 'state_dist': array([ 68.86753 ,  28.982124, 173.87642 ,  16.084728,  47.44205 ,
        45.066734,  19.61038 ,  39.281994], dtype=float32)}
Success rate:  0.25
{'success': array([False, False, False,  True, False, False,  True, False]), 'state_dist': array([ 67.3442  ,  28.34378 , 169.6052  ,  17.900627,  43.492687,
        45.055756,  18.02621 ,  39.94417 ], dtype=float32)}
2026/09/20 20:40:29.510, 0, NVIDIA A100-SXM4-40GB, 100 %, 24831 MiB, 40960 MiB
Success rate:  0.25
{'success': array([False, False, False,  True, False, False,  True, False]), 'state_dist': array([ 67.88626 ,  29.007116, 167.79535 ,  21.36954 ,  45.746117,
        45.230377,  16.516403,  41.078205], dtype=float32)}
Success rate:  0.25
{'success': array([False, False, False,  True, False, False,  True, False]), 'state_dist': array([ 67.09942 ,  29.42344 , 166.03629 ,  20.47876 ,  45.72453 ,
        45.095078,  15.98947 ,  39.698803], dtype=float32)}
Success rate:  0.25
{'success': array([False, False, False,  True, False, False,  True, False]), 'state_dist': array([ 66.49485 ,  30.48019 , 164.24861 ,  20.230618,  44.64652 ,
        45.45187 ,  19.31937 ,  41.91469 ], dtype=float32)}
Success rate:  0.25
{'success': array([False, False, False,  True, False, False,  True, False]), 'state_dist': array([ 68.70273 ,  28.689186, 162.3877  ,  19.805994,  43.9405  ,
        44.921524,  16.351353,  42.073227], dtype=float32)}
Success rate:  0.25
{'success': array([False, False, False,  True, False, False,  True, False]), 'state_dist': array([ 68.94182 ,  26.630098, 160.87233 ,  17.93606 ,  42.49365 ,
        45.74868 ,  15.280375,  41.686604], dtype=float32)}
Success rate:  0.25
{'success': array([False, False, False,  True, False, False,  True, False]), 'state_dist': array([ 69.42065 ,  28.504099, 159.46207 ,  18.228256,  40.386456,
        44.68318 ,  15.378125,  42.482647], dtype=float32)}
Success rate:  0.25
{'success': array([False, False, False,  True, False, False,  True, False]), 'state_dist': array([ 69.34018 ,  28.602777, 158.97237 ,  18.379562,  39.663822,
        44.77019 ,  14.807029,  43.951523], dtype=float32)}
Success rate:  0.25
{'success': array([False, False, False,  True, False, False,  True, False]), 'state_dist': array([ 69.11198 ,  28.255491, 158.83525 ,  17.534973,  39.176224,
        44.799343,  15.505849,  43.373615], dtype=float32)}
Success rate:  0.25
{'success': array([False, False, False,  True, False, False,  True, False]), 'state_dist': array([ 68.96341 ,  29.260471, 158.62982 ,  17.988209,  38.460384,
        44.584263,  15.891774,  41.356407], dtype=float32)}
Success rate:  0.25
{'success': array([False, False, False,  True, False, False,  True, False]), 'state_dist': array([ 69.1594  ,  28.79117 , 157.9903  ,  18.26533 ,  38.72528 ,
        44.492912,  16.271572,  42.574047], dtype=float32)}
Success rate:  0.25
{'success': array([False, False, False,  True, False, False,  True, False]), 'state_dist': array([ 68.32558 ,  28.16261 , 157.40659 ,  18.865145,  38.887215,
        44.636692,  15.207738,  43.04275 ], dtype=float32)}
Success rate:  0.25
{'success': array([False, False, False,  True, False, False,  True, False]), 'state_dist': array([ 70.17117 ,  29.249178, 157.12883 ,  19.349125,  38.99787 ,
        45.10991 ,  15.237726,  41.3426  ], dtype=float32)}
Success rate:  0.25
{'success': array([False, False, False,  True, False, False,  True, False]), 'state_dist': array([ 69.130264,  28.75945 , 157.0686  ,  20.520412,  38.428818,
        45.071247,  15.307836,  41.990944], dtype=float32)}
Success rate:  0.25
{'success': array([False, False, False,  True, False, False,  True, False]), 'state_dist': array([ 69.02053 ,  30.072292, 156.22742 ,  19.5355  ,  38.865566,
        44.880386,  16.182072,  42.486416], dtype=float32)}
Success rate:  0.25
{'success': array([False, False, False,  True, False, False,  True, False]), 'state_dist': array([ 69.31899 ,  30.673754, 155.81023 ,  20.610426,  39.4063  ,
        44.686855,  16.120283,  42.02492 ], dtype=float32)}
2026/09/20 20:40:59.512, 0, NVIDIA A100-SXM4-40GB, 39 %, 24831 MiB, 40960 MiB
Success rate:  0.25
{'success': array([False, False, False,  True, False, False,  True, False]), 'state_dist': array([ 68.66697 ,  31.674025, 155.67276 ,  20.427301,  38.738987,
        44.707546,  16.16551 ,  42.519695], dtype=float32)}
Success rate:  0.25
{'success': array([False, False, False,  True, False, False,  True, False]), 'state_dist': array([ 68.85361 ,  32.478878, 155.23177 ,  19.965998,  38.701984,
        44.76123 ,  15.14517 ,  41.667377], dtype=float32)}
Success rate:  0.25
{'success': array([False, False, False,  True, False, False,  True, False]), 'state_dist': array([ 68.99153 ,  32.90945 , 154.76854 ,  19.3432  ,  38.27129 ,
        44.76526 ,  16.363623,  42.623116], dtype=float32)}
Success rate:  0.25
{'success': array([False, False, False,  True, False, False,  True, False]), 'state_dist': array([ 68.995964,  33.121284, 154.43114 ,  19.721706,  37.64441 ,
        44.80628 ,  16.774406,  42.400177], dtype=float32)}
Success rate:  0.25
{'success': array([False, False, False,  True, False, False,  True, False]), 'state_dist': array([ 68.47859 ,  31.844896, 154.43993 ,  20.118267,  37.628983,
        44.8798  ,  15.739377,  42.124634], dtype=float32)}
Success rate:  0.25
{'success': array([False, False, False,  True, False, False,  True, False]), 'state_dist': array([ 68.673546,  31.836948, 154.22745 ,  20.18645 ,  37.45441 ,
        44.85896 ,  15.870324,  41.638298], dtype=float32)}
Success rate:  0.25
{'success': array([False, False, False,  True, False, False,  True, False]), 'state_dist': array([ 68.85797 ,  31.78259 , 154.03824 ,  20.559313,  37.584423,
        44.934586,  16.464558,  41.963993], dtype=float32)}
Success rate:  0.25
{'success': array([False, False, False,  True, False, False,  True, False]), 'state_dist': array([ 68.19269 ,  31.66959 , 153.65059 ,  20.3177  ,  37.2874  ,
        44.774017,  17.19995 ,  42.069756], dtype=float32)}
MPC iter 1 Eval ------- 
Success rate:  0.25
{'success': array([False, False, False,  True, False, False,  True, False]), 'state_dist': array([ 68.15762 ,  31.476784, 153.22966 ,  18.226496,  37.312325,
        44.67568 ,  22.121134,  41.574623], dtype=float32)}
self.is_success:  [False False False  True False False  True False]
Success rate:  0.25
{'success': array([False, False, False,  True, False, False,  True, False]), 'state_dist': array([ 72.54299 ,  38.404736, 256.7191  ,  30.941608, 102.47406 ,
        63.225395,  29.809387,  54.343735], dtype=float32)}
Success rate:  0.25
{'success': array([False, False, False,  True, False, False,  True, False]), 'state_dist': array([ 72.01049 ,  33.038357, 210.65332 ,  25.06044 ,  75.737404,
        49.415527,  28.952826,  38.816433], dtype=float32)}
Success rate:  0.25
{'success': array([False, False, False,  True, False, False,  True, False]), 'state_dist': array([ 70.77801 ,  32.67198 , 185.64577 ,  23.062458,  63.0459  ,
        49.365936,  25.407984,  41.150757], dtype=float32)}
Success rate:  0.25
{'success': array([False, False, False,  True, False, False,  True, False]), 'state_dist': array([ 70.3605  ,  32.434032, 176.20503 ,  23.79362 ,  54.632793,
        48.233337,  24.358067,  42.043034], dtype=float32)}
Success rate:  0.25
{'success': array([False, False, False,  True, False, False,  True, False]), 'state_dist': array([ 69.539   ,  33.26282 , 161.96655 ,  23.20586 ,  51.522446,
        47.521076,  23.878275,  41.769478], dtype=float32)}
Success rate:  0.25
{'success': array([False, False, False,  True, False, False,  True, False]), 'state_dist': array([ 69.59479 ,  32.261845, 157.19739 ,  24.39117 ,  45.452312,
        47.29337 ,  25.693747,  41.11963 ], dtype=float32)}
2026/09/20 20:41:29.515, 0, NVIDIA A100-SXM4-40GB, 0 %, 24831 MiB, 40960 MiB
Success rate:  0.25
{'success': array([False, False, False,  True, False, False,  True, False]), 'state_dist': array([ 68.992805,  33.61068 , 149.82234 ,  24.963915,  39.075394,
        47.360985,  22.521332,  41.774216], dtype=float32)}
Success rate:  0.25
{'success': array([False, False, False,  True, False, False,  True, False]), 'state_dist': array([ 68.65155 ,  31.69638 , 146.35452 ,  25.186028,  40.205143,
        46.992626,  20.528376,  42.860466], dtype=float32)}
Success rate:  0.25
{'success': array([False, False, False,  True, False, False,  True, False]), 'state_dist': array([ 69.740364,  33.044468, 142.9566  ,  25.885338,  37.99065 ,
        47.351643,  21.192583,  42.166565], dtype=float32)}
Success rate:  0.25
{'success': array([False, False, False,  True, False, False,  True, False]), 'state_dist': array([ 68.918205,  32.63018 , 141.18057 ,  26.343557,  35.451378,
        47.307735,  22.144373,  41.348064], dtype=float32)}
Success rate:  0.25
{'success': array([False, False, False,  True, False, False,  True, False]), 'state_dist': array([ 68.274666,  32.462948, 138.98364 ,  26.131994,  33.74078 ,
        47.233902,  20.494925,  41.437313], dtype=float32)}
Success rate:  0.25
{'success': array([False, False, False,  True, False, False,  True, False]), 'state_dist': array([ 68.31141 ,  33.78082 , 138.08276 ,  25.540977,  33.189682,
        46.31943 ,  18.669556,  41.39409 ], dtype=float32)}
Success rate:  0.25
{'success': array([False, False, False,  True, False, False,  True, False]), 'state_dist': array([ 68.56395 ,  32.942722, 137.91704 ,  26.503813,  33.121334,
        47.017017,  17.343464,  41.01242 ], dtype=float32)}
Success rate:  0.25
{'success': array([False, False, False,  True, False, False,  True, False]), 'state_dist': array([ 68.587746,  34.272835, 137.30711 ,  26.138062,  32.891773,
        46.477592,  17.11404 ,  41.792187], dtype=float32)}
Success rate:  0.25
{'success': array([False, False, False,  True, False, False,  True, False]), 'state_dist': array([ 67.95682 ,  33.97002 , 137.1039  ,  26.264696,  31.991758,
        46.384415,  17.523087,  41.46936 ], dtype=float32)}
Success rate:  0.25
{'success': array([False, False, False,  True, False, False,  True, False]), 'state_dist': array([ 68.19759 ,  34.196682, 136.38031 ,  24.857111,  31.511742,
        46.64668 ,  17.294468,  41.75396 ], dtype=float32)}
Success rate:  0.25
{'success': array([False, False, False,  True, False, False,  True, False]), 'state_dist': array([ 68.61239 ,  33.8003  , 135.9428  ,  25.00901 ,  30.557013,
        46.47122 ,  17.131287,  41.25303 ], dtype=float32)}
Success rate:  0.25
{'success': array([False, False, False,  True, False, False,  True, False]), 'state_dist': array([ 69.51307 ,  33.558735, 134.88719 ,  27.37885 ,  31.50874 ,
        46.03461 ,  17.988586,  40.672585], dtype=float32)}
Success rate:  0.25
{'success': array([False, False, False,  True, False, False,  True, False]), 'state_dist': array([ 70.29744 ,  33.984634, 134.60297 ,  24.702902,  30.938469,
        46.661625,  18.040073,  40.030968], dtype=float32)}
Success rate:  0.25
{'success': array([False, False, False,  True, False, False,  True, False]), 'state_dist': array([ 69.37091 ,  34.87659 , 134.40587 ,  24.563766,  30.18431 ,
        47.483715,  17.703238,  40.73522 ], dtype=float32)}
2026/09/20 20:41:59.556, 0, NVIDIA A100-SXM4-40GB, 100 %, 24831 MiB, 40960 MiB
Success rate:  0.25
{'success': array([False, False, False,  True, False, False,  True, False]), 'state_dist': array([ 69.9142  ,  34.817593, 134.18655 ,  24.150375,  30.01296 ,
        47.083115,  17.933044,  40.49707 ], dtype=float32)}
Success rate:  0.25
{'success': array([False, False, False,  True, False, False,  True, False]), 'state_dist': array([ 70.006546,  34.981052, 133.27205 ,  23.542028,  30.25714 ,
        47.30792 ,  17.58633 ,  40.473354], dtype=float32)}
Success rate:  0.25
{'success': array([False, False, False,  True, False, False,  True, False]), 'state_dist': array([ 70.21091 ,  35.56049 , 132.60674 ,  23.569761,  30.15158 ,
        47.91989 ,  17.622507,  40.74709 ], dtype=float32)}
Success rate:  0.25
{'success': array([False, False, False,  True, False, False,  True, False]), 'state_dist': array([ 69.53615 ,  34.98944 , 132.35187 ,  22.30374 ,  29.906855,
        47.2699  ,  18.119894,  40.839134], dtype=float32)}
Success rate:  0.25
{'success': array([False, False, False,  True, False, False,  True, False]), 'state_dist': array([ 69.26133 ,  35.43336 , 132.05336 ,  22.577492,  29.910543,
        47.33708 ,  17.566063,  40.43223 ], dtype=float32)}
Success rate:  0.25
{'success': array([False, False, False,  True, False, False,  True, False]), 'state_dist': array([ 68.18073 ,  35.35053 , 132.16248 ,  22.725086,  29.474665,
        47.542404,  17.64017 ,  40.370556], dtype=float32)}
Success rate:  0.25
{'success': array([False, False, False,  True, False, False,  True, False]), 'state_dist': array([ 68.45481 ,  35.737423, 131.57379 ,  22.910864,  29.196135,
        47.56088 ,  17.685892,  40.26296 ], dtype=float32)}
Success rate:  0.25
{'success': array([False, False, False,  True, False, False,  True, False]), 'state_dist': array([ 68.58355 ,  35.879436, 131.38577 ,  23.023123,  29.036789,
        47.66613 ,  18.687645,  40.17893 ], dtype=float32)}
Success rate:  0.25
{'success': array([False, False, False,  True, False, False,  True, False]), 'state_dist': array([ 68.45736 ,  35.72013 , 131.11241 ,  23.453402,  28.79053 ,
        47.753777,  18.403631,  40.126102], dtype=float32)}
Success rate:  0.25
{'success': array([False, False, False,  True, False, False,  True, False]), 'state_dist': array([ 68.09462 ,  35.38508 , 130.55373 ,  23.366611,  28.798653,
        47.737835,  18.397877,  40.215134], dtype=float32)}
MPC iter 2 Eval ------- 
Success rate:  0.25
{'success': array([False, False, False,  True, False, False,  True, False]), 'state_dist': array([ 68.14674 ,  35.489254, 130.33104 ,  18.226496,  28.89418 ,
        47.635124,  22.121134,  40.583084], dtype=float32)}
self.is_success:  [False False False  True False False  True False]
Success rate:  0.25
{'success': array([False, False, False,  True, False, False,  True, False]), 'state_dist': array([ 75.4504  ,  31.791344, 222.84645 ,  14.984163, 109.93451 ,
        68.266785,  19.004017,  61.729206], dtype=float32)}
Success rate:  0.25
{'success': array([False, False, False,  True, False, False,  True, False]), 'state_dist': array([ 76.18216 ,  31.045296, 171.7429  ,  12.075523,  77.83953 ,
        46.68053 ,  16.746727,  42.19753 ], dtype=float32)}
Success rate:  0.125
{'success': array([False, False, False,  True, False, False, False, False]), 'state_dist': array([ 74.73021 ,  31.928179, 148.23149 ,  13.393798,  63.443188,
        45.021564,  22.75827 ,  39.30507 ], dtype=float32)}
Success rate:  0.125
{'success': array([False, False, False,  True, False, False, False, False]), 'state_dist': array([ 77.71355 ,  33.170235, 136.32574 ,  16.596462,  51.94171 ,
        45.282303,  23.149908,  34.217293], dtype=float32)}
2026/09/20 20:42:29.558, 0, NVIDIA A100-SXM4-40GB, 100 %, 24831 MiB, 40960 MiB
Success rate:  0.125
{'success': array([False, False, False,  True, False, False, False, False]), 'state_dist': array([ 73.958824,  32.662247, 124.42352 ,  15.304853,  45.592045,
        46.063255,  26.030106,  32.772778], dtype=float32)}
Success rate:  0.125
{'success': array([False, False, False,  True, False, False, False, False]), 'state_dist': array([ 74.69621  ,  32.373863 , 117.75306  ,  12.4669695,  42.812634 ,
        47.726532 ,  24.762033 ,  32.396885 ], dtype=float32)}
Success rate:  0.125
{'success': array([False, False, False,  True, False, False, False, False]), 'state_dist': array([ 73.90084 ,  30.90153 , 111.06361 ,  16.393705,  45.620506,
        47.86816 ,  26.905628,  29.827864], dtype=float32)}
Success rate:  0.125
{'success': array([False, False, False,  True, False, False, False, False]), 'state_dist': array([ 76.27779 ,  30.474916, 107.54356 ,  17.557167,  45.15467 ,
        47.57349 ,  28.49262 ,  31.37691 ], dtype=float32)}
Success rate:  0.125
{'success': array([False, False, False,  True, False, False, False, False]), 'state_dist': array([ 76.45623 ,  32.05128 , 105.00832 ,  15.532667,  45.311142,
        47.406574,  28.941168,  29.18198 ], dtype=float32)}
Success rate:  0.125
{'success': array([False, False, False,  True, False, False, False, False]), 'state_dist': array([ 76.054955,  33.15279 , 104.93973 ,  16.43336 ,  42.91604 ,
        47.76678 ,  30.718756,  26.650412], dtype=float32)}
Success rate:  0.125
{'success': array([False, False, False,  True, False, False, False, False]), 'state_dist': array([ 76.60457 ,  32.891815, 103.397644,  15.682584,  44.215073,
        47.99988 ,  30.796946,  27.408497], dtype=float32)}
Success rate:  0.125
{'success': array([False, False, False,  True, False, False, False, False]), 'state_dist': array([ 77.607796,  32.36032 , 102.53574 ,  14.775168,  43.834663,
        48.119743,  30.427574,  26.517859], dtype=float32)}
Success rate:  0.125
{'success': array([False, False, False,  True, False, False, False, False]), 'state_dist': array([ 76.49121 ,  31.916681, 101.710236,  15.663957,  42.62034 ,
        48.24077 ,  29.181864,  27.21732 ], dtype=float32)}
Success rate:  0.125
{'success': array([False, False, False,  True, False, False, False, False]), 'state_dist': array([ 74.83456 ,  32.008167, 100.91735 ,  15.276837,  41.69037 ,
        47.381615,  27.774935,  23.985193], dtype=float32)}
Success rate:  0.125
{'success': array([False, False, False,  True, False, False, False, False]), 'state_dist': array([ 74.39776 ,  31.53743 , 100.9345  ,  17.22785 ,  41.599155,
        47.588253,  26.354862,  24.23747 ], dtype=float32)}
Success rate:  0.125
{'success': array([False, False, False,  True, False, False, False, False]), 'state_dist': array([ 73.939095,  32.294025, 100.585205,  16.15148 ,  42.15422 ,
        47.66913 ,  27.492683,  24.582916], dtype=float32)}
Success rate:  0.125
{'success': array([False, False, False,  True, False, False, False, False]), 'state_dist': array([ 72.566154,  32.523895, 100.495125,  15.135923,  42.210754,
        47.353   ,  27.272562,  25.296288], dtype=float32)}
Success rate:  0.125
{'success': array([False, False, False,  True, False, False, False, False]), 'state_dist': array([ 72.61723 ,  31.990604, 100.3017  ,  13.805975,  41.647907,
        47.135567,  27.830965,  25.2727  ], dtype=float32)}
2026/09/20 20:42:59.560, 0, NVIDIA A100-SXM4-40GB, 0 %, 24831 MiB, 40960 MiB
Success rate:  0.125
{'success': array([False, False, False,  True, False, False, False, False]), 'state_dist': array([71.233284, 31.845224, 99.946945, 16.150093, 41.414684, 47.708492,
       29.723185, 24.509129], dtype=float32)}
Success rate:  0.125
{'success': array([False, False, False,  True, False, False, False, False]), 'state_dist': array([72.13398 , 31.574776, 99.96927 , 16.417013, 41.35519 , 47.259182,
       30.84252 , 25.917486], dtype=float32)}
Success rate:  0.125
{'success': array([False, False, False,  True, False, False, False, False]), 'state_dist': array([ 71.81204 ,  31.676586, 100.05456 ,  16.810413,  41.048443,
        47.439472,  31.154425,  25.20233 ], dtype=float32)}
Success rate:  0.125
{'success': array([False, False, False,  True, False, False, False, False]), 'state_dist': array([ 71.692215,  31.640501, 100.09934 ,  16.185026,  40.532024,
        47.745796,  30.445974,  25.369623], dtype=float32)}
Success rate:  0.125
{'success': array([False, False, False,  True, False, False, False, False]), 'state_dist': array([71.36388 , 31.409716, 99.89562 , 16.647661, 39.915916, 48.05649 ,
       29.977455, 23.910946], dtype=float32)}
Success rate:  0.125
{'success': array([False, False, False,  True, False, False, False, False]), 'state_dist': array([70.65854 , 31.463608, 99.904625, 16.664162, 40.011696, 47.67338 ,
       30.2912  , 23.85842 ], dtype=float32)}
Success rate:  0.125
{'success': array([False, False, False,  True, False, False, False, False]), 'state_dist': array([70.42108 , 31.849745, 99.75495 , 16.342323, 40.159943, 47.878994,
       29.939358, 23.172955], dtype=float32)}
Success rate:  0.125
{'success': array([False, False, False,  True, False, False, False, False]), 'state_dist': array([71.67495 , 32.473663, 99.46587 , 16.944214, 39.985626, 48.03191 ,
       30.588282, 22.82529 ], dtype=float32)}
Success rate:  0.125
{'success': array([False, False, False,  True, False, False, False, False]), 'state_dist': array([72.14026 , 32.255703, 99.477615, 16.877708, 39.820827, 48.186443,
       30.474548, 23.382935], dtype=float32)}
Success rate:  0.125
{'success': array([False, False, False,  True, False, False, False, False]), 'state_dist': array([72.67833 , 32.370796, 99.37964 , 16.804354, 39.718765, 48.256184,
       29.595295, 23.141178], dtype=float32)}
Success rate:  0.125
{'success': array([False, False, False,  True, False, False, False, False]), 'state_dist': array([73.10711 , 32.30161 , 99.24259 , 16.45565 , 39.50162 , 48.41613 ,
       29.67947 , 23.430876], dtype=float32)}
Success rate:  0.125
{'success': array([False, False, False,  True, False, False, False, False]), 'state_dist': array([73.64194 , 32.60343 , 99.21516 , 16.601822, 39.61115 , 48.17521 ,
       29.80775 , 23.74637 ], dtype=float32)}
MPC iter 3 Eval ------- 
Success rate:  0.25
{'success': array([False, False, False,  True, False, False,  True, False]), 'state_dist': array([73.64476 , 32.79031 , 98.964554, 18.226496, 39.620163, 48.075283,
       22.121134, 24.155287], dtype=float32)}
self.is_success:  [False False False  True False False  True False]
Success rate:  0.25
{'success': array([False, False, False,  True, False, False,  True, False]), 'state_dist': array([ 80.09589 ,  32.214695, 229.09134 ,  30.63398 , 113.376114,
        75.8925  ,  17.97198 ,  45.021492], dtype=float32)}
Success rate:  0.25
{'success': array([False, False, False,  True, False, False,  True, False]), 'state_dist': array([ 75.68319 ,  31.685417, 178.13832 ,  23.749716,  80.17916 ,
        51.243935,  18.375345,  25.734095], dtype=float32)}
2026/09/20 20:43:29.563, 0, NVIDIA A100-SXM4-40GB, 100 %, 24831 MiB, 40960 MiB
Success rate:  0.25
{'success': array([False, False, False,  True, False, False,  True, False]), 'state_dist': array([ 76.10127 ,  32.50101 , 141.74144 ,  23.528109,  63.715546,
        47.816803,  14.422318,  25.740032], dtype=float32)}
Success rate:  0.25
{'success': array([False, False, False,  True, False, False,  True, False]), 'state_dist': array([ 75.98242 ,  32.99987 , 122.81121 ,  16.663734,  51.68412 ,
        45.651928,  13.381082,  29.186756], dtype=float32)}
Success rate:  0.25
{'success': array([False, False, False,  True, False, False,  True, False]), 'state_dist': array([ 75.38118 ,  32.71102 , 111.78065 ,  17.955357,  46.143845,
        45.423756,  10.842619,  27.82039 ], dtype=float32)}
Success rate:  0.25
{'success': array([False, False, False,  True, False, False,  True, False]), 'state_dist': array([ 76.18934 ,  33.272152, 106.33412 ,  14.07945 ,  42.90265 ,
        45.098312,  10.862979,  27.52585 ], dtype=float32)}
Success rate:  0.25
{'success': array([False, False, False,  True, False, False,  True, False]), 'state_dist': array([ 75.748566,  34.125275, 100.6153  ,  14.563705,  39.754124,
        45.10504 ,  10.579758,  29.473207], dtype=float32)}
Success rate:  0.25
{'success': array([False, False, False,  True, False, False,  True, False]), 'state_dist': array([75.24528 , 34.67179 , 99.169975, 16.59908 , 36.797775, 45.158005,
        8.818529, 31.921892], dtype=float32)}
Success rate:  0.25
{'success': array([False, False, False,  True, False, False,  True, False]), 'state_dist': array([75.88006 , 35.29964 , 96.044395, 17.620684, 37.02505 , 45.063457,
       11.634043, 31.552485], dtype=float32)}
Success rate:  0.25
{'success': array([False, False, False,  True, False, False,  True, False]), 'state_dist': array([75.56195 , 34.588413, 93.14881 , 17.5015  , 34.7318  , 45.01172 ,
       12.162613, 33.118515], dtype=float32)}
Success rate:  0.25
{'success': array([False, False, False,  True, False, False,  True, False]), 'state_dist': array([76.39653  , 34.11048  , 91.47498  , 15.3220625, 35.133747 ,
       45.15912  , 11.910147 , 35.30012  ], dtype=float32)}
Success rate:  0.25
{'success': array([False, False, False,  True, False, False,  True, False]), 'state_dist': array([76.888   , 35.023808, 91.10302 , 15.939018, 37.060764, 45.013046,
       11.343156, 35.406693], dtype=float32)}
Success rate:  0.25
{'success': array([False, False, False,  True, False, False,  True, False]), 'state_dist': array([77.35911 , 35.307697, 91.03246 , 15.36986 , 35.25957 , 45.431927,
       10.786783, 33.993156], dtype=float32)}
Success rate:  0.25
{'success': array([False, False, False,  True, False, False,  True, False]), 'state_dist': array([77.503685, 34.874325, 91.001686, 17.309916, 35.810905, 45.062115,
       13.174476, 33.886833], dtype=float32)}
Success rate:  0.25
{'success': array([False, False, False,  True, False, False,  True, False]), 'state_dist': array([77.40719 , 35.432426, 90.82012 , 17.418636, 35.002098, 45.10262 ,
       12.209992, 34.548485], dtype=float32)}
Success rate:  0.25
{'success': array([False, False, False,  True, False, False,  True, False]), 'state_dist': array([77.445076, 35.7132  , 90.29396 , 18.071201, 35.006912, 45.55526 ,
       13.84542 , 34.51615 ], dtype=float32)}
2026/09/20 20:43:59.566, 0, NVIDIA A100-SXM4-40GB, 100 %, 24831 MiB, 40960 MiB
Success rate:  0.25
{'success': array([False, False, False,  True, False, False,  True, False]), 'state_dist': array([77.04984 , 35.59494 , 89.829   , 17.655874, 36.12625 , 45.179424,
       13.848608, 34.362   ], dtype=float32)}
Success rate:  0.25
{'success': array([False, False, False,  True, False, False,  True, False]), 'state_dist': array([76.78609 , 35.285522, 89.874084, 18.20362 , 37.181046, 45.232563,
       12.529021, 33.133537], dtype=float32)}
Success rate:  0.25
{'success': array([False, False, False,  True, False, False,  True, False]), 'state_dist': array([76.50213 , 35.035046, 89.555016, 19.059837, 36.413414, 45.23462 ,
       12.460387, 33.715515], dtype=float32)}
Success rate:  0.25
{'success': array([False, False, False,  True, False, False,  True, False]), 'state_dist': array([76.64982 , 34.343822, 89.81239 , 17.581911, 36.485188, 45.646187,
       13.776304, 33.054367], dtype=float32)}
Success rate:  0.25
{'success': array([False, False, False,  True, False, False,  True, False]), 'state_dist': array([76.735504, 34.56781 , 89.72603 , 15.634159, 36.439884, 45.341915,
       12.678035, 33.146656], dtype=float32)}
Success rate:  0.25
{'success': array([False, False, False,  True, False, False,  True, False]), 'state_dist': array([76.47351 , 34.479115, 89.71885 , 15.840767, 36.20019 , 45.356285,
       12.956229, 33.346638], dtype=float32)}
Success rate:  0.25
{'success': array([False, False, False,  True, False, False,  True, False]), 'state_dist': array([76.23364 , 34.36716 , 89.538765, 16.57329 , 35.919765, 45.238003,
       12.115911, 33.58803 ], dtype=float32)}
Success rate:  0.25
{'success': array([False, False, False,  True, False, False,  True, False]), 'state_dist': array([76.20816 , 34.653442, 89.498055, 16.812483, 35.951515, 45.41638 ,
       12.593164, 33.10385 ], dtype=float32)}
Success rate:  0.25
{'success': array([False, False, False,  True, False, False,  True, False]), 'state_dist': array([76.357086, 34.33201 , 89.16548 , 16.7106  , 36.02913 , 45.309055,
       13.266625, 33.223934], dtype=float32)}
Success rate:  0.25
{'success': array([False, False, False,  True, False, False,  True, False]), 'state_dist': array([76.28094 , 34.365513, 89.14955 , 16.534868, 36.02007 , 45.26218 ,
       13.365925, 33.096107], dtype=float32)}
Success rate:  0.25
{'success': array([False, False, False,  True, False, False,  True, False]), 'state_dist': array([76.25163 , 34.270252, 89.15919 , 16.777594, 35.920597, 45.459553,
       14.017072, 33.501022], dtype=float32)}
Success rate:  0.25
{'success': array([False, False, False,  True, False, False,  True, False]), 'state_dist': array([76.32683 , 34.355164, 88.951004, 15.733797, 36.209347, 45.330536,
       13.358937, 33.513153], dtype=float32)}
Success rate:  0.25
{'success': array([False, False, False,  True, False, False,  True, False]), 'state_dist': array([76.32929 , 34.317627, 88.77392 , 15.477349, 35.79854 , 45.20701 ,
       12.624433, 33.07617 ], dtype=float32)}
Success rate:  0.25
{'success': array([False, False, False,  True, False, False,  True, False]), 'state_dist': array([76.489136, 34.58738 , 88.77599 , 15.996863, 35.89157 , 45.267708,
       12.858621, 33.179592], dtype=float32)}
MPC iter 4 Eval ------- 
Success rate:  0.25
{'success': array([False, False, False,  True, False, False,  True, False]), 'state_dist': array([76.48723 , 34.71201 , 88.45655 , 18.226496, 35.96949 , 45.135067,
       22.121134, 33.606037], dtype=float32)}
self.is_success:  [False False False  True False False  True False]
2026/09/20 20:44:29.568, 0, NVIDIA A100-SXM4-40GB, 0 %, 24831 MiB, 40960 MiB
Success rate:  0.25
{'success': array([False, False, False,  True, False, False,  True, False]), 'state_dist': array([ 76.48706 ,  31.153381, 224.583   ,  20.584885, 112.64309 ,
        62.84899 ,  17.33319 ,  41.971855], dtype=float32)}
Success rate:  0.25
{'success': array([False, False, False,  True, False, False,  True, False]), 'state_dist': array([ 74.594345,  31.111181, 182.32742 ,  20.313787,  97.731544,
        47.212368,  12.841069,  19.298944], dtype=float32)}
Success rate:  0.25
{'success': array([False, False, False,  True, False, False,  True, False]), 'state_dist': array([ 75.06487 ,  30.566586, 154.46465 ,  13.200527,  81.599754,
        45.19965 ,  15.544857,  19.579805], dtype=float32)}
Success rate:  0.25
{'success': array([False, False, False,  True, False, False,  True, False]), 'state_dist': array([ 75.69414 ,  29.870731, 145.4331  ,  10.447564,  73.401825,
        46.007748,  14.614175,  22.491072], dtype=float32)}
Success rate:  0.25
{'success': array([False, False, False,  True, False, False,  True, False]), 'state_dist': array([ 74.42853 ,  30.61934 , 135.19797 ,  12.396736,  66.04474 ,
        48.035397,  15.351047,  26.844576], dtype=float32)}
Success rate:  0.25
{'success': array([False, False, False,  True, False, False,  True, False]), 'state_dist': array([ 74.599846,  29.49431 , 131.82631 ,  11.242023,  65.04636 ,
        49.353268,  14.108093,  26.217594], dtype=float32)}
Success rate:  0.25
{'success': array([False, False, False,  True, False, False,  True, False]), 'state_dist': array([ 74.36816  ,  29.657991 , 128.75992  ,   8.6697235,  61.119633 ,
        48.603653 ,  15.025985 ,  29.373535 ], dtype=float32)}
Success rate:  0.25
{'success': array([False, False, False,  True, False, False,  True, False]), 'state_dist': array([ 74.22772 ,  30.09872 , 126.08719 ,  11.133317,  57.3462  ,
        48.171764,  15.94198 ,  30.153652], dtype=float32)}
Success rate:  0.25
{'success': array([False, False, False,  True, False, False,  True, False]), 'state_dist': array([ 74.2789  ,  30.008324, 122.33586 ,   8.081585,  53.932186,
        47.17784 ,  15.355167,  25.958887], dtype=float32)}
Success rate:  0.25
{'success': array([False, False, False,  True, False, False,  True, False]), 'state_dist': array([ 74.2534  ,  30.089235, 119.2792  ,   8.188891,  53.500317,
        47.4822  ,  17.691513,  26.794655], dtype=float32)}
Success rate:  0.25
{'success': array([False, False, False,  True, False, False,  True, False]), 'state_dist': array([ 74.62816 ,  30.521465, 118.411606,   8.045907,  52.452007,
        47.803448,  19.779482,  26.262304], dtype=float32)}
Success rate:  0.25
{'success': array([False, False, False,  True, False, False,  True, False]), 'state_dist': array([ 74.35446  ,  30.530655 , 117.394104 ,   6.1266317,  52.047688 ,
        47.79311  ,  15.866702 ,  27.16279  ], dtype=float32)}
Success rate:  0.25
{'success': array([False, False, False,  True, False, False,  True, False]), 'state_dist': array([ 74.1805  ,  30.80052 , 115.981445,   9.995651,  51.604477,
        47.702072,  15.696732,  27.400948], dtype=float32)}
Success rate:  0.25
{'success': array([False, False, False,  True, False, False,  True, False]), 'state_dist': array([ 74.43079 ,  30.374107, 115.54749 ,  10.583751,  48.918537,
        48.42955 ,  16.074747,  26.619616], dtype=float32)}
2026/09/20 20:44:59.571, 0, NVIDIA A100-SXM4-40GB, 100 %, 24831 MiB, 40960 MiB
Success rate:  0.25
{'success': array([False, False, False,  True, False, False,  True, False]), 'state_dist': array([ 74.36468 ,  29.732796, 115.23544 ,   9.217024,  49.003323,
        47.84518 ,  16.031347,  25.81912 ], dtype=float32)}
Success rate:  0.25
{'success': array([False, False, False,  True, False, False,  True, False]), 'state_dist': array([ 74.4384  ,  30.229137, 114.36025 ,   9.373926,  48.877087,
        47.623352,  15.839892,  25.503115], dtype=float32)}
Success rate:  0.25
{'success': array([False, False, False,  True, False, False,  True, False]), 'state_dist': array([ 74.55023 ,  30.407925, 113.726166,   9.072771,  48.232285,
        48.407383,  17.23542 ,  25.753849], dtype=float32)}
Success rate:  0.25
{'success': array([False, False, False,  True, False, False,  True, False]), 'state_dist': array([ 74.299255,  30.034042, 113.284065,   8.840842,  47.809494,
        48.215527,  19.1785  ,  25.735455], dtype=float32)}
Success rate:  0.25
{'success': array([False, False, False,  True, False, False,  True, False]), 'state_dist': array([ 74.1136  ,  29.95341 , 112.9909  ,   8.721824,  45.654057,
        48.163994,  20.683847,  25.122145], dtype=float32)}
Success rate:  0.125
{'success': array([False, False, False,  True, False, False, False, False]), 'state_dist': array([ 74.08635 ,  29.932116, 112.51016 ,   8.442312,  45.005825,
        47.971573,  22.64128 ,  26.242395], dtype=float32)}
Success rate:  0.125
{'success': array([False, False, False,  True, False, False, False, False]), 'state_dist': array([ 74.4557   ,  30.369608 , 112.40408  ,   7.6402235,  44.433357 ,
        48.393814 ,  21.11789  ,  25.182903 ], dtype=float32)}
Success rate:  0.125
{'success': array([False, False, False,  True, False, False, False, False]), 'state_dist': array([ 74.43886 ,  30.435652, 111.9279  ,   8.560902,  43.784733,
        48.19396 ,  21.104965,  24.888645], dtype=float32)}
Success rate:  0.125
{'success': array([False, False, False,  True, False, False, False, False]), 'state_dist': array([ 74.26925 ,  30.433243, 111.7849  ,   8.587116,  43.16878 ,
        48.425156,  21.152857,  24.235123], dtype=float32)}
Success rate:  0.25
{'success': array([False, False, False,  True, False, False,  True, False]), 'state_dist': array([ 74.42061 ,  30.194246, 111.80253 ,   8.209065,  44.057858,
        48.153885,  20.334951,  24.311966], dtype=float32)}
Success rate:  0.25
{'success': array([False, False, False,  True, False, False,  True, False]), 'state_dist': array([ 74.39488 ,  30.251455, 111.46595 ,   8.811352,  43.2153  ,
        47.614346,  19.817837,  24.37735 ], dtype=float32)}
Success rate:  0.25
{'success': array([False, False, False,  True, False, False,  True, False]), 'state_dist': array([ 74.29338  ,  30.351196 , 111.1933   ,   7.8849115,  42.579384 ,
        46.826454 ,  18.801786 ,  23.999542 ], dtype=float32)}
Success rate:  0.25
{'success': array([False, False, False,  True, False, False,  True, False]), 'state_dist': array([ 74.18845 ,  30.348904, 110.79437 ,   8.411708,  42.416367,
        47.075733,  19.751432,  24.035603], dtype=float32)}
Success rate:  0.25
{'success': array([False, False, False,  True, False, False,  True, False]), 'state_dist': array([ 74.24929 ,  30.515123, 110.70543 ,   8.588714,  41.587173,
        46.8386  ,  19.713337,  24.19741 ], dtype=float32)}
2026/09/20 20:45:29.577, 0, NVIDIA A100-SXM4-40GB, 27 %, 24831 MiB, 40960 MiB
Success rate:  0.25
{'success': array([False, False, False,  True, False, False,  True, False]), 'state_dist': array([ 74.24904 ,  30.306541, 110.73494 ,   8.064578,  41.07661 ,
        47.21625 ,  19.510872,  24.288982], dtype=float32)}
Success rate:  0.25
{'success': array([False, False, False,  True, False, False,  True, False]), 'state_dist': array([ 74.26866 ,  30.39835 , 110.42168 ,   8.945423,  41.037296,
        47.318798,  20.381338,  23.76374 ], dtype=float32)}
MPC iter 5 Eval ------- 
Success rate:  0.25
{'success': array([False, False, False,  True, False, False,  True, False]), 'state_dist': array([ 74.26811 ,  30.525974, 110.12907 ,  18.226496,  41.01306 ,
        47.238647,  22.121134,  24.206093], dtype=float32)}
self.is_success:  [False False False  True False False  True False]
Success rate:  0.25
{'success': array([False, False, False,  True, False, False,  True, False]), 'state_dist': array([ 74.433525,  35.51172 , 254.12468 ,  32.198067, 102.91602 ,
        66.85744 ,  18.818615,  39.532677], dtype=float32)}
Success rate:  0.25
{'success': array([False, False, False,  True, False, False,  True, False]), 'state_dist': array([ 75.09368 ,  32.8216  , 207.4664  ,  19.67598 ,  60.361263,
        47.06644 ,  15.947586,  25.045248], dtype=float32)}
Success rate:  0.25
{'success': array([False, False, False,  True, False, False,  True, False]), 'state_dist': array([ 75.73661 ,  33.85714 , 187.20656 ,  15.909671,  53.48414 ,
        45.69388 ,  14.958841,  21.14724 ], dtype=float32)}
Success rate:  0.25
{'success': array([False, False, False,  True, False, False,  True, False]), 'state_dist': array([ 75.392815,  31.35087 , 171.90208 ,  18.796268,  45.053947,
        46.88557 ,  15.025822,  20.016842], dtype=float32)}
Success rate:  0.25
{'success': array([False, False, False,  True, False, False,  True, False]), 'state_dist': array([ 78.77479 ,  30.252247, 157.78352 ,  18.35297 ,  37.83126 ,
        45.30495 ,  19.914862,  18.705095], dtype=float32)}
Success rate:  0.25
{'success': array([False, False, False,  True, False, False,  True, False]), 'state_dist': array([ 77.73522 ,  31.033419, 146.58554 ,  16.640348,  33.7042  ,
        45.49402 ,  20.078978,  18.680468], dtype=float32)}
Success rate:  0.25
{'success': array([False, False, False,  True, False, False,  True, False]), 'state_dist': array([ 77.52395 ,  31.645721, 137.86795 ,  15.905419,  32.64377 ,
        45.001823,  19.110737,  20.250051], dtype=float32)}
Success rate:  0.25
{'success': array([False, False, False,  True, False, False,  True, False]), 'state_dist': array([ 76.37767 ,  31.367136, 132.15173 ,  16.549385,  33.167175,
        45.014004,  20.644915,  19.011185], dtype=float32)}
Success rate:  0.25
{'success': array([False, False, False,  True, False, False,  True, False]), 'state_dist': array([ 75.331314,  30.838512, 128.06544 ,  15.656984,  31.907597,
        44.83997 ,  21.661558,  18.83528 ], dtype=float32)}
Success rate:  0.25
{'success': array([False, False, False,  True, False, False,  True, False]), 'state_dist': array([ 75.75418 ,  30.284794, 125.313065,  15.739013,  34.366653,
        44.999516,  20.638351,  18.597477], dtype=float32)}
Success rate:  0.25
{'success': array([False, False, False,  True, False, False,  True, False]), 'state_dist': array([ 77.148636,  30.21225 , 121.2643  ,  12.33215 ,  32.991623,
        44.97165 ,  21.77604 ,  19.022415], dtype=float32)}
2026/09/20 20:45:59.579, 0, NVIDIA A100-SXM4-40GB, 65 %, 24831 MiB, 40960 MiB
Success rate:  0.25
{'success': array([False, False, False,  True, False, False,  True, False]), 'state_dist': array([ 76.72063 ,  31.287748, 119.23758 ,  12.496401,  34.405293,
        44.78816 ,  21.329887,  18.693634], dtype=float32)}
Success rate:  0.25
{'success': array([False, False, False,  True, False, False,  True, False]), 'state_dist': array([ 74.33996 ,  31.196232, 117.27192 ,  12.611287,  35.803524,
        44.58092 ,  21.220358,  19.600166], dtype=float32)}
Success rate:  0.25
{'success': array([False, False, False,  True, False, False,  True, False]), 'state_dist': array([ 75.0841  ,  30.562767, 115.35447 ,  14.022748,  34.431778,
        44.82898 ,  20.879395,  18.646336], dtype=float32)}
Success rate:  0.25
{'success': array([False, False, False,  True, False, False,  True, False]), 'state_dist': array([ 74.43875 ,  31.15236 , 114.901306,  14.298953,  33.77409 ,
        44.5805  ,  19.616627,  20.404306], dtype=float32)}
Success rate:  0.25
{'success': array([False, False, False,  True, False, False,  True, False]), 'state_dist': array([ 74.37705 ,  31.464838, 114.68852 ,  13.665188,  35.231236,
        44.630917,  18.878338,  21.092527], dtype=float32)}
Success rate:  0.25
{'success': array([False, False, False,  True, False, False,  True, False]), 'state_dist': array([ 76.57887 ,  30.726358, 114.35329 ,  14.699464,  35.23525 ,
        44.44491 ,  19.946848,  21.105097], dtype=float32)}
Success rate:  0.25
{'success': array([False, False, False,  True, False, False,  True, False]), 'state_dist': array([ 76.13393 ,  30.838882, 113.48975 ,  14.066927,  35.86286 ,
        44.579   ,  19.253439,  21.574642], dtype=float32)}
Success rate:  0.25
{'success': array([False, False, False,  True, False, False,  True, False]), 'state_dist': array([ 75.35549 ,  30.678467, 113.293884,  14.573246,  36.17451 ,
        44.575527,  20.070713,  21.311722], dtype=float32)}
Success rate:  0.25
{'success': array([False, False, False,  True, False, False,  True, False]), 'state_dist': array([ 74.540535 ,  30.686392 , 112.846725 ,  14.6814575,  35.861996 ,
        44.640045 ,  19.77169  ,  20.651085 ], dtype=float32)}
Success rate:  0.25
{'success': array([False, False, False,  True, False, False,  True, False]), 'state_dist': array([ 74.376686,  30.89489 , 112.93214 ,  13.689691,  35.573315,
        44.60938 ,  21.64178 ,  21.81764 ], dtype=float32)}
Success rate:  0.25
{'success': array([False, False, False,  True, False, False,  True, False]), 'state_dist': array([ 74.34515  ,  31.261597 , 112.53694  ,  12.4815235,  35.710857 ,
        44.747425 ,  20.271841 ,  21.2465   ], dtype=float32)}
Success rate:  0.25
{'success': array([False, False, False,  True, False, False,  True, False]), 'state_dist': array([ 74.13774 ,  31.320242, 112.2774  ,  13.701509,  36.18502 ,
        44.634594,  20.36668 ,  21.181025], dtype=float32)}
Success rate:  0.25
{'success': array([False, False, False,  True, False, False,  True, False]), 'state_dist': array([ 73.97972 ,  31.369585, 112.05741 ,  12.301788,  35.99847 ,
        44.661186,  20.6253  ,  21.013933], dtype=float32)}
Success rate:  0.25
{'success': array([False, False, False,  True, False, False,  True, False]), 'state_dist': array([ 73.93928 ,  31.075409, 111.6692  ,  12.362878,  35.771008,
        44.58983 ,  21.81584 ,  20.961237], dtype=float32)}
Success rate:  0.25
{'success': array([False, False, False,  True, False, False,  True, False]), 'state_dist': array([ 73.96257 ,  30.886457, 111.467354,  12.040712,  36.29345 ,
        44.639965,  22.689812,  20.334156], dtype=float32)}
2026/09/20 20:46:29.581, 0, NVIDIA A100-SXM4-40GB, 100 %, 24831 MiB, 40960 MiB
Success rate:  0.25
{'success': array([False, False, False,  True, False, False,  True, False]), 'state_dist': array([ 73.9976  ,  31.003008, 111.23622 ,  12.966347,  35.98736 ,
        44.535713,  22.368483,  20.485353], dtype=float32)}
Success rate:  0.25
{'success': array([False, False, False,  True, False, False,  True, False]), 'state_dist': array([ 74.07956 ,  31.106794, 111.1195  ,  13.352968,  35.431458,
        44.5919  ,  22.320534,  20.164295], dtype=float32)}
Success rate:  0.25
{'success': array([False, False, False,  True, False, False,  True, False]), 'state_dist': array([ 74.25997 ,  30.993555, 111.0317  ,  13.143652,  35.17343 ,
        44.59303 ,  22.388126,  20.49157 ], dtype=float32)}
Success rate:  0.25
{'success': array([False, False, False,  True, False, False,  True, False]), 'state_dist': array([ 74.227325,  31.162432, 110.72486 ,  12.621425,  35.175346,
        44.665745,  23.344782,  20.076645], dtype=float32)}
MPC iter 6 Eval ------- 
Success rate:  0.25
{'success': array([False, False, False,  True, False, False,  True, False]), 'state_dist': array([ 74.22892 ,  31.285538, 110.48221 ,  18.226496,  35.222   ,
        44.552166,  22.121134,  20.520761], dtype=float32)}
self.is_success:  [False False False  True False False  True False]
Success rate:  0.25
{'success': array([False, False, False,  True, False, False,  True, False]), 'state_dist': array([ 77.16103 ,  35.793797, 240.81401 ,  22.467289,  92.97948 ,
        77.94291 ,  16.520624,  43.878456], dtype=float32)}
Success rate:  0.25
{'success': array([False, False, False,  True, False, False,  True, False]), 'state_dist': array([ 73.9044   ,  30.561466 , 184.02744  ,  12.605009 ,  63.21853  ,
        58.669212 ,  13.9517565,  23.479311 ], dtype=float32)}
Success rate:  0.25
{'success': array([False, False, False,  True, False, False,  True, False]), 'state_dist': array([ 74.04649 ,  30.703516, 155.76265 ,  13.305606,  42.025528,
        47.974957,  16.093243,  18.659098], dtype=float32)}
Success rate:  0.25
{'success': array([False, False, False,  True, False, False,  True, False]), 'state_dist': array([ 76.16636  ,  31.853943 , 147.69345  ,  18.327417 ,  29.156612 ,
        45.45654  ,  12.1736145,  20.6484   ], dtype=float32)}
Success rate:  0.25
{'success': array([False, False, False,  True, False, False,  True, False]), 'state_dist': array([ 75.92158 ,  32.631794, 145.98851 ,  20.46806 ,  28.766592,
        45.034695,  15.895313,  19.417881], dtype=float32)}
Success rate:  0.25
{'success': array([False, False, False,  True, False, False,  True, False]), 'state_dist': array([ 78.3073  ,  30.537233, 141.93358 ,  22.140335,  26.972507,
        44.956566,  18.966267,  19.940422], dtype=float32)}
Success rate:  0.25
{'success': array([False, False, False,  True, False, False,  True, False]), 'state_dist': array([ 80.12874 ,  31.248013, 139.047   ,  22.471748,  28.490648,
        45.000732,  17.01012 ,  19.931778], dtype=float32)}
Success rate:  0.25
{'success': array([False, False, False,  True, False, False,  True, False]), 'state_dist': array([ 81.631935,  29.9309  , 136.70699 ,  19.631317,  29.746153,
        45.6888  ,  15.334324,  21.56531 ], dtype=float32)}
Success rate:  0.25
{'success': array([False, False, False,  True, False, False,  True, False]), 'state_dist': array([ 83.985374,  31.511198, 135.13147 ,  19.183838,  30.964167,
        45.1752  ,  14.576736,  21.649324], dtype=float32)}
2026/09/20 20:46:59.585, 0, NVIDIA A100-SXM4-40GB, 100 %, 24831 MiB, 40960 MiB
Success rate:  0.25
{'success': array([False, False, False,  True, False, False,  True, False]), 'state_dist': array([ 81.88447 ,  31.545109, 132.18915 ,  21.716572,  31.580814,
        44.844563,  15.657131,  21.943628], dtype=float32)}
Success rate:  0.25
{'success': array([False, False, False,  True, False, False,  True, False]), 'state_dist': array([ 82.134766,  31.311317, 128.37909 ,  18.92141 ,  32.04055 ,
        44.999702,  14.942517,  23.045494], dtype=float32)}
Success rate:  0.25
{'success': array([False, False, False,  True, False, False,  True, False]), 'state_dist': array([ 84.780525,  31.285318, 126.00179 ,  17.956263,  33.708576,
        44.919827,  16.773008,  21.99243 ], dtype=float32)}
Success rate:  0.25
{'success': array([False, False, False,  True, False, False,  True, False]), 'state_dist': array([ 83.65995 ,  31.566393, 123.30286 ,  17.024454,  34.410206,
        45.033825,  17.822264,  22.258844], dtype=float32)}
Success rate:  0.25
{'success': array([False, False, False,  True, False, False,  True, False]), 'state_dist': array([ 83.052315,  31.866896, 122.40917 ,  17.612772,  33.352043,
        44.82787 ,  19.580715,  22.945976], dtype=float32)}
Success rate:  0.25
{'success': array([False, False, False,  True, False, False,  True, False]), 'state_dist': array([ 83.79753 ,  32.475086, 121.21876 ,  17.140692,  32.83791 ,
        44.942665,  19.637693,  22.647276], dtype=float32)}
Success rate:  0.25
{'success': array([False, False, False,  True, False, False,  True, False]), 'state_dist': array([ 84.038345,  32.73068 , 120.765564,  17.71923 ,  33.03244 ,
        45.215027,  19.649637,  23.020811], dtype=float32)}
Success rate:  0.25
{'success': array([False, False, False,  True, False, False,  True, False]), 'state_dist': array([ 84.00422 ,  33.03969 , 120.35643 ,  18.614973,  31.856953,
        45.228493,  20.37654 ,  23.386839], dtype=float32)}
Success rate:  0.25
{'success': array([False, False, False,  True, False, False,  True, False]), 'state_dist': array([ 86.47945 ,  33.58303 , 120.15946 ,  17.350607,  31.705084,
        45.27292 ,  21.032452,  23.30831 ], dtype=float32)}
Success rate:  0.25
{'success': array([False, False, False,  True, False, False,  True, False]), 'state_dist': array([ 86.798195,  33.935085, 119.94838 ,  17.615015,  31.58583 ,
        45.345726,  20.291304,  24.256859], dtype=float32)}
Success rate:  0.25
{'success': array([False, False, False,  True, False, False,  True, False]), 'state_dist': array([ 86.50022 ,  33.84327 , 120.23449 ,  18.08099 ,  31.357927,
        45.616608,  20.10752 ,  24.386421], dtype=float32)}
Success rate:  0.25
{'success': array([False, False, False,  True, False, False,  True, False]), 'state_dist': array([ 87.29989 ,  33.671337, 120.028534,  17.77633 ,  31.546965,
        45.502335,  21.010403,  23.742264], dtype=float32)}
Success rate:  0.25
{'success': array([False, False, False,  True, False, False,  True, False]), 'state_dist': array([ 89.11382 ,  34.016956, 120.035324,  16.872793,  31.62203 ,
        45.734844,  20.930754,  23.631126], dtype=float32)}
Success rate:  0.25
{'success': array([False, False, False,  True, False, False,  True, False]), 'state_dist': array([ 87.7768  ,  33.835136, 119.95692 ,  16.4403  ,  31.508188,
        45.93403 ,  20.842762,  24.447857], dtype=float32)}
2026/09/20 20:47:29.588, 0, NVIDIA A100-SXM4-40GB, 100 %, 24831 MiB, 40960 MiB
Success rate:  0.25
{'success': array([False, False, False,  True, False, False,  True, False]), 'state_dist': array([ 88.098335,  33.138603, 119.727036,  17.618536,  31.49029 ,
        46.36575 ,  21.24355 ,  23.981815], dtype=float32)}
Success rate:  0.25
{'success': array([False, False, False,  True, False, False,  True, False]), 'state_dist': array([ 89.31639 ,  32.984695, 119.5508  ,  17.553896,  31.682873,
        46.75127 ,  20.401043,  24.001968], dtype=float32)}
Success rate:  0.25
{'success': array([False, False, False,  True, False, False,  True, False]), 'state_dist': array([ 90.05009 ,  33.833977, 119.365295,  17.471914,  32.35852 ,
        46.901955,  20.731699,  23.819082], dtype=float32)}
Success rate:  0.25
{'success': array([False, False, False,  True, False, False,  True, False]), 'state_dist': array([ 89.67111 ,  33.728725, 118.9824  ,  16.248777,  32.75589 ,
        46.52391 ,  20.558075,  23.631248], dtype=float32)}
Success rate:  0.25
{'success': array([False, False, False,  True, False, False,  True, False]), 'state_dist': array([ 89.121544,  33.469334, 118.689026,  15.620931,  32.41564 ,
        46.43254 ,  21.329285,  23.722353], dtype=float32)}
Success rate:  0.25
{'success': array([False, False, False,  True, False, False,  True, False]), 'state_dist': array([ 88.90967 ,  34.38479 , 118.13731 ,  15.635486,  32.532467,
        46.45106 ,  21.629778,  23.797377], dtype=float32)}
Success rate:  0.25
{'success': array([False, False, False,  True, False, False,  True, False]), 'state_dist': array([ 88.265236,  34.72541 , 117.629326,  15.626664,  32.376377,
        46.581966,  21.143124,  23.654709], dtype=float32)}
MPC iter 7 Eval ------- 
Success rate:  0.25
{'success': array([False, False, False,  True, False, False,  True, False]), 'state_dist': array([ 88.31107 ,  34.603714, 117.454765,  18.226496,  32.51465 ,
        46.494514,  22.121134,  24.010523], dtype=float32)}
self.is_success:  [False False False  True False False  True False]
Success rate:  0.25
{'success': array([False, False, False,  True, False, False,  True, False]), 'state_dist': array([ 88.371704,  32.8345  , 241.15947 ,  13.843231, 107.79013 ,
        71.801865,  19.043604,  41.970222], dtype=float32)}
Success rate:  0.25
{'success': array([False, False, False,  True, False, False,  True, False]), 'state_dist': array([ 87.21611 ,  34.231236, 194.62343 ,  10.790664,  66.28437 ,
        50.61328 ,  19.311472,  21.3759  ], dtype=float32)}
Success rate:  0.25
{'success': array([False, False, False,  True, False, False,  True, False]), 'state_dist': array([ 86.94711 ,  36.985462, 177.04625 ,  19.619406,  45.274754,
        46.29372 ,  24.72521 ,  21.706161], dtype=float32)}
Success rate:  0.25
{'success': array([False, False, False,  True, False, False,  True, False]), 'state_dist': array([ 87.50328 ,  38.548206, 167.6686  ,  16.484833,  36.11198 ,
        45.680035,  20.861921,  20.18289 ], dtype=float32)}
Success rate:  0.25
{'success': array([False, False, False,  True, False, False,  True, False]), 'state_dist': array([ 87.35615 ,  36.46772 , 160.5735  ,  16.10778 ,  33.78579 ,
        46.95625 ,  20.821651,  21.241863], dtype=float32)}
Success rate:  0.25
{'success': array([False, False, False,  True, False, False,  True, False]), 'state_dist': array([ 87.3332  ,  36.913086, 157.78897 ,  15.744999,  32.97797 ,
        47.16934 ,  19.571846,  20.51891 ], dtype=float32)}
2026/09/20 20:47:59.591, 0, NVIDIA A100-SXM4-40GB, 100 %, 24831 MiB, 40960 MiB
Success rate:  0.25
{'success': array([False, False, False,  True, False, False,  True, False]), 'state_dist': array([ 87.39016 ,  35.036594, 156.09015 ,  14.260355,  32.371468,
        46.574955,  19.461367,  21.803398], dtype=float32)}
Success rate:  0.25
{'success': array([False, False, False,  True, False, False,  True, False]), 'state_dist': array([ 87.36671 ,  34.901638, 154.33078 ,  13.599395,  32.339535,
        46.645317,  18.28584 ,  22.12372 ], dtype=float32)}
Success rate:  0.25
{'success': array([False, False, False,  True, False, False,  True, False]), 'state_dist': array([ 87.60754 ,  34.962482, 154.21489 ,  16.68253 ,  34.526657,
        45.79402 ,  20.027357,  20.797503], dtype=float32)}
Success rate:  0.25
{'success': array([False, False, False,  True, False, False,  True, False]), 'state_dist': array([ 87.14286 ,  35.01643 , 151.32707 ,  17.34539 ,  34.400887,
        46.41038 ,  19.740498,  21.653246], dtype=float32)}
Success rate:  0.25
{'success': array([False, False, False,  True, False, False,  True, False]), 'state_dist': array([ 87.21632 ,  35.23154 , 149.36795 ,  13.757426,  33.950336,
        45.769886,  17.974108,  21.154963], dtype=float32)}
Success rate:  0.25
{'success': array([False, False, False,  True, False, False,  True, False]), 'state_dist': array([ 87.222664,  34.729282, 148.15776 ,  14.859948,  34.629948,
        45.686737,  15.672262,  20.775734], dtype=float32)}
Success rate:  0.25
{'success': array([False, False, False,  True, False, False,  True, False]), 'state_dist': array([ 87.1749  ,  35.56417 , 147.51001 ,  15.828636,  35.37952 ,
        45.498775,  19.34847 ,  22.653505], dtype=float32)}
Success rate:  0.25
{'success': array([False, False, False,  True, False, False,  True, False]), 'state_dist': array([ 87.29416 ,  35.528763, 146.98726 ,  14.769351,  35.35626 ,
        45.63611 ,  21.552671,  21.76045 ], dtype=float32)}
Success rate:  0.25
{'success': array([False, False, False,  True, False, False,  True, False]), 'state_dist': array([ 86.97506 ,  36.205334, 146.08414 ,  14.812811,  35.75135 ,
        45.160908,  21.166653,  22.17642 ], dtype=float32)}
Success rate:  0.25
{'success': array([False, False, False,  True, False, False,  True, False]), 'state_dist': array([ 87.189415,  35.552174, 145.84503 ,  13.480847,  34.96084 ,
        45.643135,  18.739006,  22.404045], dtype=float32)}
Success rate:  0.25
{'success': array([False, False, False,  True, False, False,  True, False]), 'state_dist': array([ 87.23605 ,  36.1517  , 145.44331 ,  14.529591,  34.740456,
        45.456215,  20.991892,  22.372984], dtype=float32)}
Success rate:  0.25
{'success': array([False, False, False,  True, False, False,  True, False]), 'state_dist': array([ 87.68229 ,  35.762833, 144.89618 ,  13.586849,  35.32082 ,
        45.557816,  22.197443,  22.355377], dtype=float32)}
Success rate:  0.25
{'success': array([False, False, False,  True, False, False,  True, False]), 'state_dist': array([ 87.80997 ,  35.372753, 144.47072 ,  12.714173,  35.5214  ,
        45.7351  ,  22.186409,  22.898188], dtype=float32)}
Success rate:  0.25
{'success': array([False, False, False,  True, False, False,  True, False]), 'state_dist': array([ 87.662025,  35.5242  , 144.22249 ,  14.269281,  35.52669 ,
        45.676327,  22.055239,  23.15669 ], dtype=float32)}
2026/09/20 20:48:29.594, 0, NVIDIA A100-SXM4-40GB, 76 %, 24831 MiB, 40960 MiB
Success rate:  0.25
{'success': array([False, False, False,  True, False, False,  True, False]), 'state_dist': array([ 87.69493 ,  35.42866 , 143.80286 ,  14.349132,  35.003597,
        45.513363,  21.86239 ,  22.484175], dtype=float32)}
Success rate:  0.25
{'success': array([False, False, False,  True, False, False,  True, False]), 'state_dist': array([ 87.745476,  35.644676, 143.57285 ,  14.090756,  34.999424,
        45.35566 ,  22.082249,  21.977556], dtype=float32)}
Success rate:  0.25
{'success': array([False, False, False,  True, False, False,  True, False]), 'state_dist': array([ 88.04643 ,  35.30332 , 143.25685 ,  15.214614,  35.20443 ,
        45.45689 ,  21.907845,  21.767044], dtype=float32)}
Success rate:  0.25
{'success': array([False, False, False,  True, False, False,  True, False]), 'state_dist': array([ 87.91428 ,  35.347435, 143.32841 ,  14.863233,  34.31285 ,
        45.63394 ,  21.298965,  22.221224], dtype=float32)}
Success rate:  0.25
{'success': array([False, False, False,  True, False, False,  True, False]), 'state_dist': array([ 87.7974  ,  35.289078, 143.21501 ,  14.406502,  34.190643,
        45.80905 ,  21.67141 ,  22.4582  ], dtype=float32)}
Success rate:  0.25
{'success': array([False, False, False,  True, False, False,  True, False]), 'state_dist': array([ 87.56469 ,  34.96442 , 143.17584 ,  13.563441,  33.753014,
        45.64757 ,  21.523336,  22.70893 ], dtype=float32)}
Success rate:  0.25
{'success': array([False, False, False,  True, False, False,  True, False]), 'state_dist': array([ 87.575615,  35.084427, 143.10368 ,  14.019687,  33.541103,
        45.674446,  21.909668,  22.655142], dtype=float32)}
Success rate:  0.25
{'success': array([False, False, False,  True, False, False,  True, False]), 'state_dist': array([ 87.54908 ,  35.19034 , 142.99019 ,  14.280841,  33.77648 ,
        45.576744,  21.277697,  22.538443], dtype=float32)}
Success rate:  0.25
{'success': array([False, False, False,  True, False, False,  True, False]), 'state_dist': array([ 87.41494 ,  35.26395 , 142.83319 ,  14.305527,  33.375793,
        45.403698,  21.619995,  22.562862], dtype=float32)}
Success rate:  0.25
{'success': array([False, False, False,  True, False, False,  True, False]), 'state_dist': array([ 87.331856,  35.142433, 142.79825 ,  13.768784,  33.26399 ,
        45.412224,  22.265236,  22.337702], dtype=float32)}
MPC iter 8 Eval ------- 
Success rate:  0.25
{'success': array([False, False, False,  True, False, False,  True, False]), 'state_dist': array([ 87.339294,  35.288643, 142.5459  ,  18.226496,  33.39066 ,
        45.239647,  22.121134,  22.733849], dtype=float32)}
self.is_success:  [False False False  True False False  True False]
Success rate:  0.25
{'success': array([False, False, False,  True, False, False,  True, False]), 'state_dist': array([ 87.50716 ,  34.564556, 241.86441 ,  25.637363,  97.59906 ,
        66.31695 ,  15.37083 ,  60.37083 ], dtype=float32)}
Success rate:  0.25
{'success': array([False, False, False,  True, False, False,  True, False]), 'state_dist': array([ 87.47619 ,  34.51249 , 210.78474 ,  15.638399,  58.039326,
        49.446774,  11.002529,  39.79797 ], dtype=float32)}
Success rate:  0.25
{'success': array([False, False, False,  True, False, False,  True, False]), 'state_dist': array([ 86.86226 ,  36.372574, 187.68985 ,  17.950762,  31.977232,
        45.956947,  11.094965,  31.462925], dtype=float32)}
2026/09/20 20:48:59.596, 0, NVIDIA A100-SXM4-40GB, 100 %, 24831 MiB, 40960 MiB
Success rate:  0.25
{'success': array([False, False, False,  True, False, False,  True, False]), 'state_dist': array([ 86.95097 ,  36.09393 , 173.3792  ,  18.108538,  25.64591 ,
        45.051476,  12.344152,  25.876865], dtype=float32)}
Success rate:  0.25
{'success': array([False, False, False,  True, False, False,  True, False]), 'state_dist': array([ 87.55804 ,  36.275837, 163.74301 ,  19.801922,  25.911324,
        45.127693,  16.377193,  22.45694 ], dtype=float32)}
Success rate:  0.25
{'success': array([False, False, False,  True, False, False,  True, False]), 'state_dist': array([ 87.530876,  35.78753 , 153.63821 ,  16.093412,  27.254265,
        45.036037,  14.66679 ,  20.806528], dtype=float32)}
Success rate:  0.25
{'success': array([False, False, False,  True, False, False,  True, False]), 'state_dist': array([ 87.12424 ,  35.841335, 146.83339 ,  13.949839,  28.09281 ,
        45.4251  ,  16.022345,  20.246758], dtype=float32)}
Success rate:  0.25
{'success': array([False, False, False,  True, False, False,  True, False]), 'state_dist': array([ 87.083694,  37.439587, 143.23239 ,  15.164331,  29.196983,
        45.814873,  15.47658 ,  19.334436], dtype=float32)}
Success rate:  0.25
{'success': array([False, False, False,  True, False, False,  True, False]), 'state_dist': array([ 87.15092 ,  37.806664, 140.46883 ,  14.721098,  30.240664,
        46.23984 ,  14.643545,  20.16837 ], dtype=float32)}
Success rate:  0.25
{'success': array([False, False, False,  True, False, False,  True, False]), 'state_dist': array([ 87.01279 ,  38.09915 , 136.11148 ,  16.78884 ,  32.200207,
        46.7652  ,  12.72215 ,  21.404646], dtype=float32)}
Success rate:  0.25
{'success': array([False, False, False,  True, False, False,  True, False]), 'state_dist': array([ 87.10482 ,  37.2649  , 135.15564 ,  16.307753,  31.120193,
        46.20159 ,  12.205799,  20.706982], dtype=float32)}
Success rate:  0.25
{'success': array([False, False, False,  True, False, False,  True, False]), 'state_dist': array([ 86.92433 ,  37.86514 , 133.31403 ,  17.757074,  31.885431,
        46.178963,  13.02298 ,  21.522009], dtype=float32)}
Success rate:  0.25
{'success': array([False, False, False,  True, False, False,  True, False]), 'state_dist': array([ 87.07729 ,  37.179096, 130.83797 ,  19.647991,  31.861557,
        46.568466,  12.342805,  21.83498 ], dtype=float32)}
Success rate:  0.25
{'success': array([False, False, False,  True, False, False,  True, False]), 'state_dist': array([ 87.25935 ,  36.827633, 128.6954  ,  20.376299,  31.933697,
        46.391674,  12.624275,  21.265436], dtype=float32)}
Success rate:  0.25
{'success': array([False, False, False,  True, False, False,  True, False]), 'state_dist': array([ 86.983955,  36.701603, 127.392845,  20.411055,  31.005285,
        46.69043 ,  12.202019,  21.277292], dtype=float32)}
Success rate:  0.25
{'success': array([False, False, False,  True, False, False,  True, False]), 'state_dist': array([ 86.85654 ,  36.81947 , 125.70481 ,  19.594362,  31.45185 ,
        46.131493,  11.988755,  21.004974], dtype=float32)}
Success rate:  0.25
{'success': array([False, False, False,  True, False, False,  True, False]), 'state_dist': array([ 86.69348 ,  36.192963, 125.19765 ,  21.01031 ,  31.152725,
        46.123283,  11.835519,  21.399832], dtype=float32)}
2026/09/20 20:49:29.599, 0, NVIDIA A100-SXM4-40GB, 100 %, 24831 MiB, 40960 MiB
Success rate:  0.25
{'success': array([False, False, False,  True, False, False,  True, False]), 'state_dist': array([ 86.79473 ,  36.208153, 124.08574 ,  20.84765 ,  31.652313,
        46.176075,  11.897391,  22.379263], dtype=float32)}
Success rate:  0.25
{'success': array([False, False, False,  True, False, False,  True, False]), 'state_dist': array([ 86.93172 ,  36.45928 , 122.671814,  21.205887,  31.847258,
        46.151936,  11.954393,  22.67257 ], dtype=float32)}
Success rate:  0.25
{'success': array([False, False, False,  True, False, False,  True, False]), 'state_dist': array([ 86.82816 ,  36.7195  , 121.33302 ,  19.735682,  32.09794 ,
        46.16757 ,  11.593512,  22.40806 ], dtype=float32)}
Success rate:  0.25
{'success': array([False, False, False,  True, False, False,  True, False]), 'state_dist': array([ 86.97984 ,  36.81345 , 120.97752 ,  19.256384,  32.40929 ,
        45.931416,  11.106905,  22.925161], dtype=float32)}
Success rate:  0.25
{'success': array([False, False, False,  True, False, False,  True, False]), 'state_dist': array([ 86.7733  ,  36.753235, 120.21286 ,  20.246794,  33.227364,
        46.19654 ,  10.690039,  22.37976 ], dtype=float32)}
Success rate:  0.25
{'success': array([False, False, False,  True, False, False,  True, False]), 'state_dist': array([ 86.73334 ,  37.632927, 119.71302 ,  20.436863,  32.334053,
        46.075188,  11.383141,  23.411861], dtype=float32)}
Success rate:  0.25
{'success': array([False, False, False,  True, False, False,  True, False]), 'state_dist': array([ 86.86002 ,  37.14303 , 119.73881 ,  20.485853,  31.70391 ,
        46.04658 ,  10.769408,  22.994064], dtype=float32)}
Success rate:  0.25
{'success': array([False, False, False,  True, False, False,  True, False]), 'state_dist': array([ 86.84616 ,  37.425076, 119.649506,  21.79926 ,  31.436476,
        46.085335,  10.378194,  23.303793], dtype=float32)}
Success rate:  0.25
{'success': array([False, False, False,  True, False, False,  True, False]), 'state_dist': array([ 86.77736 ,  37.6541  , 119.658905,  20.057325,  30.900282,
        46.244125,  10.566563,  23.473053], dtype=float32)}
Success rate:  0.25
{'success': array([False, False, False,  True, False, False,  True, False]), 'state_dist': array([ 86.751785,  37.36495 , 119.15273 ,  19.690132,  31.12305 ,
        46.225063,  10.516913,  23.668423], dtype=float32)}
Success rate:  0.25
{'success': array([False, False, False,  True, False, False,  True, False]), 'state_dist': array([ 86.7847  ,  37.225544, 118.93144 ,  19.549541,  31.46385 ,
        46.03995 ,  10.665742,  23.281704], dtype=float32)}
Success rate:  0.25
{'success': array([False, False, False,  True, False, False,  True, False]), 'state_dist': array([ 86.72197 ,  37.54249 , 118.815735,  19.20384 ,  31.319351,
        45.957516,  11.305171,  23.234695], dtype=float32)}
Success rate:  0.25
{'success': array([False, False, False,  True, False, False,  True, False]), 'state_dist': array([ 86.75387 ,  37.511505, 118.73704 ,  19.615093,  30.966253,
        45.837536,  10.827744,  23.499657], dtype=float32)}
MPC iter 9 Eval ------- 
2026/09/20 20:49:59.602, 0, NVIDIA A100-SXM4-40GB, 0 %, 24831 MiB, 40960 MiB
Success rate:  0.25
{'success': array([False, False, False,  True, False, False,  True, False]), 'state_dist': array([ 86.76235 ,  37.635246, 118.52499 ,  18.226496,  31.13067 ,
        45.709084,  22.121134,  24.031853], dtype=float32)}
self.is_success:  [False False False  True False False  True False]
Success rate:  0.25
{'success': array([False, False, False,  True, False, False,  True, False]), 'state_dist': array([ 87.45544 ,  37.00726 , 242.5325  ,  22.534475,  94.786766,
        82.6444  ,  17.915646,  52.43195 ], dtype=float32)}
Success rate:  0.25
{'success': array([False, False, False,  True, False, False,  True, False]), 'state_dist': array([ 87.029045,  37.167416, 202.23022 ,  22.823526,  58.211502,
        65.87149 ,  13.167027,  30.930696], dtype=float32)}
Success rate:  0.25
{'success': array([False, False, False,  True, False, False,  True, False]), 'state_dist': array([ 86.911316,  36.064426, 189.23193 ,  25.610094,  43.22942 ,
        59.12044 ,  15.503638,  21.276937], dtype=float32)}
Success rate:  0.25
{'success': array([False, False, False,  True, False, False,  True, False]), 'state_dist': array([ 86.76964 ,  35.243668, 180.59677 ,  22.66905 ,  34.57921 ,
        57.06157 ,  14.968436,  17.702183], dtype=float32)}
Success rate:  0.25
{'success': array([False, False, False,  True, False, False,  True, False]), 'state_dist': array([ 86.71476 ,  34.862118, 171.68077 ,  22.50588 ,  28.827038,
        54.244213,  14.373562,  19.863386], dtype=float32)}
Success rate:  0.25
{'success': array([False, False, False,  True, False, False,  True, False]), 'state_dist': array([ 86.83424 ,  35.75293 , 163.6118  ,  21.521654,  28.295435,
        49.8837  ,  14.417294,  18.87897 ], dtype=float32)}
Success rate:  0.25
{'success': array([False, False, False,  True, False, False,  True, False]), 'state_dist': array([ 86.776794,  35.776073, 161.52585 ,  21.272146,  29.349798,
        50.28767 ,  15.583056,  19.017061], dtype=float32)}
Success rate:  0.25
{'success': array([False, False, False,  True, False, False,  True, False]), 'state_dist': array([ 86.96433 ,  35.00424 , 159.73471 ,  19.39336 ,  30.422405,
        51.61397 ,  15.648805,  19.416525], dtype=float32)}
Success rate:  0.25
{'success': array([False, False, False,  True, False, False,  True, False]), 'state_dist': array([ 86.93234 ,  34.86087 , 158.56555 ,  20.866291,  30.886988,
        49.615864,  18.22311 ,  19.696514], dtype=float32)}
Success rate:  0.25
{'success': array([False, False, False,  True, False, False,  True, False]), 'state_dist': array([ 86.9315  ,  35.462086, 157.57158 ,  24.253904,  30.053373,
        48.44029 ,  15.793999,  20.848074], dtype=float32)}
Success rate:  0.25
{'success': array([False, False, False,  True, False, False,  True, False]), 'state_dist': array([ 87.119774,  36.0434  , 154.88792 ,  24.035383,  30.433594,
        49.199425,  16.986387,  20.233253], dtype=float32)}
Success rate:  0.25
{'success': array([False, False, False,  True, False, False,  True, False]), 'state_dist': array([ 87.0685  ,  35.42837 , 152.86877 ,  23.07038 ,  30.43931 ,
        49.25642 ,  18.826063,  20.853395], dtype=float32)}
Success rate:  0.25
{'success': array([False, False, False,  True, False, False,  True, False]), 'state_dist': array([ 86.86642 ,  35.155975, 151.22174 ,  26.683563,  33.029762,
        50.097256,  19.03731 ,  20.354038], dtype=float32)}
Success rate:  0.25
{'success': array([False, False, False,  True, False, False,  True, False]), 'state_dist': array([ 87.01873 ,  34.86203 , 149.06647 ,  23.857481,  32.49689 ,
        49.48463 ,  18.278334,  21.5997  ], dtype=float32)}
2026/09/20 20:50:29.604, 0, NVIDIA A100-SXM4-40GB, 100 %, 24831 MiB, 40960 MiB
Success rate:  0.25
{'success': array([False, False, False,  True, False, False,  True, False]), 'state_dist': array([ 87.0338  ,  35.133484, 147.02913 ,  23.250862,  33.002712,
        50.396797,  18.53329 ,  22.02225 ], dtype=float32)}
Success rate:  0.25
{'success': array([False, False, False,  True, False, False,  True, False]), 'state_dist': array([ 87.12741 ,  35.025196, 144.81577 ,  22.428032,  33.884197,
        50.130276,  19.501305,  22.323586], dtype=float32)}
Success rate:  0.25
{'success': array([False, False, False,  True, False, False,  True, False]), 'state_dist': array([ 87.01842 ,  35.44578 , 141.58603 ,  22.556175,  33.04384 ,
        49.4486  ,  18.76981 ,  20.965042], dtype=float32)}
Success rate:  0.25
{'success': array([False, False, False,  True, False, False,  True, False]), 'state_dist': array([ 87.00656 ,  35.163647, 140.17564 ,  22.032589,  33.43944 ,
        49.432793,  19.211718,  20.780945], dtype=float32)}
Success rate:  0.25
{'success': array([False, False, False,  True, False, False,  True, False]), 'state_dist': array([ 86.95923 ,  35.236366, 139.50583 ,  22.900679,  34.285454,
        49.1002  ,  17.701248,  20.442547], dtype=float32)}
Success rate:  0.25
{'success': array([False, False, False,  True, False, False,  True, False]), 'state_dist': array([ 86.9672  ,  35.68317 , 139.00116 ,  23.501427,  34.983353,
        48.858887,  17.773228,  21.784138], dtype=float32)}
Success rate:  0.25
{'success': array([False, False, False,  True, False, False,  True, False]), 'state_dist': array([ 86.956726,  35.322906, 137.89104 ,  24.475859,  35.135834,
        49.057644,  19.125383,  20.972631], dtype=float32)}
Success rate:  0.25
{'success': array([False, False, False,  True, False, False,  True, False]), 'state_dist': array([ 86.98313 ,  35.1909  , 137.02464 ,  24.833618,  35.63352 ,
        48.994965,  18.706312,  21.0523  ], dtype=float32)}
Success rate:  0.25
{'success': array([False, False, False,  True, False, False,  True, False]), 'state_dist': array([ 86.92326 ,  35.00834 , 136.87877 ,  24.265554,  35.46978 ,
        48.909023,  18.350315,  21.878986], dtype=float32)}
Success rate:  0.25
{'success': array([False, False, False,  True, False, False,  True, False]), 'state_dist': array([ 86.95109 ,  35.191525, 136.5195  ,  23.403734,  35.852547,
        48.746937,  17.01336 ,  21.459211], dtype=float32)}
Success rate:  0.25
{'success': array([False, False, False,  True, False, False,  True, False]), 'state_dist': array([ 87.02703 ,  34.89654 , 136.02783 ,  23.260834,  35.847523,
        48.692688,  16.095179,  21.551096], dtype=float32)}
Success rate:  0.25
{'success': array([False, False, False,  True, False, False,  True, False]), 'state_dist': array([ 86.95661 ,  35.32344 , 135.85895 ,  23.786129,  36.69954 ,
        47.84659 ,  16.5052  ,  21.950525], dtype=float32)}
Success rate:  0.25
{'success': array([False, False, False,  True, False, False,  True, False]), 'state_dist': array([ 87.00674 ,  35.139805, 135.45547 ,  23.12407 ,  36.257187,
        47.886566,  15.89392 ,  21.713959], dtype=float32)}
Success rate:  0.25
{'success': array([False, False, False,  True, False, False,  True, False]), 'state_dist': array([ 86.95966 ,  35.24146 , 135.22015 ,  23.410055,  36.192204,
        47.878067,  15.285918,  22.049557], dtype=float32)}
2026/09/20 20:50:59.607, 0, NVIDIA A100-SXM4-40GB, 100 %, 24831 MiB, 40960 MiB
Success rate:  0.25
{'success': array([False, False, False,  True, False, False,  True, False]), 'state_dist': array([ 86.978065,  35.22288 , 135.0407  ,  23.165352,  36.53047 ,
        47.624832,  15.608794,  21.360332], dtype=float32)}
Success rate:  0.25
{'success': array([False, False, False,  True, False, False,  True, False]), 'state_dist': array([ 86.947014,  35.39142 , 135.04805 ,  23.54843 ,  36.187172,
        47.676075,  15.660598,  21.124918], dtype=float32)}
MPC iter 10 Eval ------- 
Success rate:  0.25
{'success': array([False, False, False,  True, False, False,  True, False]), 'state_dist': array([ 86.954605,  35.55799 , 134.8013  ,  18.226496,  36.225277,
        47.53296 ,  22.121134,  21.709728], dtype=float32)}
self.is_success:  [False False False  True False False  True False]
Success rate:  0.25
{'success': array([False, False, False,  True, False, False,  True, False]), 'state_dist': array([ 88.942345,  34.82832 , 242.02106 ,  15.610895, 109.58053 ,
        75.15144 ,  18.853529,  40.365456], dtype=float32)}
Success rate:  0.25
{'success': array([False, False, False,  True, False, False,  True, False]), 'state_dist': array([ 87.26607 ,  36.074818, 190.08195 ,  18.439425,  61.11897 ,
        57.361603,  14.741923,  20.516165], dtype=float32)}
Success rate:  0.25
{'success': array([False, False, False,  True, False, False,  True, False]), 'state_dist': array([ 87.61737 ,  34.691555, 161.73906 ,  20.019062,  45.412376,
        50.047962,  12.413893,  19.393518], dtype=float32)}
Success rate:  0.25
{'success': array([False, False, False,  True, False, False,  True, False]), 'state_dist': array([ 88.89091 ,  34.170822, 150.35643 ,  20.782738,  38.622337,
        47.007263,  15.270361,  19.661549], dtype=float32)}
Success rate:  0.25
{'success': array([False, False, False,  True, False, False,  True, False]), 'state_dist': array([ 88.820496,  35.057274, 145.35196 ,  20.729061,  35.633408,
        45.778473,  11.043303,  20.976976], dtype=float32)}
Success rate:  0.25
{'success': array([False, False, False,  True, False, False,  True, False]), 'state_dist': array([ 88.04622 ,  34.072113, 141.61133 ,  20.644962,  34.857464,
        45.02763 ,  11.580644,  22.562347], dtype=float32)}
Success rate:  0.25
{'success': array([False, False, False,  True, False, False,  True, False]), 'state_dist': array([ 87.894424,  34.56818 , 139.26219 ,  21.087395,  32.74804 ,
        45.04667 ,  12.344834,  25.830225], dtype=float32)}
Success rate:  0.25
{'success': array([False, False, False,  True, False, False,  True, False]), 'state_dist': array([ 87.53846 ,  34.592876, 135.51846 ,  24.210419,  30.365753,
        44.83365 ,  14.0067  ,  26.313663], dtype=float32)}
Success rate:  0.25
{'success': array([False, False, False,  True, False, False,  True, False]), 'state_dist': array([ 87.58797 ,  34.532238, 134.26462 ,  21.835768,  31.215157,
        45.14227 ,  15.123213,  26.036917], dtype=float32)}
Success rate:  0.25
{'success': array([False, False, False,  True, False, False,  True, False]), 'state_dist': array([ 87.76908 ,  34.639828, 133.33641 ,  23.372232,  30.410646,
        44.90222 ,  18.205921,  25.310436], dtype=float32)}
2026/09/20 20:51:29.609, 0, NVIDIA A100-SXM4-40GB, 100 %, 24831 MiB, 40960 MiB
Success rate:  0.25
{'success': array([False, False, False,  True, False, False,  True, False]), 'state_dist': array([ 87.85381 ,  34.995724, 131.85112 ,  19.605648,  29.77649 ,
        45.13279 ,  17.238085,  25.773348], dtype=float32)}
Success rate:  0.25
{'success': array([False, False, False,  True, False, False,  True, False]), 'state_dist': array([ 87.862366,  34.708134, 131.61324 ,  16.716944,  29.305906,
        45.04176 ,  16.7174  ,  25.839947], dtype=float32)}
Success rate:  0.25
{'success': array([False, False, False,  True, False, False,  True, False]), 'state_dist': array([ 87.186165,  34.651333, 130.39658 ,  15.17129 ,  29.19985 ,
        45.45056 ,  15.584286,  25.141144], dtype=float32)}
Success rate:  0.25
{'success': array([False, False, False,  True, False, False,  True, False]), 'state_dist': array([ 87.22766 ,  34.460163, 129.93692 ,  15.892681,  29.60772 ,
        45.478817,  13.437864,  25.539385], dtype=float32)}
Success rate:  0.25
{'success': array([False, False, False,  True, False, False,  True, False]), 'state_dist': array([ 87.50278 ,  34.625572, 129.16888 ,  13.847186,  29.34716 ,
        45.949226,  14.348636,  24.228207], dtype=float32)}
Success rate:  0.25
{'success': array([False, False, False,  True, False, False,  True, False]), 'state_dist': array([ 87.233406,  34.550385, 128.9527  ,  12.915382,  30.534494,
        46.61832 ,  14.718093,  23.758127], dtype=float32)}
Success rate:  0.25
{'success': array([False, False, False,  True, False, False,  True, False]), 'state_dist': array([ 87.44648 ,  34.66759 , 128.89867 ,  13.401021,  30.606659,
        46.466747,  14.355481,  25.789692], dtype=float32)}
Success rate:  0.25
{'success': array([False, False, False,  True, False, False,  True, False]), 'state_dist': array([ 87.3267  ,  34.358105, 128.74168 ,  13.807511,  30.016983,
        46.399635,  14.2711  ,  24.887575], dtype=float32)}
Success rate:  0.25
{'success': array([False, False, False,  True, False, False,  True, False]), 'state_dist': array([ 87.55542 ,  34.57965 , 128.5083  ,  13.548007,  30.042988,
        46.29564 ,  13.912824,  24.170732], dtype=float32)}
Success rate:  0.25
{'success': array([False, False, False,  True, False, False,  True, False]), 'state_dist': array([ 87.220894,  34.421608, 128.22675 ,  13.133983,  30.084774,
        46.55215 ,  14.463412,  24.77464 ], dtype=float32)}
Success rate:  0.25
{'success': array([False, False, False,  True, False, False,  True, False]), 'state_dist': array([ 87.616875,  34.380817, 127.790085,  13.433752,  29.870188,
        46.454403,  14.590619,  23.504997], dtype=float32)}
Success rate:  0.25
{'success': array([False, False, False,  True, False, False,  True, False]), 'state_dist': array([ 88.380646,  34.801483, 127.48753 ,  13.602592,  30.090105,
        46.543545,  13.470973,  24.182264], dtype=float32)}
Success rate:  0.25
{'success': array([False, False, False,  True, False, False,  True, False]), 'state_dist': array([ 87.35828 ,  34.577835, 127.47635 ,  14.039084,  30.61028 ,
        46.474346,  13.130008,  23.876797], dtype=float32)}
Success rate:  0.25
{'success': array([False, False, False,  True, False, False,  True, False]), 'state_dist': array([ 88.54054 ,  34.484447, 127.32454 ,  14.353479,  30.762337,
        46.242443,  12.704886,  22.849833], dtype=float32)}
Success rate:  0.25
{'success': array([False, False, False,  True, False, False,  True, False]), 'state_dist': array([ 89.51873  ,  34.835087 , 127.061935 ,  14.205439 ,  30.600904 ,
        46.051197 ,  13.2384615,  22.766373 ], dtype=float32)}
2026/09/20 20:51:59.612, 0, NVIDIA A100-SXM4-40GB, 0 %, 24831 MiB, 40960 MiB
Success rate:  0.25
{'success': array([False, False, False,  True, False, False,  True, False]), 'state_dist': array([ 90.16664 ,  34.374462, 127.20945 ,  14.992697,  30.704447,
        46.061417,  13.343527,  22.59351 ], dtype=float32)}
Success rate:  0.25
{'success': array([False, False, False,  True, False, False,  True, False]), 'state_dist': array([ 89.49185 ,  34.298054, 127.09262 ,  14.996449,  30.502167,
        46.081223,  13.408397,  22.37687 ], dtype=float32)}
Success rate:  0.25
{'success': array([False, False, False,  True, False, False,  True, False]), 'state_dist': array([ 89.747765,  34.31896 , 126.94306 ,  14.956439,  30.709421,
        46.059223,  13.252221,  22.59745 ], dtype=float32)}
Success rate:  0.25
{'success': array([False, False, False,  True, False, False,  True, False]), 'state_dist': array([ 90.22684 ,  34.179085, 126.874176,  14.887176,  30.549707,
        46.084995,  13.305306,  22.628159], dtype=float32)}
Success rate:  0.25
{'success': array([False, False, False,  True, False, False,  True, False]), 'state_dist': array([ 90.43653 ,  34.33327 , 126.52056 ,  14.399497,  30.559883,
        46.216972,  13.090005,  22.812403], dtype=float32)}
MPC iter 11 Eval ------- 
Success rate:  0.25
{'success': array([False, False, False,  True, False, False,  True, False]), 'state_dist': array([ 90.46763 ,  34.481747, 126.27267 ,  18.226496,  30.56075 ,
        46.125546,  22.121134,  23.367512], dtype=float32)}
self.is_success:  [False False False  True False False  True False]
Success rate:  0.25
{'success': array([False, False, False,  True, False, False,  True, False]), 'state_dist': array([ 90.46763 ,  34.481747, 126.27267 ,  18.226496,  30.56075 ,
        46.125546,  22.121134,  23.367512], dtype=float32)}
{
  "output": "/scratch/users/ntu/yguo017/dino-wm-wall/artifacts/dino-pusht-student-closed-loop-24544733.pbs101",
  "paired_success_table": {
    "both_success": 2,
    "teacher_only": 6,
    "student_only": 0,
    "both_fail": 0
  },
  "success_rates": {
    "official_dino_wm_teacher": 1.0,
    "horizon_weighted_recurrent_student": 0.25
  }
}
