Wed Sep  9 20:51:25 +08 2026
x1000c3s4b0n0
source/config identities and prior-verified checkpoint metadata match
allocated GPU: NVIDIA A100-SXM4-40GB 42406903808 e799362e-c84c-7d5b-44e8-f92887d2dc76
OTC batch: score task=1 episode=0
[robosuite WARNING] No private macro file found! (macros.py:53)
2026-09-09 20:53:10,006 WARNING No private macro file found!
[robosuite WARNING] It is recommended to use a private macro file (macros.py:54)
2026-09-09 20:53:10,006 WARNING It is recommended to use a private macro file
[robosuite WARNING] To setup, run: python /scratch/users/ntu/yguo017/fastwam-smoke/venv/lib/python3.11/site-packages/robosuite/scripts/setup_macros.py (macros.py:55)
2026-09-09 20:53:10,006 WARNING To setup, run: python /scratch/users/ntu/yguo017/fastwam-smoke/venv/lib/python3.11/site-packages/robosuite/scripts/setup_macros.py
2026-09-09 20:53:14,289 INFO No OpenGL_accelerate module loaded: No module named 'OpenGL_accelerate'
Gym has been unmaintained since 2022 and does not support NumPy 2.0 amongst other critical functionality.
Please upgrade to Gymnasium, the maintained drop-in replacement of Gym, or contact the authors of your software and request that they upgrade.
See the migration guide at https://gymnasium.farama.org/introduction/migration_guide/ for additional information.
OTC runtime: constructing model
2026-09-09 20:55:15,680 INFO Loading Wan2.2-TI2V-5B components...
2026-09-09 20:55:15,682 INFO Skipping pretrained video DiT load (`skip_dit_load_from_pretrain=True`); initializing video expert randomly and expecting checkpoint override.
2026-09-09 20:59:25,674 INFO Finished loading Wan2.2-TI2V-5B components in 249.99 seconds.
2026-09-09 20:59:25,674 INFO Skipping ActionDiT pretrained load (`skip_dit_load_from_pretrain=True`); initializing action expert randomly and expecting checkpoint override.
2026-09-09 20:59:30,567 INFO Initialized MoT with experts: ['video', 'action'], num_layers=30
2026-09-09 20:59:30,570 INFO   Expert 'video': num_params=5.00 B
2026-09-09 20:59:30,572 INFO   Expert 'action': num_params=1.02 B
OTC runtime: loading pinned checkpoint
OTC runtime: checkpoint loaded
[info] using task orders [0, 1, 2, 3, 4, 5, 6, 7, 8, 9]
[Warning]: datasets path /scratch/users/ntu/yguo017/fastwam-smoke/libero/datasets does not exist!
[info] using task orders [0, 1, 2, 3, 4, 5, 6, 7, 8, 9]
[Warning]: datasets path /scratch/users/ntu/yguo017/fastwam-smoke/libero/datasets does not exist!
2026-09-09 21:00:16,091 ERROR OTC-PTQ score failed: Mutable state restore failed: robot0.gripper.current_action: Array shape changed: (1,) vs (2,)
Traceback (most recent call last):
  File "/scratch/users/ntu/yguo017/otc-ptq-phase1/artifacts/16186343.pbs101/runner.py", line 1914, in <module>
    raise SystemExit(main())
                     ^^^^^^
  File "/scratch/users/ntu/yguo017/otc-ptq-phase1/artifacts/16186343.pbs101/runner.py", line 1902, in main
    _score(args)
  File "/scratch/users/ntu/yguo017/otc-ptq-phase1/artifacts/16186343.pbs101/runner.py", line 1684, in _score
    reference = _new_branch(runtime, snapshot)
                ^^^^^^^^^^^^^^^^^^^^^^^^^^^^^^
  File "/scratch/users/ntu/yguo017/otc-ptq-phase1/artifacts/16186343.pbs101/runner.py", line 1154, in _new_branch
    obs = _restore_snapshot(runtime.env, snapshot)
          ^^^^^^^^^^^^^^^^^^^^^^^^^^^^^^^^^^^^^^^^
  File "/scratch/users/ntu/yguo017/otc-ptq-phase1/artifacts/16186343.pbs101/runner.py", line 841, in _restore_snapshot
    _restore_env_mutable(env, snapshot["env_mutable"], restore_observables=True, restore_obs_cache=True)
  File "/scratch/users/ntu/yguo017/otc-ptq-phase1/artifacts/16186343.pbs101/runner.py", line 513, in _restore_env_mutable
    _restore_attrs(getattr(robot, "gripper", None), robot_state.get("gripper", {}), f"robot{index}.gripper")
  File "/scratch/users/ntu/yguo017/otc-ptq-phase1/artifacts/16186343.pbs101/runner.py", line 301, in _restore_attrs
    raise RunnerError("Mutable state restore failed: " + "; ".join(failures))
RunnerError: Mutable state restore failed: robot0.gripper.current_action: Array shape changed: (1,) vs (2,)
