timestamp, index, name, utilization.gpu [%], memory.used [MiB], memory.total [MiB]
2026/09/24 20:17:56.061, 0, NVIDIA A100-SXM4-40GB, 0 %, 1 MiB, 40960 MiB
2026/09/24 20:18:01.062, 0, NVIDIA A100-SXM4-40GB, 0 %, 1 MiB, 40960 MiB
2026/09/24 20:18:06.064, 0, NVIDIA A100-SXM4-40GB, 0 %, 1 MiB, 40960 MiB
2026/09/24 20:18:11.065, 0, NVIDIA A100-SXM4-40GB, 0 %, 1 MiB, 40960 MiB
2026/09/24 20:18:16.066, 0, NVIDIA A100-SXM4-40GB, 0 %, 1 MiB, 40960 MiB
2026/09/24 20:18:21.067, 0, NVIDIA A100-SXM4-40GB, 0 %, 1 MiB, 40960 MiB
2026/09/24 20:18:26.067, 0, NVIDIA A100-SXM4-40GB, 0 %, 1 MiB, 40960 MiB
2026/09/24 20:18:31.068, 0, NVIDIA A100-SXM4-40GB, 0 %, 1 MiB, 40960 MiB
2026/09/24 20:18:36.069, 0, NVIDIA A100-SXM4-40GB, 0 %, 1 MiB, 40960 MiB
2026/09/24 20:18:41.069, 0, NVIDIA A100-SXM4-40GB, 0 %, 1 MiB, 40960 MiB
2026/09/24 20:18:46.070, 0, NVIDIA A100-SXM4-40GB, 0 %, 1 MiB, 40960 MiB
2026/09/24 20:18:51.070, 0, NVIDIA A100-SXM4-40GB, 0 %, 1 MiB, 40960 MiB
2026/09/24 20:18:56.071, 0, NVIDIA A100-SXM4-40GB, 0 %, 1 MiB, 40960 MiB
2026/09/24 20:19:01.072, 0, NVIDIA A100-SXM4-40GB, 0 %, 1 MiB, 40960 MiB
2026/09/24 20:19:06.072, 0, NVIDIA A100-SXM4-40GB, 0 %, 1 MiB, 40960 MiB
2026/09/24 20:19:11.073, 0, NVIDIA A100-SXM4-40GB, 0 %, 1 MiB, 40960 MiB
2026/09/24 20:19:16.074, 0, NVIDIA A100-SXM4-40GB, 0 %, 1 MiB, 40960 MiB
2026/09/24 20:19:21.074, 0, NVIDIA A100-SXM4-40GB, 0 %, 1 MiB, 40960 MiB
2026/09/24 20:19:26.075, 0, NVIDIA A100-SXM4-40GB, 0 %, 1 MiB, 40960 MiB
2026/09/24 20:19:31.075, 0, NVIDIA A100-SXM4-40GB, 0 %, 1 MiB, 40960 MiB
/scratch/users/ntu/yguo017/lewm-pusht-iteration/stable-worldmodel/stable_worldmodel/envs/__init__.py:215: UserWarning: ale-py not found; ALE/* envs are unavailable. Install with: pip install 'stable-worldmodel[env]' or pip install ale-py.
  from stable_worldmodel.envs import ale  # noqa: F401
2026/09/24 20:19:36.076, 0, NVIDIA A100-SXM4-40GB, 0 %, 1 MiB, 40960 MiB
2026/09/24 20:19:41.077, 0, NVIDIA A100-SXM4-40GB, 0 %, 1 MiB, 40960 MiB
2026/09/24 20:19:46.078, 0, NVIDIA A100-SXM4-40GB, 0 %, 1 MiB, 40960 MiB
2026/09/24 20:19:51.080, 0, NVIDIA A100-SXM4-40GB, 0 %, 1 MiB, 40960 MiB
2026/09/24 20:19:56.081, 0, NVIDIA A100-SXM4-40GB, 0 %, 5 MiB, 40960 MiB
2026/09/24 20:20:01.082, 0, NVIDIA A100-SXM4-40GB, 0 %, 5 MiB, 40960 MiB
2026/09/24 20:20:06.083, 0, NVIDIA A100-SXM4-40GB, 0 %, 5 MiB, 40960 MiB
2026/09/24 20:20:11.083, 0, NVIDIA A100-SXM4-40GB, 0 %, 5 MiB, 40960 MiB
20:20:16 | INFO  | __init__.py | Cached 'action' from '/scratch/users/ntu/yguo017/dino-wm-wall/meeting-ready/02-horizon-weighted-recurrent-student/lewm-transfer/phase-timing-diagnostic/artifacts/25536049.pbs101/cache/datasets/pusht_expert_train.h5'
2026/09/24 20:20:16.084, 0, NVIDIA A100-SXM4-40GB, 0 %, 5 MiB, 40960 MiB
2026/09/24 20:20:21.085, 0, NVIDIA A100-SXM4-40GB, 0 %, 5 MiB, 40960 MiB
2026/09/24 20:20:26.085, 0, NVIDIA A100-SXM4-40GB, 0 %, 5 MiB, 40960 MiB
2026/09/24 20:20:31.086, 0, NVIDIA A100-SXM4-40GB, 0 %, 5 MiB, 40960 MiB
20:20:34 | INFO  | __init__.py | Cached 'proprio' from '/scratch/users/ntu/yguo017/dino-wm-wall/meeting-ready/02-horizon-weighted-recurrent-student/lewm-transfer/phase-timing-diagnostic/artifacts/25536049.pbs101/cache/datasets/pusht_expert_train.h5'
2026/09/24 20:20:36.086, 0, NVIDIA A100-SXM4-40GB, 0 %, 5 MiB, 40960 MiB
2026/09/24 20:20:41.088, 0, NVIDIA A100-SXM4-40GB, 0 %, 5 MiB, 40960 MiB
2026/09/24 20:20:46.088, 0, NVIDIA A100-SXM4-40GB, 0 %, 5 MiB, 40960 MiB
20:20:49 | INFO  | __init__.py | Cached 'state' from '/scratch/users/ntu/yguo017/dino-wm-wall/meeting-ready/02-horizon-weighted-recurrent-student/lewm-transfer/phase-timing-diagnostic/artifacts/25536049.pbs101/cache/datasets/pusht_expert_train.h5'
2026/09/24 20:20:51.089, 0, NVIDIA A100-SXM4-40GB, 0 %, 5 MiB, 40960 MiB
2026/09/24 20:20:56.090, 0, NVIDIA A100-SXM4-40GB, 0 %, 5 MiB, 40960 MiB
2026/09/24 20:21:01.090, 0, NVIDIA A100-SXM4-40GB, 0 %, 5 MiB, 40960 MiB
2026/09/24 20:21:06.092, 0, NVIDIA A100-SXM4-40GB, 0 %, 5 MiB, 40960 MiB
2026/09/24 20:21:11.093, 0, NVIDIA A100-SXM4-40GB, 0 %, 5 MiB, 40960 MiB
2026/09/24 20:21:16.095, 0, NVIDIA A100-SXM4-40GB, 2 %, 425 MiB, 40960 MiB
2026/09/24 20:21:21.096, 0, NVIDIA A100-SXM4-40GB, 0 %, 503 MiB, 40960 MiB
2026/09/24 20:21:26.096, 0, NVIDIA A100-SXM4-40GB, 0 %, 503 MiB, 40960 MiB
2026/09/24 20:21:31.097, 0, NVIDIA A100-SXM4-40GB, 0 %, 503 MiB, 40960 MiB
2026/09/24 20:21:36.099, 0, NVIDIA A100-SXM4-40GB, 0 %, 503 MiB, 40960 MiB
2026/09/24 20:21:41.100, 0, NVIDIA A100-SXM4-40GB, 0 %, 503 MiB, 40960 MiB
2026/09/24 20:21:46.102, 0, NVIDIA A100-SXM4-40GB, 0 %, 503 MiB, 40960 MiB
20:21:47 | INFO  | atomic_chec~| [atomic_save] installed crash-safe checkpoint plugin (write to sibling .tmp + fsync + atomic rename)
/scratch/users/ntu/yguo017/lewm-pusht-iteration/venv/lib64/python3.11/site-packages/gymnasium/spaces/box.py:415: UserWarning: [33mWARN: Casting input x to numpy array.[0m
  gym.logger.warn("Casting input x to numpy array.")
2026/09/24 20:21:51.102, 0, NVIDIA A100-SXM4-40GB, 0 %, 581 MiB, 40960 MiB
2026/09/24 20:21:56.103, 0, NVIDIA A100-SXM4-40GB, 0 %, 585 MiB, 40960 MiB
2026/09/24 20:22:01.104, 0, NVIDIA A100-SXM4-40GB, 0 %, 641 MiB, 40960 MiB
2026/09/24 20:22:06.105, 0, NVIDIA A100-SXM4-40GB, 59 %, 641 MiB, 40960 MiB
2026/09/24 20:22:11.107, 0, NVIDIA A100-SXM4-40GB, 37 %, 641 MiB, 40960 MiB
2026/09/24 20:22:16.108, 0, NVIDIA A100-SXM4-40GB, 49 %, 641 MiB, 40960 MiB
2026/09/24 20:22:21.110, 0, NVIDIA A100-SXM4-40GB, 70 %, 641 MiB, 40960 MiB
2026/09/24 20:22:26.110, 0, NVIDIA A100-SXM4-40GB, 59 %, 641 MiB, 40960 MiB
CEM solve time: 37.2318 seconds
2026/09/24 20:22:31.112, 0, NVIDIA A100-SXM4-40GB, 0 %, 641 MiB, 40960 MiB
2026/09/24 20:22:36.114, 0, NVIDIA A100-SXM4-40GB, 47 %, 641 MiB, 40960 MiB
2026/09/24 20:22:41.115, 0, NVIDIA A100-SXM4-40GB, 70 %, 641 MiB, 40960 MiB
2026/09/24 20:22:46.117, 0, NVIDIA A100-SXM4-40GB, 58 %, 641 MiB, 40960 MiB
2026/09/24 20:22:51.117, 0, NVIDIA A100-SXM4-40GB, 37 %, 641 MiB, 40960 MiB
CEM solve time: 22.5677 seconds
2026/09/24 20:22:56.118, 0, NVIDIA A100-SXM4-40GB, 0 %, 641 MiB, 40960 MiB
{"arm": "early_teacher7", "successes": 11, "teacher_calls": 672, "solve_calls": 2, "planner_s": 59.84}
/scratch/users/ntu/yguo017/lewm-pusht-iteration/venv/lib64/python3.11/site-packages/gymnasium/spaces/box.py:415: UserWarning: [33mWARN: Casting input x to numpy array.[0m
  gym.logger.warn("Casting input x to numpy array.")
2026/09/24 20:23:01.120, 0, NVIDIA A100-SXM4-40GB, 74 %, 641 MiB, 40960 MiB
2026/09/24 20:23:06.121, 0, NVIDIA A100-SXM4-40GB, 75 %, 641 MiB, 40960 MiB
2026/09/24 20:23:11.123, 0, NVIDIA A100-SXM4-40GB, 73 %, 641 MiB, 40960 MiB
2026/09/24 20:23:16.124, 0, NVIDIA A100-SXM4-40GB, 73 %, 641 MiB, 40960 MiB
2026/09/24 20:23:21.126, 0, NVIDIA A100-SXM4-40GB, 73 %, 641 MiB, 40960 MiB
2026/09/24 20:23:26.127, 0, NVIDIA A100-SXM4-40GB, 74 %, 641 MiB, 40960 MiB
2026/09/24 20:23:31.128, 0, NVIDIA A100-SXM4-40GB, 74 %, 641 MiB, 40960 MiB
2026/09/24 20:23:36.130, 0, NVIDIA A100-SXM4-40GB, 72 %, 641 MiB, 40960 MiB
2026/09/24 20:23:41.131, 0, NVIDIA A100-SXM4-40GB, 73 %, 641 MiB, 40960 MiB
CEM solve time: 44.9165 seconds
2026/09/24 20:23:46.133, 0, NVIDIA A100-SXM4-40GB, 0 %, 641 MiB, 40960 MiB
2026/09/24 20:23:51.134, 0, NVIDIA A100-SXM4-40GB, 74 %, 641 MiB, 40960 MiB
CEM solve time: 9.0094 seconds
2026/09/24 20:23:56.136, 0, NVIDIA A100-SXM4-40GB, 74 %, 641 MiB, 40960 MiB
{"arm": "teacher_only", "successes": 49, "teacher_calls": 1800, "solve_calls": 2, "planner_s": 53.926}
/scratch/users/ntu/yguo017/lewm-pusht-iteration/venv/lib64/python3.11/site-packages/gymnasium/spaces/box.py:415: UserWarning: [33mWARN: Casting input x to numpy array.[0m
  gym.logger.warn("Casting input x to numpy array.")
2026/09/24 20:24:01.137, 0, NVIDIA A100-SXM4-40GB, 49 %, 641 MiB, 40960 MiB
2026/09/24 20:24:06.139, 0, NVIDIA A100-SXM4-40GB, 72 %, 641 MiB, 40960 MiB
2026/09/24 20:24:11.141, 0, NVIDIA A100-SXM4-40GB, 47 %, 641 MiB, 40960 MiB
2026/09/24 20:24:16.142, 0, NVIDIA A100-SXM4-40GB, 37 %, 641 MiB, 40960 MiB
2026/09/24 20:24:21.143, 0, NVIDIA A100-SXM4-40GB, 60 %, 641 MiB, 40960 MiB
CEM solve time: 24.4538 seconds
2026/09/24 20:24:26.144, 0, NVIDIA A100-SXM4-40GB, 0 %, 641 MiB, 40960 MiB
2026/09/24 20:24:31.146, 0, NVIDIA A100-SXM4-40GB, 39 %, 641 MiB, 40960 MiB
2026/09/24 20:24:36.147, 0, NVIDIA A100-SXM4-40GB, 53 %, 641 MiB, 40960 MiB
2026/09/24 20:24:41.149, 0, NVIDIA A100-SXM4-40GB, 37 %, 641 MiB, 40960 MiB
CEM solve time: 17.1760 seconds
2026/09/24 20:24:46.151, 0, NVIDIA A100-SXM4-40GB, 0 %, 641 MiB, 40960 MiB
{"arm": "late_teacher7", "successes": 25, "teacher_calls": 595, "solve_calls": 2, "planner_s": 41.63}
/scratch/users/ntu/yguo017/lewm-pusht-iteration/venv/lib64/python3.11/site-packages/gymnasium/spaces/box.py:415: UserWarning: [33mWARN: Casting input x to numpy array.[0m
  gym.logger.warn("Casting input x to numpy array.")
2026/09/24 20:24:51.152, 0, NVIDIA A100-SXM4-40GB, 40 %, 641 MiB, 40960 MiB
2026/09/24 20:24:56.154, 0, NVIDIA A100-SXM4-40GB, 40 %, 641 MiB, 40960 MiB
2026/09/24 20:25:01.155, 0, NVIDIA A100-SXM4-40GB, 40 %, 641 MiB, 40960 MiB
CEM solve time: 18.2639 seconds
2026/09/24 20:25:06.156, 0, NVIDIA A100-SXM4-40GB, 0 %, 641 MiB, 40960 MiB
2026/09/24 20:25:11.158, 0, NVIDIA A100-SXM4-40GB, 37 %, 641 MiB, 40960 MiB
2026/09/24 20:25:16.159, 0, NVIDIA A100-SXM4-40GB, 39 %, 641 MiB, 40960 MiB
2026/09/24 20:25:21.161, 0, NVIDIA A100-SXM4-40GB, 39 %, 641 MiB, 40960 MiB
CEM solve time: 16.4579 seconds
2026/09/24 20:25:26.162, 0, NVIDIA A100-SXM4-40GB, 40 %, 641 MiB, 40960 MiB
{"arm": "student_only", "successes": 11, "teacher_calls": 0, "solve_calls": 2, "planner_s": 34.722}
{"overall": "LATE_RERANKING_FAVORED", "checks": {"validity": true, "teacher_only_success_vector_exactly_matches_baseline": true, "teacher_only_vector_mismatch_indices": [], "exact_50_tasks_and_200_outcomes": true, "all_arm_task_outcome_keys_unique": true, "task_keys_and_order_match": true, "prepared_observation_keys_pair_exactly": true, "all_schedules_and_finite_outputs": true, "all_distribution_scalar_traces_complete_and_finite": true, "native_solver_generator_state_and_shape_common_prefix": true, "primary_early7_vs_late7_phase_verdict": "LATE_RERANKING_FAVORED", "phase_favored_schedule_legacy_usefulness_gate": true, "phase_favored_schedule_legacy_teacher_gap_gate": false, "phase_favored_schedule_legacy_latency_gate": false}}
2026/09/24 20:25:31.164, 0, NVIDIA A100-SXM4-40GB, 0 %, 641 MiB, 40960 MiB
2026/09/24 20:25:36.165, 0, NVIDIA A100-SXM4-40GB, 0 %, 641 MiB, 40960 MiB
2026/09/24 20:25:41.165, 0, NVIDIA A100-SXM4-40GB, 0 %, 641 MiB, 40960 MiB
2026/09/24 20:25:46.166, 0, NVIDIA A100-SXM4-40GB, 0 %, 641 MiB, 40960 MiB
