cuda_device_count=1
cuda_device_name=NVIDIA A100-SXM4-40GB
timestamp, index, name, utilization.gpu [%], memory.used [MiB], memory.total [MiB]
2026/09/22 01:12:27.862, 0, NVIDIA A100-SXM4-40GB, 0 %, 1 MiB, 40960 MiB
Gym has been unmaintained since 2022 and does not support NumPy 2.0 amongst other critical functionality.
Please upgrade to Gymnasium, the maintained drop-in replacement of Gym, or contact the authors of your software and request that they upgrade.
See the migration guide at https://gymnasium.farama.org/introduction/migration_guide/ for additional information.
/var/tmp/pbs.24928207.pbs101/dino-pusht-student-cem-dagger-24928207.pbs101/runtime/venv/lib/python3.11/site-packages/wandb/util.py:118: SentryHubDeprecationWarning: `sentry_sdk.Hub` is deprecated and will be removed in a future major release. Please consult our 1.x to 2.x migration guide for details on how to migrate `Hub` usage to the new API: https://docs.sentry.io/platforms/python/migration/1.x-to-2.x
  sentry_hub = sentry_sdk.Hub(sentry_client)
/var/tmp/pbs.24928207.pbs101/dino-pusht-student-cem-dagger-24928207.pbs101/runtime/venv/lib/python3.11/site-packages/wandb/sdk/internal/internal_api.py:30: DeprecationWarning: pkg_resources is deprecated as an API. See https://setuptools.pypa.io/en/latest/pkg_resources.html
  from pkg_resources import parse_version
/var/tmp/pbs.24928207.pbs101/dino-pusht-student-cem-dagger-24928207.pbs101/runtime/venv/lib/python3.11/site-packages/pkg_resources/__init__.py:2825: DeprecationWarning: Deprecated call to `pkg_resources.declare_namespace('mpl_toolkits')`.
Implementing implicit namespace packages (as specified in PEP 420) is preferred to `pkg_resources.declare_namespace`. See https://setuptools.pypa.io/en/latest/references/keywords.html#keyword-namespace-packages
  declare_namespace(pkg)
/var/tmp/pbs.24928207.pbs101/dino-pusht-student-cem-dagger-24928207.pbs101/runtime/venv/lib/python3.11/site-packages/pkg_resources/__init__.py:2825: DeprecationWarning: Deprecated call to `pkg_resources.declare_namespace('google')`.
Implementing implicit namespace packages (as specified in PEP 420) is preferred to `pkg_resources.declare_namespace`. See https://setuptools.pypa.io/en/latest/references/keywords.html#keyword-namespace-packages
  declare_namespace(pkg)
/scratch/users/ntu/yguo017/dino-wm-wall/source/custom_resolvers.py:4: UserWarning: 
The version_base parameter is not specified.
Please specify a compatability version level, or None.
Will assume defaults for version 1.1
  @hydra.main(config_path=None)
Loaded 18685 rollouts
Loaded 21 rollouts
Resuming from epoch 2: /scratch/users/ntu/yguo017/dino-wm-wall/checkpoints/outputs/pusht/checkpoints/model_latest.pth
Using cache found in /var/tmp/pbs.24928207.pbs101/dino-pusht-student-cem-dagger-24928207.pbs101/runtime/torch/hub/facebookresearch_dinov2_7764ea0f912e53c92e82eb78a2a1631e92725fc8
num_action_repeat: 1
num_proprio_repeat: 1
proprio encoder: ProprioceptiveEmbedding(
  (patch_embed): Conv1d(4, 10, kernel_size=(1,), stride=(1,))
)
action encoder: ProprioceptiveEmbedding(
  (patch_embed): Conv1d(10, 10, kernel_size=(1,), stride=(1,))
)
proprio_dim: 10, after repeat: 10
action_dim: 10, after repeat: 10
emb_dim: 404
Model emb_dim:  404
Loaded 18685 rollouts
Loaded 21 rollouts
2026/09/22 01:12:57.866, 0, NVIDIA A100-SXM4-40GB, 100 %, 10705 MiB, 40960 MiB
2026/09/22 01:13:27.869, 0, NVIDIA A100-SXM4-40GB, 100 %, 10705 MiB, 40960 MiB
2026/09/22 01:13:57.871, 0, NVIDIA A100-SXM4-40GB, 100 %, 10709 MiB, 40960 MiB
2026/09/22 01:14:27.873, 0, NVIDIA A100-SXM4-40GB, 100 %, 10709 MiB, 40960 MiB
2026/09/22 01:14:57.875, 0, NVIDIA A100-SXM4-40GB, 100 %, 10709 MiB, 40960 MiB
2026/09/22 01:15:27.878, 0, NVIDIA A100-SXM4-40GB, 100 %, 10709 MiB, 40960 MiB
2026/09/22 01:15:57.880, 0, NVIDIA A100-SXM4-40GB, 100 %, 10709 MiB, 40960 MiB
2026/09/22 01:16:27.882, 0, NVIDIA A100-SXM4-40GB, 100 %, 10709 MiB, 40960 MiB
2026/09/22 01:16:57.884, 0, NVIDIA A100-SXM4-40GB, 100 %, 10709 MiB, 40960 MiB
2026/09/22 01:17:27.886, 0, NVIDIA A100-SXM4-40GB, 54 %, 10739 MiB, 40960 MiB
2026/09/22 01:17:57.890, 0, NVIDIA A100-SXM4-40GB, 100 %, 29033 MiB, 40960 MiB
2026/09/22 01:18:27.892, 0, NVIDIA A100-SXM4-40GB, 100 %, 29033 MiB, 40960 MiB
2026/09/22 01:18:57.895, 0, NVIDIA A100-SXM4-40GB, 100 %, 29037 MiB, 40960 MiB
2026/09/22 01:19:27.897, 0, NVIDIA A100-SXM4-40GB, 100 %, 29037 MiB, 40960 MiB
{
  "output": "/scratch/users/ntu/yguo017/dino-wm-wall/artifacts/dino-pusht-student-cem-dagger-24928207.pbs101",
  "stage1": {
    "spearman_median": 0.9716505706310272,
    "spearman_minimum": 0.890883207321167,
    "top30_median": 0.8,
    "top30_minimum": 0.5666666666666667,
    "causality_max_abs": 0.0,
    "status": "PASS",
    "thresholds": {
      "spearman_median_min": 0.95,
      "spearman_minimum_min": 0.85,
      "top30_median_min": 0.8,
      "top30_minimum_min": 0.5,
      "causality_max_abs": 1e-06
    }
  },
  "stage2": "SKIPPED"
}
