timestamp, index, name, utilization.gpu [%], memory.used [MiB], memory.total [MiB]
2026/09/22 19:09:31.134, 0, NVIDIA A100-SXM4-40GB, 0 %, 1 MiB, 40960 MiB
2026/09/22 19:09:36.136, 0, NVIDIA A100-SXM4-40GB, 0 %, 1 MiB, 40960 MiB
2026/09/22 19:09:41.136, 0, NVIDIA A100-SXM4-40GB, 0 %, 1 MiB, 40960 MiB
2026/09/22 19:09:46.137, 0, NVIDIA A100-SXM4-40GB, 0 %, 1 MiB, 40960 MiB
2026/09/22 19:09:51.138, 0, NVIDIA A100-SXM4-40GB, 0 %, 1 MiB, 40960 MiB
2026/09/22 19:09:56.139, 0, NVIDIA A100-SXM4-40GB, 0 %, 1 MiB, 40960 MiB
2026/09/22 19:10:01.400, 0, NVIDIA A100-SXM4-40GB, 0 %, 1 MiB, 40960 MiB
2026/09/22 19:10:06.401, 0, NVIDIA A100-SXM4-40GB, 0 %, 1 MiB, 40960 MiB
2026/09/22 19:10:11.402, 0, NVIDIA A100-SXM4-40GB, 0 %, 1 MiB, 40960 MiB
2026/09/22 19:10:16.403, 0, NVIDIA A100-SXM4-40GB, 0 %, 1 MiB, 40960 MiB
2026/09/22 19:10:21.404, 0, NVIDIA A100-SXM4-40GB, 0 %, 1 MiB, 40960 MiB
2026/09/22 19:10:26.405, 0, NVIDIA A100-SXM4-40GB, 0 %, 1 MiB, 40960 MiB
2026/09/22 19:10:31.405, 0, NVIDIA A100-SXM4-40GB, 0 %, 1 MiB, 40960 MiB
2026/09/22 19:10:36.406, 0, NVIDIA A100-SXM4-40GB, 0 %, 1 MiB, 40960 MiB
2026/09/22 19:10:41.407, 0, NVIDIA A100-SXM4-40GB, 0 %, 1 MiB, 40960 MiB
2026/09/22 19:10:46.407, 0, NVIDIA A100-SXM4-40GB, 0 %, 1 MiB, 40960 MiB
2026/09/22 19:10:51.408, 0, NVIDIA A100-SXM4-40GB, 0 %, 1 MiB, 40960 MiB
2026/09/22 19:10:56.409, 0, NVIDIA A100-SXM4-40GB, 0 %, 1 MiB, 40960 MiB
2026/09/22 19:11:01.411, 0, NVIDIA A100-SXM4-40GB, 0 %, 1 MiB, 40960 MiB
2026/09/22 19:11:06.411, 0, NVIDIA A100-SXM4-40GB, 0 %, 1 MiB, 40960 MiB
2026/09/22 19:11:11.412, 0, NVIDIA A100-SXM4-40GB, 0 %, 1 MiB, 40960 MiB
2026/09/22 19:11:16.413, 0, NVIDIA A100-SXM4-40GB, 0 %, 1 MiB, 40960 MiB
2026/09/22 19:11:21.413, 0, NVIDIA A100-SXM4-40GB, 0 %, 1 MiB, 40960 MiB
2026/09/22 19:11:26.414, 0, NVIDIA A100-SXM4-40GB, 0 %, 1 MiB, 40960 MiB
2026/09/22 19:11:31.426, 0, NVIDIA A100-SXM4-40GB, 0 %, 1 MiB, 40960 MiB
2026/09/22 19:11:36.428, 0, NVIDIA A100-SXM4-40GB, 0 %, 1 MiB, 40960 MiB
2026/09/22 19:11:41.428, 0, NVIDIA A100-SXM4-40GB, 0 %, 1 MiB, 40960 MiB
2026/09/22 19:11:46.429, 0, NVIDIA A100-SXM4-40GB, 0 %, 1 MiB, 40960 MiB
2026/09/22 19:11:51.430, 0, NVIDIA A100-SXM4-40GB, 0 %, 1 MiB, 40960 MiB
2026/09/22 19:11:56.431, 0, NVIDIA A100-SXM4-40GB, 0 %, 523 MiB, 40960 MiB
2026/09/22 19:12:01.431, 0, NVIDIA A100-SXM4-40GB, 1 %, 661 MiB, 40960 MiB
2026/09/22 19:12:06.432, 0, NVIDIA A100-SXM4-40GB, 0 %, 661 MiB, 40960 MiB
{"phase": "boundary_pairwise_training", "updates_completed": 128, "updates_total": 1000}
2026/09/22 19:12:11.433, 0, NVIDIA A100-SXM4-40GB, 40 %, 679 MiB, 40960 MiB
{"phase": "boundary_pairwise_training", "updates_completed": 256, "updates_total": 1000}
{"phase": "boundary_pairwise_training", "updates_completed": 384, "updates_total": 1000}
{"phase": "boundary_pairwise_training", "updates_completed": 512, "updates_total": 1000}
2026/09/22 19:12:16.435, 0, NVIDIA A100-SXM4-40GB, 40 %, 681 MiB, 40960 MiB
{"phase": "boundary_pairwise_training", "updates_completed": 640, "updates_total": 1000}
{"phase": "boundary_pairwise_training", "updates_completed": 768, "updates_total": 1000}
{"phase": "boundary_pairwise_training", "updates_completed": 896, "updates_total": 1000}
2026/09/22 19:12:21.436, 0, NVIDIA A100-SXM4-40GB, 16 %, 681 MiB, 40960 MiB
2026/09/22 19:12:26.437, 0, NVIDIA A100-SXM4-40GB, 0 %, 681 MiB, 40960 MiB
2026/09/22 19:12:31.438, 0, NVIDIA A100-SXM4-40GB, 0 %, 681 MiB, 40960 MiB
2026/09/22 19:12:36.439, 0, NVIDIA A100-SXM4-40GB, 0 %, 683 MiB, 40960 MiB
2026/09/22 19:12:41.440, 0, NVIDIA A100-SXM4-40GB, 1 %, 683 MiB, 40960 MiB
{"phase": "fresh_cem_collection", "blocks_completed": 8, "blocks_total": 48}
2026/09/22 19:12:46.442, 0, NVIDIA A100-SXM4-40GB, 64 %, 685 MiB, 40960 MiB
{"phase": "fresh_cem_collection", "blocks_completed": 16, "blocks_total": 48}
{"phase": "fresh_cem_collection", "blocks_completed": 24, "blocks_total": 48}
{"phase": "fresh_cem_collection", "blocks_completed": 32, "blocks_total": 48}
{"phase": "fresh_cem_collection", "blocks_completed": 40, "blocks_total": 48}
{"phase": "fresh_cem_collection", "blocks_completed": 48, "blocks_total": 48}
2026/09/22 19:12:51.442, 0, NVIDIA A100-SXM4-40GB, 58 %, 685 MiB, 40960 MiB
2026/09/22 19:12:56.443, 0, NVIDIA A100-SXM4-40GB, 33 %, 685 MiB, 40960 MiB
{"status": "COMPLETE", "gates": {"status": "FAIL", "conditions": {"primary_median_delta_le_threshold": false, "primary_strictly_improved_episodes_min": false, "each_round_episode_median_delta_le_zero": false, "forgetting_median_delta_le_threshold": true, "forgetting_no_episode_above_threshold": true, "finite": true}, "primary_episode_deltas": {"2347": 0.13386061787605286, "4453": -0.3357955515384674, "6110": 0.08244116604328156, "11044": 0.11465340852737427, "13208": 0.09593003988265991, "13379": 0.5097878277301788, "13906": -0.017159581184387207, "14916": -0.2144458293914795}, "primary_median_delta": 0.08918560296297073, "strictly_improved_episodes": 3, "per_round_episode_deltas": {"10": {"2347": 0.15915228426456451, "4453": -0.3099463880062103, "6110": 0.09209814667701721, "11044": 0.04188054800033569, "13208": -0.4166586995124817, "13379": 0.4005381762981415, "13906": 0.22143757343292236, "14916": 0.02877676486968994}, "20": {"2347": 0.13669724762439728, "4453": -0.23013228178024292, "6110": 0.016068637371063232, "11044": 0.11465340852737427, "13208": 0.17000293731689453, "13379": 0.4041564464569092, "13906": -0.26963281631469727, "14916": -0.14959758520126343}, "30": {"2347": 0.14284902811050415, "4453": -0.2881508469581604, "6110": 0.07100091874599457, "11044": 0.05990821123123169, "13208": 0.34935545921325684, "13379": 0.27228331565856934, "13906": 0.033020853996276855, "14916": -0.014940261840820312}}, "per_round_median_delta": {"10": 0.06698934733867645, "20": 0.06536102294921875, "30": 0.06545456498861313}, "forgetting_episode_deltas": {"2347": 0.07624498754739761, "4453": 0.006349459290504456, "6110": -0.03301794081926346, "11044": -0.12377110123634338, "13208": -0.04633767157793045, "13379": 0.006795898079872131, "13906": 0.1259118765592575, "14916": -0.1638842076063156}, "forgetting_median_delta": -0.013334240764379501, "forgetting_max_episode_delta": 0.1259118765592575, "paired_unit": "episode; primary median over 18 nested CEM blocks per episode"}, "output": "/scratch/users/ntu/yguo017/dino-wm-wall/meeting-ready/02-horizon-weighted-recurrent-student/lewm-transfer/cem-boundary-ranking/artifacts/25263388.pbs101/cem_boundary_ranking_summary.json"}
2026/09/22 19:13:01.444, 0, NVIDIA A100-SXM4-40GB, 0 %, 685 MiB, 40960 MiB
2026/09/22 19:13:06.444, 0, NVIDIA A100-SXM4-40GB, 0 %, 685 MiB, 40960 MiB
2026/09/22 19:13:11.445, 0, NVIDIA A100-SXM4-40GB, 0 %, 685 MiB, 40960 MiB
2026/09/22 19:13:16.446, 0, NVIDIA A100-SXM4-40GB, 0 %, 685 MiB, 40960 MiB
