cuda_device_count=1
cuda_device_name=NVIDIA A100-SXM4-40GB
timestamp, index, name, utilization.gpu [%], memory.used [MiB], memory.total [MiB]
2026/09/21 18:45:10.730, 0, NVIDIA A100-SXM4-40GB, 0 %, 1 MiB, 40960 MiB
Gym has been unmaintained since 2022 and does not support NumPy 2.0 amongst other critical functionality.
Please upgrade to Gymnasium, the maintained drop-in replacement of Gym, or contact the authors of your software and request that they upgrade.
See the migration guide at https://gymnasium.farama.org/introduction/migration_guide/ for additional information.
/var/tmp/pbs.24910110.pbs101/dino-pusht-student-cem-multifidelity-24910110.pbs101/runtime/venv/lib/python3.11/site-packages/wandb/util.py:118: SentryHubDeprecationWarning: `sentry_sdk.Hub` is deprecated and will be removed in a future major release. Please consult our 1.x to 2.x migration guide for details on how to migrate `Hub` usage to the new API: https://docs.sentry.io/platforms/python/migration/1.x-to-2.x
  sentry_hub = sentry_sdk.Hub(sentry_client)
/var/tmp/pbs.24910110.pbs101/dino-pusht-student-cem-multifidelity-24910110.pbs101/runtime/venv/lib/python3.11/site-packages/wandb/sdk/internal/internal_api.py:30: DeprecationWarning: pkg_resources is deprecated as an API. See https://setuptools.pypa.io/en/latest/pkg_resources.html
  from pkg_resources import parse_version
/var/tmp/pbs.24910110.pbs101/dino-pusht-student-cem-multifidelity-24910110.pbs101/runtime/venv/lib/python3.11/site-packages/pkg_resources/__init__.py:2825: DeprecationWarning: Deprecated call to `pkg_resources.declare_namespace('mpl_toolkits')`.
Implementing implicit namespace packages (as specified in PEP 420) is preferred to `pkg_resources.declare_namespace`. See https://setuptools.pypa.io/en/latest/references/keywords.html#keyword-namespace-packages
  declare_namespace(pkg)
/var/tmp/pbs.24910110.pbs101/dino-pusht-student-cem-multifidelity-24910110.pbs101/runtime/venv/lib/python3.11/site-packages/pkg_resources/__init__.py:2825: DeprecationWarning: Deprecated call to `pkg_resources.declare_namespace('google')`.
Implementing implicit namespace packages (as specified in PEP 420) is preferred to `pkg_resources.declare_namespace`. See https://setuptools.pypa.io/en/latest/references/keywords.html#keyword-namespace-packages
  declare_namespace(pkg)
/scratch/users/ntu/yguo017/dino-wm-wall/source/custom_resolvers.py:4: UserWarning: 
The version_base parameter is not specified.
Please specify a compatability version level, or None.
Will assume defaults for version 1.1
  @hydra.main(config_path=None)
Loaded 18685 rollouts
Loaded 21 rollouts
Resuming from epoch 2: /scratch/users/ntu/yguo017/dino-wm-wall/checkpoints/outputs/pusht/checkpoints/model_latest.pth
Using cache found in /var/tmp/pbs.24910110.pbs101/dino-pusht-student-cem-multifidelity-24910110.pbs101/runtime/torch/hub/facebookresearch_dinov2_7764ea0f912e53c92e82eb78a2a1631e92725fc8
num_action_repeat: 1
num_proprio_repeat: 1
proprio encoder: ProprioceptiveEmbedding(
  (patch_embed): Conv1d(4, 10, kernel_size=(1,), stride=(1,))
)
action encoder: ProprioceptiveEmbedding(
  (patch_embed): Conv1d(10, 10, kernel_size=(1,), stride=(1,))
)
proprio_dim: 10, after repeat: 10
action_dim: 10, after repeat: 10
emb_dim: 404
Model emb_dim:  404
2026/09/21 18:45:40.733, 0, NVIDIA A100-SXM4-40GB, 100 %, 23653 MiB, 40960 MiB
2026/09/21 18:46:10.735, 0, NVIDIA A100-SXM4-40GB, 100 %, 23653 MiB, 40960 MiB
2026/09/21 18:46:40.737, 0, NVIDIA A100-SXM4-40GB, 100 %, 23653 MiB, 40960 MiB
2026/09/21 18:47:10.740, 0, NVIDIA A100-SXM4-40GB, 100 %, 23655 MiB, 40960 MiB
2026/09/21 18:47:40.742, 0, NVIDIA A100-SXM4-40GB, 100 %, 23655 MiB, 40960 MiB
2026/09/21 18:48:10.745, 0, NVIDIA A100-SXM4-40GB, 100 %, 23655 MiB, 40960 MiB
2026/09/21 18:48:40.747, 0, NVIDIA A100-SXM4-40GB, 100 %, 23655 MiB, 40960 MiB
{"case_index": 0, "eval_seed": 1, "completed": true}
2026/09/21 18:49:10.749, 0, NVIDIA A100-SXM4-40GB, 100 %, 23655 MiB, 40960 MiB
2026/09/21 18:49:40.752, 0, NVIDIA A100-SXM4-40GB, 100 %, 23655 MiB, 40960 MiB
2026/09/21 18:50:10.754, 0, NVIDIA A100-SXM4-40GB, 100 %, 23655 MiB, 40960 MiB
2026/09/21 18:50:40.757, 0, NVIDIA A100-SXM4-40GB, 100 %, 23655 MiB, 40960 MiB
2026/09/21 18:51:10.759, 0, NVIDIA A100-SXM4-40GB, 100 %, 23655 MiB, 40960 MiB
2026/09/21 18:51:40.762, 0, NVIDIA A100-SXM4-40GB, 100 %, 23655 MiB, 40960 MiB
2026/09/21 18:52:10.764, 0, NVIDIA A100-SXM4-40GB, 100 %, 23655 MiB, 40960 MiB
{"case_index": 1, "eval_seed": 100, "completed": true}
2026/09/21 18:52:40.767, 0, NVIDIA A100-SXM4-40GB, 100 %, 23655 MiB, 40960 MiB
2026/09/21 18:53:10.769, 0, NVIDIA A100-SXM4-40GB, 100 %, 23655 MiB, 40960 MiB
2026/09/21 18:53:40.772, 0, NVIDIA A100-SXM4-40GB, 100 %, 23655 MiB, 40960 MiB
2026/09/21 18:54:10.774, 0, NVIDIA A100-SXM4-40GB, 100 %, 23655 MiB, 40960 MiB
2026/09/21 18:54:40.777, 0, NVIDIA A100-SXM4-40GB, 100 %, 23655 MiB, 40960 MiB
2026/09/21 18:55:10.779, 0, NVIDIA A100-SXM4-40GB, 100 %, 23655 MiB, 40960 MiB
2026/09/21 18:55:40.782, 0, NVIDIA A100-SXM4-40GB, 100 %, 23655 MiB, 40960 MiB
{"case_index": 2, "eval_seed": 199, "completed": true}
2026/09/21 18:56:10.784, 0, NVIDIA A100-SXM4-40GB, 100 %, 23655 MiB, 40960 MiB
2026/09/21 18:56:40.786, 0, NVIDIA A100-SXM4-40GB, 100 %, 23655 MiB, 40960 MiB
2026/09/21 18:57:10.789, 0, NVIDIA A100-SXM4-40GB, 100 %, 23655 MiB, 40960 MiB
2026/09/21 18:57:40.791, 0, NVIDIA A100-SXM4-40GB, 100 %, 23655 MiB, 40960 MiB
2026/09/21 18:58:10.793, 0, NVIDIA A100-SXM4-40GB, 100 %, 23655 MiB, 40960 MiB
2026/09/21 18:58:40.796, 0, NVIDIA A100-SXM4-40GB, 100 %, 23655 MiB, 40960 MiB
2026/09/21 18:59:10.798, 0, NVIDIA A100-SXM4-40GB, 100 %, 23655 MiB, 40960 MiB
{"case_index": 4, "eval_seed": 397, "completed": true}
2026/09/21 18:59:40.801, 0, NVIDIA A100-SXM4-40GB, 100 %, 23655 MiB, 40960 MiB
2026/09/21 19:00:10.803, 0, NVIDIA A100-SXM4-40GB, 100 %, 23655 MiB, 40960 MiB
2026/09/21 19:00:40.805, 0, NVIDIA A100-SXM4-40GB, 100 %, 23655 MiB, 40960 MiB
2026/09/21 19:01:10.808, 0, NVIDIA A100-SXM4-40GB, 100 %, 23655 MiB, 40960 MiB
2026/09/21 19:01:40.810, 0, NVIDIA A100-SXM4-40GB, 100 %, 23655 MiB, 40960 MiB
2026/09/21 19:02:10.813, 0, NVIDIA A100-SXM4-40GB, 100 %, 23655 MiB, 40960 MiB
2026/09/21 19:02:40.815, 0, NVIDIA A100-SXM4-40GB, 100 %, 23655 MiB, 40960 MiB
{"case_index": 5, "eval_seed": 496, "completed": true}
2026/09/21 19:03:10.817, 0, NVIDIA A100-SXM4-40GB, 100 %, 23655 MiB, 40960 MiB
2026/09/21 19:03:40.820, 0, NVIDIA A100-SXM4-40GB, 100 %, 23655 MiB, 40960 MiB
2026/09/21 19:04:10.822, 0, NVIDIA A100-SXM4-40GB, 100 %, 23655 MiB, 40960 MiB
2026/09/21 19:04:40.824, 0, NVIDIA A100-SXM4-40GB, 100 %, 23655 MiB, 40960 MiB
2026/09/21 19:05:10.827, 0, NVIDIA A100-SXM4-40GB, 99 %, 23655 MiB, 40960 MiB
2026/09/21 19:05:40.829, 0, NVIDIA A100-SXM4-40GB, 99 %, 23655 MiB, 40960 MiB
2026/09/21 19:06:10.831, 0, NVIDIA A100-SXM4-40GB, 100 %, 23655 MiB, 40960 MiB
{"case_index": 7, "eval_seed": 694, "completed": true}
{
  "output": "/scratch/users/ntu/yguo017/dino-wm-wall/artifacts/dino-pusht-student-cem-multifidelity-24910110.pbs101",
  "arms": [
    "teacher_full",
    "student_only",
    "student_prefilter_teacher_m060",
    "student_prefilter_teacher_m120"
  ]
}
