LEWM_DELTA_JOB=24844057.pbs101
HOST=x1000c2s3b0n0
NVIDIA A100-SXM4-40GB, 40960 MiB
timestamp, index, utilization.gpu [%], memory.used [MiB], memory.total [MiB]
2026/09/21 13:05:07.577, 0, 0 %, 1 MiB, 40960 MiB
/scratch/users/ntu/yguo017/lewm-pusht-iteration/venv/lib64/python3.11/site-packages/stable_worldmodel/envs/__init__.py:215: UserWarning: ale-py not found; ALE/* envs are unavailable. Install with: pip install 'stable-worldmodel[env]' or pip install ale-py.
  from stable_worldmodel.envs import ale  # noqa: F401
/scratch/users/ntu/yguo017/lewm-pusht-iteration/venv/lib64/python3.11/site-packages/gymnasium/spaces/box.py:415: UserWarning: [33mWARN: Casting input x to numpy array.[0m
  gym.logger.warn("Casting input x to numpy array.")
CEM solve time: 0.9013 seconds
CEM solve time: 0.9771 seconds
CEM solve time: 0.9407 seconds
CEM solve time: 0.9449 seconds
CEM solve time: 0.8403 seconds
CEM solve time: 0.9598 seconds
CEM solve time: 0.9410 seconds
CEM solve time: 0.9458 seconds
CEM solve time: 0.8416 seconds
CEM solve time: 0.9586 seconds
2026/09/21 13:05:37.581, 0, 73 %, 639 MiB, 40960 MiB
CEM solve time: 0.9394 seconds
CEM solve time: 0.9435 seconds
CEM solve time: 0.8402 seconds
CEM solve time: 0.9593 seconds
CEM solve time: 0.9392 seconds
CEM solve time: 0.9466 seconds
{"status": "COMPLETE", "output": "/scratch/users/ntu/yguo017/dino-wm-wall/meeting-ready/03-lewm-latent-delta-oracle/artifacts/24844057.pbs101/summary.json", "full_rank_exact": true, "selected_cem_ranks": [64, 96]}
