job_id=25549800.pbs101
host=x1000c1s7b0n1
runner=/scratch/users/ntu/yguo017/dino-wm-wall/meeting-ready/02-horizon-weighted-recurrent-student/lewm-transfer/fresh-cost-error-diagnostic/runner.py
freeze=/scratch/users/ntu/yguo017/dino-wm-wall/meeting-ready/02-horizon-weighted-recurrent-student/lewm-transfer/fresh-cost-error-diagnostic/FREEZE.json
NVIDIA A100-SXM4-40GB, 40960 MiB
timestamp, index, name, utilization.gpu [%], memory.used [MiB], memory.total [MiB]
2026/09/25 21:04:34.342, 0, NVIDIA A100-SXM4-40GB, 0 %, 1 MiB, 40960 MiB
2026/09/25 21:04:39.345, 0, NVIDIA A100-SXM4-40GB, 0 %, 1 MiB, 40960 MiB
2026/09/25 21:04:44.391, 0, NVIDIA A100-SXM4-40GB, 0 %, 1 MiB, 40960 MiB
2026/09/25 21:04:49.505, 0, NVIDIA A100-SXM4-40GB, 0 %, 1 MiB, 40960 MiB
2026/09/25 21:04:54.506, 0, NVIDIA A100-SXM4-40GB, 0 %, 1 MiB, 40960 MiB
2026/09/25 21:04:59.506, 0, NVIDIA A100-SXM4-40GB, 0 %, 1 MiB, 40960 MiB
2026/09/25 21:05:04.507, 0, NVIDIA A100-SXM4-40GB, 0 %, 1 MiB, 40960 MiB
2026/09/25 21:05:09.508, 0, NVIDIA A100-SXM4-40GB, 0 %, 1 MiB, 40960 MiB
2026/09/25 21:05:14.509, 0, NVIDIA A100-SXM4-40GB, 0 %, 1 MiB, 40960 MiB
2026/09/25 21:05:19.519, 0, NVIDIA A100-SXM4-40GB, 0 %, 1 MiB, 40960 MiB
2026/09/25 21:05:24.520, 0, NVIDIA A100-SXM4-40GB, 0 %, 1 MiB, 40960 MiB
2026/09/25 21:05:29.521, 0, NVIDIA A100-SXM4-40GB, 0 %, 1 MiB, 40960 MiB
2026/09/25 21:05:34.521, 0, NVIDIA A100-SXM4-40GB, 0 %, 1 MiB, 40960 MiB
2026/09/25 21:05:39.523, 0, NVIDIA A100-SXM4-40GB, 0 %, 1 MiB, 40960 MiB
2026/09/25 21:05:44.524, 0, NVIDIA A100-SXM4-40GB, 0 %, 1 MiB, 40960 MiB
fresh cost-error decomposition self-check: PASS
2026/09/25 21:05:49.545, 0, NVIDIA A100-SXM4-40GB, 0 %, 1 MiB, 40960 MiB
2026/09/25 21:05:54.546, 0, NVIDIA A100-SXM4-40GB, 0 %, 1 MiB, 40960 MiB
2026/09/25 21:05:59.547, 0, NVIDIA A100-SXM4-40GB, 0 %, 1 MiB, 40960 MiB
2026/09/25 21:06:04.547, 0, NVIDIA A100-SXM4-40GB, 0 %, 1 MiB, 40960 MiB
2026/09/25 21:06:09.548, 0, NVIDIA A100-SXM4-40GB, 0 %, 1 MiB, 40960 MiB
2026/09/25 21:06:14.549, 0, NVIDIA A100-SXM4-40GB, 0 %, 1 MiB, 40960 MiB
2026/09/25 21:06:19.550, 0, NVIDIA A100-SXM4-40GB, 0 %, 1 MiB, 40960 MiB
2026/09/25 21:06:24.550, 0, NVIDIA A100-SXM4-40GB, 0 %, 1 MiB, 40960 MiB
2026/09/25 21:06:29.551, 0, NVIDIA A100-SXM4-40GB, 0 %, 1 MiB, 40960 MiB
2026/09/25 21:06:34.552, 0, NVIDIA A100-SXM4-40GB, 0 %, 1 MiB, 40960 MiB
2026/09/25 21:06:39.554, 0, NVIDIA A100-SXM4-40GB, 0 %, 1 MiB, 40960 MiB
2026/09/25 21:06:44.554, 0, NVIDIA A100-SXM4-40GB, 0 %, 1 MiB, 40960 MiB
2026/09/25 21:06:49.555, 0, NVIDIA A100-SXM4-40GB, 0 %, 1 MiB, 40960 MiB
2026/09/25 21:06:54.555, 0, NVIDIA A100-SXM4-40GB, 0 %, 1 MiB, 40960 MiB
2026/09/25 21:06:59.556, 0, NVIDIA A100-SXM4-40GB, 0 %, 1 MiB, 40960 MiB
2026/09/25 21:07:04.557, 0, NVIDIA A100-SXM4-40GB, 0 %, 1 MiB, 40960 MiB
2026/09/25 21:07:09.557, 0, NVIDIA A100-SXM4-40GB, 0 %, 1 MiB, 40960 MiB
2026/09/25 21:07:14.558, 0, NVIDIA A100-SXM4-40GB, 0 %, 1 MiB, 40960 MiB
2026/09/25 21:07:19.559, 0, NVIDIA A100-SXM4-40GB, 0 %, 1 MiB, 40960 MiB
2026/09/25 21:07:24.559, 0, NVIDIA A100-SXM4-40GB, 0 %, 1 MiB, 40960 MiB
2026/09/25 21:07:29.560, 0, NVIDIA A100-SXM4-40GB, 0 %, 1 MiB, 40960 MiB
2026/09/25 21:07:34.562, 0, NVIDIA A100-SXM4-40GB, 0 %, 1 MiB, 40960 MiB
2026/09/25 21:07:39.563, 0, NVIDIA A100-SXM4-40GB, 0 %, 1 MiB, 40960 MiB
2026/09/25 21:07:44.563, 0, NVIDIA A100-SXM4-40GB, 0 %, 1 MiB, 40960 MiB
2026/09/25 21:07:49.564, 0, NVIDIA A100-SXM4-40GB, 0 %, 1 MiB, 40960 MiB
2026/09/25 21:07:54.564, 0, NVIDIA A100-SXM4-40GB, 0 %, 499 MiB, 40960 MiB
2026/09/25 21:07:59.565, 0, NVIDIA A100-SXM4-40GB, 0 %, 581 MiB, 40960 MiB
2026/09/25 21:08:04.566, 0, NVIDIA A100-SXM4-40GB, 0 %, 581 MiB, 40960 MiB
2026/09/25 21:08:09.567, 0, NVIDIA A100-SXM4-40GB, 0 %, 611 MiB, 40960 MiB
2026/09/25 21:08:14.567, 0, NVIDIA A100-SXM4-40GB, 0 %, 611 MiB, 40960 MiB
2026/09/25 21:08:19.568, 0, NVIDIA A100-SXM4-40GB, 0 %, 611 MiB, 40960 MiB
2026/09/25 21:08:27.128, 0, NVIDIA A100-SXM4-40GB, 40 %, 639 MiB, 40960 MiB
2026/09/25 21:08:32.637, 0, NVIDIA A100-SXM4-40GB, 0 %, 639 MiB, 40960 MiB
wrote /scratch/users/ntu/yguo017/dino-wm-wall/meeting-ready/02-horizon-weighted-recurrent-student/lewm-transfer/fresh-cost-error-diagnostic/artifacts/25549800.pbs101/fresh_cost_error_diagnostic_summary.json; 48 fresh banks x two arms; previous-bank metrics aligned
2026/09/25 21:08:37.638, 0, NVIDIA A100-SXM4-40GB, 47 %, 609 MiB, 40960 MiB
2026/09/25 21:08:42.639, 0, NVIDIA A100-SXM4-40GB, 0 %, 609 MiB, 40960 MiB
2026/09/25 21:08:47.639, 0, NVIDIA A100-SXM4-40GB, 0 %, 609 MiB, 40960 MiB
RUNNER_EXIT_STATUS=0
