timestamp, index, name, utilization.gpu [%], memory.used [MiB], memory.total [MiB]
2026/09/22 22:59:35.505, 0, NVIDIA A100-SXM4-40GB, 0 %, 1 MiB, 40960 MiB
2026/09/22 22:59:40.507, 0, NVIDIA A100-SXM4-40GB, 0 %, 1 MiB, 40960 MiB
2026/09/22 22:59:45.507, 0, NVIDIA A100-SXM4-40GB, 0 %, 1 MiB, 40960 MiB
2026/09/22 22:59:50.508, 0, NVIDIA A100-SXM4-40GB, 0 %, 1 MiB, 40960 MiB
2026/09/22 22:59:55.509, 0, NVIDIA A100-SXM4-40GB, 0 %, 1 MiB, 40960 MiB
2026/09/22 23:00:00.509, 0, NVIDIA A100-SXM4-40GB, 0 %, 1 MiB, 40960 MiB
2026/09/22 23:00:05.510, 0, NVIDIA A100-SXM4-40GB, 0 %, 1 MiB, 40960 MiB
2026/09/22 23:00:10.511, 0, NVIDIA A100-SXM4-40GB, 0 %, 1 MiB, 40960 MiB
2026/09/22 23:00:15.511, 0, NVIDIA A100-SXM4-40GB, 0 %, 1 MiB, 40960 MiB
2026/09/22 23:00:20.512, 0, NVIDIA A100-SXM4-40GB, 0 %, 1 MiB, 40960 MiB
2026/09/22 23:00:25.513, 0, NVIDIA A100-SXM4-40GB, 0 %, 1 MiB, 40960 MiB
2026/09/22 23:00:30.514, 0, NVIDIA A100-SXM4-40GB, 0 %, 1 MiB, 40960 MiB
2026/09/22 23:00:35.672, 0, NVIDIA A100-SXM4-40GB, 0 %, 1 MiB, 40960 MiB
2026/09/22 23:00:40.673, 0, NVIDIA A100-SXM4-40GB, 0 %, 1 MiB, 40960 MiB
2026/09/22 23:00:45.674, 0, NVIDIA A100-SXM4-40GB, 0 %, 1 MiB, 40960 MiB
2026/09/22 23:00:50.675, 0, NVIDIA A100-SXM4-40GB, 0 %, 1 MiB, 40960 MiB
2026/09/22 23:00:55.676, 0, NVIDIA A100-SXM4-40GB, 0 %, 1 MiB, 40960 MiB
2026/09/22 23:01:00.677, 0, NVIDIA A100-SXM4-40GB, 0 %, 1 MiB, 40960 MiB
2026/09/22 23:01:05.677, 0, NVIDIA A100-SXM4-40GB, 0 %, 1 MiB, 40960 MiB
2026/09/22 23:01:10.678, 0, NVIDIA A100-SXM4-40GB, 0 %, 1 MiB, 40960 MiB
2026/09/22 23:01:15.679, 0, NVIDIA A100-SXM4-40GB, 0 %, 1 MiB, 40960 MiB
2026/09/22 23:01:20.681, 0, NVIDIA A100-SXM4-40GB, 0 %, 1 MiB, 40960 MiB
2026/09/22 23:01:25.682, 0, NVIDIA A100-SXM4-40GB, 0 %, 1 MiB, 40960 MiB
2026/09/22 23:01:30.682, 0, NVIDIA A100-SXM4-40GB, 0 %, 1 MiB, 40960 MiB
2026/09/22 23:01:35.684, 0, NVIDIA A100-SXM4-40GB, 0 %, 1 MiB, 40960 MiB
2026/09/22 23:01:40.684, 0, NVIDIA A100-SXM4-40GB, 0 %, 1 MiB, 40960 MiB
2026/09/22 23:01:45.685, 0, NVIDIA A100-SXM4-40GB, 0 %, 1 MiB, 40960 MiB
2026/09/22 23:01:50.686, 0, NVIDIA A100-SXM4-40GB, 0 %, 1 MiB, 40960 MiB
2026/09/22 23:01:55.686, 0, NVIDIA A100-SXM4-40GB, 0 %, 1 MiB, 40960 MiB
2026/09/22 23:02:00.687, 0, NVIDIA A100-SXM4-40GB, 0 %, 1 MiB, 40960 MiB
2026/09/22 23:02:05.688, 0, NVIDIA A100-SXM4-40GB, 0 %, 499 MiB, 40960 MiB
TRAIN_START B1_dense
2026/09/22 23:02:10.688, 0, NVIDIA A100-SXM4-40GB, 0 %, 597 MiB, 40960 MiB
2026/09/22 23:02:15.689, 0, NVIDIA A100-SXM4-40GB, 0 %, 643 MiB, 40960 MiB
TRAIN_DONE B1_dense
TRAIN_START B2_r32
2026/09/22 23:02:20.690, 0, NVIDIA A100-SXM4-40GB, 31 %, 645 MiB, 40960 MiB
TRAIN_DONE B2_r32
TRAIN_START B3_r32
2026/09/22 23:02:25.690, 0, NVIDIA A100-SXM4-40GB, 40 %, 805 MiB, 40960 MiB
TRAIN_DONE B3_r32
TRAIN_START B2_r96
2026/09/22 23:02:30.692, 0, NVIDIA A100-SXM4-40GB, 32 %, 811 MiB, 40960 MiB
TRAIN_DONE B2_r96
TRAIN_START B3_r96
2026/09/22 23:02:35.692, 0, NVIDIA A100-SXM4-40GB, 60 %, 1271 MiB, 40960 MiB
TRAIN_DONE B3_r96
TRAIN_START B2_r192
2026/09/22 23:02:40.693, 0, NVIDIA A100-SXM4-40GB, 36 %, 1277 MiB, 40960 MiB
TRAIN_DONE B2_r192
TRAIN_START B3_r192
2026/09/22 23:02:45.694, 0, NVIDIA A100-SXM4-40GB, 78 %, 2189 MiB, 40960 MiB
TRAIN_DONE B3_r192
2026/09/22 23:02:50.694, 0, NVIDIA A100-SXM4-40GB, 0 %, 2189 MiB, 40960 MiB
2026/09/22 23:02:55.695, 0, NVIDIA A100-SXM4-40GB, 0 %, 2191 MiB, 40960 MiB
2026/09/22 23:03:00.696, 0, NVIDIA A100-SXM4-40GB, 0 %, 2191 MiB, 40960 MiB
2026/09/22 23:03:05.697, 0, NVIDIA A100-SXM4-40GB, 14 %, 2191 MiB, 40960 MiB
2026/09/22 23:03:10.697, 0, NVIDIA A100-SXM4-40GB, 2 %, 2193 MiB, 40960 MiB
2026/09/22 23:03:15.699, 0, NVIDIA A100-SXM4-40GB, 89 %, 2193 MiB, 40960 MiB
2026/09/22 23:03:20.701, 0, NVIDIA A100-SXM4-40GB, 83 %, 2193 MiB, 40960 MiB
2026/09/22 23:03:25.702, 0, NVIDIA A100-SXM4-40GB, 91 %, 2193 MiB, 40960 MiB
2026/09/22 23:03:30.982, 0, NVIDIA A100-SXM4-40GB, 90 %, 2193 MiB, 40960 MiB
2026/09/22 23:03:35.983, 0, NVIDIA A100-SXM4-40GB, 91 %, 2193 MiB, 40960 MiB
2026/09/22 23:03:40.984, 0, NVIDIA A100-SXM4-40GB, 83 %, 2193 MiB, 40960 MiB
2026/09/22 23:03:45.985, 0, NVIDIA A100-SXM4-40GB, 71 %, 2193 MiB, 40960 MiB
2026/09/22 23:03:50.986, 0, NVIDIA A100-SXM4-40GB, 90 %, 2193 MiB, 40960 MiB
{"status": "PREDICTOR_LEVEL_COMPLETE", "verdict": "NO-GO", "selected_rank": 192}
2026/09/22 23:03:55.987, 0, NVIDIA A100-SXM4-40GB, 0 %, 2193 MiB, 40960 MiB
2026/09/22 23:04:00.989, 0, NVIDIA A100-SXM4-40GB, 0 %, 2193 MiB, 40960 MiB
2026/09/22 23:04:05.991, 0, NVIDIA A100-SXM4-40GB, 0 %, 2193 MiB, 40960 MiB
2026/09/22 23:04:10.992, 0, NVIDIA A100-SXM4-40GB, 0 %, 2193 MiB, 40960 MiB
