timestamp, index, name, utilization.gpu [%], memory.used [MiB], memory.total [MiB]
2026/09/26 23:16:10.518, 0, NVIDIA A100-SXM4-40GB, 0 %, 1 MiB, 40960 MiB
2026/09/26 23:16:15.520, 0, NVIDIA A100-SXM4-40GB, 0 %, 1 MiB, 40960 MiB
2026/09/26 23:16:20.521, 0, NVIDIA A100-SXM4-40GB, 0 %, 1 MiB, 40960 MiB
2026/09/26 23:16:25.914, 0, NVIDIA A100-SXM4-40GB, 0 %, 1 MiB, 40960 MiB
2026/09/26 23:16:30.914, 0, NVIDIA A100-SXM4-40GB, 0 %, 1 MiB, 40960 MiB
2026/09/26 23:16:35.915, 0, NVIDIA A100-SXM4-40GB, 0 %, 1 MiB, 40960 MiB
2026/09/26 23:16:40.916, 0, NVIDIA A100-SXM4-40GB, 0 %, 1 MiB, 40960 MiB
2026/09/26 23:16:45.916, 0, NVIDIA A100-SXM4-40GB, 0 %, 1 MiB, 40960 MiB
2026/09/26 23:16:50.917, 0, NVIDIA A100-SXM4-40GB, 0 %, 1 MiB, 40960 MiB
2026/09/26 23:16:55.918, 0, NVIDIA A100-SXM4-40GB, 0 %, 1 MiB, 40960 MiB
2026/09/26 23:17:00.918, 0, NVIDIA A100-SXM4-40GB, 0 %, 1 MiB, 40960 MiB
2026/09/26 23:17:05.920, 0, NVIDIA A100-SXM4-40GB, 0 %, 1 MiB, 40960 MiB
2026/09/26 23:17:10.921, 0, NVIDIA A100-SXM4-40GB, 0 %, 1 MiB, 40960 MiB
2026/09/26 23:17:15.921, 0, NVIDIA A100-SXM4-40GB, 0 %, 1 MiB, 40960 MiB
2026/09/26 23:17:20.922, 0, NVIDIA A100-SXM4-40GB, 0 %, 1 MiB, 40960 MiB
2026/09/26 23:17:25.923, 0, NVIDIA A100-SXM4-40GB, 0 %, 1 MiB, 40960 MiB
2026/09/26 23:17:30.923, 0, NVIDIA A100-SXM4-40GB, 0 %, 1 MiB, 40960 MiB
2026/09/26 23:17:35.924, 0, NVIDIA A100-SXM4-40GB, 0 %, 5 MiB, 40960 MiB
2026/09/26 23:17:40.925, 0, NVIDIA A100-SXM4-40GB, 0 %, 5 MiB, 40960 MiB
2026/09/26 23:17:45.926, 0, NVIDIA A100-SXM4-40GB, 0 %, 5 MiB, 40960 MiB
2026/09/26 23:17:50.928, 0, NVIDIA A100-SXM4-40GB, 0 %, 5 MiB, 40960 MiB
2026/09/26 23:17:55.933, 0, NVIDIA A100-SXM4-40GB, 0 %, 5 MiB, 40960 MiB
2026/09/26 23:18:00.935, 0, NVIDIA A100-SXM4-40GB, 0 %, 5 MiB, 40960 MiB
2026/09/26 23:18:05.935, 0, NVIDIA A100-SXM4-40GB, 0 %, 5 MiB, 40960 MiB
2026/09/26 23:18:10.938, 0, NVIDIA A100-SXM4-40GB, 0 %, 5 MiB, 40960 MiB
2026/09/26 23:18:15.939, 0, NVIDIA A100-SXM4-40GB, 0 %, 5 MiB, 40960 MiB
23:18:19 | INFO  | world.py    | 🌍🌍🌍 World swm/PushT-v1 initialized 🌍🌍🌍
23:18:19 | INFO  | world.py    | 🕹️ 🕹️ 🕹️ Action space 🕹️ 🕹️ 🕹️
23:18:19 | INFO  | world.py    | Box(-1.0, 1.0, (50, 2), float32)
23:18:19 | INFO  | world.py    | 👁️ 👁️ 👁️ Observation space 👁️ 👁️ 👁️
23:18:19 | INFO  | world.py    | Dict('proprio': Box(0.0, 512.0, (50, 4), float64), 'state': Box(0.0, [[512.         512.         512.         512.           6.28318531
  512.         512.        ]
 [512.         512.         512.         512.           6.28318531
  512.         512.        ]
 [512.         512.         512.         512.           6.28318531
  512.         512.        ]
 [512.         512.         512.         512.           6.28318531
  512.         512.        ]
 [512.         512.         512.         512.           6.28318531
  512.         512.        ]
 [512.         512.         512.         512.           6.28318531
  512.         512.        ]
 [512.         512.         512.         512.           6.28318531
  512.         512.        ]
 [512.         512.         512.         512.           6.28318531
  512.         512.        ]
 [512.         512.         512.         512.           6.28318531
  512.         512.        ]
 [512.         512.         512.         512.           6.28318531
  512.         512.        ]
 [512.         512.         512.         512.           6.28318531
  512.         512.        ]
 [512.         512.         512.         512.           6.28318531
  512.         512.        ]
 [512.         512.         512.         512.           6.28318531
  512.         512.        ]
 [512.         512.         512.         512.           6.28318531
  512.         512.        ]
 [512.         512.         512.         512.           6.28318531
  512.         512.        ]
 [512.         512.         512.         512.           6.28318531
  512.         512.        ]
 [512.         512.         512.         512.           6.28318531
  512.         512.        ]
 [512.         512.         512.         512.           6.28318531
  512.         512.        ]
 [512.         512.         512.         512.           6.28318531
  512.         512.        ]
 [512.         512.         512.         512.           6.28318531
  512.         512.        ]
 [512.         512.         512.         512.           6.28318531
  512.         512.        ]
 [512.         512.         512.         512.           6.28318531
  512.         512.        ]
 [512.         512.         512.         512.           6.28318531
  512.         512.        ]
 [512.         512.         512.         512.           6.28318531
  512.         512.        ]
 [512.         512.         512.         512.           6.28318531
  512.         512.        ]
 [512.         512.         512.         512.           6.28318531
  512.         512.        ]
 [512.         512.         512.         512.           6.28318531
  512.         512.        ]
 [512.         512.         512.         512.           6.28318531
  512.         512.        ]
 [512.         512.         512.         512.           6.28318531
  512.         512.        ]
 [512.         512.         512.         512.           6.28318531
  512.         512.        ]
 [512.         512.         512.         512.           6.28318531
  512.         512.        ]
 [512.         512.         512.         512.           6.28318531
  512.         512.        ]
 [512.         512.         512.         512.           6.28318531
  512.         512.        ]
 [512.         512.         512.         512.           6.28318531
  512.         512.        ]
 [512.         512.         512.         512.           6.28318531
  512.         512.        ]
 [512.         512.         512.         512.           6.28318531
  512.         512.        ]
 [512.         512.         512.         512.           6.28318531
  512.         512.        ]
 [512.         512.         512.         512.           6.28318531
  512.         512.        ]
 [512.         512.         512.         512.           6.28318531
  512.         512.        ]
 [512.         512.         512.         512.           6.28318531
  512.         512.        ]
 [512.         512.         512.         512.           6.28318531
  512.         512.        ]
 [512.         512.         512.         512.           6.28318531
  512.         512.        ]
 [512.         512.         512.         512.           6.28318531
  512.         512.        ]
 [512.         512.         512.         512.           6.28318531
  512.         512.        ]
 [512.         512.         512.         512.           6.28318531
  512.         512.        ]
 [512.         512.         512.         512.           6.28318531
  512.         512.        ]
 [512.         512.         512.         512.           6.28318531
  512.         512.        ]
 [512.         512.         512.         512.           6.28318531
  512.         512.        ]
 [512.         512.         512.         512.           6.28318531
  512.         512.        ]
 [512.         512.         512.         512.           6.28318531
  512.         512.        ]], (50, 7), float64))
23:18:19 | INFO  | world.py    | ⚗️ ⚗️ ⚗️ Variation space ⚗️ ⚗️ ⚗️
agent:
    angle: Box(-6.283185307179586, 6.283185307179586, (), float64)
    color: Box(0, 255, (3,), uint8)
    scale: Box(20.0, 60.0, (), float32)
    shape: Discrete(8)
    start_position: Box(50.0, 450.0, (2,), float64)
    velocity: Box(0.0, 512.0, (2,), float64)
background:
    color: Box(0, 255, (3,), uint8)
block:
    angle: Box(-6.283185307179586, 6.283185307179586, (), float64)
    color: Box(0, 255, (3,), uint8)
    scale: Box(20.0, 60.0, (), float32)
    shape: Discrete(7, start=1)
    start_position: Box(100.0, 400.0, (2,), float64)
goal:
    angle: Box(-6.283185307179586, 6.283185307179586, (), float64)
    color: Box(0, 255, (3,), uint8)
    position: Box(50.0, 450.0, (2,), float64)
    scale: Box(20.0, 60.0, (), float32)
rendering:
    render_goal: Discrete(2)
2026/09/26 23:18:20.940, 0, NVIDIA A100-SXM4-40GB, 0 %, 5 MiB, 40960 MiB
2026/09/26 23:18:25.941, 0, NVIDIA A100-SXM4-40GB, 0 %, 5 MiB, 40960 MiB
2026/09/26 23:18:30.942, 0, NVIDIA A100-SXM4-40GB, 0 %, 5 MiB, 40960 MiB
2026/09/26 23:18:35.943, 0, NVIDIA A100-SXM4-40GB, 0 %, 5 MiB, 40960 MiB
2026/09/26 23:18:40.944, 0, NVIDIA A100-SXM4-40GB, 0 %, 5 MiB, 40960 MiB
2026/09/26 23:18:45.944, 0, NVIDIA A100-SXM4-40GB, 0 %, 5 MiB, 40960 MiB
2026/09/26 23:18:50.945, 0, NVIDIA A100-SXM4-40GB, 0 %, 5 MiB, 40960 MiB
2026/09/26 23:18:55.946, 0, NVIDIA A100-SXM4-40GB, 0 %, 5 MiB, 40960 MiB
2026/09/26 23:19:00.947, 0, NVIDIA A100-SXM4-40GB, 0 %, 5 MiB, 40960 MiB
2026/09/26 23:19:05.949, 0, NVIDIA A100-SXM4-40GB, 0 %, 5 MiB, 40960 MiB
2026/09/26 23:19:10.950, 0, NVIDIA A100-SXM4-40GB, 0 %, 5 MiB, 40960 MiB
2026/09/26 23:19:15.950, 0, NVIDIA A100-SXM4-40GB, 0 %, 5 MiB, 40960 MiB
2026/09/26 23:19:20.951, 0, NVIDIA A100-SXM4-40GB, 0 %, 5 MiB, 40960 MiB
2026/09/26 23:19:25.952, 0, NVIDIA A100-SXM4-40GB, 0 %, 5 MiB, 40960 MiB
23:19:26 | INFO  | atomic_chec~| [atomic_save] installed crash-safe checkpoint plugin (write to sibling .tmp + fsync + atomic rename)
2026/09/26 23:19:30.952, 0, NVIDIA A100-SXM4-40GB, 0 %, 5 MiB, 40960 MiB
2026/09/26 23:19:35.953, 0, NVIDIA A100-SXM4-40GB, 0 %, 5 MiB, 40960 MiB
2026/09/26 23:19:40.953, 0, NVIDIA A100-SXM4-40GB, 0 %, 5 MiB, 40960 MiB
2026/09/26 23:19:45.954, 0, NVIDIA A100-SXM4-40GB, 0 %, 5 MiB, 40960 MiB
23:19:48 | INFO  | __init__.py | Cached 'action' from '/scratch/users/ntu/yguo017/fast-lewm-pusht-reproduction/artifacts/25569241.pbs101/cache/datasets/pusht_expert_train.h5'
2026/09/26 23:19:50.955, 0, NVIDIA A100-SXM4-40GB, 0 %, 5 MiB, 40960 MiB
2026/09/26 23:19:55.955, 0, NVIDIA A100-SXM4-40GB, 0 %, 5 MiB, 40960 MiB
2026/09/26 23:20:00.956, 0, NVIDIA A100-SXM4-40GB, 0 %, 5 MiB, 40960 MiB
2026/09/26 23:20:05.957, 0, NVIDIA A100-SXM4-40GB, 0 %, 5 MiB, 40960 MiB
23:20:10 | INFO  | __init__.py | Cached 'proprio' from '/scratch/users/ntu/yguo017/fast-lewm-pusht-reproduction/artifacts/25569241.pbs101/cache/datasets/pusht_expert_train.h5'
2026/09/26 23:20:10.957, 0, NVIDIA A100-SXM4-40GB, 0 %, 5 MiB, 40960 MiB
2026/09/26 23:20:15.958, 0, NVIDIA A100-SXM4-40GB, 0 %, 5 MiB, 40960 MiB
2026/09/26 23:20:20.959, 0, NVIDIA A100-SXM4-40GB, 0 %, 5 MiB, 40960 MiB
2026/09/26 23:20:25.959, 0, NVIDIA A100-SXM4-40GB, 0 %, 5 MiB, 40960 MiB
23:20:30 | INFO  | __init__.py | Cached 'state' from '/scratch/users/ntu/yguo017/fast-lewm-pusht-reproduction/artifacts/25569241.pbs101/cache/datasets/pusht_expert_train.h5'
2026/09/26 23:20:30.960, 0, NVIDIA A100-SXM4-40GB, 0 %, 5 MiB, 40960 MiB
2026/09/26 23:20:35.961, 0, NVIDIA A100-SXM4-40GB, 0 %, 5 MiB, 40960 MiB
2026/09/26 23:20:40.961, 0, NVIDIA A100-SXM4-40GB, 0 %, 5 MiB, 40960 MiB
2026/09/26 23:20:45.962, 0, NVIDIA A100-SXM4-40GB, 0 %, 5 MiB, 40960 MiB
2026/09/26 23:20:50.963, 0, NVIDIA A100-SXM4-40GB, 0 %, 511 MiB, 40960 MiB
2026/09/26 23:20:55.963, 0, NVIDIA A100-SXM4-40GB, 0 %, 511 MiB, 40960 MiB
2026/09/26 23:21:00.964, 0, NVIDIA A100-SXM4-40GB, 0 %, 511 MiB, 40960 MiB
2026/09/26 23:21:05.967, 0, NVIDIA A100-SXM4-40GB, 0 %, 511 MiB, 40960 MiB
2026/09/26 23:21:10.967, 0, NVIDIA A100-SXM4-40GB, 0 %, 511 MiB, 40960 MiB
2026/09/26 23:21:15.968, 0, NVIDIA A100-SXM4-40GB, 0 %, 511 MiB, 40960 MiB
1869611 valid starting points found for evaluation.
[ 150187  159883  201656  209210  216281  221571  305393  388512  429216
  472611  532318  645504  829098  867812  941648 1015425 1028336 1038327
 1043460 1054182 1054375 1175223 1206116 1237214 1279178 1299073 1475334
 1504936 1529287 1582218 1627801 1635424 1673952 1715192 1768147 1775706
 1805133 1816073 1823056 1832756 1920150 1933212 1962500 2005033 2005680
 2069969 2083086 2164264 2263297 2275346]
[eval] enabled fast buffered action path: skip _prepare_info when CEM is not needed
2026/09/26 23:21:20.969, 0, NVIDIA A100-SXM4-40GB, 0 %, 511 MiB, 40960 MiB
/scratch/users/ntu/yguo017/lewm-pusht-iteration/venv/lib64/python3.11/site-packages/gymnasium/spaces/box.py:415: UserWarning: [33mWARN: Casting input x to numpy array.[0m
  gym.logger.warn("Casting input x to numpy array.")
2026/09/26 23:21:25.970, 0, NVIDIA A100-SXM4-40GB, 0 %, 593 MiB, 40960 MiB
2026/09/26 23:21:30.971, 0, NVIDIA A100-SXM4-40GB, 0 %, 603 MiB, 40960 MiB
2026/09/26 23:21:35.971, 0, NVIDIA A100-SXM4-40GB, 0 %, 627 MiB, 40960 MiB
2026/09/26 23:21:40.973, 0, NVIDIA A100-SXM4-40GB, 40 %, 627 MiB, 40960 MiB
2026/09/26 23:21:45.975, 0, NVIDIA A100-SXM4-40GB, 48 %, 627 MiB, 40960 MiB
2026/09/26 23:21:50.975, 0, NVIDIA A100-SXM4-40GB, 40 %, 627 MiB, 40960 MiB
2026/09/26 23:21:55.976, 0, NVIDIA A100-SXM4-40GB, 40 %, 627 MiB, 40960 MiB
CEM solve time: 36.0483 seconds
/scratch/users/ntu/yguo017/lewm-pusht-iteration/venv/lib64/python3.11/site-packages/gymnasium/utils/passive_env_checker.py:157: UserWarning: [33mWARN: The obs returned by the `step()` method is not within the observation space.[0m
  logger.warn(f"{pre} is not within the observation space.")
2026/09/26 23:22:00.977, 0, NVIDIA A100-SXM4-40GB, 0 %, 627 MiB, 40960 MiB
2026/09/26 23:22:05.978, 0, NVIDIA A100-SXM4-40GB, 40 %, 627 MiB, 40960 MiB
2026/09/26 23:22:10.979, 0, NVIDIA A100-SXM4-40GB, 40 %, 627 MiB, 40960 MiB
2026/09/26 23:22:15.979, 0, NVIDIA A100-SXM4-40GB, 40 %, 627 MiB, 40960 MiB
2026/09/26 23:22:20.980, 0, NVIDIA A100-SXM4-40GB, 42 %, 627 MiB, 40960 MiB
2026/09/26 23:22:25.980, 0, NVIDIA A100-SXM4-40GB, 46 %, 627 MiB, 40960 MiB
CEM solve time: 23.3155 seconds
latent_loss_metrics {'source': 'cem_optimized_latent_cost', 'replans': 2, 'aggregation': 'per-solve arrays retained; no cross-replan per-task mean'}
{'success_rate': 98.0, 'episode_successes': array([ True,  True,  True,  True,  True, False,  True,  True,  True,
        True,  True,  True,  True,  True,  True,  True,  True,  True,
        True,  True,  True,  True,  True,  True,  True,  True,  True,
        True,  True,  True,  True,  True,  True,  True,  True,  True,
        True,  True,  True,  True,  True,  True,  True,  True,  True,
        True,  True,  True,  True,  True]), 'seeds': None}
2026/09/26 23:22:30.993, 0, NVIDIA A100-SXM4-40GB, 0 %, 627 MiB, 40960 MiB
2026/09/26 23:22:35.994, 0, NVIDIA A100-SXM4-40GB, 0 %, 627 MiB, 40960 MiB
2026/09/26 23:22:40.995, 0, NVIDIA A100-SXM4-40GB, 0 %, 627 MiB, 40960 MiB
2026/09/26 23:22:45.995, 0, NVIDIA A100-SXM4-40GB, 0 %, 627 MiB, 40960 MiB
