  arxiv: 34 in-window across 4 queries -> 34 kept (round-robin)
  wrote D:\Downloads\Final Year Project\ideaspark_run\world-model-quantization\phase3_collision\arxiv_collision.json with 34 unique papers
  openalex: 77 BM25 hits across 4 queries -> 76 kept (round-robin)
  wrote D:\Downloads\Final Year Project\ideaspark_run\world-model-quantization\phase3_collision\openalex_collision.json with 76 unique papers
  semanticscholar 'rollout-ranking influence calibration' failed: HTTP Error 429: 
    semanticscholar 'candidate-order preserving mixed precision' failed: HTTP Error 429: 
    semanticscholar 'receding-horizon bit allocation' failed: HTTP Error 429: 
    semanticscholar: 0 hits across 4 queries -> 0 kept (round-robin)
  wrote D:\Downloads\Final Year Project\ideaspark_run\world-model-quantization\phase3_collision\semanticscholar_collision.json with 0 unique papers
  wrote D:\Downloads\Final Year Project\ideaspark_run\world-model-quantization\phase3_collision\openreview_collision.json with 0 unique papers
  arxiv: 224 in-window across 9 queries -> 176 kept (round-robin)
  wrote D:\Downloads\Final Year Project\ideaspark_run\world-model-quantization\phase3_collision\arxiv_alias_collision.json with 176 unique papers
  openalex: 225 BM25 hits across 9 queries -> 187 kept (round-robin)
  wrote D:\Downloads\Final Year Project\ideaspark_run\world-model-quantization\phase3_collision\openalex_alias_collision.json with 187 unique papers
  semanticscholar 'learned activation clipping' failed: HTTP Error 429: 
    semanticscholar 'learned step size quantization' failed: HTTP Error 429: 
    semanticscholar 'learned rounding quantization' failed: HTTP Error 429: 
    semanticscholar 'Hessian-aware mixed precision' failed: HTTP Error 429: 
    semanticscholar 'data-free quantization calibration' failed: HTTP Error 429: 
    semanticscholar 'counterfactual policy evaluation' failed: HTTP Error 429: 
    semanticscholar 'task-oriented model compression' failed: HTTP Error 429: 
    semanticscholar 'decision-focused model compression' failed: HTTP Error 429: 
    semanticscholar 'loss-aware bit allocation' failed: HTTP Error 429: 
    semanticscholar: 0 hits across 9 queries -> 0 kept (round-robin)
  wrote D:\Downloads\Final Year Project\ideaspark_run\world-model-quantization\phase3_collision\semanticscholar_alias_collision.json with 0 unique papers
  wrote D:\Downloads\Final Year Project\ideaspark_run\world-model-quantization\phase3_collision\openreview_alias_collision.json with 0 unique papers
  channels: signature=110 hits (10mo), alias=+350 unique hits (48mo)
  truncation[signature]: kept 93/110 (dropped 17 zero-relevance + 0 below adaptive floor + 0 over cap 120; min kept score 1)
  truncation[alias]: kept 120/350 (dropped 1 zero-relevance + 79 below adaptive floor + 150 over cap 120; min kept score 5)
