timestamp, index, name, utilization.gpu [%], memory.used [MiB], memory.total [MiB]
2026/09/24 17:06:08.583, 0, NVIDIA A100-SXM4-40GB, 0 %, 1 MiB, 40960 MiB
2026/09/24 17:06:13.585, 0, NVIDIA A100-SXM4-40GB, 0 %, 1 MiB, 40960 MiB
2026/09/24 17:06:18.586, 0, NVIDIA A100-SXM4-40GB, 0 %, 1 MiB, 40960 MiB
2026/09/24 17:06:23.587, 0, NVIDIA A100-SXM4-40GB, 0 %, 1 MiB, 40960 MiB
2026/09/24 17:06:28.587, 0, NVIDIA A100-SXM4-40GB, 0 %, 1 MiB, 40960 MiB
2026/09/24 17:06:33.588, 0, NVIDIA A100-SXM4-40GB, 0 %, 1 MiB, 40960 MiB
2026/09/24 17:06:38.589, 0, NVIDIA A100-SXM4-40GB, 0 %, 1 MiB, 40960 MiB
2026/09/24 17:06:43.589, 0, NVIDIA A100-SXM4-40GB, 0 %, 1 MiB, 40960 MiB
2026/09/24 17:06:48.590, 0, NVIDIA A100-SXM4-40GB, 0 %, 1 MiB, 40960 MiB
2026/09/24 17:06:53.591, 0, NVIDIA A100-SXM4-40GB, 0 %, 1 MiB, 40960 MiB
2026/09/24 17:06:58.591, 0, NVIDIA A100-SXM4-40GB, 0 %, 1 MiB, 40960 MiB
2026/09/24 17:07:03.592, 0, NVIDIA A100-SXM4-40GB, 0 %, 1 MiB, 40960 MiB
2026/09/24 17:07:08.593, 0, NVIDIA A100-SXM4-40GB, 0 %, 1 MiB, 40960 MiB
2026/09/24 17:07:13.593, 0, NVIDIA A100-SXM4-40GB, 0 %, 1 MiB, 40960 MiB
2026/09/24 17:07:18.594, 0, NVIDIA A100-SXM4-40GB, 0 %, 1 MiB, 40960 MiB
2026/09/24 17:07:23.595, 0, NVIDIA A100-SXM4-40GB, 0 %, 1 MiB, 40960 MiB
2026/09/24 17:07:28.595, 0, NVIDIA A100-SXM4-40GB, 0 %, 1 MiB, 40960 MiB
2026/09/24 17:07:33.596, 0, NVIDIA A100-SXM4-40GB, 0 %, 1 MiB, 40960 MiB
2026/09/24 17:07:38.596, 0, NVIDIA A100-SXM4-40GB, 0 %, 1 MiB, 40960 MiB
2026/09/24 17:07:43.597, 0, NVIDIA A100-SXM4-40GB, 0 %, 1 MiB, 40960 MiB
2026/09/24 17:07:48.598, 0, NVIDIA A100-SXM4-40GB, 0 %, 1 MiB, 40960 MiB
2026/09/24 17:07:53.598, 0, NVIDIA A100-SXM4-40GB, 0 %, 1 MiB, 40960 MiB
2026/09/24 17:07:58.599, 0, NVIDIA A100-SXM4-40GB, 0 %, 1 MiB, 40960 MiB
/scratch/users/ntu/yguo017/lewm-pusht-iteration/stable-worldmodel/stable_worldmodel/envs/__init__.py:215: UserWarning: ale-py not found; ALE/* envs are unavailable. Install with: pip install 'stable-worldmodel[env]' or pip install ale-py.
  from stable_worldmodel.envs import ale  # noqa: F401
2026/09/24 17:08:03.599, 0, NVIDIA A100-SXM4-40GB, 0 %, 1 MiB, 40960 MiB
2026/09/24 17:08:08.600, 0, NVIDIA A100-SXM4-40GB, 0 %, 1 MiB, 40960 MiB
2026/09/24 17:08:13.601, 0, NVIDIA A100-SXM4-40GB, 0 %, 1 MiB, 40960 MiB
2026/09/24 17:08:18.601, 0, NVIDIA A100-SXM4-40GB, 0 %, 1 MiB, 40960 MiB
2026/09/24 17:08:23.602, 0, NVIDIA A100-SXM4-40GB, 0 %, 1 MiB, 40960 MiB
FAIL_CLOSED: RuntimeError: stable_pretraining imported outside staged root: /scratch/users/ntu/yguo017/lewm-pusht-iteration/venv/lib/python3.11/site-packages/stable_pretraining/__init__.py
17:08:24 | ERROR | richuru.py  | Exception:
Traceback (most recent call last):

> File "/scratch/users/ntu/yguo017/dino-wm-wall/meeting-ready/02-horizon-weighted-recurrent-student/lewm-transfer/official-lewm-dataset-teacher-baseline/run_dataset_teacher_baseline.py", line 349, in <module>
    main()
    └ <function main at 0x1544dd8291c0>

  File "/scratch/users/ntu/yguo017/dino-wm-wall/meeting-ready/02-horizon-weighted-recurrent-student/lewm-transfer/official-lewm-dataset-teacher-baseline/run_dataset_teacher_baseline.py", line 139, in main
    require_under(spt.__file__, lewm_root, "stable_pretraining")
    │             │   │         └ PosixPath('/scratch/users/ntu/yguo017/lewm-pusht-iteration/le-wm')
    │             │   └ '/scratch/users/ntu/yguo017/lewm-pusht-iteration/venv/lib64/python3.11/site-packages/stable_pretraining/__init__.py'
    │             └ <module 'stable_pretraining' from '/scratch/users/ntu/yguo017/lewm-pusht-iteration/venv/lib64/python3.11/site-packages/stable...
    └ <function main.<locals>.require_under at 0x1544dd335a80>

  File "/scratch/users/ntu/yguo017/dino-wm-wall/meeting-ready/02-horizon-weighted-recurrent-student/lewm-transfer/official-lewm-dataset-teacher-baseline/run_dataset_teacher_baseline.py", line 136, in require_under
    raise RuntimeError(f"{label} imported outside staged root: {resolved}")

RuntimeError: stable_pretraining imported outside staged root: /scratch/users/ntu/yguo017/lewm-pusht-iteration/venv/lib/python3.11/site-packages/stable_pretraining/__init__.py
2026/09/24 17:08:28.603, 0, NVIDIA A100-SXM4-40GB, 0 %, 1 MiB, 40960 MiB
2026/09/24 17:08:33.603, 0, NVIDIA A100-SXM4-40GB, 0 %, 1 MiB, 40960 MiB
2026/09/24 17:08:38.604, 0, NVIDIA A100-SXM4-40GB, 0 %, 1 MiB, 40960 MiB
