Tue Sep  8 15:38:41 2026       
+-----------------------------------------------------------------------------------------+
| NVIDIA-SMI 570.124.06             Driver Version: 570.124.06     CUDA Version: 12.8     |
|-----------------------------------------+------------------------+----------------------+
| GPU  Name                 Persistence-M | Bus-Id          Disp.A | Volatile Uncorr. ECC |
| Fan  Temp   Perf          Pwr:Usage/Cap |           Memory-Usage | GPU-Util  Compute M. |
|                                         |                        |               MIG M. |
|=========================================+========================+======================|
|   0  NVIDIA A100-SXM4-40GB          On  |   00000000:41:00.0 Off |                    0 |
| N/A   43C    P0             54W /  400W |       1MiB /  40960MiB |      0%      Default |
|                                         |                        |             Disabled |
+-----------------------------------------+------------------------+----------------------+
                                                                                         
+-----------------------------------------------------------------------------------------+
| Processes:                                                                              |
|  GPU   GI   CI              PID   Type   Process name                        GPU Memory |
|        ID   ID                                                               Usage      |
|=========================================================================================|
|  No running processes found                                                             |
+-----------------------------------------------------------------------------------------+
CUDA extension not installed.
Loading checkpoint shards:   0%|          | 0/2 [00:00<?, ?it/s]Loading checkpoint shards:  50%|█████     | 1/2 [00:23<00:23, 23.87s/it]Loading checkpoint shards: 100%|██████████| 2/2 [00:31<00:00, 14.61s/it]Loading checkpoint shards: 100%|██████████| 2/2 [00:31<00:00, 16.00s/it]
Evaluating ...
0
1
2
3
4
5
6
7
8
9
10
11
12
13
14
15
16
17
18
19
20
21
22
23
24
25
26
27
28
29
30
31
10.860608100891113
RESULT {"model": "opt-6.7b", "method": "fp16", "ppl": 10.860608100891113, "quant_seconds": null, "eval_seconds_including_rtn_if_applicable": 56.38736506400164, "total_seconds": 124.16970420902362, "peak_allocated_gib": 5.828361511230469, "peak_reserved_gib": 5.865234375, "gpu": "NVIDIA A100-SXM4-40GB", "torch": "2.1.2+cu118", "model_revision": "a45aa65bbeb77c1558bc99bedc6779195462dab0", "upstream_commit": "2d65066eeb06a5c9ff5184d8cebdf33662c67faf", "evaluated_tokens": 286720, "seed": 0, "calibration_samples": 128, "group_size": -1, "act_order": false}
CUDA extension not installed.
Loading checkpoint shards:   0%|          | 0/2 [00:00<?, ?it/s]Loading checkpoint shards:  50%|█████     | 1/2 [00:04<00:04,  4.66s/it]Loading checkpoint shards: 100%|██████████| 2/2 [00:06<00:00,  2.85s/it]Loading checkpoint shards: 100%|██████████| 2/2 [00:06<00:00,  3.12s/it]
Evaluating ...
0
1
2
3
4
5
6
7
8
9
10
11
12
13
14
15
16
17
18
19
20
21
22
23
24
25
26
27
28
29
30
31
12.098907470703125
RESULT {"model": "opt-6.7b", "method": "rtn4", "ppl": 12.098907470703125, "quant_seconds": null, "eval_seconds_including_rtn_if_applicable": 40.983724629011704, "total_seconds": 70.31574001800618, "peak_allocated_gib": 5.953392505645752, "peak_reserved_gib": 6.548828125, "gpu": "NVIDIA A100-SXM4-40GB", "torch": "2.1.2+cu118", "model_revision": "a45aa65bbeb77c1558bc99bedc6779195462dab0", "upstream_commit": "2d65066eeb06a5c9ff5184d8cebdf33662c67faf", "evaluated_tokens": 286720, "seed": 0, "calibration_samples": 128, "group_size": -1, "act_order": false}
CUDA extension not installed.
Loading checkpoint shards:   0%|          | 0/2 [00:00<?, ?it/s]Loading checkpoint shards:  50%|█████     | 1/2 [00:03<00:03,  3.60s/it]Loading checkpoint shards: 100%|██████████| 2/2 [00:04<00:00,  2.21s/it]Loading checkpoint shards: 100%|██████████| 2/2 [00:04<00:00,  2.42s/it]
Starting ...
Ready.
0 self_attn.k_proj
Quantizing ...
time 7.18
error 27182.48828125
0 self_attn.v_proj
Quantizing ...
time 1.62
error 10099.9052734375
0 self_attn.q_proj
Quantizing ...
time 1.62
error 29259.33984375
0 self_attn.out_proj
Quantizing ...
time 1.63
error 52.238121032714844
0 fc1
Quantizing ...
time 1.67
error 19423.18359375
0 fc2
Quantizing ...
time 7.35
error 168.46363830566406
1 self_attn.k_proj
Quantizing ...
time 1.69
error 7198.1806640625
1 self_attn.v_proj
Quantizing ...
time 1.62
error 1091.343505859375
1 self_attn.q_proj
Quantizing ...
time 1.62
error 8838.517578125
1 self_attn.out_proj
Quantizing ...
time 1.62
error 2.3956873416900635
1 fc1
Quantizing ...
time 1.65
error 18412.037109375
1 fc2
Quantizing ...
time 7.28
error 485.70758056640625
2 self_attn.k_proj
Quantizing ...
time 1.68
error 11237.474609375
2 self_attn.v_proj
Quantizing ...
time 1.61
error 1469.452392578125
2 self_attn.q_proj
Quantizing ...
time 1.61
error 15743.181640625
2 self_attn.out_proj
Quantizing ...
time 1.62
error 2.2048377990722656
2 fc1
Quantizing ...
time 1.66
error 18530.9765625
2 fc2
Quantizing ...
time 7.25
error 155.48779296875
3 self_attn.k_proj
Quantizing ...
time 1.69
error 14146.06640625
3 self_attn.v_proj
Quantizing ...
time 1.62
error 1771.8128662109375
3 self_attn.q_proj
Quantizing ...
time 1.69
error 21275.83203125
3 self_attn.out_proj
Quantizing ...
time 1.62
error 4.574769973754883
3 fc1
Quantizing ...
time 1.73
error 19323.015625
3 fc2
Quantizing ...
time 7.30
error 153.59442138671875
4 self_attn.k_proj
Quantizing ...
time 1.70
error 36493.0
4 self_attn.v_proj
Quantizing ...
time 1.62
error 2063.31201171875
4 self_attn.q_proj
Quantizing ...
time 1.63
error 32477.2109375
4 self_attn.out_proj
Quantizing ...
time 1.62
error 5.265560150146484
4 fc1
Quantizing ...
time 1.66
error 22849.943359375
4 fc2
Quantizing ...
time 7.32
error 191.0652313232422
5 self_attn.k_proj
Quantizing ...
time 1.69
error 102578.96875
5 self_attn.v_proj
Quantizing ...
time 1.63
error 2698.1005859375
5 self_attn.q_proj
Quantizing ...
time 1.64
error 37454.6171875
5 self_attn.out_proj
Quantizing ...
time 1.62
error 28.289493560791016
5 fc1
Quantizing ...
time 1.67
error 28000.83984375
5 fc2
Quantizing ...
time 7.44
error 255.5216522216797
6 self_attn.k_proj
Quantizing ...
time 1.77
error 152538.453125
6 self_attn.v_proj
Quantizing ...
time 1.60
error 3361.472900390625
6 self_attn.q_proj
Quantizing ...
time 1.61
error 35489.6875
6 self_attn.out_proj
Quantizing ...
time 1.62
error 62.12861633300781
6 fc1
Quantizing ...
time 1.65
error 34961.6796875
6 fc2
Quantizing ...
time 7.29
error 355.1630554199219
7 self_attn.k_proj
Quantizing ...
time 1.69
error 259835.0
7 self_attn.v_proj
Quantizing ...
time 1.61
error 4317.32763671875
7 self_attn.q_proj
Quantizing ...
time 1.62
error 32367.080078125
7 self_attn.out_proj
Quantizing ...
time 1.63
error 82.20391082763672
7 fc1
Quantizing ...
time 1.65
error 43161.7421875
7 fc2
Quantizing ...
time 7.30
error 448.5003967285156
8 self_attn.k_proj
Quantizing ...
time 1.68
error 347345.125
8 self_attn.v_proj
Quantizing ...
time 1.61
error 5201.4541015625
8 self_attn.q_proj
Quantizing ...
time 1.61
error 26215.375
8 self_attn.out_proj
Quantizing ...
time 1.61
error 110.38760375976562
8 fc1
Quantizing ...
time 1.65
error 52839.4375
8 fc2
Quantizing ...
time 7.25
error 610.1055908203125
9 self_attn.k_proj
Quantizing ...
time 1.69
error 380606.03125
9 self_attn.v_proj
Quantizing ...
time 1.62
error 6488.8349609375
9 self_attn.q_proj
Quantizing ...
time 1.61
error 29536.53515625
9 self_attn.out_proj
Quantizing ...
time 1.62
error 158.50442504882812
9 fc1
Quantizing ...
time 1.75
error 63768.140625
9 fc2
Quantizing ...
time 7.26
error 797.0672607421875
10 self_attn.k_proj
Quantizing ...
time 1.68
error 379822.90625
10 self_attn.v_proj
Quantizing ...
time 1.61
error 7824.37060546875
10 self_attn.q_proj
Quantizing ...
time 1.61
error 30317.07421875
10 self_attn.out_proj
Quantizing ...
time 1.62
error 218.56808471679688
10 fc1
Quantizing ...
time 1.65
error 73375.71875
10 fc2
Quantizing ...
time 7.42
error 1113.9012451171875
11 self_attn.k_proj
Quantizing ...
time 1.69
error 355059.84375
11 self_attn.v_proj
Quantizing ...
time 1.62
error 9605.859375
11 self_attn.q_proj
Quantizing ...
time 1.62
error 35651.171875
11 self_attn.out_proj
Quantizing ...
time 1.61
error 325.16943359375
11 fc1
Quantizing ...
time 1.64
error 86194.9453125
11 fc2
Quantizing ...
time 7.27
error 1458.07275390625
12 self_attn.k_proj
Quantizing ...
time 1.67
error 253275.4375
12 self_attn.v_proj
Quantizing ...
time 1.61
error 12494.1748046875
12 self_attn.q_proj
Quantizing ...
time 1.61
error 39512.83984375
12 self_attn.out_proj
Quantizing ...
time 1.62
error 547.9444580078125
12 fc1
Quantizing ...
time 1.66
error 101016.8125
12 fc2
Quantizing ...
time 7.26
error 1965.3310546875
13 self_attn.k_proj
Quantizing ...
time 1.69
error 251718.53125
13 self_attn.v_proj
Quantizing ...
time 1.63
error 14657.326171875
13 self_attn.q_proj
Quantizing ...
time 1.62
error 42525.2421875
13 self_attn.out_proj
Quantizing ...
time 1.63
error 694.290283203125
13 fc1
Quantizing ...
time 1.66
error 117796.203125
13 fc2
Quantizing ...
time 7.26
error 2701.467041015625
14 self_attn.k_proj
Quantizing ...
time 1.68
error 198949.5
14 self_attn.v_proj
Quantizing ...
time 1.60
error 18134.92578125
14 self_attn.q_proj
Quantizing ...
time 1.60
error 48057.1875
14 self_attn.out_proj
Quantizing ...
time 1.61
error 1002.422607421875
14 fc1
Quantizing ...
time 1.64
error 136408.5625
14 fc2
Quantizing ...
time 7.19
error 3506.5048828125
15 self_attn.k_proj
Quantizing ...
time 1.72
error 183126.84375
15 self_attn.v_proj
Quantizing ...
time 1.65
error 21217.80859375
15 self_attn.q_proj
Quantizing ...
time 1.65
error 54431.7734375
15 self_attn.out_proj
Quantizing ...
time 1.66
error 1305.9825439453125
15 fc1
Quantizing ...
time 1.71
error 158225.40625
15 fc2
Quantizing ...
time 7.47
error 4412.775390625
16 self_attn.k_proj
Quantizing ...
time 1.72
error 184288.546875
16 self_attn.v_proj
Quantizing ...
time 1.64
error 27110.994140625
16 self_attn.q_proj
Quantizing ...
time 1.66
error 57226.40234375
16 self_attn.out_proj
Quantizing ...
time 1.67
error 1902.4541015625
16 fc1
Quantizing ...
time 1.70
error 181886.0
16 fc2
Quantizing ...
time 7.40
error 6983.3330078125
17 self_attn.k_proj
Quantizing ...
time 1.73
error 201144.375
17 self_attn.v_proj
Quantizing ...
time 1.64
error 32221.98828125
17 self_attn.q_proj
Quantizing ...
time 1.66
error 62781.4765625
17 self_attn.out_proj
Quantizing ...
time 1.68
error 2669.80029296875
17 fc1
Quantizing ...
time 1.71
error 213043.296875
17 fc2
Quantizing ...
time 7.51
error 9324.52734375
18 self_attn.k_proj
Quantizing ...
time 1.74
error 166260.453125
18 self_attn.v_proj
Quantizing ...
time 1.65
error 40158.0703125
18 self_attn.q_proj
Quantizing ...
time 1.69
error 66521.21875
18 self_attn.out_proj
Quantizing ...
time 1.76
error 2502.67333984375
18 fc1
Quantizing ...
time 1.70
error 248210.953125
18 fc2
Quantizing ...
time 7.53
error 12034.09765625
19 self_attn.k_proj
Quantizing ...
time 1.72
error 180665.65625
19 self_attn.v_proj
Quantizing ...
time 1.64
error 47673.1640625
19 self_attn.q_proj
Quantizing ...
time 1.66
error 73159.59375
19 self_attn.out_proj
Quantizing ...
time 1.65
error 4094.42578125
19 fc1
Quantizing ...
time 1.70
error 285790.15625
19 fc2
Quantizing ...
time 7.45
error 15697.9443359375
20 self_attn.k_proj
Quantizing ...
time 1.89
error 171533.359375
20 self_attn.v_proj
Quantizing ...
time 1.66
error 61664.8203125
20 self_attn.q_proj
Quantizing ...
time 1.64
error 76926.203125
20 self_attn.out_proj
Quantizing ...
time 1.67
error 5730.521484375
20 fc1
Quantizing ...
time 1.70
error 334995.46875
20 fc2
Quantizing ...
time 7.55
error 20704.037109375
21 self_attn.k_proj
Quantizing ...
time 1.72
error 178360.75
21 self_attn.v_proj
Quantizing ...
time 1.66
error 72454.9453125
21 self_attn.q_proj
Quantizing ...
time 1.68
error 83327.0546875
21 self_attn.out_proj
Quantizing ...
time 1.67
error 5969.60693359375
21 fc1
Quantizing ...
time 1.68
error 384950.84375
21 fc2
Quantizing ...
time 7.45
error 25784.841796875
22 self_attn.k_proj
Quantizing ...
time 1.73
error 161737.9375
22 self_attn.v_proj
Quantizing ...
time 1.64
error 76901.203125
22 self_attn.q_proj
Quantizing ...
time 1.67
error 83096.5390625
22 self_attn.out_proj
Quantizing ...
time 1.68
error 6988.9921875
22 fc1
Quantizing ...
time 1.68
error 425934.78125
22 fc2
Quantizing ...
time 7.47
error 29998.6484375
23 self_attn.k_proj
Quantizing ...
time 1.74
error 171925.875
23 self_attn.v_proj
Quantizing ...
time 1.67
error 84605.25
23 self_attn.q_proj
Quantizing ...
time 1.67
error 84226.71875
23 self_attn.out_proj
Quantizing ...
time 1.67
error 9875.646484375
23 fc1
Quantizing ...
time 1.70
error 475454.09375
23 fc2
Quantizing ...
time 7.41
error 36116.96875
24 self_attn.k_proj
Quantizing ...
time 1.67
error 175950.59375
24 self_attn.v_proj
Quantizing ...
time 1.60
error 101555.53125
24 self_attn.q_proj
Quantizing ...
time 1.60
error 82829.3515625
24 self_attn.out_proj
Quantizing ...
time 1.87
error 12253.767578125
24 fc1
Quantizing ...
time 1.64
error 521671.5625
24 fc2
Quantizing ...
time 7.33
error 42804.8359375
25 self_attn.k_proj
Quantizing ...
time 1.70
error 142898.859375
25 self_attn.v_proj
Quantizing ...
time 1.60
error 116244.4375
25 self_attn.q_proj
Quantizing ...
time 1.61
error 87079.046875
25 self_attn.out_proj
Quantizing ...
time 1.61
error 9359.8916015625
25 fc1
Quantizing ...
time 1.64
error 553429.25
25 fc2
Quantizing ...
time 7.27
error 47055.4921875
26 self_attn.k_proj
Quantizing ...
time 1.67
error 145254.265625
26 self_attn.v_proj
Quantizing ...
time 1.59
error 121601.03125
26 self_attn.q_proj
Quantizing ...
time 1.60
error 87103.71875
26 self_attn.out_proj
Quantizing ...
time 1.62
error 12150.9892578125
26 fc1
Quantizing ...
time 1.64
error 570389.0625
26 fc2
Quantizing ...
time 7.27
error 54122.7265625
27 self_attn.k_proj
Quantizing ...
time 1.69
error 154313.453125
27 self_attn.v_proj
Quantizing ...
time 1.62
error 122826.5390625
27 self_attn.q_proj
Quantizing ...
time 1.63
error 90316.578125
27 self_attn.out_proj
Quantizing ...
time 1.62
error 12462.521484375
27 fc1
Quantizing ...
time 1.65
error 573061.375
27 fc2
Quantizing ...
time 7.26
error 62960.7734375
28 self_attn.k_proj
Quantizing ...
time 1.68
error 130334.6015625
28 self_attn.v_proj
Quantizing ...
time 1.62
error 131725.5625
28 self_attn.q_proj
Quantizing ...
time 1.60
error 95546.6875
28 self_attn.out_proj
Quantizing ...
time 1.61
error 9555.373046875
28 fc1
Quantizing ...
time 1.65
error 568033.5
28 fc2
Quantizing ...
time 7.23
error 66628.546875
29 self_attn.k_proj
Quantizing ...
time 1.70
error 117304.0078125
29 self_attn.v_proj
Quantizing ...
time 1.61
error 130464.453125
29 self_attn.q_proj
Quantizing ...
time 1.62
error 104799.078125
29 self_attn.out_proj
Quantizing ...
time 1.63
error 7052.48291015625
29 fc1
Quantizing ...
time 1.66
error 556268.875
29 fc2
Quantizing ...
time 7.21
error 72685.875
30 self_attn.k_proj
Quantizing ...
time 1.69
error 112512.640625
30 self_attn.v_proj
Quantizing ...
time 1.60
error 131330.34375
30 self_attn.q_proj
Quantizing ...
time 1.63
error 110195.21875
30 self_attn.out_proj
Quantizing ...
time 1.63
error 5002.2666015625
30 fc1
Quantizing ...
time 1.63
error 534596.375
30 fc2
Quantizing ...
time 7.26
error 71377.546875
31 self_attn.k_proj
Quantizing ...
time 1.68
error 103403.9375
31 self_attn.v_proj
Quantizing ...
time 1.62
error 119448.1484375
31 self_attn.q_proj
Quantizing ...
time 1.62
error 108987.0546875
31 self_attn.out_proj
Quantizing ...
time 1.61
error 5496.5478515625
31 fc1
Quantizing ...
time 1.65
error 491166.4375
31 fc2
Quantizing ...
time 7.27
error 59831.7578125
Evaluating ...
0
1
2
3
4
5
6
7
8
9
10
11
12
13
14
15
16
17
18
19
20
21
22
23
24
25
26
27
28
29
30
31
11.38420295715332
RESULT {"model": "opt-6.7b", "method": "gptq4", "ppl": 11.38420295715332, "quant_seconds": 902.2023207099992, "eval_seconds_including_rtn_if_applicable": 36.58765363099519, "total_seconds": 966.90420648898, "peak_allocated_gib": 8.14986515045166, "peak_reserved_gib": 8.517578125, "gpu": "NVIDIA A100-SXM4-40GB", "torch": "2.1.2+cu118", "model_revision": "a45aa65bbeb77c1558bc99bedc6779195462dab0", "upstream_commit": "2d65066eeb06a5c9ff5184d8cebdf33662c67faf", "evaluated_tokens": 286720, "seed": 0, "calibration_samples": 128, "group_size": -1, "act_order": false}
CUDA extension not installed.
Loading checkpoint shards:   0%|          | 0/2 [00:00<?, ?it/s]Loading checkpoint shards:  50%|█████     | 1/2 [00:20<00:20, 20.33s/it]Loading checkpoint shards: 100%|██████████| 2/2 [00:21<00:00,  9.17s/it]Loading checkpoint shards: 100%|██████████| 2/2 [00:21<00:00, 10.84s/it]
Starting ...
Ready.
0 self_attn.k_proj
Quantizing ...
time 1.94
error 123907.8125
0 self_attn.v_proj
Quantizing ...
time 1.58
error 46325.5078125
0 self_attn.q_proj
Quantizing ...
time 1.58
error 131426.40625
0 self_attn.out_proj
Quantizing ...
time 1.58
error 327.21575927734375
0 fc1
Quantizing ...
time 1.60
error 97009.15625
0 fc2
Quantizing ...
time 7.11
error 972.017822265625
1 self_attn.k_proj
Quantizing ...
time 1.65
error 43195.859375
1 self_attn.v_proj
Quantizing ...
time 1.57
error 4418.37841796875
1 self_attn.q_proj
Quantizing ...
time 1.57
error 54439.4609375
1 self_attn.out_proj
Quantizing ...
time 1.57
error 20.964263916015625
1 fc1
Quantizing ...
time 1.61
error 91252.9609375
1 fc2
Quantizing ...
time 7.32
error 2188.6083984375
2 self_attn.k_proj
Quantizing ...
time 1.64
error 80794.015625
2 self_attn.v_proj
Quantizing ...
time 1.56
error 5908.1064453125
2 self_attn.q_proj
Quantizing ...
time 1.57
error 123265.0703125
2 self_attn.out_proj
Quantizing ...
time 1.58
error 11.27352523803711
2 fc1
Quantizing ...
time 1.62
error 95619.921875
2 fc2
Quantizing ...
time 7.08
error 667.2301025390625
3 self_attn.k_proj
Quantizing ...
time 1.64
error 143834.015625
3 self_attn.v_proj
Quantizing ...
time 1.58
error 7327.57373046875
3 self_attn.q_proj
Quantizing ...
time 1.58
error 222755.25
3 self_attn.out_proj
Quantizing ...
time 1.58
error 22.07469940185547
3 fc1
Quantizing ...
time 1.61
error 99386.9609375
3 fc2
Quantizing ...
time 7.12
error 679.0828857421875
4 self_attn.k_proj
Quantizing ...
time 1.65
error 219434.40625
4 self_attn.v_proj
Quantizing ...
time 1.57
error 8702.109375
4 self_attn.q_proj
Quantizing ...
time 1.58
error 203226.828125
4 self_attn.out_proj
Quantizing ...
time 1.58
error 29.093276977539062
4 fc1
Quantizing ...
time 1.62
error 107751.5625
4 fc2
Quantizing ...
time 7.14
error 869.351806640625
5 self_attn.k_proj
Quantizing ...
time 1.65
error 528355.625
5 self_attn.v_proj
Quantizing ...
time 1.58
error 11778.96875
5 self_attn.q_proj
Quantizing ...
time 1.59
error 223656.984375
5 self_attn.out_proj
Quantizing ...
time 1.58
error 170.47933959960938
5 fc1
Quantizing ...
time 1.61
error 126721.078125
5 fc2
Quantizing ...
time 7.12
error 1196.8782958984375
6 self_attn.k_proj
Quantizing ...
time 1.64
error 802535.375
6 self_attn.v_proj
Quantizing ...
time 1.57
error 15287.5595703125
6 self_attn.q_proj
Quantizing ...
time 1.57
error 223661.8125
6 self_attn.out_proj
Quantizing ...
time 1.58
error 382.82965087890625
6 fc1
Quantizing ...
time 1.63
error 155845.078125
6 fc2
Quantizing ...
time 7.29
error 1649.118896484375
7 self_attn.k_proj
Quantizing ...
time 1.70
error 815365.875
7 self_attn.v_proj
Quantizing ...
time 1.63
error 20032.052734375
7 self_attn.q_proj
Quantizing ...
time 1.63
error 177109.15625
7 self_attn.out_proj
Quantizing ...
time 1.63
error 555.0646362304688
7 fc1
Quantizing ...
time 1.67
error 189181.515625
7 fc2
Quantizing ...
time 7.32
error 2120.96484375
8 self_attn.k_proj
Quantizing ...
time 1.70
error 1339896.25
8 self_attn.v_proj
Quantizing ...
time 1.63
error 24358.021484375
8 self_attn.q_proj
Quantizing ...
time 1.63
error 159401.1875
8 self_attn.out_proj
Quantizing ...
time 1.63
error 840.76708984375
8 fc1
Quantizing ...
time 1.66
error 234259.65625
8 fc2
Quantizing ...
time 7.35
error 2967.249267578125
9 self_attn.k_proj
Quantizing ...
time 1.70
error 1387866.875
9 self_attn.v_proj
Quantizing ...
time 1.63
error 30846.0234375
9 self_attn.q_proj
Quantizing ...
time 1.63
error 187904.96875
9 self_attn.out_proj
Quantizing ...
time 1.64
error 999.720458984375
9 fc1
Quantizing ...
time 1.66
error 287513.25
9 fc2
Quantizing ...
time 7.34
error 3582.14697265625
10 self_attn.k_proj
Quantizing ...
time 1.95
error 1419741.5
10 self_attn.v_proj
Quantizing ...
time 1.63
error 37487.7734375
10 self_attn.q_proj
Quantizing ...
time 1.63
error 197866.21875
10 self_attn.out_proj
Quantizing ...
time 1.64
error 1300.530029296875
10 fc1
Quantizing ...
time 1.66
error 332002.0625
10 fc2
Quantizing ...
time 7.34
error 4766.67041015625
11 self_attn.k_proj
Quantizing ...
time 1.69
error 1214946.875
11 self_attn.v_proj
Quantizing ...
time 1.61
error 45710.3046875
11 self_attn.q_proj
Quantizing ...
time 1.62
error 207082.25
11 self_attn.out_proj
Quantizing ...
time 1.63
error 1597.377197265625
11 fc1
Quantizing ...
time 1.67
error 387506.8125
11 fc2
Quantizing ...
time 7.31
error 5945.388671875
12 self_attn.k_proj
Quantizing ...
time 1.69
error 918058.125
12 self_attn.v_proj
Quantizing ...
time 1.62
error 58351.6953125
12 self_attn.q_proj
Quantizing ...
time 1.62
error 200947.171875
12 self_attn.out_proj
Quantizing ...
time 1.63
error 2640.94189453125
12 fc1
Quantizing ...
time 1.68
error 451937.46875
12 fc2
Quantizing ...
time 7.36
error 7927.03662109375
13 self_attn.k_proj
Quantizing ...
time 1.71
error 906023.75
13 self_attn.v_proj
Quantizing ...
time 1.64
error 68417.3984375
13 self_attn.q_proj
Quantizing ...
time 1.63
error 195887.890625
13 self_attn.out_proj
Quantizing ...
time 1.66
error 3216.963134765625
13 fc1
Quantizing ...
time 1.68
error 526664.625
13 fc2
Quantizing ...
time 7.29
error 11165.6171875
14 self_attn.k_proj
Quantizing ...
time 1.70
error 744329.875
14 self_attn.v_proj
Quantizing ...
time 1.62
error 84833.953125
14 self_attn.q_proj
Quantizing ...
time 1.62
error 223870.5625
14 self_attn.out_proj
Quantizing ...
time 1.63
error 4872.9970703125
14 fc1
Quantizing ...
time 1.66
error 616721.5
14 fc2
Quantizing ...
time 7.51
error 14574.953125
15 self_attn.k_proj
Quantizing ...
time 1.68
error 736934.75
15 self_attn.v_proj
Quantizing ...
time 1.61
error 100232.484375
15 self_attn.q_proj
Quantizing ...
time 1.62
error 248308.578125
15 self_attn.out_proj
Quantizing ...
time 1.62
error 6578.888671875
15 fc1
Quantizing ...
time 1.65
error 721247.875
15 fc2
Quantizing ...
time 7.26
error 18508.275390625
16 self_attn.k_proj
Quantizing ...
time 1.69
error 777569.0625
16 self_attn.v_proj
Quantizing ...
time 1.62
error 129315.6640625
16 self_attn.q_proj
Quantizing ...
time 1.62
error 269345.53125
16 self_attn.out_proj
Quantizing ...
time 1.63
error 10545.98046875
16 fc1
Quantizing ...
time 1.66
error 840624.9375
16 fc2
Quantizing ...
time 7.29
error 30853.943359375
17 self_attn.k_proj
Quantizing ...
time 1.69
error 828277.25
17 self_attn.v_proj
Quantizing ...
time 1.63
error 154025.5
17 self_attn.q_proj
Quantizing ...
time 1.62
error 294667.5625
17 self_attn.out_proj
Quantizing ...
time 1.63
error 13694.4169921875
17 fc1
Quantizing ...
time 1.66
error 987875.875
17 fc2
Quantizing ...
time 7.30
error 40442.77734375
18 self_attn.k_proj
Quantizing ...
time 1.69
error 679624.75
18 self_attn.v_proj
Quantizing ...
time 1.62
error 191201.25
18 self_attn.q_proj
Quantizing ...
time 1.63
error 306367.8125
18 self_attn.out_proj
Quantizing ...
time 1.64
error 12713.7041015625
18 fc1
Quantizing ...
time 1.65
error 1156438.375
18 fc2
Quantizing ...
time 7.29
error 53561.53515625
19 self_attn.k_proj
Quantizing ...
time 1.69
error 765499.6875
19 self_attn.v_proj
Quantizing ...
time 1.64
error 226838.21875
19 self_attn.q_proj
Quantizing ...
time 1.64
error 342111.1875
19 self_attn.out_proj
Quantizing ...
time 1.65
error 22236.140625
19 fc1
Quantizing ...
time 1.68
error 1332188.0
19 fc2
Quantizing ...
time 7.34
error 68491.609375
20 self_attn.k_proj
Quantizing ...
time 1.70
error 738382.0
20 self_attn.v_proj
Quantizing ...
time 1.61
error 292308.65625
20 self_attn.q_proj
Quantizing ...
time 1.61
error 360384.9375
20 self_attn.out_proj
Quantizing ...
time 1.63
error 30221.55859375
20 fc1
Quantizing ...
time 1.65
error 1559748.0
20 fc2
Quantizing ...
time 7.32
error 88322.6875
21 self_attn.k_proj
Quantizing ...
time 1.69
error 781203.375
21 self_attn.v_proj
Quantizing ...
time 1.61
error 341239.5
21 self_attn.q_proj
Quantizing ...
time 1.62
error 390131.15625
21 self_attn.out_proj
Quantizing ...
time 1.63
error 30890.107421875
21 fc1
Quantizing ...
time 1.65
error 1790527.0
21 fc2
Quantizing ...
time 7.16
error 109661.5234375
22 self_attn.k_proj
Quantizing ...
time 1.64
error 715644.375
22 self_attn.v_proj
Quantizing ...
time 1.57
error 361167.59375
22 self_attn.q_proj
Quantizing ...
time 1.59
error 387116.5625
22 self_attn.out_proj
Quantizing ...
time 1.61
error 35293.3984375
22 fc1
Quantizing ...
time 1.65
error 1962002.0
22 fc2
Quantizing ...
time 7.33
error 127826.2109375
23 self_attn.k_proj
Quantizing ...
time 1.71
error 766438.875
23 self_attn.v_proj
Quantizing ...
time 1.64
error 394643.5
23 self_attn.q_proj
Quantizing ...
time 1.65
error 390424.625
23 self_attn.out_proj
Quantizing ...
time 1.65
error 49784.71875
23 fc1
Quantizing ...
time 1.68
error 2172857.5
23 fc2
Quantizing ...
time 7.42
error 156812.3125
24 self_attn.k_proj
Quantizing ...
time 1.71
error 774485.625
24 self_attn.v_proj
Quantizing ...
time 1.63
error 468798.96875
24 self_attn.q_proj
Quantizing ...
time 1.62
error 381694.84375
24 self_attn.out_proj
Quantizing ...
time 1.63
error 57131.04296875
24 fc1
Quantizing ...
time 1.68
error 2364008.75
24 fc2
Quantizing ...
time 7.34
error 181194.046875
25 self_attn.k_proj
Quantizing ...
time 1.71
error 635815.375
25 self_attn.v_proj
Quantizing ...
time 1.62
error 533570.75
25 self_attn.q_proj
Quantizing ...
time 1.64
error 398861.0
25 self_attn.out_proj
Quantizing ...
time 1.64
error 47885.62109375
25 fc1
Quantizing ...
time 1.67
error 2488338.25
25 fc2
Quantizing ...
time 7.35
error 192850.75
26 self_attn.k_proj
Quantizing ...
time 1.71
error 638841.0625
26 self_attn.v_proj
Quantizing ...
time 1.63
error 551071.0
26 self_attn.q_proj
Quantizing ...
time 1.61
error 394223.96875
26 self_attn.out_proj
Quantizing ...
time 1.63
error 64501.62109375
26 fc1
Quantizing ...
time 1.66
error 2520129.5
26 fc2
Quantizing ...
time 7.32
error 215764.46875
27 self_attn.k_proj
Quantizing ...
time 1.68
error 665927.375
27 self_attn.v_proj
Quantizing ...
time 1.61
error 543791.125
27 self_attn.q_proj
Quantizing ...
time 1.62
error 400005.5
27 self_attn.out_proj
Quantizing ...
time 1.61
error 63541.46484375
27 fc1
Quantizing ...
time 1.65
error 2501822.75
27 fc2
Quantizing ...
time 7.29
error 250049.609375
28 self_attn.k_proj
Quantizing ...
time 1.70
error 565505.4375
28 self_attn.v_proj
Quantizing ...
time 1.63
error 579955.125
28 self_attn.q_proj
Quantizing ...
time 1.63
error 420469.71875
28 self_attn.out_proj
Quantizing ...
time 1.64
error 48589.4921875
28 fc1
Quantizing ...
time 1.65
error 2464182.5
28 fc2
Quantizing ...
time 7.27
error 260645.671875
29 self_attn.k_proj
Quantizing ...
time 1.71
error 506531.9375
29 self_attn.v_proj
Quantizing ...
time 1.65
error 566044.875
29 self_attn.q_proj
Quantizing ...
time 1.63
error 454574.875
29 self_attn.out_proj
Quantizing ...
time 1.65
error 32718.08984375
29 fc1
Quantizing ...
time 1.67
error 2391731.0
29 fc2
Quantizing ...
time 6.60
error 297597.0
30 self_attn.k_proj
Quantizing ...
time 1.21
error 481923.5625
30 self_attn.v_proj
Quantizing ...
time 1.14
error 564161.25
30 self_attn.q_proj
Quantizing ...
time 1.13
error 472493.8125
30 self_attn.out_proj
Quantizing ...
time 1.15
error 20528.705078125
30 fc1
Quantizing ...
time 1.16
error 2273700.75
30 fc2
Quantizing ...
time 5.33
error 301256.5
31 self_attn.k_proj
Quantizing ...
time 1.21
error 438800.84375
31 self_attn.v_proj
Quantizing ...
time 1.14
error 508094.03125
31 self_attn.q_proj
Quantizing ...
time 1.16
error 462729.3125
31 self_attn.out_proj
Quantizing ...
time 1.14
error 22131.814453125
31 fc1
Quantizing ...
time 1.16
error 2067722.5
31 fc2
Quantizing ...
time 5.35
error 255133.9375
Evaluating ...
0
1
2
3
4
5
6
7
8
9
10
11
12
13
14
15
16
17
18
19
20
21
22
23
24
25
26
27
28
29
30
31
15.213163375854492
RESULT {"model": "opt-6.7b", "method": "gptq3", "ppl": 15.213163375854492, "quant_seconds": 883.5995053139923, "eval_seconds_including_rtn_if_applicable": 35.53922727899044, "total_seconds": 964.8322955519834, "peak_allocated_gib": 8.14986515045166, "peak_reserved_gib": 8.517578125, "gpu": "NVIDIA A100-SXM4-40GB", "torch": "2.1.2+cu118", "model_revision": "a45aa65bbeb77c1558bc99bedc6779195462dab0", "upstream_commit": "2d65066eeb06a5c9ff5184d8cebdf33662c67faf", "evaluated_tokens": 286720, "seed": 0, "calibration_samples": 128, "group_size": -1, "act_order": false}
