Wed Sep  9 21:13:23 +08 2026
x1001c4s4b0n1
source/config identities and prior-verified checkpoint metadata match
[robosuite WARNING] No private macro file found! (macros.py:53)
[robosuite WARNING] It is recommended to use a private macro file (macros.py:54)
[robosuite WARNING] To setup, run: python /scratch/users/ntu/yguo017/fastwam-smoke/venv/lib/python3.11/site-packages/robosuite/scripts/setup_macros.py (macros.py:55)
Gym has been unmaintained since 2022 and does not support NumPy 2.0 amongst other critical functionality.
Please upgrade to Gymnasium, the maintained drop-in replacement of Gym, or contact the authors of your software and request that they upgrade.
See the migration guide at https://gymnasium.farama.org/introduction/migration_guide/ for additional information.
[info] using task orders [0, 1, 2, 3, 4, 5, 6, 7, 8, 9]
[Warning]: datasets path /scratch/users/ntu/yguo017/fastwam-smoke/libero/datasets does not exist!
[Warning]: datasets path /scratch/users/ntu/yguo017/fastwam-smoke/libero/datasets does not exist!
{"episode": 0, "replan_idx": 4, "pre_obs_max_abs": 0.0, "next_image_l1_01": 0.0, "next_qpos_max_abs": 0.0, "next_qvel_max_abs": 0.0, "done_equal": true, "contacts_equal": true}
{"episode": 0, "replan_idx": 5, "pre_obs_max_abs": 0.0, "next_image_l1_01": 0.0, "next_qpos_max_abs": 0.0, "next_qvel_max_abs": 0.0, "done_equal": true, "contacts_equal": true}
{"episode": 0, "replan_idx": 0, "pre_obs_max_abs": 0.0, "next_image_l1_01": 0.0, "next_qpos_max_abs": 0.0, "next_qvel_max_abs": 0.0, "done_equal": true, "contacts_equal": true}
{"episode": 0, "replan_idx": 1, "pre_obs_max_abs": 0.0, "next_image_l1_01": 0.0, "next_qpos_max_abs": 0.0, "next_qvel_max_abs": 0.0, "done_equal": true, "contacts_equal": true}
{"episode": 1, "replan_idx": 4, "pre_obs_max_abs": 0.0, "next_image_l1_01": 0.0, "next_qpos_max_abs": 0.0, "next_qvel_max_abs": 0.0, "done_equal": true, "contacts_equal": true}
{"episode": 1, "replan_idx": 5, "pre_obs_max_abs": 0.0, "next_image_l1_01": 0.0, "next_qpos_max_abs": 0.0, "next_qvel_max_abs": 0.0, "done_equal": true, "contacts_equal": true}
{"episode": 1, "replan_idx": 0, "pre_obs_max_abs": 0.0, "next_image_l1_01": 0.0, "next_qpos_max_abs": 0.0, "next_qvel_max_abs": 0.0, "done_equal": true, "contacts_equal": true}
{"episode": 1, "replan_idx": 1, "pre_obs_max_abs": 0.0, "next_image_l1_01": 0.0, "next_qpos_max_abs": 0.0, "next_qvel_max_abs": 0.0, "done_equal": true, "contacts_equal": true}
{"episode": 2, "replan_idx": 4, "pre_obs_max_abs": 0.0, "next_image_l1_01": 0.0, "next_qpos_max_abs": 0.0, "next_qvel_max_abs": 0.0, "done_equal": true, "contacts_equal": true}
Traceback (most recent call last):
  File "/scratch/users/ntu/yguo017/otc-ptq-phase1/artifacts/16206593.pbs101/collected_replay_preflight.py", line 53, in <module>
    restored = r._restore_snapshot(env, snapshot)
               ^^^^^^^^^^^^^^^^^^^^^^^^^^^^^^^^^^
  File "/scratch/users/ntu/yguo017/otc-ptq-phase1/artifacts/16206593.pbs101/runner.py", line 862, in _restore_snapshot
    _verify_contacts(snapshot["contacts"], _capture_contacts(env))
  File "/scratch/users/ntu/yguo017/otc-ptq-phase1/artifacts/16206593.pbs101/runner.py", line 789, in _verify_contacts
    raise RunnerError(f"Contact count changed: {expected.get('count')} vs {actual.get('count')}")
runner.RunnerError: Contact count changed: 26 vs 27
