job_id=25550701.pbs101
host=x1000c0s1b0n1
runner=/scratch/users/ntu/yguo017/dino-wm-wall/meeting-ready/02-horizon-weighted-recurrent-student/lewm-transfer/terminal-response-late7/runner.py
freeze=/scratch/users/ntu/yguo017/dino-wm-wall/meeting-ready/02-horizon-weighted-recurrent-student/lewm-transfer/terminal-response-late7/FREEZE.json
baseline=/scratch/users/ntu/yguo017/dino-wm-wall/meeting-ready/02-horizon-weighted-recurrent-student/lewm-transfer/official-lewm-dataset-teacher-baseline/artifacts/25534994.pbs101
candidate=/scratch/users/ntu/yguo017/dino-wm-wall/meeting-ready/02-horizon-weighted-recurrent-student/lewm-transfer/terminal-response-loss/artifacts/25549480.pbs101/terminal_response_step3000.pt
started_utc=2026-09-25T14:30:52Z
timestamp, index, name, utilization.gpu [%], memory.used [MiB], memory.total [MiB]
2026/09/25 22:30:52.231, 0, NVIDIA A100-SXM4-40GB, 0 %, 1 MiB, 40960 MiB
2026/09/25 22:30:57.232, 0, NVIDIA A100-SXM4-40GB, 0 %, 1 MiB, 40960 MiB
2026/09/25 22:31:02.234, 0, NVIDIA A100-SXM4-40GB, 0 %, 1 MiB, 40960 MiB
2026/09/25 22:31:07.235, 0, NVIDIA A100-SXM4-40GB, 0 %, 1 MiB, 40960 MiB
2026/09/25 22:31:12.236, 0, NVIDIA A100-SXM4-40GB, 0 %, 1 MiB, 40960 MiB
2026/09/25 22:31:17.236, 0, NVIDIA A100-SXM4-40GB, 0 %, 1 MiB, 40960 MiB
2026/09/25 22:31:22.237, 0, NVIDIA A100-SXM4-40GB, 0 %, 1 MiB, 40960 MiB
2026/09/25 22:31:27.238, 0, NVIDIA A100-SXM4-40GB, 0 %, 1 MiB, 40960 MiB
2026/09/25 22:31:32.238, 0, NVIDIA A100-SXM4-40GB, 0 %, 1 MiB, 40960 MiB
2026/09/25 22:31:37.240, 0, NVIDIA A100-SXM4-40GB, 0 %, 1 MiB, 40960 MiB
2026/09/25 22:31:42.240, 0, NVIDIA A100-SXM4-40GB, 0 %, 1 MiB, 40960 MiB
2026/09/25 22:31:47.241, 0, NVIDIA A100-SXM4-40GB, 0 %, 1 MiB, 40960 MiB
2026/09/25 22:31:52.242, 0, NVIDIA A100-SXM4-40GB, 0 %, 1 MiB, 40960 MiB
2026/09/25 22:31:57.243, 0, NVIDIA A100-SXM4-40GB, 0 %, 1 MiB, 40960 MiB
2026/09/25 22:32:02.243, 0, NVIDIA A100-SXM4-40GB, 0 %, 1 MiB, 40960 MiB
2026/09/25 22:32:07.245, 0, NVIDIA A100-SXM4-40GB, 0 %, 1 MiB, 40960 MiB
2026/09/25 22:32:12.246, 0, NVIDIA A100-SXM4-40GB, 0 %, 1 MiB, 40960 MiB
2026/09/25 22:32:17.247, 0, NVIDIA A100-SXM4-40GB, 0 %, 1 MiB, 40960 MiB
2026/09/25 22:32:22.248, 0, NVIDIA A100-SXM4-40GB, 0 %, 1 MiB, 40960 MiB
2026/09/25 22:32:27.248, 0, NVIDIA A100-SXM4-40GB, 0 %, 1 MiB, 40960 MiB
2026/09/25 22:32:32.250, 0, NVIDIA A100-SXM4-40GB, 0 %, 1 MiB, 40960 MiB
2026/09/25 22:32:37.253, 0, NVIDIA A100-SXM4-40GB, 0 %, 1 MiB, 40960 MiB
2026/09/25 22:32:42.253, 0, NVIDIA A100-SXM4-40GB, 0 %, 1 MiB, 40960 MiB
2026/09/25 22:32:47.255, 0, NVIDIA A100-SXM4-40GB, 0 %, 1 MiB, 40960 MiB
2026/09/25 22:32:52.256, 0, NVIDIA A100-SXM4-40GB, 0 %, 1 MiB, 40960 MiB
2026/09/25 22:32:57.258, 0, NVIDIA A100-SXM4-40GB, 0 %, 1 MiB, 40960 MiB
2026/09/25 22:33:02.259, 0, NVIDIA A100-SXM4-40GB, 0 %, 1 MiB, 40960 MiB
2026/09/25 22:33:07.260, 0, NVIDIA A100-SXM4-40GB, 0 %, 1 MiB, 40960 MiB
2026/09/25 22:33:12.261, 0, NVIDIA A100-SXM4-40GB, 0 %, 1 MiB, 40960 MiB
/scratch/users/ntu/yguo017/lewm-pusht-iteration/stable-worldmodel/stable_worldmodel/envs/__init__.py:215: UserWarning: ale-py not found; ALE/* envs are unavailable. Install with: pip install 'stable-worldmodel[env]' or pip install ale-py.
  from stable_worldmodel.envs import ale  # noqa: F401
2026/09/25 22:33:17.261, 0, NVIDIA A100-SXM4-40GB, 0 %, 1 MiB, 40960 MiB
2026/09/25 22:33:22.262, 0, NVIDIA A100-SXM4-40GB, 0 %, 1 MiB, 40960 MiB
2026/09/25 22:33:27.263, 0, NVIDIA A100-SXM4-40GB, 0 %, 1 MiB, 40960 MiB
2026/09/25 22:33:32.265, 0, NVIDIA A100-SXM4-40GB, 0 %, 1 MiB, 40960 MiB
2026/09/25 22:33:37.266, 0, NVIDIA A100-SXM4-40GB, 0 %, 1 MiB, 40960 MiB
2026/09/25 22:33:42.266, 0, NVIDIA A100-SXM4-40GB, 0 %, 1 MiB, 40960 MiB
2026/09/25 22:33:47.268, 0, NVIDIA A100-SXM4-40GB, 0 %, 5 MiB, 40960 MiB
2026/09/25 22:33:52.270, 0, NVIDIA A100-SXM4-40GB, 0 %, 5 MiB, 40960 MiB
2026/09/25 22:33:57.271, 0, NVIDIA A100-SXM4-40GB, 0 %, 5 MiB, 40960 MiB
2026/09/25 22:34:02.271, 0, NVIDIA A100-SXM4-40GB, 0 %, 5 MiB, 40960 MiB
2026/09/25 22:34:07.272, 0, NVIDIA A100-SXM4-40GB, 0 %, 5 MiB, 40960 MiB
2026/09/25 22:34:12.273, 0, NVIDIA A100-SXM4-40GB, 0 %, 5 MiB, 40960 MiB
2026/09/25 22:34:17.274, 0, NVIDIA A100-SXM4-40GB, 0 %, 5 MiB, 40960 MiB
22:34:17 | INFO  | __init__.py | Cached 'action' from '/scratch/users/ntu/yguo017/dino-wm-wall/meeting-ready/02-horizon-weighted-recurrent-student/lewm-transfer/terminal-response-late7/artifacts/25550701.pbs101/cache/datasets/pusht_expert_train.h5'
2026/09/25 22:34:22.275, 0, NVIDIA A100-SXM4-40GB, 0 %, 5 MiB, 40960 MiB
2026/09/25 22:34:27.296, 0, NVIDIA A100-SXM4-40GB, 0 %, 5 MiB, 40960 MiB
2026/09/25 22:34:32.296, 0, NVIDIA A100-SXM4-40GB, 0 %, 5 MiB, 40960 MiB
2026/09/25 22:34:37.297, 0, NVIDIA A100-SXM4-40GB, 0 %, 5 MiB, 40960 MiB
2026/09/25 22:34:42.297, 0, NVIDIA A100-SXM4-40GB, 0 %, 5 MiB, 40960 MiB
22:34:44 | INFO  | __init__.py | Cached 'proprio' from '/scratch/users/ntu/yguo017/dino-wm-wall/meeting-ready/02-horizon-weighted-recurrent-student/lewm-transfer/terminal-response-late7/artifacts/25550701.pbs101/cache/datasets/pusht_expert_train.h5'
2026/09/25 22:34:47.298, 0, NVIDIA A100-SXM4-40GB, 0 %, 5 MiB, 40960 MiB
2026/09/25 22:34:52.299, 0, NVIDIA A100-SXM4-40GB, 0 %, 5 MiB, 40960 MiB
2026/09/25 22:34:57.300, 0, NVIDIA A100-SXM4-40GB, 0 %, 5 MiB, 40960 MiB
2026/09/25 22:35:02.301, 0, NVIDIA A100-SXM4-40GB, 0 %, 5 MiB, 40960 MiB
2026/09/25 22:35:07.301, 0, NVIDIA A100-SXM4-40GB, 0 %, 5 MiB, 40960 MiB
22:35:08 | INFO  | __init__.py | Cached 'state' from '/scratch/users/ntu/yguo017/dino-wm-wall/meeting-ready/02-horizon-weighted-recurrent-student/lewm-transfer/terminal-response-late7/artifacts/25550701.pbs101/cache/datasets/pusht_expert_train.h5'
2026/09/25 22:35:12.302, 0, NVIDIA A100-SXM4-40GB, 0 %, 5 MiB, 40960 MiB
2026/09/25 22:35:17.302, 0, NVIDIA A100-SXM4-40GB, 0 %, 425 MiB, 40960 MiB
2026/09/25 22:35:22.304, 0, NVIDIA A100-SXM4-40GB, 0 %, 429 MiB, 40960 MiB
2026/09/25 22:35:27.305, 0, NVIDIA A100-SXM4-40GB, 0 %, 429 MiB, 40960 MiB
2026/09/25 22:35:32.305, 0, NVIDIA A100-SXM4-40GB, 0 %, 429 MiB, 40960 MiB
2026/09/25 22:35:37.307, 0, NVIDIA A100-SXM4-40GB, 0 %, 429 MiB, 40960 MiB
2026/09/25 22:35:42.307, 0, NVIDIA A100-SXM4-40GB, 0 %, 429 MiB, 40960 MiB
2026/09/25 22:35:47.308, 0, NVIDIA A100-SXM4-40GB, 0 %, 429 MiB, 40960 MiB
2026/09/25 22:35:52.309, 0, NVIDIA A100-SXM4-40GB, 0 %, 503 MiB, 40960 MiB
2026/09/25 22:35:57.310, 0, NVIDIA A100-SXM4-40GB, 0 %, 503 MiB, 40960 MiB
2026/09/25 22:36:02.311, 0, NVIDIA A100-SXM4-40GB, 0 %, 503 MiB, 40960 MiB
2026/09/25 22:36:07.312, 0, NVIDIA A100-SXM4-40GB, 0 %, 503 MiB, 40960 MiB
2026/09/25 22:36:12.312, 0, NVIDIA A100-SXM4-40GB, 0 %, 503 MiB, 40960 MiB
2026/09/25 22:36:17.313, 0, NVIDIA A100-SXM4-40GB, 0 %, 503 MiB, 40960 MiB
2026/09/25 22:36:22.316, 0, NVIDIA A100-SXM4-40GB, 0 %, 503 MiB, 40960 MiB
2026/09/25 22:36:27.316, 0, NVIDIA A100-SXM4-40GB, 0 %, 503 MiB, 40960 MiB
2026/09/25 22:36:32.317, 0, NVIDIA A100-SXM4-40GB, 0 %, 503 MiB, 40960 MiB
2026/09/25 22:36:37.318, 0, NVIDIA A100-SXM4-40GB, 0 %, 503 MiB, 40960 MiB
22:36:41 | INFO  | atomic_chec~| [atomic_save] installed crash-safe checkpoint plugin (write to sibling .tmp + fsync + atomic rename)
2026/09/25 22:36:42.318, 0, NVIDIA A100-SXM4-40GB, 0 %, 503 MiB, 40960 MiB
/scratch/users/ntu/yguo017/lewm-pusht-iteration/venv/lib64/python3.11/site-packages/gymnasium/spaces/box.py:415: UserWarning: [33mWARN: Casting input x to numpy array.[0m
  gym.logger.warn("Casting input x to numpy array.")
2026/09/25 22:36:47.319, 0, NVIDIA A100-SXM4-40GB, 0 %, 579 MiB, 40960 MiB
2026/09/25 22:36:52.320, 0, NVIDIA A100-SXM4-40GB, 0 %, 583 MiB, 40960 MiB
2026/09/25 22:36:57.320, 0, NVIDIA A100-SXM4-40GB, 0 %, 613 MiB, 40960 MiB
2026/09/25 22:37:02.321, 0, NVIDIA A100-SXM4-40GB, 0 %, 615 MiB, 40960 MiB
2026/09/25 22:37:07.322, 0, NVIDIA A100-SXM4-40GB, 76 %, 643 MiB, 40960 MiB
2026/09/25 22:37:12.323, 0, NVIDIA A100-SXM4-40GB, 41 %, 643 MiB, 40960 MiB
2026/09/25 22:37:17.327, 0, NVIDIA A100-SXM4-40GB, 50 %, 643 MiB, 40960 MiB
2026/09/25 22:37:22.328, 0, NVIDIA A100-SXM4-40GB, 43 %, 643 MiB, 40960 MiB
2026/09/25 22:37:27.328, 0, NVIDIA A100-SXM4-40GB, 40 %, 643 MiB, 40960 MiB
CEM solve time: 42.5656 seconds
2026/09/25 22:37:32.330, 0, NVIDIA A100-SXM4-40GB, 64 %, 643 MiB, 40960 MiB
2026/09/25 22:37:37.331, 0, NVIDIA A100-SXM4-40GB, 49 %, 643 MiB, 40960 MiB
2026/09/25 22:37:42.333, 0, NVIDIA A100-SXM4-40GB, 37 %, 643 MiB, 40960 MiB
2026/09/25 22:37:47.333, 0, NVIDIA A100-SXM4-40GB, 37 %, 643 MiB, 40960 MiB
2026/09/25 22:37:52.335, 0, NVIDIA A100-SXM4-40GB, 49 %, 643 MiB, 40960 MiB
CEM solve time: 20.6834 seconds
{"arm": "late_teacher7", "successes": 12, "teacher_calls": 644, "solve_calls": 2, "planner_s": 63.283}
2026/09/25 22:37:57.336, 0, NVIDIA A100-SXM4-40GB, 0 %, 643 MiB, 40960 MiB
/scratch/users/ntu/yguo017/lewm-pusht-iteration/venv/lib64/python3.11/site-packages/gymnasium/spaces/box.py:415: UserWarning: [33mWARN: Casting input x to numpy array.[0m
  gym.logger.warn("Casting input x to numpy array.")
2026/09/25 22:38:02.336, 0, NVIDIA A100-SXM4-40GB, 40 %, 643 MiB, 40960 MiB
2026/09/25 22:38:07.337, 0, NVIDIA A100-SXM4-40GB, 40 %, 643 MiB, 40960 MiB
2026/09/25 22:38:12.338, 0, NVIDIA A100-SXM4-40GB, 39 %, 643 MiB, 40960 MiB
CEM solve time: 18.6064 seconds
2026/09/25 22:38:17.341, 0, NVIDIA A100-SXM4-40GB, 0 %, 643 MiB, 40960 MiB
2026/09/25 22:38:22.342, 0, NVIDIA A100-SXM4-40GB, 39 %, 643 MiB, 40960 MiB
2026/09/25 22:38:27.343, 0, NVIDIA A100-SXM4-40GB, 40 %, 643 MiB, 40960 MiB
2026/09/25 22:38:32.344, 0, NVIDIA A100-SXM4-40GB, 39 %, 643 MiB, 40960 MiB
2026/09/25 22:38:37.346, 0, NVIDIA A100-SXM4-40GB, 40 %, 643 MiB, 40960 MiB
CEM solve time: 18.1903 seconds
2026/09/25 22:38:42.347, 0, NVIDIA A100-SXM4-40GB, 0 %, 643 MiB, 40960 MiB
{"arm": "student_only", "successes": 2, "teacher_calls": 0, "solve_calls": 2, "planner_s": 36.797}
/scratch/users/ntu/yguo017/lewm-pusht-iteration/venv/lib64/python3.11/site-packages/gymnasium/spaces/box.py:415: UserWarning: [33mWARN: Casting input x to numpy array.[0m
  gym.logger.warn("Casting input x to numpy array.")
2026/09/25 22:38:47.348, 0, NVIDIA A100-SXM4-40GB, 75 %, 643 MiB, 40960 MiB
2026/09/25 22:38:52.349, 0, NVIDIA A100-SXM4-40GB, 73 %, 643 MiB, 40960 MiB
2026/09/25 22:38:57.350, 0, NVIDIA A100-SXM4-40GB, 75 %, 643 MiB, 40960 MiB
2026/09/25 22:39:02.350, 0, NVIDIA A100-SXM4-40GB, 72 %, 643 MiB, 40960 MiB
2026/09/25 22:39:07.352, 0, NVIDIA A100-SXM4-40GB, 74 %, 643 MiB, 40960 MiB
2026/09/25 22:39:12.354, 0, NVIDIA A100-SXM4-40GB, 72 %, 643 MiB, 40960 MiB
2026/09/25 22:39:17.356, 0, NVIDIA A100-SXM4-40GB, 73 %, 643 MiB, 40960 MiB
2026/09/25 22:39:22.356, 0, NVIDIA A100-SXM4-40GB, 72 %, 643 MiB, 40960 MiB
2026/09/25 22:39:27.357, 0, NVIDIA A100-SXM4-40GB, 73 %, 643 MiB, 40960 MiB
CEM solve time: 45.2661 seconds
2026/09/25 22:39:32.358, 0, NVIDIA A100-SXM4-40GB, 0 %, 643 MiB, 40960 MiB
2026/09/25 22:39:37.359, 0, NVIDIA A100-SXM4-40GB, 75 %, 643 MiB, 40960 MiB
2026/09/25 22:39:42.360, 0, NVIDIA A100-SXM4-40GB, 78 %, 643 MiB, 40960 MiB
CEM solve time: 8.9244 seconds
{"arm": "teacher_only", "successes": 49, "teacher_calls": 1800, "solve_calls": 2, "planner_s": 54.191}
{"overall": "FAIL", "checks": {"validity": true, "teacher_only_success_vector_exactly_matches_baseline": true, "teacher_only_vector_mismatch_indices": [], "exact_50_tasks_and_150_outcomes": true, "task_keys_and_order_match": true, "prepared_observation_keys_pair_exactly": true, "frozen_candidate_shapes_exact": true, "all_schedules_and_finite_outputs": true, "native_solver_generator_state_and_shape_common_prefix": true, "late_teacher7_benefit_vs_candidate_student_only": true, "late_teacher7_teacher_gap_within_5": false, "late_teacher7_planner_time_ratio_at_most_0_70": false}}
2026/09/25 22:39:47.361, 0, NVIDIA A100-SXM4-40GB, 0 %, 643 MiB, 40960 MiB
2026/09/25 22:39:52.363, 0, NVIDIA A100-SXM4-40GB, 0 %, 643 MiB, 40960 MiB
2026/09/25 22:39:57.363, 0, NVIDIA A100-SXM4-40GB, 0 %, 643 MiB, 40960 MiB
2026/09/25 22:40:02.364, 0, NVIDIA A100-SXM4-40GB, 0 %, 643 MiB, 40960 MiB
2026/09/25 22:40:07.365, 0, NVIDIA A100-SXM4-40GB, 0 %, 643 MiB, 40960 MiB
