timestamp, index, name, utilization.gpu [%], memory.used [MiB], memory.total [MiB]
2026/09/24 18:03:28.254, 0, NVIDIA A100-SXM4-40GB, 0 %, 1 MiB, 40960 MiB
2026/09/24 18:03:33.255, 0, NVIDIA A100-SXM4-40GB, 0 %, 1 MiB, 40960 MiB
2026/09/24 18:03:38.256, 0, NVIDIA A100-SXM4-40GB, 0 %, 1 MiB, 40960 MiB
2026/09/24 18:03:43.256, 0, NVIDIA A100-SXM4-40GB, 0 %, 1 MiB, 40960 MiB
2026/09/24 18:03:48.257, 0, NVIDIA A100-SXM4-40GB, 0 %, 1 MiB, 40960 MiB
2026/09/24 18:03:53.257, 0, NVIDIA A100-SXM4-40GB, 0 %, 1 MiB, 40960 MiB
2026/09/24 18:03:58.258, 0, NVIDIA A100-SXM4-40GB, 0 %, 1 MiB, 40960 MiB
2026/09/24 18:04:03.259, 0, NVIDIA A100-SXM4-40GB, 0 %, 1 MiB, 40960 MiB
2026/09/24 18:04:08.259, 0, NVIDIA A100-SXM4-40GB, 0 %, 1 MiB, 40960 MiB
2026/09/24 18:04:13.260, 0, NVIDIA A100-SXM4-40GB, 0 %, 1 MiB, 40960 MiB
2026/09/24 18:04:18.261, 0, NVIDIA A100-SXM4-40GB, 0 %, 1 MiB, 40960 MiB
2026/09/24 18:04:23.261, 0, NVIDIA A100-SXM4-40GB, 0 %, 1 MiB, 40960 MiB
2026/09/24 18:04:28.264, 0, NVIDIA A100-SXM4-40GB, 0 %, 1 MiB, 40960 MiB
2026/09/24 18:04:33.264, 0, NVIDIA A100-SXM4-40GB, 0 %, 1 MiB, 40960 MiB
2026/09/24 18:04:38.265, 0, NVIDIA A100-SXM4-40GB, 0 %, 1 MiB, 40960 MiB
2026/09/24 18:04:43.266, 0, NVIDIA A100-SXM4-40GB, 0 %, 1 MiB, 40960 MiB
2026/09/24 18:04:48.267, 0, NVIDIA A100-SXM4-40GB, 0 %, 1 MiB, 40960 MiB
2026/09/24 18:04:53.267, 0, NVIDIA A100-SXM4-40GB, 0 %, 1 MiB, 40960 MiB
2026/09/24 18:04:58.268, 0, NVIDIA A100-SXM4-40GB, 0 %, 1 MiB, 40960 MiB
2026/09/24 18:05:03.269, 0, NVIDIA A100-SXM4-40GB, 0 %, 1 MiB, 40960 MiB
2026/09/24 18:05:08.270, 0, NVIDIA A100-SXM4-40GB, 0 %, 1 MiB, 40960 MiB
2026/09/24 18:05:13.271, 0, NVIDIA A100-SXM4-40GB, 0 %, 1 MiB, 40960 MiB
/scratch/users/ntu/yguo017/lewm-pusht-iteration/stable-worldmodel/stable_worldmodel/envs/__init__.py:215: UserWarning: ale-py not found; ALE/* envs are unavailable. Install with: pip install 'stable-worldmodel[env]' or pip install ale-py.
  from stable_worldmodel.envs import ale  # noqa: F401
2026/09/24 18:05:18.272, 0, NVIDIA A100-SXM4-40GB, 0 %, 1 MiB, 40960 MiB
2026/09/24 18:05:23.272, 0, NVIDIA A100-SXM4-40GB, 0 %, 1 MiB, 40960 MiB
2026/09/24 18:05:28.273, 0, NVIDIA A100-SXM4-40GB, 0 %, 1 MiB, 40960 MiB
2026/09/24 18:05:33.274, 0, NVIDIA A100-SXM4-40GB, 0 %, 1 MiB, 40960 MiB
2026/09/24 18:05:38.274, 0, NVIDIA A100-SXM4-40GB, 0 %, 1 MiB, 40960 MiB
2026/09/24 18:05:43.275, 0, NVIDIA A100-SXM4-40GB, 0 %, 1 MiB, 40960 MiB
2026/09/24 18:05:48.275, 0, NVIDIA A100-SXM4-40GB, 0 %, 1 MiB, 40960 MiB
2026/09/24 18:05:53.276, 0, NVIDIA A100-SXM4-40GB, 0 %, 1 MiB, 40960 MiB
2026/09/24 18:05:58.277, 0, NVIDIA A100-SXM4-40GB, 0 %, 1 MiB, 40960 MiB
2026/09/24 18:06:03.277, 0, NVIDIA A100-SXM4-40GB, 0 %, 1 MiB, 40960 MiB
2026/09/24 18:06:08.278, 0, NVIDIA A100-SXM4-40GB, 0 %, 1 MiB, 40960 MiB
2026/09/24 18:06:13.279, 0, NVIDIA A100-SXM4-40GB, 0 %, 1 MiB, 40960 MiB
2026/09/24 18:06:18.279, 0, NVIDIA A100-SXM4-40GB, 0 %, 1 MiB, 40960 MiB
2026/09/24 18:06:23.280, 0, NVIDIA A100-SXM4-40GB, 0 %, 1 MiB, 40960 MiB
2026/09/24 18:06:28.281, 0, NVIDIA A100-SXM4-40GB, 0 %, 1 MiB, 40960 MiB
18:06:33 | INFO  | atomic_chec~| [atomic_save] installed crash-safe checkpoint plugin (write to sibling .tmp + fsync + atomic rename)
2026/09/24 18:06:33.282, 0, NVIDIA A100-SXM4-40GB, 0 %, 1 MiB, 40960 MiB
2026/09/24 18:06:38.282, 0, NVIDIA A100-SXM4-40GB, 0 %, 1 MiB, 40960 MiB
2026/09/24 18:06:43.283, 0, NVIDIA A100-SXM4-40GB, 0 %, 1 MiB, 40960 MiB
2026/09/24 18:06:48.284, 0, NVIDIA A100-SXM4-40GB, 0 %, 1 MiB, 40960 MiB
2026/09/24 18:06:53.285, 0, NVIDIA A100-SXM4-40GB, 0 %, 1 MiB, 40960 MiB
18:06:55 | INFO  | __init__.py | Cached 'action' from '/scratch/users/ntu/yguo017/dino-wm-wall/meeting-ready/02-horizon-weighted-recurrent-student/lewm-transfer/official-lewm-dataset-teacher-baseline/artifacts/25534994.pbs101/cache/datasets/pusht_expert_train.h5'
2026/09/24 18:06:58.285, 0, NVIDIA A100-SXM4-40GB, 0 %, 1 MiB, 40960 MiB
2026/09/24 18:07:03.286, 0, NVIDIA A100-SXM4-40GB, 0 %, 1 MiB, 40960 MiB
2026/09/24 18:07:08.286, 0, NVIDIA A100-SXM4-40GB, 0 %, 1 MiB, 40960 MiB
2026/09/24 18:07:13.287, 0, NVIDIA A100-SXM4-40GB, 0 %, 1 MiB, 40960 MiB
18:07:17 | INFO  | __init__.py | Cached 'proprio' from '/scratch/users/ntu/yguo017/dino-wm-wall/meeting-ready/02-horizon-weighted-recurrent-student/lewm-transfer/official-lewm-dataset-teacher-baseline/artifacts/25534994.pbs101/cache/datasets/pusht_expert_train.h5'
2026/09/24 18:07:18.288, 0, NVIDIA A100-SXM4-40GB, 0 %, 1 MiB, 40960 MiB
2026/09/24 18:07:23.289, 0, NVIDIA A100-SXM4-40GB, 0 %, 1 MiB, 40960 MiB
2026/09/24 18:07:28.289, 0, NVIDIA A100-SXM4-40GB, 0 %, 1 MiB, 40960 MiB
2026/09/24 18:07:33.290, 0, NVIDIA A100-SXM4-40GB, 0 %, 1 MiB, 40960 MiB
18:07:37 | INFO  | __init__.py | Cached 'state' from '/scratch/users/ntu/yguo017/dino-wm-wall/meeting-ready/02-horizon-weighted-recurrent-student/lewm-transfer/official-lewm-dataset-teacher-baseline/artifacts/25534994.pbs101/cache/datasets/pusht_expert_train.h5'
2026/09/24 18:07:38.291, 0, NVIDIA A100-SXM4-40GB, 0 %, 1 MiB, 40960 MiB
2026/09/24 18:07:43.291, 0, NVIDIA A100-SXM4-40GB, 0 %, 1 MiB, 40960 MiB
2026/09/24 18:07:48.292, 0, NVIDIA A100-SXM4-40GB, 0 %, 1 MiB, 40960 MiB
2026/09/24 18:07:53.293, 0, NVIDIA A100-SXM4-40GB, 0 %, 1 MiB, 40960 MiB
2026/09/24 18:07:58.293, 0, NVIDIA A100-SXM4-40GB, 0 %, 499 MiB, 40960 MiB
2026/09/24 18:08:03.294, 0, NVIDIA A100-SXM4-40GB, 0 %, 499 MiB, 40960 MiB
2026/09/24 18:08:08.295, 0, NVIDIA A100-SXM4-40GB, 0 %, 499 MiB, 40960 MiB
2026/09/24 18:08:13.296, 0, NVIDIA A100-SXM4-40GB, 0 %, 499 MiB, 40960 MiB
2026/09/24 18:08:18.296, 0, NVIDIA A100-SXM4-40GB, 0 %, 499 MiB, 40960 MiB
2026/09/24 18:08:23.297, 0, NVIDIA A100-SXM4-40GB, 0 %, 499 MiB, 40960 MiB
/scratch/users/ntu/yguo017/lewm-pusht-iteration/venv/lib64/python3.11/site-packages/gymnasium/spaces/box.py:415: UserWarning: [33mWARN: Casting input x to numpy array.[0m
  gym.logger.warn("Casting input x to numpy array.")
2026/09/24 18:08:28.298, 0, NVIDIA A100-SXM4-40GB, 6 %, 577 MiB, 40960 MiB
2026/09/24 18:08:33.299, 0, NVIDIA A100-SXM4-40GB, 0 %, 581 MiB, 40960 MiB
2026/09/24 18:08:38.300, 0, NVIDIA A100-SXM4-40GB, 0 %, 613 MiB, 40960 MiB
2026/09/24 18:08:43.301, 0, NVIDIA A100-SXM4-40GB, 75 %, 639 MiB, 40960 MiB
2026/09/24 18:08:48.301, 0, NVIDIA A100-SXM4-40GB, 73 %, 639 MiB, 40960 MiB
2026/09/24 18:08:53.302, 0, NVIDIA A100-SXM4-40GB, 74 %, 639 MiB, 40960 MiB
2026/09/24 18:08:58.303, 0, NVIDIA A100-SXM4-40GB, 73 %, 639 MiB, 40960 MiB
2026/09/24 18:09:03.304, 0, NVIDIA A100-SXM4-40GB, 74 %, 639 MiB, 40960 MiB
2026/09/24 18:09:08.304, 0, NVIDIA A100-SXM4-40GB, 75 %, 639 MiB, 40960 MiB
2026/09/24 18:09:13.305, 0, NVIDIA A100-SXM4-40GB, 73 %, 639 MiB, 40960 MiB
2026/09/24 18:09:18.306, 0, NVIDIA A100-SXM4-40GB, 74 %, 639 MiB, 40960 MiB
2026/09/24 18:09:23.307, 0, NVIDIA A100-SXM4-40GB, 75 %, 639 MiB, 40960 MiB
CEM solve time: 57.2004 seconds
2026/09/24 18:09:28.308, 0, NVIDIA A100-SXM4-40GB, 0 %, 639 MiB, 40960 MiB
2026/09/24 18:09:33.308, 0, NVIDIA A100-SXM4-40GB, 75 %, 639 MiB, 40960 MiB
CEM solve time: 8.9031 seconds
2026/09/24 18:09:38.309, 0, NVIDIA A100-SXM4-40GB, 0 %, 639 MiB, 40960 MiB
{"status": "COMPLETED", "pbs_job_id": "25534994.pbs101", "validity": "PASS", "num_tasks": 50, "successes": 49, "success_rate_percent": 98.0, "engineering_continuation_gate": "ELIGIBLE_FOR_SEPARATE_REVIEW", "evaluation_seconds": 74.1479463991709}
2026/09/24 18:09:43.310, 0, NVIDIA A100-SXM4-40GB, 0 %, 639 MiB, 40960 MiB
2026/09/24 18:09:48.310, 0, NVIDIA A100-SXM4-40GB, 0 %, 639 MiB, 40960 MiB
2026/09/24 18:09:53.311, 0, NVIDIA A100-SXM4-40GB, 0 %, 639 MiB, 40960 MiB
2026/09/24 18:09:58.312, 0, NVIDIA A100-SXM4-40GB, 0 %, 639 MiB, 40960 MiB
