timestamp, index, name, utilization.gpu [%], memory.used [MiB], memory.total [MiB]
2026/09/24 21:19:00.657, 0, NVIDIA A100-SXM4-40GB, 0 %, 1 MiB, 40960 MiB
2026/09/24 21:19:05.660, 0, NVIDIA A100-SXM4-40GB, 0 %, 1 MiB, 40960 MiB
2026/09/24 21:19:10.660, 0, NVIDIA A100-SXM4-40GB, 0 %, 1 MiB, 40960 MiB
2026/09/24 21:19:15.661, 0, NVIDIA A100-SXM4-40GB, 0 %, 1 MiB, 40960 MiB
2026/09/24 21:19:20.661, 0, NVIDIA A100-SXM4-40GB, 0 %, 1 MiB, 40960 MiB
2026/09/24 21:19:25.662, 0, NVIDIA A100-SXM4-40GB, 0 %, 1 MiB, 40960 MiB
2026/09/24 21:19:30.663, 0, NVIDIA A100-SXM4-40GB, 0 %, 1 MiB, 40960 MiB
2026/09/24 21:19:35.664, 0, NVIDIA A100-SXM4-40GB, 0 %, 1 MiB, 40960 MiB
2026/09/24 21:19:40.665, 0, NVIDIA A100-SXM4-40GB, 0 %, 1 MiB, 40960 MiB
2026/09/24 21:19:45.665, 0, NVIDIA A100-SXM4-40GB, 0 %, 1 MiB, 40960 MiB
2026/09/24 21:19:50.666, 0, NVIDIA A100-SXM4-40GB, 0 %, 1 MiB, 40960 MiB
2026/09/24 21:19:55.667, 0, NVIDIA A100-SXM4-40GB, 0 %, 1 MiB, 40960 MiB
2026/09/24 21:20:00.668, 0, NVIDIA A100-SXM4-40GB, 0 %, 1 MiB, 40960 MiB
2026/09/24 21:20:05.668, 0, NVIDIA A100-SXM4-40GB, 0 %, 1 MiB, 40960 MiB
2026/09/24 21:20:10.669, 0, NVIDIA A100-SXM4-40GB, 0 %, 1 MiB, 40960 MiB
2026/09/24 21:20:15.670, 0, NVIDIA A100-SXM4-40GB, 0 %, 1 MiB, 40960 MiB
2026/09/24 21:20:20.670, 0, NVIDIA A100-SXM4-40GB, 0 %, 1 MiB, 40960 MiB
2026/09/24 21:20:25.671, 0, NVIDIA A100-SXM4-40GB, 0 %, 1 MiB, 40960 MiB
2026/09/24 21:20:30.672, 0, NVIDIA A100-SXM4-40GB, 0 %, 1 MiB, 40960 MiB
2026/09/24 21:20:35.673, 0, NVIDIA A100-SXM4-40GB, 0 %, 1 MiB, 40960 MiB
/scratch/users/ntu/yguo017/lewm-pusht-iteration/stable-worldmodel/stable_worldmodel/envs/__init__.py:215: UserWarning: ale-py not found; ALE/* envs are unavailable. Install with: pip install 'stable-worldmodel[env]' or pip install ale-py.
  from stable_worldmodel.envs import ale  # noqa: F401
2026/09/24 21:20:40.673, 0, NVIDIA A100-SXM4-40GB, 0 %, 1 MiB, 40960 MiB
2026/09/24 21:20:45.674, 0, NVIDIA A100-SXM4-40GB, 0 %, 1 MiB, 40960 MiB
2026/09/24 21:20:50.674, 0, NVIDIA A100-SXM4-40GB, 0 %, 1 MiB, 40960 MiB
2026/09/24 21:20:55.675, 0, NVIDIA A100-SXM4-40GB, 0 %, 1 MiB, 40960 MiB
2026/09/24 21:21:00.676, 0, NVIDIA A100-SXM4-40GB, 0 %, 5 MiB, 40960 MiB
2026/09/24 21:21:05.676, 0, NVIDIA A100-SXM4-40GB, 0 %, 5 MiB, 40960 MiB
2026/09/24 21:21:10.677, 0, NVIDIA A100-SXM4-40GB, 0 %, 5 MiB, 40960 MiB
2026/09/24 21:21:15.678, 0, NVIDIA A100-SXM4-40GB, 0 %, 5 MiB, 40960 MiB
2026/09/24 21:21:20.679, 0, NVIDIA A100-SXM4-40GB, 0 %, 5 MiB, 40960 MiB
21:21:23 | INFO  | __init__.py | Cached 'action' from '/scratch/users/ntu/yguo017/dino-wm-wall/meeting-ready/02-horizon-weighted-recurrent-student/lewm-transfer/final-only-teacher/artifacts/25536606.pbs101/cache/datasets/pusht_expert_train.h5'
2026/09/24 21:21:25.679, 0, NVIDIA A100-SXM4-40GB, 0 %, 5 MiB, 40960 MiB
2026/09/24 21:21:30.680, 0, NVIDIA A100-SXM4-40GB, 0 %, 5 MiB, 40960 MiB
2026/09/24 21:21:35.681, 0, NVIDIA A100-SXM4-40GB, 0 %, 5 MiB, 40960 MiB
2026/09/24 21:21:40.682, 0, NVIDIA A100-SXM4-40GB, 0 %, 5 MiB, 40960 MiB
21:21:43 | INFO  | __init__.py | Cached 'proprio' from '/scratch/users/ntu/yguo017/dino-wm-wall/meeting-ready/02-horizon-weighted-recurrent-student/lewm-transfer/final-only-teacher/artifacts/25536606.pbs101/cache/datasets/pusht_expert_train.h5'
2026/09/24 21:21:45.682, 0, NVIDIA A100-SXM4-40GB, 0 %, 5 MiB, 40960 MiB
2026/09/24 21:21:50.683, 0, NVIDIA A100-SXM4-40GB, 0 %, 5 MiB, 40960 MiB
2026/09/24 21:21:55.684, 0, NVIDIA A100-SXM4-40GB, 0 %, 5 MiB, 40960 MiB
21:21:58 | INFO  | __init__.py | Cached 'state' from '/scratch/users/ntu/yguo017/dino-wm-wall/meeting-ready/02-horizon-weighted-recurrent-student/lewm-transfer/final-only-teacher/artifacts/25536606.pbs101/cache/datasets/pusht_expert_train.h5'
2026/09/24 21:22:00.685, 0, NVIDIA A100-SXM4-40GB, 0 %, 5 MiB, 40960 MiB
2026/09/24 21:22:05.686, 0, NVIDIA A100-SXM4-40GB, 0 %, 5 MiB, 40960 MiB
2026/09/24 21:22:10.686, 0, NVIDIA A100-SXM4-40GB, 0 %, 5 MiB, 40960 MiB
2026/09/24 21:22:15.687, 0, NVIDIA A100-SXM4-40GB, 0 %, 5 MiB, 40960 MiB
2026/09/24 21:22:20.687, 0, NVIDIA A100-SXM4-40GB, 0 %, 5 MiB, 40960 MiB
2026/09/24 21:22:25.688, 0, NVIDIA A100-SXM4-40GB, 2 %, 499 MiB, 40960 MiB
2026/09/24 21:22:30.689, 0, NVIDIA A100-SXM4-40GB, 0 %, 503 MiB, 40960 MiB
2026/09/24 21:22:35.690, 0, NVIDIA A100-SXM4-40GB, 0 %, 503 MiB, 40960 MiB
2026/09/24 21:22:40.690, 0, NVIDIA A100-SXM4-40GB, 0 %, 503 MiB, 40960 MiB
2026/09/24 21:22:45.691, 0, NVIDIA A100-SXM4-40GB, 0 %, 503 MiB, 40960 MiB
2026/09/24 21:22:50.692, 0, NVIDIA A100-SXM4-40GB, 0 %, 503 MiB, 40960 MiB
2026/09/24 21:22:55.693, 0, NVIDIA A100-SXM4-40GB, 0 %, 503 MiB, 40960 MiB
21:22:56 | INFO  | atomic_chec~| [atomic_save] installed crash-safe checkpoint plugin (write to sibling .tmp + fsync + atomic rename)
/scratch/users/ntu/yguo017/lewm-pusht-iteration/venv/lib64/python3.11/site-packages/gymnasium/spaces/box.py:415: UserWarning: [33mWARN: Casting input x to numpy array.[0m
  gym.logger.warn("Casting input x to numpy array.")
2026/09/24 21:23:00.694, 0, NVIDIA A100-SXM4-40GB, 0 %, 585 MiB, 40960 MiB
2026/09/24 21:23:05.694, 0, NVIDIA A100-SXM4-40GB, 0 %, 585 MiB, 40960 MiB
2026/09/24 21:23:10.695, 0, NVIDIA A100-SXM4-40GB, 0 %, 615 MiB, 40960 MiB
2026/09/24 21:23:15.696, 0, NVIDIA A100-SXM4-40GB, 45 %, 641 MiB, 40960 MiB
2026/09/24 21:23:20.697, 0, NVIDIA A100-SXM4-40GB, 40 %, 641 MiB, 40960 MiB
2026/09/24 21:23:25.697, 0, NVIDIA A100-SXM4-40GB, 42 %, 641 MiB, 40960 MiB
CEM solve time: 31.4408 seconds
2026/09/24 21:23:30.698, 0, NVIDIA A100-SXM4-40GB, 41 %, 641 MiB, 40960 MiB
2026/09/24 21:23:35.699, 0, NVIDIA A100-SXM4-40GB, 37 %, 641 MiB, 40960 MiB
2026/09/24 21:23:40.700, 0, NVIDIA A100-SXM4-40GB, 42 %, 641 MiB, 40960 MiB
2026/09/24 21:23:45.700, 0, NVIDIA A100-SXM4-40GB, 37 %, 641 MiB, 40960 MiB
2026/09/24 21:23:50.701, 0, NVIDIA A100-SXM4-40GB, 45 %, 641 MiB, 40960 MiB
CEM solve time: 16.4668 seconds
{"overall": "FINAL_ONLY_GAIN_NOT_DEMONSTRATED_MULTIROUND_REMAINS_HYPOTHESIS", "successes": 11, "primary": {"left_arm": "final_only_round30", "right_arm": "student_only", "paired_tasks": 50, "left_success_only": 1, "right_success_only": 1, "discordant_pairs": 2, "success_delta": 0, "exact_two_sided_p": 1.0, "method": "exact two-sided McNemar test, conditional binomial tails"}, "checks": {"validity": true, "exact_50_tasks_in_frozen_order": true, "hdf5_episode_and_step_identity_matches": true, "student_and_late7_reference_vectors_match_frozen_sources": true, "teacher_positive_control_reference_matches_baseline": true, "all_six_prepared_observation_keys_present_and_semantically_valid": true, "round30_teacher_only_schedule_each_real_batch": true, "teacher_calls_equal_actual_batch_count": true, "native_seed_and_pre_solve_generator_state_records_complete": true, "all_outputs_and_timings_finite": true, "treatment_checkpoint_strict_provenance_and_parameter_count": true, "pbs_compute_node_guard_passed": true}}
2026/09/24 21:23:55.702, 0, NVIDIA A100-SXM4-40GB, 0 %, 641 MiB, 40960 MiB
2026/09/24 21:24:00.702, 0, NVIDIA A100-SXM4-40GB, 0 %, 641 MiB, 40960 MiB
2026/09/24 21:24:05.703, 0, NVIDIA A100-SXM4-40GB, 0 %, 641 MiB, 40960 MiB
2026/09/24 21:24:10.704, 0, NVIDIA A100-SXM4-40GB, 0 %, 641 MiB, 40960 MiB
