NVIDIA A100-SXM4-40GB, 40960 MiB
timestamp, index, name, utilization.gpu [%], memory.used [MiB], memory.total [MiB]
2026/09/20 20:26:40.372, 0, NVIDIA A100-SXM4-40GB, 0 %, 1 MiB, 40960 MiB
Gym has been unmaintained since 2022 and does not support NumPy 2.0 amongst other critical functionality.
Please upgrade to Gymnasium, the maintained drop-in replacement of Gym, or contact the authors of your software and request that they upgrade.
See the migration guide at https://gymnasium.farama.org/introduction/migration_guide/ for additional information.
/var/tmp/pbs.24542653.pbs101/dino-pusht-student-closed-loop-24542653.pbs101/runtime/venv/lib/python3.11/site-packages/wandb/util.py:118: SentryHubDeprecationWarning: `sentry_sdk.Hub` is deprecated and will be removed in a future major release. Please consult our 1.x to 2.x migration guide for details on how to migrate `Hub` usage to the new API: https://docs.sentry.io/platforms/python/migration/1.x-to-2.x
  sentry_hub = sentry_sdk.Hub(sentry_client)
/var/tmp/pbs.24542653.pbs101/dino-pusht-student-closed-loop-24542653.pbs101/runtime/venv/lib/python3.11/site-packages/wandb/sdk/internal/internal_api.py:30: DeprecationWarning: pkg_resources is deprecated as an API. See https://setuptools.pypa.io/en/latest/pkg_resources.html
  from pkg_resources import parse_version
/var/tmp/pbs.24542653.pbs101/dino-pusht-student-closed-loop-24542653.pbs101/runtime/venv/lib/python3.11/site-packages/pkg_resources/__init__.py:2825: DeprecationWarning: Deprecated call to `pkg_resources.declare_namespace('mpl_toolkits')`.
Implementing implicit namespace packages (as specified in PEP 420) is preferred to `pkg_resources.declare_namespace`. See https://setuptools.pypa.io/en/latest/references/keywords.html#keyword-namespace-packages
  declare_namespace(pkg)
/var/tmp/pbs.24542653.pbs101/dino-pusht-student-closed-loop-24542653.pbs101/runtime/venv/lib/python3.11/site-packages/pkg_resources/__init__.py:2825: DeprecationWarning: Deprecated call to `pkg_resources.declare_namespace('google')`.
Implementing implicit namespace packages (as specified in PEP 420) is preferred to `pkg_resources.declare_namespace`. See https://setuptools.pypa.io/en/latest/references/keywords.html#keyword-namespace-packages
  declare_namespace(pkg)
/scratch/users/ntu/yguo017/dino-wm-wall/source/custom_resolvers.py:4: UserWarning: 
The version_base parameter is not specified.
Please specify a compatability version level, or None.
Will assume defaults for version 1.1
  @hydra.main(config_path=None)
Loaded 18685 rollouts
Loaded 21 rollouts
Resuming from epoch 2: /scratch/users/ntu/yguo017/dino-wm-wall/checkpoints/outputs/pusht/checkpoints/model_latest.pth
Using cache found in /var/tmp/pbs.24542653.pbs101/dino-pusht-student-closed-loop-24542653.pbs101/runtime/torch/hub/facebookresearch_dinov2_7764ea0f912e53c92e82eb78a2a1631e92725fc8
num_action_repeat: 1
num_proprio_repeat: 1
proprio encoder: ProprioceptiveEmbedding(
  (patch_embed): Conv1d(4, 10, kernel_size=(1,), stride=(1,))
)
action encoder: ProprioceptiveEmbedding(
  (patch_embed): Conv1d(10, 10, kernel_size=(1,), stride=(1,))
)
proprio_dim: 10, after repeat: 10
action_dim: 10, after repeat: 10
emb_dim: 404
Model emb_dim:  404
2026/09/20 20:27:10.377, 0, NVIDIA A100-SXM4-40GB, 0 %, 821 MiB, 40960 MiB
eval_seed:  [1, 100]
Dumped plan targets to /scratch/users/ntu/yguo017/dino-wm-wall/artifacts/dino-pusht-student-closed-loop-24542653.pbs101/plan_targets.pkl
Success rate:  0.0
{'success': array([False, False]), 'state_dist': array([ 70.862785, 100.402794], dtype=float32)}
Success rate:  0.0
{'success': array([False, False]), 'state_dist': array([70.58934 , 58.385033], dtype=float32)}
2026/09/20 20:27:40.379, 0, NVIDIA A100-SXM4-40GB, 100 %, 24835 MiB, 40960 MiB
Success rate:  0.0
{'success': array([False, False]), 'state_dist': array([65.31237 , 37.175926], dtype=float32)}
Success rate:  0.5
{'success': array([False,  True]), 'state_dist': array([68.3541  , 23.421724], dtype=float32)}
Success rate:  0.5
{'success': array([False,  True]), 'state_dist': array([64.80483 , 17.284468], dtype=float32)}
Success rate:  0.5
{'success': array([False,  True]), 'state_dist': array([63.7079  , 16.812546], dtype=float32)}
2026/09/20 20:28:10.382, 0, NVIDIA A100-SXM4-40GB, 100 %, 24835 MiB, 40960 MiB
Success rate:  0.5
{'success': array([False,  True]), 'state_dist': array([59.33554 , 15.640447], dtype=float32)}
Success rate:  0.5
{'success': array([False,  True]), 'state_dist': array([45.617596, 11.834825], dtype=float32)}
Success rate:  0.5
{'success': array([False,  True]), 'state_dist': array([31.573835, 16.165264], dtype=float32)}
Success rate:  1.0
{'success': array([ True,  True]), 'state_dist': array([28.605751, 11.814061], dtype=float32)}
MPC iter 0 Eval ------- 
Success rate:  1.0
{'success': array([ True,  True]), 'state_dist': array([28.605751, 11.814061], dtype=float32)}
self.is_success:  [ True  True]
Success rate:  1.0
{'success': array([ True,  True]), 'state_dist': array([28.605751, 11.814061], dtype=float32)}
Success rate:  0.0
{'success': array([False, False]), 'state_dist': array([56.143524, 99.79231 ], dtype=float32)}
Success rate:  0.0
{'success': array([False, False]), 'state_dist': array([54.473637, 39.062233], dtype=float32)}
Success rate:  0.0
{'success': array([False, False]), 'state_dist': array([60.99734 , 26.435913], dtype=float32)}
Success rate:  0.0
{'success': array([False, False]), 'state_dist': array([59.746178, 21.045456], dtype=float32)}
Success rate:  0.0
{'success': array([False, False]), 'state_dist': array([62.676308, 23.521923], dtype=float32)}
Success rate:  0.0
{'success': array([False, False]), 'state_dist': array([60.166718, 24.07248 ], dtype=float32)}
Success rate:  0.0
{'success': array([False, False]), 'state_dist': array([59.196964, 24.686064], dtype=float32)}
Success rate:  0.0
{'success': array([False, False]), 'state_dist': array([58.761726, 21.346361], dtype=float32)}
Success rate:  0.0
{'success': array([False, False]), 'state_dist': array([61.296177, 21.205227], dtype=float32)}
Success rate:  0.5
{'success': array([False,  True]), 'state_dist': array([61.210373, 18.100025], dtype=float32)}
Success rate:  0.5
{'success': array([False,  True]), 'state_dist': array([61.029034, 15.707674], dtype=float32)}
2026/09/20 20:28:40.384, 0, NVIDIA A100-SXM4-40GB, 100 %, 24837 MiB, 40960 MiB
Success rate:  0.5
{'success': array([False,  True]), 'state_dist': array([60.187508, 14.924067], dtype=float32)}
Success rate:  0.5
{'success': array([False,  True]), 'state_dist': array([61.3349  , 15.132412], dtype=float32)}
Success rate:  0.5
{'success': array([False,  True]), 'state_dist': array([61.300663, 16.434399], dtype=float32)}
Success rate:  0.5
{'success': array([False,  True]), 'state_dist': array([60.989445, 16.541891], dtype=float32)}
Success rate:  0.5
{'success': array([False,  True]), 'state_dist': array([62.09727 , 16.144333], dtype=float32)}
Success rate:  0.5
{'success': array([False,  True]), 'state_dist': array([62.497845, 16.211504], dtype=float32)}
Success rate:  0.5
{'success': array([False,  True]), 'state_dist': array([61.73163 , 14.416738], dtype=float32)}
Success rate:  0.5
{'success': array([False,  True]), 'state_dist': array([62.255432, 14.092094], dtype=float32)}
Success rate:  0.5
{'success': array([False,  True]), 'state_dist': array([62.094685, 14.581501], dtype=float32)}
Success rate:  0.5
{'success': array([False,  True]), 'state_dist': array([61.225754, 15.530462], dtype=float32)}
Success rate:  0.5
{'success': array([False,  True]), 'state_dist': array([61.545498, 13.839595], dtype=float32)}
Success rate:  0.5
{'success': array([False,  True]), 'state_dist': array([62.222977, 13.551132], dtype=float32)}
Success rate:  0.5
{'success': array([False,  True]), 'state_dist': array([62.009407, 14.369259], dtype=float32)}
Success rate:  0.5
{'success': array([False,  True]), 'state_dist': array([61.541813, 13.058962], dtype=float32)}
Success rate:  0.5
{'success': array([False,  True]), 'state_dist': array([61.657207, 14.177941], dtype=float32)}
Success rate:  0.5
{'success': array([False,  True]), 'state_dist': array([61.90937 , 14.273876], dtype=float32)}
Success rate:  0.5
{'success': array([False,  True]), 'state_dist': array([61.93009 , 13.532736], dtype=float32)}
Success rate:  0.5
{'success': array([False,  True]), 'state_dist': array([62.664566, 13.134186], dtype=float32)}
Success rate:  0.5
{'success': array([False,  True]), 'state_dist': array([62.27838 , 13.802234], dtype=float32)}
MPC iter 0 Eval ------- 
Success rate:  0.5
{'success': array([False,  True]), 'state_dist': array([62.27838 , 13.802234], dtype=float32)}
self.is_success:  [False  True]
Success rate:  0.5
{'success': array([False,  True]), 'state_dist': array([73.72049 , 13.810618], dtype=float32)}
Success rate:  0.5
{'success': array([False,  True]), 'state_dist': array([72.437386, 17.230593], dtype=float32)}
Success rate:  0.5
{'success': array([False,  True]), 'state_dist': array([76.6714 , 15.83688], dtype=float32)}
Success rate:  0.5
{'success': array([False,  True]), 'state_dist': array([76.176315, 18.88687 ], dtype=float32)}
Success rate:  0.5
{'success': array([False,  True]), 'state_dist': array([74.45807 , 19.790602], dtype=float32)}
Success rate:  0.5
{'success': array([False,  True]), 'state_dist': array([75.19804, 20.78211], dtype=float32)}
Success rate:  0.5
{'success': array([False,  True]), 'state_dist': array([76.83252 , 20.320704], dtype=float32)}
Success rate:  0.5
{'success': array([False,  True]), 'state_dist': array([76.17437 , 20.359697], dtype=float32)}
Success rate:  0.5
{'success': array([False,  True]), 'state_dist': array([74.99156, 17.87602], dtype=float32)}
Success rate:  0.5
{'success': array([False,  True]), 'state_dist': array([75.41819, 19.64326], dtype=float32)}
Success rate:  0.5
{'success': array([False,  True]), 'state_dist': array([77.12501 , 19.104458], dtype=float32)}
Success rate:  0.5
{'success': array([False,  True]), 'state_dist': array([76.951256, 18.050547], dtype=float32)}
Success rate:  0.5
{'success': array([False,  True]), 'state_dist': array([77.8685  , 20.939121], dtype=float32)}
Success rate:  0.5
{'success': array([False,  True]), 'state_dist': array([79.56081 , 18.491905], dtype=float32)}
Success rate:  0.5
{'success': array([False,  True]), 'state_dist': array([79.88983 , 19.466562], dtype=float32)}
Success rate:  0.5
{'success': array([False,  True]), 'state_dist': array([79.87463 , 17.855654], dtype=float32)}
Success rate:  0.5
{'success': array([False,  True]), 'state_dist': array([80.49045 , 17.152761], dtype=float32)}
Success rate:  0.5
{'success': array([False,  True]), 'state_dist': array([81.05501 , 14.433952], dtype=float32)}
Success rate:  0.5
{'success': array([False,  True]), 'state_dist': array([80.296234, 18.299026], dtype=float32)}
Success rate:  0.5
{'success': array([False,  True]), 'state_dist': array([81.54483 , 18.161045], dtype=float32)}
Success rate:  0.5
{'success': array([False,  True]), 'state_dist': array([80.01142 , 18.178051], dtype=float32)}
Success rate:  0.5
{'success': array([False,  True]), 'state_dist': array([81.15323 , 17.524363], dtype=float32)}
Success rate:  0.5
{'success': array([False,  True]), 'state_dist': array([83.760475, 17.873524], dtype=float32)}
Success rate:  0.5
{'success': array([False,  True]), 'state_dist': array([82.89603 , 19.796543], dtype=float32)}
Success rate:  0.5
{'success': array([False,  True]), 'state_dist': array([83.408424, 18.622896], dtype=float32)}
Success rate:  0.5
{'success': array([False,  True]), 'state_dist': array([83.03252 , 18.622011], dtype=float32)}
Success rate:  0.5
{'success': array([False,  True]), 'state_dist': array([82.08641 , 19.361237], dtype=float32)}
Success rate:  0.5
{'success': array([False,  True]), 'state_dist': array([81.70527 , 20.163008], dtype=float32)}
Success rate:  0.5
{'success': array([False,  True]), 'state_dist': array([82.66764 , 20.607958], dtype=float32)}
Success rate:  0.5
{'success': array([False,  True]), 'state_dist': array([82.33365, 20.02322], dtype=float32)}
MPC iter 1 Eval ------- 
Success rate:  0.5
{'success': array([False,  True]), 'state_dist': array([82.432175, 13.802234], dtype=float32)}
self.is_success:  [False  True]
Success rate:  0.5
{'success': array([False,  True]), 'state_dist': array([85.02874 , 21.070593], dtype=float32)}
Success rate:  0.5
{'success': array([False,  True]), 'state_dist': array([83.1298   , 11.5312805], dtype=float32)}
Success rate:  0.5
{'success': array([False,  True]), 'state_dist': array([83.57387  , 13.9197855], dtype=float32)}
Success rate:  0.5
{'success': array([False,  True]), 'state_dist': array([82.759026, 12.667086], dtype=float32)}
Success rate:  0.5
{'success': array([False,  True]), 'state_dist': array([82.83788 , 14.086283], dtype=float32)}
Success rate:  0.5
{'success': array([False,  True]), 'state_dist': array([82.912964, 15.754853], dtype=float32)}
Success rate:  0.5
{'success': array([False,  True]), 'state_dist': array([82.88035, 14.01434], dtype=float32)}
2026/09/20 20:29:10.387, 0, NVIDIA A100-SXM4-40GB, 100 %, 24839 MiB, 40960 MiB
Success rate:  0.5
{'success': array([False,  True]), 'state_dist': array([82.81842 , 14.482611], dtype=float32)}
Success rate:  0.5
{'success': array([False,  True]), 'state_dist': array([83.10516 , 16.351717], dtype=float32)}
Success rate:  0.5
{'success': array([False,  True]), 'state_dist': array([82.74415 , 16.822386], dtype=float32)}
Success rate:  0.5
{'success': array([False,  True]), 'state_dist': array([82.73186, 17.43203], dtype=float32)}
Success rate:  0.5
{'success': array([False,  True]), 'state_dist': array([82.91463 , 16.642292], dtype=float32)}
Success rate:  0.5
{'success': array([False,  True]), 'state_dist': array([82.98542 , 18.515644], dtype=float32)}
Success rate:  0.5
{'success': array([False,  True]), 'state_dist': array([82.75877, 20.35171], dtype=float32)}
Success rate:  0.5
{'success': array([False,  True]), 'state_dist': array([82.77577 , 19.394117], dtype=float32)}
Success rate:  0.5
{'success': array([False,  True]), 'state_dist': array([82.84282, 19.35222], dtype=float32)}
Success rate:  0.5
{'success': array([False,  True]), 'state_dist': array([82.883156, 20.55924 ], dtype=float32)}
Success rate:  0.5
{'success': array([False,  True]), 'state_dist': array([82.9164  , 20.342402], dtype=float32)}
Success rate:  0.5
{'success': array([False,  True]), 'state_dist': array([82.90397 , 20.990368], dtype=float32)}
Success rate:  0.5
{'success': array([False,  True]), 'state_dist': array([82.91908 , 21.128412], dtype=float32)}
Success rate:  0.5
{'success': array([False,  True]), 'state_dist': array([82.979416, 20.271156], dtype=float32)}
Success rate:  0.5
{'success': array([False,  True]), 'state_dist': array([82.94742 , 20.277737], dtype=float32)}
Success rate:  0.5
{'success': array([False,  True]), 'state_dist': array([82.89151, 19.92187], dtype=float32)}
Success rate:  0.5
{'success': array([False,  True]), 'state_dist': array([83.029526, 20.293098], dtype=float32)}
Success rate:  0.5
{'success': array([False,  True]), 'state_dist': array([82.931595, 20.590221], dtype=float32)}
Success rate:  0.5
{'success': array([False,  True]), 'state_dist': array([82.92387 , 20.925482], dtype=float32)}
Success rate:  0.5
{'success': array([False,  True]), 'state_dist': array([82.911064, 20.659441], dtype=float32)}
Success rate:  0.5
{'success': array([False,  True]), 'state_dist': array([82.975105, 20.449306], dtype=float32)}
Success rate:  0.5
{'success': array([False,  True]), 'state_dist': array([83.00053 , 21.050123], dtype=float32)}
Success rate:  0.5
{'success': array([False,  True]), 'state_dist': array([82.947464, 20.776438], dtype=float32)}
MPC iter 2 Eval ------- 
Success rate:  0.5
{'success': array([False,  True]), 'state_dist': array([82.950806, 13.802234], dtype=float32)}
self.is_success:  [False  True]
Success rate:  0.5
{'success': array([False,  True]), 'state_dist': array([83.87919 ,  9.823914], dtype=float32)}
Success rate:  0.5
{'success': array([False,  True]), 'state_dist': array([83.33724 , 11.186313], dtype=float32)}
Success rate:  0.5
{'success': array([False,  True]), 'state_dist': array([83.106926, 14.090776], dtype=float32)}
Success rate:  0.5
{'success': array([False,  True]), 'state_dist': array([83.16654 , 11.769977], dtype=float32)}
Success rate:  0.5
{'success': array([False,  True]), 'state_dist': array([83.50402 , 12.761232], dtype=float32)}
Success rate:  0.5
{'success': array([False,  True]), 'state_dist': array([83.66894 , 11.250269], dtype=float32)}
Success rate:  0.5
{'success': array([False,  True]), 'state_dist': array([83.40438 , 10.834938], dtype=float32)}
Success rate:  0.5
{'success': array([False,  True]), 'state_dist': array([83.56322 , 12.378245], dtype=float32)}
Success rate:  0.5
{'success': array([False,  True]), 'state_dist': array([83.53238 , 13.986952], dtype=float32)}
Success rate:  0.5
{'success': array([False,  True]), 'state_dist': array([83.507195, 17.918339], dtype=float32)}
Success rate:  0.5
{'success': array([False,  True]), 'state_dist': array([83.2469  , 18.281725], dtype=float32)}
Success rate:  0.5
{'success': array([False,  True]), 'state_dist': array([83.3398  , 19.303354], dtype=float32)}
Success rate:  0.5
{'success': array([False,  True]), 'state_dist': array([83.26762, 18.53041], dtype=float32)}
Success rate:  0.5
{'success': array([False,  True]), 'state_dist': array([83.062195, 18.96426 ], dtype=float32)}
Success rate:  0.5
{'success': array([False,  True]), 'state_dist': array([82.99948 , 18.162107], dtype=float32)}
Success rate:  0.5
{'success': array([False,  True]), 'state_dist': array([82.76729 , 16.829447], dtype=float32)}
Success rate:  0.5
{'success': array([False,  True]), 'state_dist': array([82.90576 , 18.462805], dtype=float32)}
Success rate:  0.5
{'success': array([False,  True]), 'state_dist': array([82.8352  , 18.467205], dtype=float32)}
Success rate:  0.5
{'success': array([False,  True]), 'state_dist': array([82.78616 , 15.265662], dtype=float32)}
Success rate:  0.5
{'success': array([False,  True]), 'state_dist': array([82.71237 , 14.357287], dtype=float32)}
Success rate:  0.5
{'success': array([False,  True]), 'state_dist': array([82.6826  , 13.678898], dtype=float32)}
Success rate:  0.5
{'success': array([False,  True]), 'state_dist': array([82.8282  , 16.092735], dtype=float32)}
Success rate:  0.5
{'success': array([False,  True]), 'state_dist': array([82.8037  , 16.090683], dtype=float32)}
Success rate:  0.5
{'success': array([False,  True]), 'state_dist': array([82.91625 , 15.827074], dtype=float32)}
Success rate:  0.5
{'success': array([False,  True]), 'state_dist': array([82.91054, 16.16793], dtype=float32)}
Success rate:  0.5
{'success': array([False,  True]), 'state_dist': array([82.87149  , 15.8562975], dtype=float32)}
Success rate:  0.5
{'success': array([False,  True]), 'state_dist': array([82.86039, 16.08065], dtype=float32)}
Success rate:  0.5
{'success': array([False,  True]), 'state_dist': array([82.765625, 15.127065], dtype=float32)}
Success rate:  0.5
{'success': array([False,  True]), 'state_dist': array([82.79517 , 15.071086], dtype=float32)}
Success rate:  0.5
{'success': array([False,  True]), 'state_dist': array([82.913376, 15.343648], dtype=float32)}
MPC iter 3 Eval ------- 
Success rate:  0.5
{'success': array([False,  True]), 'state_dist': array([82.92583 , 13.802234], dtype=float32)}
self.is_success:  [False  True]
Success rate:  0.5
{'success': array([False,  True]), 'state_dist': array([82.65392 , 20.989784], dtype=float32)}
Success rate:  0.5
{'success': array([False,  True]), 'state_dist': array([82.51256 , 12.693611], dtype=float32)}
2026/09/20 20:29:40.389, 0, NVIDIA A100-SXM4-40GB, 52 %, 24845 MiB, 40960 MiB
Success rate:  0.5
{'success': array([False,  True]), 'state_dist': array([83.22414 , 15.107933], dtype=float32)}
Success rate:  0.5
{'success': array([False,  True]), 'state_dist': array([83.32364 , 15.302591], dtype=float32)}
Success rate:  0.5
{'success': array([False,  True]), 'state_dist': array([82.87377 , 17.131338], dtype=float32)}
Success rate:  0.5
{'success': array([False,  True]), 'state_dist': array([83.13197 , 19.892044], dtype=float32)}
Success rate:  0.5
{'success': array([False,  True]), 'state_dist': array([83.13876 , 19.669712], dtype=float32)}
Success rate:  0.0
{'success': array([False, False]), 'state_dist': array([82.84538, 23.52906], dtype=float32)}
Success rate:  0.5
{'success': array([False,  True]), 'state_dist': array([85.54514 , 23.131557], dtype=float32)}
Success rate:  0.5
{'success': array([False,  True]), 'state_dist': array([87.32214 , 23.189238], dtype=float32)}
Success rate:  0.5
{'success': array([False,  True]), 'state_dist': array([90.268036, 21.634605], dtype=float32)}
Success rate:  0.5
{'success': array([False,  True]), 'state_dist': array([87.72933, 22.48026], dtype=float32)}
Success rate:  0.0
{'success': array([False, False]), 'state_dist': array([88.171265, 24.863434], dtype=float32)}
Success rate:  0.5
{'success': array([False,  True]), 'state_dist': array([88.91682 , 23.110535], dtype=float32)}
Success rate:  0.0
{'success': array([False, False]), 'state_dist': array([89.80509 , 23.877087], dtype=float32)}
Success rate:  0.0
{'success': array([False, False]), 'state_dist': array([88.64332 , 24.491556], dtype=float32)}
Success rate:  0.0
{'success': array([False, False]), 'state_dist': array([89.387085, 25.358032], dtype=float32)}
Success rate:  0.0
{'success': array([False, False]), 'state_dist': array([88.83379 , 24.819313], dtype=float32)}
Success rate:  0.5
{'success': array([False,  True]), 'state_dist': array([87.887985, 22.210009], dtype=float32)}
Success rate:  0.5
{'success': array([False,  True]), 'state_dist': array([87.31326 , 22.130344], dtype=float32)}
Success rate:  0.5
{'success': array([False,  True]), 'state_dist': array([87.59915, 21.52356], dtype=float32)}
Success rate:  0.5
{'success': array([False,  True]), 'state_dist': array([87.43323 , 20.836323], dtype=float32)}
Success rate:  0.5
{'success': array([False,  True]), 'state_dist': array([86.770836, 20.417923], dtype=float32)}
Success rate:  0.5
{'success': array([False,  True]), 'state_dist': array([86.33081, 20.68415], dtype=float32)}
Success rate:  0.5
{'success': array([False,  True]), 'state_dist': array([87.53107, 21.35755], dtype=float32)}
Success rate:  0.5
{'success': array([False,  True]), 'state_dist': array([89.6321 , 20.16615], dtype=float32)}
Success rate:  0.5
{'success': array([False,  True]), 'state_dist': array([89.81675, 19.72654], dtype=float32)}
Success rate:  0.5
{'success': array([False,  True]), 'state_dist': array([90.61713 , 18.775251], dtype=float32)}
Success rate:  0.5
{'success': array([False,  True]), 'state_dist': array([92.29294 , 18.274584], dtype=float32)}
Success rate:  0.5
{'success': array([False,  True]), 'state_dist': array([91.59382, 18.52397], dtype=float32)}
MPC iter 4 Eval ------- 
Success rate:  0.5
{'success': array([False,  True]), 'state_dist': array([91.607185, 13.802234], dtype=float32)}
self.is_success:  [False  True]
Success rate:  0.5
{'success': array([False,  True]), 'state_dist': array([92.42779 , 19.454226], dtype=float32)}
Success rate:  0.5
{'success': array([False,  True]), 'state_dist': array([91.24986 , 12.690449], dtype=float32)}
Success rate:  0.5
{'success': array([False,  True]), 'state_dist': array([91.89807 , 15.344896], dtype=float32)}
Success rate:  0.5
{'success': array([False,  True]), 'state_dist': array([91.6801  , 16.786423], dtype=float32)}
Success rate:  0.5
{'success': array([False,  True]), 'state_dist': array([91.5396  , 14.595125], dtype=float32)}
Success rate:  0.5
{'success': array([False,  True]), 'state_dist': array([91.77078 , 12.613492], dtype=float32)}
Success rate:  0.5
{'success': array([False,  True]), 'state_dist': array([91.508316, 13.863818], dtype=float32)}
Success rate:  0.5
{'success': array([False,  True]), 'state_dist': array([91.34026, 14.87577], dtype=float32)}
Success rate:  0.5
{'success': array([False,  True]), 'state_dist': array([91.482056, 15.426292], dtype=float32)}
Success rate:  0.5
{'success': array([False,  True]), 'state_dist': array([91.39376, 19.1113 ], dtype=float32)}
Success rate:  0.5
{'success': array([False,  True]), 'state_dist': array([91.239006, 18.608267], dtype=float32)}
Success rate:  0.5
{'success': array([False,  True]), 'state_dist': array([91.211494, 20.536968], dtype=float32)}
Success rate:  0.5
{'success': array([False,  True]), 'state_dist': array([91.16215 , 20.286438], dtype=float32)}
Success rate:  0.5
{'success': array([False,  True]), 'state_dist': array([91.18435 , 18.090302], dtype=float32)}
Success rate:  0.5
{'success': array([False,  True]), 'state_dist': array([91.34917 , 16.367521], dtype=float32)}
Success rate:  0.5
{'success': array([False,  True]), 'state_dist': array([91.44477 , 17.320261], dtype=float32)}
Success rate:  0.5
{'success': array([False,  True]), 'state_dist': array([91.30182, 17.27055], dtype=float32)}
Success rate:  0.5
{'success': array([False,  True]), 'state_dist': array([91.22433 , 17.861757], dtype=float32)}
Success rate:  0.5
{'success': array([False,  True]), 'state_dist': array([91.24417 , 18.594038], dtype=float32)}
Success rate:  0.5
{'success': array([False,  True]), 'state_dist': array([91.321945, 18.327183], dtype=float32)}
Success rate:  0.5
{'success': array([False,  True]), 'state_dist': array([91.30465 , 17.655592], dtype=float32)}
Success rate:  0.5
{'success': array([False,  True]), 'state_dist': array([91.33606 , 17.941723], dtype=float32)}
Success rate:  0.5
{'success': array([False,  True]), 'state_dist': array([91.404915, 17.04697 ], dtype=float32)}
Success rate:  0.5
{'success': array([False,  True]), 'state_dist': array([91.39029 , 16.761448], dtype=float32)}
Success rate:  0.5
{'success': array([False,  True]), 'state_dist': array([91.39149, 17.26922], dtype=float32)}
Success rate:  0.5
{'success': array([False,  True]), 'state_dist': array([91.36796 , 16.487663], dtype=float32)}
Success rate:  0.5
{'success': array([False,  True]), 'state_dist': array([91.38765 , 17.068861], dtype=float32)}
Success rate:  0.5
{'success': array([False,  True]), 'state_dist': array([91.37169 , 16.277994], dtype=float32)}
2026/09/20 20:30:10.391, 0, NVIDIA A100-SXM4-40GB, 100 %, 24849 MiB, 40960 MiB
Success rate:  0.5
{'success': array([False,  True]), 'state_dist': array([91.32091 , 16.002121], dtype=float32)}
Success rate:  0.5
{'success': array([False,  True]), 'state_dist': array([91.34182 , 16.749144], dtype=float32)}
MPC iter 5 Eval ------- 
Success rate:  0.5
{'success': array([False,  True]), 'state_dist': array([91.34438 , 13.802234], dtype=float32)}
self.is_success:  [False  True]
Success rate:  0.5
{'success': array([False,  True]), 'state_dist': array([92.07382 , 22.514473], dtype=float32)}
Success rate:  0.5
{'success': array([False,  True]), 'state_dist': array([92.41779 , 17.772217], dtype=float32)}
Success rate:  0.5
{'success': array([False,  True]), 'state_dist': array([92.935936, 16.219357], dtype=float32)}
Success rate:  0.5
{'success': array([False,  True]), 'state_dist': array([92.951  , 16.16659], dtype=float32)}
Success rate:  0.5
{'success': array([False,  True]), 'state_dist': array([93.227936, 17.01773 ], dtype=float32)}
Success rate:  0.5
{'success': array([False,  True]), 'state_dist': array([92.42942 , 19.535261], dtype=float32)}
Success rate:  0.5
{'success': array([False,  True]), 'state_dist': array([92.514565, 18.016691], dtype=float32)}
Success rate:  0.5
{'success': array([False,  True]), 'state_dist': array([92.48679 , 17.082565], dtype=float32)}
Success rate:  0.5
{'success': array([False,  True]), 'state_dist': array([92.1656  , 19.160995], dtype=float32)}
Success rate:  0.5
{'success': array([False,  True]), 'state_dist': array([92.12449, 21.9458 ], dtype=float32)}
Success rate:  0.5
{'success': array([False,  True]), 'state_dist': array([92.19989 , 22.329721], dtype=float32)}
Success rate:  0.5
{'success': array([False,  True]), 'state_dist': array([92.05141 , 17.899773], dtype=float32)}
Success rate:  0.5
{'success': array([False,  True]), 'state_dist': array([91.95705 , 16.242653], dtype=float32)}
Success rate:  0.5
{'success': array([False,  True]), 'state_dist': array([91.98389 , 16.889723], dtype=float32)}
Success rate:  0.5
{'success': array([False,  True]), 'state_dist': array([91.87696 , 17.016218], dtype=float32)}
Success rate:  0.5
{'success': array([False,  True]), 'state_dist': array([91.92192 , 15.612995], dtype=float32)}
Success rate:  0.5
{'success': array([False,  True]), 'state_dist': array([91.96423 , 17.624958], dtype=float32)}
Success rate:  0.5
{'success': array([False,  True]), 'state_dist': array([91.8177  , 17.774858], dtype=float32)}
Success rate:  0.5
{'success': array([False,  True]), 'state_dist': array([91.83985 , 19.139456], dtype=float32)}
Success rate:  0.5
{'success': array([False,  True]), 'state_dist': array([91.77864 , 19.302822], dtype=float32)}
Success rate:  0.5
{'success': array([False,  True]), 'state_dist': array([91.70023 , 17.936897], dtype=float32)}
Success rate:  0.5
{'success': array([False,  True]), 'state_dist': array([91.89174, 19.27829], dtype=float32)}
Success rate:  0.5
{'success': array([False,  True]), 'state_dist': array([91.77878 , 20.268562], dtype=float32)}
Success rate:  0.5
{'success': array([False,  True]), 'state_dist': array([91.7354  , 20.043533], dtype=float32)}
Success rate:  0.5
{'success': array([False,  True]), 'state_dist': array([91.7372  , 20.775635], dtype=float32)}
Success rate:  0.5
{'success': array([False,  True]), 'state_dist': array([91.717804, 19.71217 ], dtype=float32)}
Success rate:  0.5
{'success': array([False,  True]), 'state_dist': array([91.80619 , 20.027822], dtype=float32)}
Success rate:  0.5
{'success': array([False,  True]), 'state_dist': array([91.76782 , 18.976553], dtype=float32)}
Success rate:  0.5
{'success': array([False,  True]), 'state_dist': array([91.73013, 16.99925], dtype=float32)}
Success rate:  0.5
{'success': array([False,  True]), 'state_dist': array([91.79082 , 16.897957], dtype=float32)}
MPC iter 6 Eval ------- 
Success rate:  0.5
{'success': array([False,  True]), 'state_dist': array([91.795944, 13.802234], dtype=float32)}
self.is_success:  [False  True]
Success rate:  0.5
{'success': array([False,  True]), 'state_dist': array([93.05298 , 16.070312], dtype=float32)}
Success rate:  0.5
{'success': array([False,  True]), 'state_dist': array([91.50036 , 14.394951], dtype=float32)}
Success rate:  0.5
{'success': array([False,  True]), 'state_dist': array([91.66416, 16.0391 ], dtype=float32)}
Success rate:  0.5
{'success': array([False,  True]), 'state_dist': array([91.90857 , 14.923009], dtype=float32)}
Success rate:  0.5
{'success': array([False,  True]), 'state_dist': array([91.76651 , 18.804638], dtype=float32)}
Success rate:  0.5
{'success': array([False,  True]), 'state_dist': array([91.28521 , 15.489173], dtype=float32)}
Success rate:  0.5
{'success': array([False,  True]), 'state_dist': array([91.393616, 15.621625], dtype=float32)}
Success rate:  0.5
{'success': array([False,  True]), 'state_dist': array([91.19649 , 16.657236], dtype=float32)}
Success rate:  0.5
{'success': array([False,  True]), 'state_dist': array([91.28611 , 16.079227], dtype=float32)}
Success rate:  0.5
{'success': array([False,  True]), 'state_dist': array([91.16762 , 15.085473], dtype=float32)}
Success rate:  0.5
{'success': array([False,  True]), 'state_dist': array([91.458626, 16.79068 ], dtype=float32)}
Success rate:  0.5
{'success': array([False,  True]), 'state_dist': array([91.29836 , 19.657835], dtype=float32)}
Success rate:  0.5
{'success': array([False,  True]), 'state_dist': array([91.34584 , 18.279217], dtype=float32)}
Success rate:  0.5
{'success': array([False,  True]), 'state_dist': array([91.17403 , 16.468143], dtype=float32)}
Success rate:  0.5
{'success': array([False,  True]), 'state_dist': array([91.16749 , 15.410386], dtype=float32)}
Success rate:  0.5
{'success': array([False,  True]), 'state_dist': array([91.21649 , 17.490828], dtype=float32)}
Success rate:  0.5
{'success': array([False,  True]), 'state_dist': array([91.282166, 17.459066], dtype=float32)}
Success rate:  0.5
{'success': array([False,  True]), 'state_dist': array([91.35248 , 20.135931], dtype=float32)}
Success rate:  0.5
{'success': array([False,  True]), 'state_dist': array([91.260605, 19.645098], dtype=float32)}
Success rate:  0.5
{'success': array([False,  True]), 'state_dist': array([91.23515, 18.87518], dtype=float32)}
Success rate:  0.5
{'success': array([False,  True]), 'state_dist': array([91.28431 , 18.603466], dtype=float32)}
2026/09/20 20:30:40.394, 0, NVIDIA A100-SXM4-40GB, 61 %, 24855 MiB, 40960 MiB
Success rate:  0.5
{'success': array([False,  True]), 'state_dist': array([91.29912 , 18.681093], dtype=float32)}
Success rate:  0.5
{'success': array([False,  True]), 'state_dist': array([91.30394 , 18.369997], dtype=float32)}
Success rate:  0.5
{'success': array([False,  True]), 'state_dist': array([91.33313 , 16.820381], dtype=float32)}
Success rate:  0.5
{'success': array([False,  True]), 'state_dist': array([91.26198 , 17.336779], dtype=float32)}
Success rate:  0.5
{'success': array([False,  True]), 'state_dist': array([91.256744, 18.509693], dtype=float32)}
Success rate:  0.5
{'success': array([False,  True]), 'state_dist': array([91.27766 , 18.431376], dtype=float32)}
Success rate:  0.5
{'success': array([False,  True]), 'state_dist': array([91.25709 , 18.090654], dtype=float32)}
Success rate:  0.5
{'success': array([False,  True]), 'state_dist': array([91.24845 , 18.564342], dtype=float32)}
Success rate:  0.5
{'success': array([False,  True]), 'state_dist': array([91.27705 , 18.754112], dtype=float32)}
MPC iter 7 Eval ------- 
Success rate:  0.5
{'success': array([False,  True]), 'state_dist': array([91.28825 , 13.802234], dtype=float32)}
self.is_success:  [False  True]
Success rate:  0.5
{'success': array([False,  True]), 'state_dist': array([94.0116 , 28.40704], dtype=float32)}
Success rate:  0.5
{'success': array([False,  True]), 'state_dist': array([92.31292, 19.811  ], dtype=float32)}
Success rate:  0.5
{'success': array([False,  True]), 'state_dist': array([92.49484 , 22.558567], dtype=float32)}
Success rate:  0.5
{'success': array([False,  True]), 'state_dist': array([91.76794 , 21.589851], dtype=float32)}
Success rate:  0.5
{'success': array([False,  True]), 'state_dist': array([92.585335, 18.720192], dtype=float32)}
Success rate:  0.5
{'success': array([False,  True]), 'state_dist': array([92.94461 , 17.388632], dtype=float32)}
Success rate:  0.5
{'success': array([False,  True]), 'state_dist': array([93.16232 , 18.469948], dtype=float32)}
Success rate:  0.5
{'success': array([False,  True]), 'state_dist': array([93.04152 , 19.279808], dtype=float32)}
Success rate:  0.5
{'success': array([False,  True]), 'state_dist': array([93.23457, 19.18875], dtype=float32)}
Success rate:  0.5
{'success': array([False,  True]), 'state_dist': array([93.054016, 18.805592], dtype=float32)}
Success rate:  0.5
{'success': array([False,  True]), 'state_dist': array([93.8373 , 17.48567], dtype=float32)}
Success rate:  0.5
{'success': array([False,  True]), 'state_dist': array([93.984055, 18.088766], dtype=float32)}
Success rate:  0.5
{'success': array([False,  True]), 'state_dist': array([93.84412 , 21.640572], dtype=float32)}
Success rate:  0.5
{'success': array([False,  True]), 'state_dist': array([93.84099, 20.7566 ], dtype=float32)}
Success rate:  0.5
{'success': array([False,  True]), 'state_dist': array([93.62987 , 21.768986], dtype=float32)}
Success rate:  0.5
{'success': array([False,  True]), 'state_dist': array([93.91978 , 21.672476], dtype=float32)}
Success rate:  0.5
{'success': array([False,  True]), 'state_dist': array([93.69609 , 21.338646], dtype=float32)}
Success rate:  0.0
{'success': array([False, False]), 'state_dist': array([93.58547 , 22.235928], dtype=float32)}
Success rate:  0.5
{'success': array([False,  True]), 'state_dist': array([93.659645, 18.589434], dtype=float32)}
Success rate:  0.5
{'success': array([False,  True]), 'state_dist': array([93.523636, 17.996294], dtype=float32)}
Success rate:  0.5
{'success': array([False,  True]), 'state_dist': array([93.453186, 18.415257], dtype=float32)}
Success rate:  0.5
{'success': array([False,  True]), 'state_dist': array([93.43245, 19.97395], dtype=float32)}
Success rate:  0.5
{'success': array([False,  True]), 'state_dist': array([93.47767, 20.81991], dtype=float32)}
Success rate:  0.5
{'success': array([False,  True]), 'state_dist': array([93.24316 , 20.694674], dtype=float32)}
Success rate:  0.0
{'success': array([False, False]), 'state_dist': array([93.17831 , 22.110779], dtype=float32)}
Success rate:  0.0
{'success': array([False, False]), 'state_dist': array([93.45278 , 22.770515], dtype=float32)}
Success rate:  0.0
{'success': array([False, False]), 'state_dist': array([93.41336 , 22.571259], dtype=float32)}
Success rate:  0.0
{'success': array([False, False]), 'state_dist': array([93.37326 , 23.370058], dtype=float32)}
Success rate:  0.0
{'success': array([False, False]), 'state_dist': array([93.30688, 23.85674], dtype=float32)}
Success rate:  0.0
{'success': array([False, False]), 'state_dist': array([93.39202 , 22.279583], dtype=float32)}
MPC iter 8 Eval ------- 
Success rate:  0.5
{'success': array([False,  True]), 'state_dist': array([93.39614 , 13.802234], dtype=float32)}
self.is_success:  [False  True]
Success rate:  0.5
{'success': array([False,  True]), 'state_dist': array([94.24563 , 10.774768], dtype=float32)}
Success rate:  0.5
{'success': array([False,  True]), 'state_dist': array([92.62064 , 12.432613], dtype=float32)}
Success rate:  0.5
{'success': array([False,  True]), 'state_dist': array([92.38466 , 13.066543], dtype=float32)}
Success rate:  0.5
{'success': array([False,  True]), 'state_dist': array([92.80193, 11.41383], dtype=float32)}
Success rate:  0.5
{'success': array([False,  True]), 'state_dist': array([92.2696   , 13.4457655], dtype=float32)}
Success rate:  0.5
{'success': array([False,  True]), 'state_dist': array([92.67922 , 12.820006], dtype=float32)}
Success rate:  0.5
{'success': array([False,  True]), 'state_dist': array([92.78526 , 13.125208], dtype=float32)}
Success rate:  0.5
{'success': array([False,  True]), 'state_dist': array([92.64797 ,  9.107068], dtype=float32)}
Success rate:  0.5
{'success': array([False,  True]), 'state_dist': array([92.8626  , 13.352268], dtype=float32)}
Success rate:  0.5
{'success': array([False,  True]), 'state_dist': array([93.12931 , 12.377399], dtype=float32)}
Success rate:  0.5
{'success': array([False,  True]), 'state_dist': array([92.62745 , 10.633807], dtype=float32)}
Success rate:  0.5
{'success': array([False,  True]), 'state_dist': array([92.551125, 13.190015], dtype=float32)}
Success rate:  0.5
{'success': array([False,  True]), 'state_dist': array([92.797295, 13.612347], dtype=float32)}
Success rate:  0.5
{'success': array([False,  True]), 'state_dist': array([92.584854, 12.783699], dtype=float32)}
2026/09/20 20:31:10.396, 0, NVIDIA A100-SXM4-40GB, 100 %, 24861 MiB, 40960 MiB
Success rate:  0.5
{'success': array([False,  True]), 'state_dist': array([92.394775, 13.235184], dtype=float32)}
Success rate:  0.5
{'success': array([False,  True]), 'state_dist': array([92.264885, 12.698147], dtype=float32)}
Success rate:  0.5
{'success': array([False,  True]), 'state_dist': array([92.25013, 11.72186], dtype=float32)}
Success rate:  0.5
{'success': array([False,  True]), 'state_dist': array([92.33743  , 13.3715105], dtype=float32)}
Success rate:  0.5
{'success': array([False,  True]), 'state_dist': array([92.255936, 12.503871], dtype=float32)}
Success rate:  0.5
{'success': array([False,  True]), 'state_dist': array([92.28975 , 13.065013], dtype=float32)}
Success rate:  0.5
{'success': array([False,  True]), 'state_dist': array([92.21677 , 14.046029], dtype=float32)}
Success rate:  0.5
{'success': array([False,  True]), 'state_dist': array([92.171906, 12.329307], dtype=float32)}
Success rate:  0.5
{'success': array([False,  True]), 'state_dist': array([92.27598 , 12.229916], dtype=float32)}
Success rate:  0.5
{'success': array([False,  True]), 'state_dist': array([92.1099  , 12.145572], dtype=float32)}
Success rate:  0.5
{'success': array([False,  True]), 'state_dist': array([92.01861 , 12.172911], dtype=float32)}
Success rate:  0.5
{'success': array([False,  True]), 'state_dist': array([92.119255, 13.057424], dtype=float32)}
Success rate:  0.5
{'success': array([False,  True]), 'state_dist': array([92.08709 , 12.735613], dtype=float32)}
Success rate:  0.5
{'success': array([False,  True]), 'state_dist': array([92.11616 , 12.453365], dtype=float32)}
Success rate:  0.5
{'success': array([False,  True]), 'state_dist': array([92.075905, 13.271489], dtype=float32)}
Success rate:  0.5
{'success': array([False,  True]), 'state_dist': array([92.133804, 13.509862], dtype=float32)}
MPC iter 9 Eval ------- 
Success rate:  0.5
{'success': array([False,  True]), 'state_dist': array([92.1471  , 13.802234], dtype=float32)}
self.is_success:  [False  True]
Success rate:  0.5
{'success': array([False,  True]), 'state_dist': array([93.114555, 13.950999], dtype=float32)}
Success rate:  0.5
{'success': array([False,  True]), 'state_dist': array([92.76771 , 10.985972], dtype=float32)}
Success rate:  0.5
{'success': array([False,  True]), 'state_dist': array([91.94813, 17.33644], dtype=float32)}
Success rate:  0.5
{'success': array([False,  True]), 'state_dist': array([91.79469 , 12.309597], dtype=float32)}
Success rate:  0.5
{'success': array([False,  True]), 'state_dist': array([91.932556, 13.922773], dtype=float32)}
Success rate:  0.5
{'success': array([False,  True]), 'state_dist': array([91.2723   , 12.5034895], dtype=float32)}
Success rate:  0.5
{'success': array([False,  True]), 'state_dist': array([91.537605, 13.718201], dtype=float32)}
Success rate:  0.5
{'success': array([False,  True]), 'state_dist': array([91.55321 , 12.803646], dtype=float32)}
Success rate:  0.5
{'success': array([False,  True]), 'state_dist': array([91.69766 , 15.441664], dtype=float32)}
Success rate:  0.5
{'success': array([False,  True]), 'state_dist': array([91.88288 , 15.604729], dtype=float32)}
Success rate:  0.5
{'success': array([False,  True]), 'state_dist': array([91.82618 , 14.043244], dtype=float32)}
Success rate:  0.5
{'success': array([False,  True]), 'state_dist': array([91.728516, 13.023082], dtype=float32)}
Success rate:  0.5
{'success': array([False,  True]), 'state_dist': array([91.84799 , 11.894252], dtype=float32)}
Success rate:  0.5
{'success': array([False,  True]), 'state_dist': array([91.96388, 11.93444], dtype=float32)}
Success rate:  0.5
{'success': array([False,  True]), 'state_dist': array([92.03014 , 11.753412], dtype=float32)}
Success rate:  0.5
{'success': array([False,  True]), 'state_dist': array([92.06387 , 14.008856], dtype=float32)}
Success rate:  0.5
{'success': array([False,  True]), 'state_dist': array([92.13871 , 12.590331], dtype=float32)}
Success rate:  0.5
{'success': array([False,  True]), 'state_dist': array([92.14623 , 11.835367], dtype=float32)}
Success rate:  0.5
{'success': array([False,  True]), 'state_dist': array([91.754845, 14.705927], dtype=float32)}
Success rate:  0.5
{'success': array([False,  True]), 'state_dist': array([91.82107 , 14.226863], dtype=float32)}
Success rate:  0.5
{'success': array([False,  True]), 'state_dist': array([91.95345, 15.26381], dtype=float32)}
Success rate:  0.5
{'success': array([False,  True]), 'state_dist': array([91.958725, 14.361277], dtype=float32)}
Success rate:  0.5
{'success': array([False,  True]), 'state_dist': array([91.8409  , 13.525985], dtype=float32)}
Success rate:  0.5
{'success': array([False,  True]), 'state_dist': array([91.79705 , 13.895837], dtype=float32)}
Success rate:  0.5
{'success': array([False,  True]), 'state_dist': array([91.750046 , 13.2934475], dtype=float32)}
Success rate:  0.5
{'success': array([False,  True]), 'state_dist': array([91.7731  , 14.296849], dtype=float32)}
Success rate:  0.5
{'success': array([False,  True]), 'state_dist': array([91.79346 , 13.509174], dtype=float32)}
Success rate:  0.5
{'success': array([False,  True]), 'state_dist': array([91.87264 , 13.446193], dtype=float32)}
Success rate:  0.5
{'success': array([False,  True]), 'state_dist': array([91.80095 , 13.002596], dtype=float32)}
Success rate:  0.5
{'success': array([False,  True]), 'state_dist': array([91.81402 , 13.944637], dtype=float32)}
MPC iter 10 Eval ------- 
Success rate:  0.5
{'success': array([False,  True]), 'state_dist': array([91.82881 , 13.802234], dtype=float32)}
self.is_success:  [False  True]
Success rate:  0.5
{'success': array([False,  True]), 'state_dist': array([92.21936 , 13.182018], dtype=float32)}
Success rate:  0.5
{'success': array([False,  True]), 'state_dist': array([91.484505, 14.725871], dtype=float32)}
Success rate:  0.5
{'success': array([False,  True]), 'state_dist': array([93.03591 , 12.026998], dtype=float32)}
Success rate:  0.5
{'success': array([False,  True]), 'state_dist': array([92.810974 , 15.7565775], dtype=float32)}
Success rate:  0.5
{'success': array([False,  True]), 'state_dist': array([92.41668 , 15.898896], dtype=float32)}
Success rate:  0.5
{'success': array([False,  True]), 'state_dist': array([92.153984, 16.358553], dtype=float32)}
2026/09/20 20:31:40.399, 0, NVIDIA A100-SXM4-40GB, 47 %, 24869 MiB, 40960 MiB
Success rate:  0.5
{'success': array([False,  True]), 'state_dist': array([91.63102, 18.08787], dtype=float32)}
Success rate:  0.5
{'success': array([False,  True]), 'state_dist': array([92.01158 , 17.583975], dtype=float32)}
Success rate:  0.5
{'success': array([False,  True]), 'state_dist': array([91.71928 , 18.526453], dtype=float32)}
Success rate:  0.5
{'success': array([False,  True]), 'state_dist': array([91.74992 , 18.896004], dtype=float32)}
Success rate:  0.5
{'success': array([False,  True]), 'state_dist': array([91.506424, 20.866194], dtype=float32)}
Success rate:  0.5
{'success': array([False,  True]), 'state_dist': array([91.37399 , 18.615332], dtype=float32)}
Success rate:  0.5
{'success': array([False,  True]), 'state_dist': array([91.51748, 20.06794], dtype=float32)}
Success rate:  0.5
{'success': array([False,  True]), 'state_dist': array([91.435196, 19.097298], dtype=float32)}
Success rate:  0.5
{'success': array([False,  True]), 'state_dist': array([91.214005, 20.279646], dtype=float32)}
Success rate:  0.5
{'success': array([False,  True]), 'state_dist': array([91.352135, 19.59627 ], dtype=float32)}
Success rate:  0.5
{'success': array([False,  True]), 'state_dist': array([91.23295, 20.04951], dtype=float32)}
Success rate:  0.5
{'success': array([False,  True]), 'state_dist': array([91.284355, 20.001785], dtype=float32)}
Success rate:  0.5
{'success': array([False,  True]), 'state_dist': array([91.37305 , 20.378168], dtype=float32)}
Success rate:  0.5
{'success': array([False,  True]), 'state_dist': array([91.398506, 20.23983 ], dtype=float32)}
Success rate:  0.5
{'success': array([False,  True]), 'state_dist': array([91.382706, 21.31435 ], dtype=float32)}
Success rate:  0.5
{'success': array([False,  True]), 'state_dist': array([91.485016, 20.273426], dtype=float32)}
Success rate:  0.5
{'success': array([False,  True]), 'state_dist': array([91.38822, 20.00468], dtype=float32)}
Success rate:  0.5
{'success': array([False,  True]), 'state_dist': array([91.343666, 19.785662], dtype=float32)}
Success rate:  0.5
{'success': array([False,  True]), 'state_dist': array([91.24564 , 19.694695], dtype=float32)}
Success rate:  0.5
{'success': array([False,  True]), 'state_dist': array([91.25073 , 19.600542], dtype=float32)}
Success rate:  0.5
{'success': array([False,  True]), 'state_dist': array([91.33017 , 20.553154], dtype=float32)}
Success rate:  0.5
{'success': array([False,  True]), 'state_dist': array([91.34868 , 22.017525], dtype=float32)}
Success rate:  0.5
{'success': array([False,  True]), 'state_dist': array([91.31952 , 21.569637], dtype=float32)}
Success rate:  0.5
{'success': array([False,  True]), 'state_dist': array([91.35756 , 22.016169], dtype=float32)}
MPC iter 11 Eval ------- 
Success rate:  0.5
{'success': array([False,  True]), 'state_dist': array([91.36534 , 13.802234], dtype=float32)}
self.is_success:  [False  True]
Success rate:  0.5
{'success': array([False,  True]), 'state_dist': array([91.36534 , 13.802234], dtype=float32)}
{
  "output": "/scratch/users/ntu/yguo017/dino-wm-wall/artifacts/dino-pusht-student-closed-loop-24542653.pbs101",
  "paired_success_table": {
    "both_success": 1,
    "teacher_only": 1,
    "student_only": 0,
    "both_fail": 0
  },
  "success_rates": {
    "official_dino_wm_teacher": 1.0,
    "horizon_weighted_recurrent_student": 0.5
  }
}
