LEWM_DELTA_JOB=24841804.pbs101
HOST=x1000c2s3b0n0
NVIDIA A100-SXM4-40GB, 40960 MiB
timestamp, index, utilization.gpu [%], memory.used [MiB], memory.total [MiB]
2026/09/21 12:55:47.422, 0, 0 %, 1 MiB, 40960 MiB
2026/09/21 12:56:17.425, 0, 0 %, 1 MiB, 40960 MiB
2026/09/21 12:56:47.428, 0, 0 %, 1 MiB, 40960 MiB
2026/09/21 12:57:17.431, 0, 0 %, 1 MiB, 40960 MiB
2026/09/21 12:57:47.435, 0, 0 %, 601 MiB, 40960 MiB
2026/09/21 12:58:17.437, 0, 4 %, 629 MiB, 40960 MiB
/scratch/users/ntu/yguo017/lewm-pusht-iteration/venv/lib64/python3.11/site-packages/stable_worldmodel/envs/__init__.py:215: UserWarning: ale-py not found; ALE/* envs are unavailable. Install with: pip install 'stable-worldmodel[env]' or pip install ale-py.
  from stable_worldmodel.envs import ale  # noqa: F401
/scratch/users/ntu/yguo017/lewm-pusht-iteration/venv/lib64/python3.11/site-packages/gymnasium/spaces/box.py:415: UserWarning: [33mWARN: Casting input x to numpy array.[0m
  gym.logger.warn("Casting input x to numpy array.")
2026/09/21 12:58:47.440, 0, 0 %, 629 MiB, 40960 MiB
CEM solve time: 3.2704 seconds
CEM solve time: 1.1718 seconds
CEM solve time: 0.9327 seconds
CEM solve time: 0.9363 seconds
CEM solve time: 0.8348 seconds
CEM solve time: 0.9527 seconds
CEM solve time: 0.9344 seconds
CEM solve time: 0.9370 seconds
CEM solve time: 0.8357 seconds
CEM solve time: 0.9529 seconds
CEM solve time: 0.9349 seconds
CEM solve time: 0.9375 seconds
CEM solve time: 0.8570 seconds
CEM solve time: 0.9498 seconds
CEM solve time: 0.9340 seconds
CEM solve time: 0.9375 seconds
{"status": "COMPLETE", "output": "/scratch/users/ntu/yguo017/dino-wm-wall/meeting-ready/03-lewm-latent-delta-oracle/artifacts/24841804.pbs101/summary.json", "full_rank_exact": true, "selected_cem_ranks": [64, 96]}
2026/09/21 12:59:17.443, 0, 0 %, 639 MiB, 40960 MiB
