timestamp, index, name, utilization.gpu [%], memory.used [MiB], memory.total [MiB]
2026/09/24 19:13:38.747, 0, NVIDIA A100-SXM4-40GB, 0 %, 1 MiB, 40960 MiB
2026/09/24 19:13:43.749, 0, NVIDIA A100-SXM4-40GB, 0 %, 1 MiB, 40960 MiB
2026/09/24 19:13:48.750, 0, NVIDIA A100-SXM4-40GB, 0 %, 1 MiB, 40960 MiB
2026/09/24 19:13:53.751, 0, NVIDIA A100-SXM4-40GB, 0 %, 1 MiB, 40960 MiB
2026/09/24 19:13:58.752, 0, NVIDIA A100-SXM4-40GB, 0 %, 1 MiB, 40960 MiB
2026/09/24 19:14:03.753, 0, NVIDIA A100-SXM4-40GB, 0 %, 1 MiB, 40960 MiB
2026/09/24 19:14:08.754, 0, NVIDIA A100-SXM4-40GB, 0 %, 1 MiB, 40960 MiB
2026/09/24 19:14:13.755, 0, NVIDIA A100-SXM4-40GB, 0 %, 1 MiB, 40960 MiB
2026/09/24 19:14:18.756, 0, NVIDIA A100-SXM4-40GB, 0 %, 1 MiB, 40960 MiB
2026/09/24 19:14:23.757, 0, NVIDIA A100-SXM4-40GB, 0 %, 1 MiB, 40960 MiB
2026/09/24 19:14:28.758, 0, NVIDIA A100-SXM4-40GB, 0 %, 1 MiB, 40960 MiB
2026/09/24 19:14:33.758, 0, NVIDIA A100-SXM4-40GB, 0 %, 1 MiB, 40960 MiB
2026/09/24 19:14:38.759, 0, NVIDIA A100-SXM4-40GB, 0 %, 1 MiB, 40960 MiB
2026/09/24 19:14:43.760, 0, NVIDIA A100-SXM4-40GB, 0 %, 1 MiB, 40960 MiB
2026/09/24 19:14:48.761, 0, NVIDIA A100-SXM4-40GB, 0 %, 1 MiB, 40960 MiB
2026/09/24 19:14:53.762, 0, NVIDIA A100-SXM4-40GB, 0 %, 1 MiB, 40960 MiB
2026/09/24 19:14:58.762, 0, NVIDIA A100-SXM4-40GB, 0 %, 1 MiB, 40960 MiB
2026/09/24 19:15:04.070, 0, NVIDIA A100-SXM4-40GB, 0 %, 1 MiB, 40960 MiB
2026/09/24 19:15:09.070, 0, NVIDIA A100-SXM4-40GB, 0 %, 1 MiB, 40960 MiB
2026/09/24 19:15:14.071, 0, NVIDIA A100-SXM4-40GB, 0 %, 1 MiB, 40960 MiB
2026/09/24 19:15:19.072, 0, NVIDIA A100-SXM4-40GB, 0 %, 1 MiB, 40960 MiB
2026/09/24 19:15:24.073, 0, NVIDIA A100-SXM4-40GB, 0 %, 1 MiB, 40960 MiB
/scratch/users/ntu/yguo017/lewm-pusht-iteration/stable-worldmodel/stable_worldmodel/envs/__init__.py:215: UserWarning: ale-py not found; ALE/* envs are unavailable. Install with: pip install 'stable-worldmodel[env]' or pip install ale-py.
  from stable_worldmodel.envs import ale  # noqa: F401
2026/09/24 19:15:29.073, 0, NVIDIA A100-SXM4-40GB, 0 %, 1 MiB, 40960 MiB
2026/09/24 19:15:34.075, 0, NVIDIA A100-SXM4-40GB, 0 %, 1 MiB, 40960 MiB
2026/09/24 19:15:39.075, 0, NVIDIA A100-SXM4-40GB, 0 %, 1 MiB, 40960 MiB
2026/09/24 19:15:44.076, 0, NVIDIA A100-SXM4-40GB, 0 %, 1 MiB, 40960 MiB
2026/09/24 19:15:49.077, 0, NVIDIA A100-SXM4-40GB, 0 %, 2 MiB, 40960 MiB
2026/09/24 19:15:54.079, 0, NVIDIA A100-SXM4-40GB, 0 %, 5 MiB, 40960 MiB
2026/09/24 19:15:59.080, 0, NVIDIA A100-SXM4-40GB, 0 %, 5 MiB, 40960 MiB
2026/09/24 19:16:04.081, 0, NVIDIA A100-SXM4-40GB, 0 %, 5 MiB, 40960 MiB
2026/09/24 19:16:09.082, 0, NVIDIA A100-SXM4-40GB, 0 %, 5 MiB, 40960 MiB
19:16:11 | INFO  | __init__.py | Cached 'action' from '/scratch/users/ntu/yguo017/dino-wm-wall/meeting-ready/02-horizon-weighted-recurrent-student/lewm-transfer/official-lewm-dataset-teacher-baseline/artifacts/25535711.pbs101/cache/datasets/pusht_expert_train.h5'
2026/09/24 19:16:14.083, 0, NVIDIA A100-SXM4-40GB, 0 %, 5 MiB, 40960 MiB
2026/09/24 19:16:19.085, 0, NVIDIA A100-SXM4-40GB, 0 %, 5 MiB, 40960 MiB
2026/09/24 19:16:24.086, 0, NVIDIA A100-SXM4-40GB, 0 %, 5 MiB, 40960 MiB
2026/09/24 19:16:29.087, 0, NVIDIA A100-SXM4-40GB, 0 %, 5 MiB, 40960 MiB
19:16:30 | INFO  | __init__.py | Cached 'proprio' from '/scratch/users/ntu/yguo017/dino-wm-wall/meeting-ready/02-horizon-weighted-recurrent-student/lewm-transfer/official-lewm-dataset-teacher-baseline/artifacts/25535711.pbs101/cache/datasets/pusht_expert_train.h5'
2026/09/24 19:16:34.087, 0, NVIDIA A100-SXM4-40GB, 0 %, 5 MiB, 40960 MiB
2026/09/24 19:16:39.089, 0, NVIDIA A100-SXM4-40GB, 0 %, 5 MiB, 40960 MiB
2026/09/24 19:16:44.090, 0, NVIDIA A100-SXM4-40GB, 0 %, 5 MiB, 40960 MiB
2026/09/24 19:16:49.090, 0, NVIDIA A100-SXM4-40GB, 0 %, 5 MiB, 40960 MiB
19:16:50 | INFO  | __init__.py | Cached 'state' from '/scratch/users/ntu/yguo017/dino-wm-wall/meeting-ready/02-horizon-weighted-recurrent-student/lewm-transfer/official-lewm-dataset-teacher-baseline/artifacts/25535711.pbs101/cache/datasets/pusht_expert_train.h5'
2026/09/24 19:16:54.092, 0, NVIDIA A100-SXM4-40GB, 0 %, 5 MiB, 40960 MiB
2026/09/24 19:16:59.093, 0, NVIDIA A100-SXM4-40GB, 0 %, 5 MiB, 40960 MiB
2026/09/24 19:17:04.093, 0, NVIDIA A100-SXM4-40GB, 0 %, 5 MiB, 40960 MiB
2026/09/24 19:17:09.095, 0, NVIDIA A100-SXM4-40GB, 0 %, 5 MiB, 40960 MiB
2026/09/24 19:17:14.096, 0, NVIDIA A100-SXM4-40GB, 0 %, 5 MiB, 40960 MiB
2026/09/24 19:17:19.097, 0, NVIDIA A100-SXM4-40GB, 0 %, 503 MiB, 40960 MiB
2026/09/24 19:17:24.098, 0, NVIDIA A100-SXM4-40GB, 0 %, 503 MiB, 40960 MiB
2026/09/24 19:17:29.099, 0, NVIDIA A100-SXM4-40GB, 0 %, 503 MiB, 40960 MiB
2026/09/24 19:17:34.100, 0, NVIDIA A100-SXM4-40GB, 0 %, 503 MiB, 40960 MiB
2026/09/24 19:17:39.100, 0, NVIDIA A100-SXM4-40GB, 0 %, 503 MiB, 40960 MiB
2026/09/24 19:17:44.101, 0, NVIDIA A100-SXM4-40GB, 0 %, 503 MiB, 40960 MiB
19:17:45 | INFO  | atomic_chec~| [atomic_save] installed crash-safe checkpoint plugin (write to sibling .tmp + fsync + atomic rename)
/scratch/users/ntu/yguo017/lewm-pusht-iteration/venv/lib64/python3.11/site-packages/gymnasium/spaces/box.py:415: UserWarning: [33mWARN: Casting input x to numpy array.[0m
  gym.logger.warn("Casting input x to numpy array.")
2026/09/24 19:17:49.102, 0, NVIDIA A100-SXM4-40GB, 6 %, 581 MiB, 40960 MiB
2026/09/24 19:17:54.103, 0, NVIDIA A100-SXM4-40GB, 0 %, 585 MiB, 40960 MiB
2026/09/24 19:17:59.104, 0, NVIDIA A100-SXM4-40GB, 0 %, 615 MiB, 40960 MiB
2026/09/24 19:18:04.105, 0, NVIDIA A100-SXM4-40GB, 40 %, 617 MiB, 40960 MiB
2026/09/24 19:18:09.106, 0, NVIDIA A100-SXM4-40GB, 40 %, 617 MiB, 40960 MiB
2026/09/24 19:18:14.107, 0, NVIDIA A100-SXM4-40GB, 40 %, 617 MiB, 40960 MiB
FAIL_CLOSED: AttributeError: 'RoundCallback' object has no attribute 'history'
2026/09/24 19:18:19.107, 0, NVIDIA A100-SXM4-40GB, 39 %, 617 MiB, 40960 MiB
19:18:18 | ERROR | richuru.py  | Exception:
Traceback (most recent call last):

> File "/scratch/users/ntu/yguo017/dino-wm-wall/meeting-ready/02-horizon-weighted-recurrent-student/lewm-transfer/official-lewm-dataset-teacher-baseline/run_dataset_paired_stage2.py", line 738, in <module>
    main()
    └ <function main at 0x14a865abeb60>

  File "/scratch/users/ntu/yguo017/dino-wm-wall/meeting-ready/02-horizon-weighted-recurrent-student/lewm-transfer/official-lewm-dataset-teacher-baseline/run_dataset_paired_stage2.py", line 584, in main
    result = run_arm(
             └ <function run_arm at 0x14a865abeac0>

  File "/scratch/users/ntu/yguo017/dino-wm-wall/meeting-ready/02-horizon-weighted-recurrent-student/lewm-transfer/official-lewm-dataset-teacher-baseline/run_dataset_paired_stage2.py", line 396, in run_arm
    metrics = baseline_module.evaluate_selected_tasks(world, dataset, tasks, cfg, __import__("omegaconf").OmegaConf)
              │               │                       │      │        │      └ {'cache_dir': None, 'solver': {'_target_': 'stable_worldmodel.solver.CEMSolver', 'model': '???', 'batch_size': 1, 'num_sample...
              │               │                       │      │        └ [{'row_index': 150187, 'episode_idx': 1235, 'start_step': 36}, {'row_index': 159883, 'episode_idx': 1316, 'start_step': 129},...
              │               │                       │      └ <stable_worldmodel.data.formats.hdf5.HDF5Dataset object at 0x14a605e8ef50>
              │               │                       └ <stable_worldmodel.world.world.World object at 0x14a5f2a90250>
              │               └ <function evaluate_selected_tasks at 0x14a611622160>
              └ <module 'run_dataset_teacher_baseline' from '/scratch/users/ntu/yguo017/dino-wm-wall/meeting-ready/02-horizon-weighted-recurr...

  File "/scratch/users/ntu/yguo017/dino-wm-wall/meeting-ready/02-horizon-weighted-recurrent-student/lewm-transfer/official-lewm-dataset-teacher-baseline/run_dataset_teacher_baseline.py", line 160, in evaluate_selected_tasks
    return world.evaluate(
           │     └ <function World.evaluate at 0x14a63a6a6340>
           └ <stable_worldmodel.world.world.World object at 0x14a5f2a90250>

  File "/scratch/users/ntu/yguo017/lewm-pusht-iteration/stable-worldmodel/stable_worldmodel/world/world.py", line 244, in evaluate
    return self._evaluate_from_dataset(
           │    └ <function World._evaluate_from_dataset at 0x14a63a6a6700>
           └ <stable_worldmodel.world.world.World object at 0x14a5f2a90250>

  File "/scratch/users/ntu/yguo017/lewm-pusht-iteration/stable-worldmodel/stable_worldmodel/world/world.py", line 550, in _evaluate_from_dataset
    self._run(max_steps=eval_budget, mode=mode, on_step=on_step)
    │    │              │                 │             └ <function World._evaluate_from_dataset.<locals>.on_step at 0x14a5842d62a0>
    │    │              │                 └ 'wait'
    │    │              └ 50
    │    └ <function World._run at 0x14a63a6a6480>
    └ <stable_worldmodel.world.world.World object at 0x14a5f2a90250>

  File "/scratch/users/ntu/yguo017/lewm-pusht-iteration/stable-worldmodel/stable_worldmodel/world/world.py", line 365, in _run
    for env_idx, ep_count in self._run_iter(
                             │    └ <function ProgressCapture.__init__.<locals>.wrapped at 0x14a58451eb60>
                             └ <stable_worldmodel.world.world.World object at 0x14a5f2a90250>

  File "/scratch/users/ntu/yguo017/dino-wm-wall/meeting-ready/02-horizon-weighted-recurrent-student/lewm-transfer/official-lewm-dataset-teacher-baseline/run_dataset_paired_stage2.py", line 250, in wrapped
    yield from original(*args, **kwargs)
               │         │       └ {'episodes': None, 'max_steps': 50, 'seed': None, 'options': None, 'mode': 'wait', 'on_step': <function ProgressCapture.__ini...
               │         └ ()
               └ <bound method World._run_iter of <stable_worldmodel.world.world.World object at 0x14a5f2a90250>>

  File "/scratch/users/ntu/yguo017/lewm-pusht-iteration/stable-worldmodel/stable_worldmodel/world/world.py", line 404, in _run_iter
    actions = self._get_actions()
              │    └ <function World._get_actions at 0x14a63a6a65c0>
              └ <stable_worldmodel.world.world.World object at 0x14a5f2a90250>

  File "/scratch/users/ntu/yguo017/lewm-pusht-iteration/stable-worldmodel/stable_worldmodel/world/world.py", line 449, in _get_actions
    return self.policy.get_action(self.infos)
           │    │      │          │    └ {'env_name': [['PushT'], ['PushT'], ['PushT'], ['PushT'], ['PushT'], ['PushT'], ['PushT'], ['PushT'], ['PushT'], ['PushT'], [...
           │    │      │          └ <stable_worldmodel.world.world.World object at 0x14a5f2a90250>
           │    │      └ <function WorldModelPolicy.get_action at 0x14a6bef0e7a0>
           │    └ <__main__.run_arm.<locals>.Policy object at 0x14a584522f10>
           └ <stable_worldmodel.world.world.World object at 0x14a5f2a90250>

  File "/scratch/users/ntu/yguo017/lewm-pusht-iteration/stable-worldmodel/stable_worldmodel/policy.py", line 402, in get_action
    outputs = self.solver(sliced, init_action=sliced_init)
              │    │      │                   └ None
              │    │      └ {'env_name': [['PushT'], ['PushT'], ['PushT'], ['PushT'], ['PushT'], ['PushT'], ['PushT'], ['PushT'], ['PushT'], ['PushT'], [...
              │    └ <stable_worldmodel.solver.cem.CEMSolver object at 0x14a5846fad10>
              └ <__main__.run_arm.<locals>.Policy object at 0x14a584522f10>

  File "/scratch/users/ntu/yguo017/lewm-pusht-iteration/stable-worldmodel/stable_worldmodel/solver/cem.py", line 93, in __call__
    return self.solve(*args, **kwargs)
           │    │      │       └ {'init_action': None}
           │    │      └ ({'env_name': [['PushT'], ['PushT'], ['PushT'], ['PushT'], ['PushT'], ['PushT'], ['PushT'], ['PushT'], ['PushT'], ['PushT'], ...
           │    └ <function run_arm.<locals>.timed_solve at 0x14a5844d7b00>
           └ <stable_worldmodel.solver.cem.CEMSolver object at 0x14a5846fad10>

  File "/scratch/users/ntu/yguo017/dino-wm-wall/meeting-ready/02-horizon-weighted-recurrent-student/lewm-transfer/official-lewm-dataset-teacher-baseline/run_dataset_paired_stage2.py", line 361, in timed_solve
    result = original_solve(*solve_args, **solve_kwargs)
             │               │             └ {'init_action': None}
             │               └ ({'env_name': [['PushT'], ['PushT'], ['PushT'], ['PushT'], ['PushT'], ['PushT'], ['PushT'], ['PushT'], ['PushT'], ['PushT'], ...
             └ <bound method CEMSolver.solve of <stable_worldmodel.solver.cem.CEMSolver object at 0x14a5846fad10>>

  File "/scratch/users/ntu/yguo017/lewm-pusht-iteration/venv/lib64/python3.11/site-packages/torch/utils/_contextlib.py", line 120, in decorate_context
    return func(*args, **kwargs)
           │     │       └ {'init_action': None}
           │     └ (<stable_worldmodel.solver.cem.CEMSolver object at 0x14a5846fad10>, {'env_name': [['PushT'], ['PushT'], ['PushT'], ['PushT'],...
           └ <function CEMSolver.solve at 0x14a6beef6980>

  File "/scratch/users/ntu/yguo017/lewm-pusht-iteration/stable-worldmodel/stable_worldmodel/solver/cem.py", line 280, in solve
    outputs['callbacks'][cb.output_key] = cb.history
    │                    │                └ <__main__.RoundCallback object at 0x14a584535a50>
    │                    └ <__main__.RoundCallback object at 0x14a584535a50>
    └ {'costs': [170.96437072753906, 188.6331329345703, 131.49105834960938, 117.35228729248047, 218.52578735351562, 218.18188476562...

AttributeError: 'RoundCallback' object has no attribute 'history'
2026/09/24 19:18:24.109, 0, NVIDIA A100-SXM4-40GB, 0 %, 617 MiB, 40960 MiB
2026/09/24 19:18:29.110, 0, NVIDIA A100-SXM4-40GB, 0 %, 617 MiB, 40960 MiB
2026/09/24 19:18:34.110, 0, NVIDIA A100-SXM4-40GB, 0 %, 617 MiB, 40960 MiB
2026/09/24 19:18:39.112, 0, NVIDIA A100-SXM4-40GB, 0 %, 617 MiB, 40960 MiB
