timestamp, index, name, utilization.gpu [%], memory.used [MiB], memory.total [MiB]
2026/09/23 14:21:56.378, 0, NVIDIA A100-SXM4-40GB, 0 %, 1 MiB, 40960 MiB
2026/09/23 14:22:01.379, 0, NVIDIA A100-SXM4-40GB, 0 %, 1 MiB, 40960 MiB
2026/09/23 14:22:06.380, 0, NVIDIA A100-SXM4-40GB, 0 %, 1 MiB, 40960 MiB
2026/09/23 14:22:11.381, 0, NVIDIA A100-SXM4-40GB, 0 %, 1 MiB, 40960 MiB
2026/09/23 14:22:16.381, 0, NVIDIA A100-SXM4-40GB, 0 %, 1 MiB, 40960 MiB
2026/09/23 14:22:21.382, 0, NVIDIA A100-SXM4-40GB, 0 %, 1 MiB, 40960 MiB
2026/09/23 14:22:26.382, 0, NVIDIA A100-SXM4-40GB, 0 %, 1 MiB, 40960 MiB
2026/09/23 14:22:31.383, 0, NVIDIA A100-SXM4-40GB, 0 %, 1 MiB, 40960 MiB
2026/09/23 14:22:36.384, 0, NVIDIA A100-SXM4-40GB, 0 %, 1 MiB, 40960 MiB
2026/09/23 14:22:41.384, 0, NVIDIA A100-SXM4-40GB, 0 %, 1 MiB, 40960 MiB
2026/09/23 14:22:46.385, 0, NVIDIA A100-SXM4-40GB, 0 %, 5 MiB, 40960 MiB
2026/09/23 14:22:51.698, 0, NVIDIA A100-SXM4-40GB, 0 %, 5 MiB, 40960 MiB
2026/09/23 14:22:56.698, 0, NVIDIA A100-SXM4-40GB, 0 %, 5 MiB, 40960 MiB
2026/09/23 14:23:01.699, 0, NVIDIA A100-SXM4-40GB, 0 %, 5 MiB, 40960 MiB
2026/09/23 14:23:06.700, 0, NVIDIA A100-SXM4-40GB, 0 %, 5 MiB, 40960 MiB
2026/09/23 14:23:11.700, 0, NVIDIA A100-SXM4-40GB, 0 %, 5 MiB, 40960 MiB
2026/09/23 14:23:16.702, 0, NVIDIA A100-SXM4-40GB, 0 %, 5 MiB, 40960 MiB
2026/09/23 14:23:21.702, 0, NVIDIA A100-SXM4-40GB, 0 %, 5 MiB, 40960 MiB
2026/09/23 14:23:26.703, 0, NVIDIA A100-SXM4-40GB, 0 %, 5 MiB, 40960 MiB
/scratch/users/ntu/yguo017/lewm-pusht-iteration/stable-worldmodel/stable_worldmodel/envs/__init__.py:215: UserWarning: ale-py not found; ALE/* envs are unavailable. Install with: pip install 'stable-worldmodel[env]' or pip install ale-py.
  from stable_worldmodel.envs import ale  # noqa: F401
2026/09/23 14:23:31.705, 0, NVIDIA A100-SXM4-40GB, 0 %, 5 MiB, 40960 MiB
2026/09/23 14:23:36.705, 0, NVIDIA A100-SXM4-40GB, 0 %, 5 MiB, 40960 MiB
2026/09/23 14:23:41.706, 0, NVIDIA A100-SXM4-40GB, 0 %, 5 MiB, 40960 MiB
2026/09/23 14:23:46.707, 0, NVIDIA A100-SXM4-40GB, 0 %, 5 MiB, 40960 MiB
2026/09/23 14:23:51.708, 0, NVIDIA A100-SXM4-40GB, 0 %, 5 MiB, 40960 MiB
2026/09/23 14:23:56.709, 0, NVIDIA A100-SXM4-40GB, 0 %, 5 MiB, 40960 MiB
2026/09/23 14:24:01.709, 0, NVIDIA A100-SXM4-40GB, 0 %, 5 MiB, 40960 MiB
2026/09/23 14:24:06.710, 0, NVIDIA A100-SXM4-40GB, 0 %, 5 MiB, 40960 MiB
2026/09/23 14:24:11.711, 0, NVIDIA A100-SXM4-40GB, 0 %, 503 MiB, 40960 MiB
/scratch/users/ntu/yguo017/lewm-pusht-iteration/venv/lib64/python3.11/site-packages/gymnasium/spaces/box.py:415: UserWarning: [33mWARN: Casting input x to numpy array.[0m
  gym.logger.warn("Casting input x to numpy array.")
2026/09/23 14:24:16.711, 0, NVIDIA A100-SXM4-40GB, 0 %, 585 MiB, 40960 MiB
2026/09/23 14:24:21.712, 0, NVIDIA A100-SXM4-40GB, 0 %, 613 MiB, 40960 MiB
CEM solve time: 11.0460 seconds
2026/09/23 14:24:26.713, 0, NVIDIA A100-SXM4-40GB, 33 %, 617 MiB, 40960 MiB
CEM solve time: 0.4946 seconds
CEM solve time: 0.4941 seconds
CEM solve time: 0.3675 seconds
CEM solve time: 0.9068 seconds
CEM solve time: 0.9086 seconds
CEM solve time: 0.9025 seconds
CEM solve time: 0.3701 seconds
2026/09/23 14:24:31.713, 0, NVIDIA A100-SXM4-40GB, 45 %, 647 MiB, 40960 MiB
CEM solve time: 0.4944 seconds
CEM solve time: 0.4928 seconds
CEM solve time: 0.9045 seconds
CEM solve time: 0.9046 seconds
CEM solve time: 0.3681 seconds
CEM solve time: 0.4935 seconds
CEM solve time: 0.4948 seconds
CEM solve time: 0.9024 seconds
2026/09/23 14:24:36.714, 0, NVIDIA A100-SXM4-40GB, 73 %, 647 MiB, 40960 MiB
CEM solve time: 0.9074 seconds
CEM solve time: 0.9058 seconds
CEM solve time: 0.4940 seconds
CEM solve time: 0.4948 seconds
CEM solve time: 0.3703 seconds
CEM solve time: 0.9026 seconds
2026/09/23 14:24:41.715, 0, NVIDIA A100-SXM4-40GB, 75 %, 645 MiB, 40960 MiB
CEM solve time: 0.9068 seconds
CEM solve time: 0.9047 seconds
CEM solve time: 0.4952 seconds
CEM solve time: 0.9021 seconds
CEM solve time: 0.4940 seconds
CEM solve time: 0.3701 seconds
CEM solve time: 0.9059 seconds
2026/09/23 14:24:46.715, 0, NVIDIA A100-SXM4-40GB, 73 %, 659 MiB, 40960 MiB
CEM solve time: 1.0635 seconds
CEM solve time: 0.4964 seconds
CEM solve time: 0.4969 seconds
CEM solve time: 0.3713 seconds
CEM solve time: 0.9060 seconds
CEM solve time: 0.9085 seconds
2026/09/23 14:24:51.716, 0, NVIDIA A100-SXM4-40GB, 72 %, 655 MiB, 40960 MiB
CEM solve time: 0.9080 seconds
CEM solve time: 0.3702 seconds
CEM solve time: 0.9034 seconds
CEM solve time: 0.4929 seconds
CEM solve time: 0.4957 seconds
CEM solve time: 0.9076 seconds
CEM solve time: 0.9078 seconds
CEM solve time: 0.3723 seconds
2026/09/23 14:24:56.717, 0, NVIDIA A100-SXM4-40GB, 36 %, 631 MiB, 40960 MiB
CEM solve time: 0.4986 seconds
CEM solve time: 0.9062 seconds
CEM solve time: 0.4959 seconds
CEM solve time: 0.9080 seconds
CEM solve time: 0.9070 seconds
{"stage": "stage1", "overall": "PASS", "summary": "/scratch/users/ntu/yguo017/dino-wm-wall/meeting-ready/02-horizon-weighted-recurrent-student/lewm-transfer/official-pusht-cem/artifacts/25489648.pbs101/stage1_summary.json"}
2026/09/23 14:25:01.718, 0, NVIDIA A100-SXM4-40GB, 0 %, 635 MiB, 40960 MiB
2026/09/23 14:25:06.719, 0, NVIDIA A100-SXM4-40GB, 0 %, 635 MiB, 40960 MiB
2026/09/23 14:25:11.719, 0, NVIDIA A100-SXM4-40GB, 0 %, 635 MiB, 40960 MiB
2026/09/23 14:25:16.720, 0, NVIDIA A100-SXM4-40GB, 0 %, 635 MiB, 40960 MiB
