timestamp, index, name, utilization.gpu [%], memory.used [MiB], memory.total [MiB]
2026/09/24 19:43:04.789, 0, NVIDIA A100-SXM4-40GB, 0 %, 1 MiB, 40960 MiB
2026/09/24 19:43:09.794, 0, NVIDIA A100-SXM4-40GB, 0 %, 1 MiB, 40960 MiB
2026/09/24 19:43:14.795, 0, NVIDIA A100-SXM4-40GB, 0 %, 1 MiB, 40960 MiB
2026/09/24 19:43:19.795, 0, NVIDIA A100-SXM4-40GB, 0 %, 1 MiB, 40960 MiB
2026/09/24 19:43:24.796, 0, NVIDIA A100-SXM4-40GB, 0 %, 1 MiB, 40960 MiB
2026/09/24 19:43:29.798, 0, NVIDIA A100-SXM4-40GB, 0 %, 1 MiB, 40960 MiB
2026/09/24 19:43:34.798, 0, NVIDIA A100-SXM4-40GB, 0 %, 1 MiB, 40960 MiB
2026/09/24 19:43:39.800, 0, NVIDIA A100-SXM4-40GB, 0 %, 1 MiB, 40960 MiB
2026/09/24 19:43:44.800, 0, NVIDIA A100-SXM4-40GB, 0 %, 1 MiB, 40960 MiB
2026/09/24 19:43:49.801, 0, NVIDIA A100-SXM4-40GB, 0 %, 1 MiB, 40960 MiB
2026/09/24 19:43:54.802, 0, NVIDIA A100-SXM4-40GB, 0 %, 1 MiB, 40960 MiB
2026/09/24 19:43:59.803, 0, NVIDIA A100-SXM4-40GB, 0 %, 1 MiB, 40960 MiB
2026/09/24 19:44:04.805, 0, NVIDIA A100-SXM4-40GB, 0 %, 1 MiB, 40960 MiB
2026/09/24 19:44:09.805, 0, NVIDIA A100-SXM4-40GB, 0 %, 1 MiB, 40960 MiB
2026/09/24 19:44:14.806, 0, NVIDIA A100-SXM4-40GB, 0 %, 1 MiB, 40960 MiB
2026/09/24 19:44:19.806, 0, NVIDIA A100-SXM4-40GB, 0 %, 1 MiB, 40960 MiB
2026/09/24 19:44:24.807, 0, NVIDIA A100-SXM4-40GB, 0 %, 1 MiB, 40960 MiB
2026/09/24 19:44:29.807, 0, NVIDIA A100-SXM4-40GB, 0 %, 1 MiB, 40960 MiB
2026/09/24 19:44:34.809, 0, NVIDIA A100-SXM4-40GB, 0 %, 1 MiB, 40960 MiB
2026/09/24 19:44:39.810, 0, NVIDIA A100-SXM4-40GB, 0 %, 1 MiB, 40960 MiB
2026/09/24 19:44:44.811, 0, NVIDIA A100-SXM4-40GB, 0 %, 1 MiB, 40960 MiB
2026/09/24 19:44:49.812, 0, NVIDIA A100-SXM4-40GB, 0 %, 1 MiB, 40960 MiB
/scratch/users/ntu/yguo017/lewm-pusht-iteration/stable-worldmodel/stable_worldmodel/envs/__init__.py:215: UserWarning: ale-py not found; ALE/* envs are unavailable. Install with: pip install 'stable-worldmodel[env]' or pip install ale-py.
  from stable_worldmodel.envs import ale  # noqa: F401
2026/09/24 19:44:54.812, 0, NVIDIA A100-SXM4-40GB, 0 %, 1 MiB, 40960 MiB
2026/09/24 19:44:59.814, 0, NVIDIA A100-SXM4-40GB, 0 %, 1 MiB, 40960 MiB
2026/09/24 19:45:04.816, 0, NVIDIA A100-SXM4-40GB, 0 %, 1 MiB, 40960 MiB
2026/09/24 19:45:09.816, 0, NVIDIA A100-SXM4-40GB, 0 %, 1 MiB, 40960 MiB
2026/09/24 19:45:14.964, 0, NVIDIA A100-SXM4-40GB, 0 %, 5 MiB, 40960 MiB
2026/09/24 19:45:19.96419:45:33 | INFO  | __init__.py | Cached 'action' from '/scratch/users/ntu/yguo017/dino-wm-wall/meeting-ready/02-horizon-weighted-recurrent-student/lewm-transfer/official-lewm-dataset-teacher-baseline/artifacts/25535873.pbs101/cache/datasets/pusht_expert_train.h5'
, 0, NVIDIA A100-SXM4-40GB, 0 %, 5 MiB, 40960 MiB
2026/09/24 19:45:39.745, 0, NVIDIA A100-SXM4-40GB, 0 %, 5 MiB, 40960 MiB
2026/09/24 19:45:44.746, 0, NVIDIA A100-SXM4-40GB, 0 %, 5 MiB, 40960 MiB
19:45:47 | INFO  | __init__.py | Cached 'proprio' from '/scratch/users/ntu/yguo017/dino-wm-wall/meeting-ready/02-horizon-weighted-recurrent-student/lewm-transfer/official-lewm-dataset-teacher-baseline/artifacts/25535873.pbs101/cache/datasets/pusht_expert_train.h5'
2026/09/24 19:45:49.747, 0, NVIDIA A100-SXM4-40GB, 0 %, 5 MiB, 40960 MiB
2026/09/24 19:45:54.747, 0, NVIDIA A100-SXM4-40GB, 0 %, 5 MiB, 40960 MiB
2026/09/24 19:45:59.748, 0, NVIDIA A100-SXM4-40GB, 0 %, 5 MiB, 40960 MiB
2026/09/24 19:46:04.749, 0, NVIDIA A100-SXM4-40GB, 0 %, 5 MiB, 40960 MiB
19:46:07 | INFO  | __init__.py | Cached 'state' from '/scratch/users/ntu/yguo017/dino-wm-wall/meeting-ready/02-horizon-weighted-recurrent-student/lewm-transfer/official-lewm-dataset-teacher-baseline/artifacts/25535873.pbs101/cache/datasets/pusht_expert_train.h5'
2026/09/24 19:46:09.751, 0, NVIDIA A100-SXM4-40GB, 0 %, 5 MiB, 40960 MiB
2026/09/24 19:46:14.751, 0, NVIDIA A100-SXM4-40GB, 0 %, 5 MiB, 40960 MiB
2026/09/24 19:46:19.753, 0, NVIDIA A100-SXM4-40GB, 0 %, 5 MiB, 40960 MiB
2026/09/24 19:46:24.755, 0, NVIDIA A100-SXM4-40GB, 0 %, 5 MiB, 40960 MiB
2026/09/24 19:46:29.756, 0, NVIDIA A100-SXM4-40GB, 0 %, 5 MiB, 40960 MiB
2026/09/24 19:46:34.757, 0, NVIDIA A100-SXM4-40GB, 2 %, 425 MiB, 40960 MiB
2026/09/24 19:46:39.757, 0, NVIDIA A100-SXM4-40GB, 0 %, 503 MiB, 40960 MiB
2026/09/24 19:46:44.986, 0, NVIDIA A100-SXM4-40GB, 0 %, 503 MiB, 40960 MiB
2026/09/24 19:46:49.986, 0, NVIDIA A100-SXM4-40GB, 0 %, 503 MiB, 40960 MiB
2026/09/24 19:46:54.988, 0, NVIDIA A100-SXM4-40GB, 0 %, 503 MiB, 40960 MiB
2026/09/24 19:46:59.989, 0, NVIDIA A100-SXM4-40GB, 0 %, 503 MiB, 40960 MiB
2026/09/24 19:47:04.990, 0, NVIDIA A100-SXM4-40GB, 0 %, 503 MiB, 40960 MiB
2026/09/24 19:47:09.992, 0, NVIDIA A100-SXM4-40GB, 0 %, 503 MiB, 40960 MiB
19:47:10 | INFO  | atomic_chec~| [atomic_save] installed crash-safe checkpoint plugin (write to sibling .tmp + fsync + atomic rename)
/scratch/users/ntu/yguo017/lewm-pusht-iteration/venv/lib64/python3.11/site-packages/gymnasium/spaces/box.py:415: UserWarning: [33mWARN: Casting input x to numpy array.[0m
  gym.logger.warn("Casting input x to numpy array.")
2026/09/24 19:47:14.992, 0, NVIDIA A100-SXM4-40GB, 0 %, 585 MiB, 40960 MiB
2026/09/24 19:47:19.993, 0, NVIDIA A100-SXM4-40GB, 0 %, 613 MiB, 40960 MiB
2026/09/24 19:47:24.993, 0, NVIDIA A100-SXM4-40GB, 10 %, 615 MiB, 40960 MiB
2026/09/24 19:47:29.994, 0, NVIDIA A100-SXM4-40GB, 40 %, 617 MiB, 40960 MiB
2026/09/24 19:47:34.994, 0, NVIDIA A100-SXM4-40GB, 40 %, 617 MiB, 40960 MiB
2026/09/24 19:47:39.995, 0, NVIDIA A100-SXM4-40GB, 39 %, 617 MiB, 40960 MiB
CEM solve time: 30.0978 seconds
2026/09/24 19:47:44.997, 0, NVIDIA A100-SXM4-40GB, 0 %, 617 MiB, 40960 MiB
2026/09/24 19:47:49.998, 0, NVIDIA A100-SXM4-40GB, 40 %, 617 MiB, 40960 MiB
2026/09/24 19:47:54.999, 0, NVIDIA A100-SXM4-40GB, 39 %, 617 MiB, 40960 MiB
2026/09/24 19:47:59.999, 0, NVIDIA A100-SXM4-40GB, 40 %, 617 MiB, 40960 MiB
CEM solve time: 16.4592 seconds
2026/09/24 19:48:05.000, 0, NVIDIA A100-SXM4-40GB, 0 %, 617 MiB, 40960 MiB
{"arm": "student_only", "successes": 11, "teacher_calls": 0, "solve_calls": 2, "planner_s": 46.585}
/scratch/users/ntu/yguo017/lewm-pusht-iteration/venv/lib64/python3.11/site-packages/gymnasium/spaces/box.py:415: UserWarning: [33mWARN: Casting input x to numpy array.[0m
  gym.logger.warn("Casting input x to numpy array.")
2026/09/24 19:48:10.001, 0, NVIDIA A100-SXM4-40GB, 0 %, 617 MiB, 40960 MiB
2026/09/24 19:48:15.001, 0, NVIDIA A100-SXM4-40GB, 75 %, 643 MiB, 40960 MiB
2026/09/24 19:48:20.002, 0, NVIDIA A100-SXM4-40GB, 74 %, 643 MiB, 40960 MiB
2026/09/24 19:48:25.004, 0, NVIDIA A100-SXM4-40GB, 73 %, 643 MiB, 40960 MiB
2026/09/24 19:48:30.004, 0, NVIDIA A100-SXM4-40GB, 74 %, 643 MiB, 40960 MiB
2026/09/24 19:48:35.005, 0, NVIDIA A100-SXM4-40GB, 72 %, 643 MiB, 40960 MiB
2026/09/24 19:48:40.006, 0, NVIDIA A100-SXM4-40GB, 73 %, 643 MiB, 40960 MiB
2026/09/24 19:48:45.008, 0, NVIDIA A100-SXM4-40GB, 73 %, 643 MiB, 40960 MiB
2026/09/24 19:48:50.008, 0, NVIDIA A100-SXM4-40GB, 75 %, 643 MiB, 40960 MiB
2026/09/24 19:48:55.009, 0, NVIDIA A100-SXM4-40GB, 74 %, 643 MiB, 40960 MiB
CEM solve time: 45.8710 seconds
2026/09/24 19:49:00.011, 0, NVIDIA A100-SXM4-40GB, 0 %, 643 MiB, 40960 MiB
2026/09/24 19:49:05.012, 0, NVIDIA A100-SXM4-40GB, 73 %, 643 MiB, 40960 MiB
CEM solve time: 8.9706 seconds
2026/09/24 19:49:10.013, 0, NVIDIA A100-SXM4-40GB, 0 %, 643 MiB, 40960 MiB
{"arm": "teacher_only", "successes": 49, "teacher_calls": 1800, "solve_calls": 2, "planner_s": 54.842}
/scratch/users/ntu/yguo017/lewm-pusht-iteration/venv/lib64/python3.11/site-packages/gymnasium/spaces/box.py:415: UserWarning: [33mWARN: Casting input x to numpy array.[0m
  gym.logger.warn("Casting input x to numpy array.")
2026/09/24 19:49:15.014, 0, NVIDIA A100-SXM4-40GB, 70 %, 643 MiB, 40960 MiB
2026/09/24 19:49:20.014, 0, NVIDIA A100-SXM4-40GB, 42 %, 643 MiB, 40960 MiB
2026/09/24 19:49:25.015, 0, NVIDIA A100-SXM4-40GB, 42 %, 643 MiB, 40960 MiB
2026/09/24 19:49:30.016, 0, NVIDIA A100-SXM4-40GB, 65 %, 643 MiB, 40960 MiB
2026/09/24 19:49:35.016, 0, NVIDIA A100-SXM4-40GB, 59 %, 643 MiB, 40960 MiB
CEM solve time: 24.4559 seconds
2026/09/24 19:49:40.018, 0, NVIDIA A100-SXM4-40GB, 69 %, 643 MiB, 40960 MiB
2026/09/24 19:49:45.020, 0, NVIDIA A100-SXM4-40GB, 58 %, 643 MiB, 40960 MiB
2026/09/24 19:49:50.020, 0, NVIDIA A100-SXM4-40GB, 37 %, 643 MiB, 40960 MiB
2026/09/24 19:49:55.021, 0, NVIDIA A100-SXM4-40GB, 50 %, 643 MiB, 40960 MiB
CEM solve time: 17.1304 seconds
{"arm": "late_teacher7", "successes": 26, "teacher_calls": 595, "solve_calls": 2, "planner_s": 41.587}
/scratch/users/ntu/yguo017/lewm-pusht-iteration/venv/lib64/python3.11/site-packages/gymnasium/spaces/box.py:415: UserWarning: [33mWARN: Casting input x to numpy array.[0m
  gym.logger.warn("Casting input x to numpy array.")
2026/09/24 19:50:00.022, 0, NVIDIA A100-SXM4-40GB, 0 %, 643 MiB, 40960 MiB
2026/09/24 19:50:05.023, 0, NVIDIA A100-SXM4-40GB, 53 %, 643 MiB, 40960 MiB
2026/09/24 19:50:10.024, 0, NVIDIA A100-SXM4-40GB, 54 %, 643 MiB, 40960 MiB
2026/09/24 19:50:15.024, 0, NVIDIA A100-SXM4-40GB, 53 %, 643 MiB, 40960 MiB
2026/09/24 19:50:20.025, 0, NVIDIA A100-SXM4-40GB, 53 %, 643 MiB, 40960 MiB
CEM solve time: 24.5903 seconds
2026/09/24 19:50:25.025, 0, NVIDIA A100-SXM4-40GB, 0 %, 643 MiB, 40960 MiB
2026/09/24 19:50:30.027, 0, NVIDIA A100-SXM4-40GB, 53 %, 643 MiB, 40960 MiB
2026/09/24 19:50:35.029, 0, NVIDIA A100-SXM4-40GB, 53 %, 643 MiB, 40960 MiB
2026/09/24 19:50:40.029, 0, NVIDIA A100-SXM4-40GB, 53 %, 643 MiB, 40960 MiB
2026/09/24 19:50:45.030, 0, NVIDIA A100-SXM4-40GB, 53 %, 643 MiB, 40960 MiB
CEM solve time: 20.1348 seconds
2026/09/24 19:50:50.030, 0, NVIDIA A100-SXM4-40GB, 0 %, 643 MiB, 40960 MiB
{"arm": "uniform_teacher7", "successes": 18, "teacher_calls": 637, "solve_calls": 2, "planner_s": 44.726}
{"overall": "FAIL", "checks": {"validity": true, "teacher_only_success_vector_exactly_matches_baseline": true, "teacher_only_vector_mismatch_indices": [], "exact_50_tasks_and_200_outcomes": true, "task_keys_and_order_match": true, "prepared_observation_keys_pair_exactly": true, "all_schedules_and_finite_outputs": true, "native_solver_generator_state_and_shape_common_prefix": true, "late_teacher7_benefit_vs_student_only": true, "late_teacher7_teacher_gap_within_5": false, "late_teacher7_planner_time_ratio_at_most_0_70": false}}
2026/09/24 19:50:55.031, 0, NVIDIA A100-SXM4-40GB, 0 %, 643 MiB, 40960 MiB
2026/09/24 19:51:00.033, 0, NVIDIA A100-SXM4-40GB, 0 %, 643 MiB, 40960 MiB
2026/09/24 19:51:05.034, 0, NVIDIA A100-SXM4-40GB, 0 %, 643 MiB, 40960 MiB
2026/09/24 19:51:10.036, 0, NVIDIA A100-SXM4-40GB, 0 %, 643 MiB, 40960 MiB
