timestamp, index, name, utilization.gpu [%], memory.used [MiB], memory.total [MiB]
2026/09/23 00:18:31.674, 0, NVIDIA A100-SXM4-40GB, 0 %, 1 MiB, 40960 MiB
2026/09/23 00:18:36.675, 0, NVIDIA A100-SXM4-40GB, 0 %, 1 MiB, 40960 MiB
2026/09/23 00:18:41.675, 0, NVIDIA A100-SXM4-40GB, 0 %, 1 MiB, 40960 MiB
2026/09/23 00:18:46.676, 0, NVIDIA A100-SXM4-40GB, 0 %, 1 MiB, 40960 MiB
2026/09/23 00:18:51.677, 0, NVIDIA A100-SXM4-40GB, 0 %, 1 MiB, 40960 MiB
2026/09/23 00:18:56.678, 0, NVIDIA A100-SXM4-40GB, 0 %, 1 MiB, 40960 MiB
2026/09/23 00:19:01.678, 0, NVIDIA A100-SXM4-40GB, 0 %, 1 MiB, 40960 MiB
2026/09/23 00:19:06.679, 0, NVIDIA A100-SXM4-40GB, 0 %, 1 MiB, 40960 MiB
2026/09/23 00:19:11.680, 0, NVIDIA A100-SXM4-40GB, 0 %, 1 MiB, 40960 MiB
2026/09/23 00:19:16.680, 0, NVIDIA A100-SXM4-40GB, 0 %, 1 MiB, 40960 MiB
2026/09/23 00:19:21.682, 0, NVIDIA A100-SXM4-40GB, 0 %, 1 MiB, 40960 MiB
2026/09/23 00:19:26.682, 0, NVIDIA A100-SXM4-40GB, 0 %, 1 MiB, 40960 MiB
2026/09/23 00:19:31.683, 0, NVIDIA A100-SXM4-40GB, 0 %, 1 MiB, 40960 MiB
2026/09/23 00:19:36.684, 0, NVIDIA A100-SXM4-40GB, 0 %, 1 MiB, 40960 MiB
2026/09/23 00:19:41.685, 0, NVIDIA A100-SXM4-40GB, 0 %, 1 MiB, 40960 MiB
2026/09/23 00:19:46.686, 0, NVIDIA A100-SXM4-40GB, 0 %, 1 MiB, 40960 MiB
2026/09/23 00:19:51.686, 0, NVIDIA A100-SXM4-40GB, 0 %, 1 MiB, 40960 MiB
2026/09/23 00:19:56.687, 0, NVIDIA A100-SXM4-40GB, 0 %, 1 MiB, 40960 MiB
2026/09/23 00:20:01.687, 0, NVIDIA A100-SXM4-40GB, 0 %, 1 MiB, 40960 MiB
2026/09/23 00:20:06.688, 0, NVIDIA A100-SXM4-40GB, 0 %, 1 MiB, 40960 MiB
2026/09/23 00:20:11.689, 0, NVIDIA A100-SXM4-40GB, 0 %, 1 MiB, 40960 MiB
2026/09/23 00:20:16.690, 0, NVIDIA A100-SXM4-40GB, 0 %, 1 MiB, 40960 MiB
2026/09/23 00:20:21.690, 0, NVIDIA A100-SXM4-40GB, 0 %, 1 MiB, 40960 MiB
2026/09/23 00:20:26.691, 0, NVIDIA A100-SXM4-40GB, 0 %, 1 MiB, 40960 MiB
2026/09/23 00:20:31.693, 0, NVIDIA A100-SXM4-40GB, 0 %, 1 MiB, 40960 MiB
2026/09/23 00:20:36.693, 0, NVIDIA A100-SXM4-40GB, 0 %, 1 MiB, 40960 MiB
2026/09/23 00:20:41.694, 0, NVIDIA A100-SXM4-40GB, 0 %, 1 MiB, 40960 MiB
2026/09/23 00:20:46.695, 0, NVIDIA A100-SXM4-40GB, 0 %, 1 MiB, 40960 MiB
2026/09/23 00:20:51.695, 0, NVIDIA A100-SXM4-40GB, 0 %, 1 MiB, 40960 MiB
2026/09/23 00:20:56.696, 0, NVIDIA A100-SXM4-40GB, 0 %, 1 MiB, 40960 MiB
2026/09/23 00:21:01.697, 0, NVIDIA A100-SXM4-40GB, 0 %, 1 MiB, 40960 MiB
2026/09/23 00:21:06.698, 0, NVIDIA A100-SXM4-40GB, 0 %, 685 MiB, 40960 MiB
2026/09/23 00:21:11.698, 0, NVIDIA A100-SXM4-40GB, 0 %, 687 MiB, 40960 MiB
2026/09/23 00:21:16.699, 0, NVIDIA A100-SXM4-40GB, 0 %, 767 MiB, 40960 MiB
2026/09/23 00:21:21.700, 0, NVIDIA A100-SXM4-40GB, 0 %, 797 MiB, 40960 MiB
2026/09/23 00:21:26.700, 0, NVIDIA A100-SXM4-40GB, 49 %, 823 MiB, 40960 MiB
DIAGNOSE_START B1_dense training_original_candidates
2026/09/23 00:21:31.701, 0, NVIDIA A100-SXM4-40GB, 0 %, 823 MiB, 40960 MiB
DIAGNOSE_DONE B1_dense training_original_candidates
DIAGNOSE_START B1_dense training_new_candidates
DIAGNOSE_DONE B1_dense training_new_candidates
DIAGNOSE_START B1_dense unseen_development_contexts
DIAGNOSE_DONE B1_dense unseen_development_contexts
DIAGNOSE_START B3_r192 training_original_candidates
DIAGNOSE_DONE B3_r192 training_original_candidates
DIAGNOSE_START B3_r192 training_new_candidates
DIAGNOSE_DONE B3_r192 training_new_candidates
DIAGNOSE_START B3_r192 unseen_development_contexts
2026/09/23 00:21:36.702, 0, NVIDIA A100-SXM4-40GB, 37 %, 825 MiB, 40960 MiB
DIAGNOSE_DONE B3_r192 unseen_development_contexts
DIAGNOSE_START anchor_aligned_positive_control training_original_candidates
DIAGNOSE_DONE anchor_aligned_positive_control training_original_candidates
DIAGNOSE_START anchor_aligned_positive_control training_new_candidates
DIAGNOSE_DONE anchor_aligned_positive_control training_new_candidates
DIAGNOSE_START anchor_aligned_positive_control unseen_development_contexts
DIAGNOSE_DONE anchor_aligned_positive_control unseen_development_contexts
2026/09/23 00:21:41.703, 0, NVIDIA A100-SXM4-40GB, 0 %, 861 MiB, 40960 MiB
2026/09/23 00:21:46.703, 0, NVIDIA A100-SXM4-40GB, 82 %, 861 MiB, 40960 MiB
2026/09/23 00:21:51.704, 0, NVIDIA A100-SXM4-40GB, 71 %, 861 MiB, 40960 MiB
2026/09/23 00:21:56.705, 0, NVIDIA A100-SXM4-40GB, 81 %, 861 MiB, 40960 MiB
2026/09/23 00:22:01.705, 0, NVIDIA A100-SXM4-40GB, 79 %, 861 MiB, 40960 MiB
2026/09/23 00:22:06.706, 0, NVIDIA A100-SXM4-40GB, 81 %, 861 MiB, 40960 MiB
2026/09/23 00:22:11.707, 0, NVIDIA A100-SXM4-40GB, 77 %, 861 MiB, 40960 MiB
2026/09/23 00:22:16.708, 0, NVIDIA A100-SXM4-40GB, 91 %, 861 MiB, 40960 MiB
2026/09/23 00:22:21.708{"status": "DIAGNOSTICS_COMPLETE", "decision": "COMPILER_BOTTLENECK_SIGNAL"}
, 0, NVIDIA A100-SXM4-40GB, 94 %, 861 MiB, 40960 MiB
2026/09/23 00:22:31.965, 0, NVIDIA A100-SXM4-40GB, 0 %, 861 MiB, 40960 MiB
2026/09/23 00:22:36.966, 0, NVIDIA A100-SXM4-40GB, 0 %, 861 MiB, 40960 MiB
2026/09/23 00:22:41.967, 0, NVIDIA A100-SXM4-40GB, 0 %, 861 MiB, 40960 MiB
2026/09/23 00:22:46.967, 0, NVIDIA A100-SXM4-40GB, 0 %, 861 MiB, 40960 MiB
2026/09/23 00:22:51.968, 0, NVIDIA A100-SXM4-40GB, 0 %, 861 MiB, 40960 MiB
2026/09/23 00:22:56.969, 0, NVIDIA A100-SXM4-40GB, 0 %, 861 MiB, 40960 MiB
2026/09/23 00:23:01.970, 0, NVIDIA A100-SXM4-40GB, 0 %, 861 MiB, 40960 MiB
2026/09/23 00:23:06.970, 0, NVIDIA A100-SXM4-40GB, 0 %, 861 MiB, 40960 MiB
2026/09/23 00:23:25.274, 0, NVIDIA A100-SXM4-40GB, 0 %, 861 MiB, 40960 MiB
2026/09/23 00:23:34.670, 0, NVIDIA A100-SXM4-40GB, 0 %, 825 MiB, 40960 MiB
2026/09/23 00:23:39.670, 0, NVIDIA A100-SXM4-40GB, 0 %, 825 MiB, 40960 MiB
2026/09/23 00:23:44.671, 0, NVIDIA A100-SXM4-40GB, 0 %, 825 MiB, 40960 MiB
2026/09/23 00:23:49.672, 0, NVIDIA A100-SXM4-40GB, 0 %, 825 MiB, 40960 MiB
