cuda_device_count=1
cuda_device_name=NVIDIA A100-SXM4-40GB
timestamp, index, name, utilization.gpu [%], memory.used [MiB], memory.total [MiB]
2026/09/22 11:33:30.972, 0, NVIDIA A100-SXM4-40GB, 0 %, 1 MiB, 40960 MiB
Gym has been unmaintained since 2022 and does not support NumPy 2.0 amongst other critical functionality.
Please upgrade to Gymnasium, the maintained drop-in replacement of Gym, or contact the authors of your software and request that they upgrade.
See the migration guide at https://gymnasium.farama.org/introduction/migration_guide/ for additional information.
/var/tmp/pbs.25158912.pbs101/dino-pusht-student-cem-periodic-anchor-25158912.pbs101/runtime/venv/lib/python3.11/site-packages/wandb/util.py:118: SentryHubDeprecationWarning: `sentry_sdk.Hub` is deprecated and will be removed in a future major release. Please consult our 1.x to 2.x migration guide for details on how to migrate `Hub` usage to the new API: https://docs.sentry.io/platforms/python/migration/1.x-to-2.x
  sentry_hub = sentry_sdk.Hub(sentry_client)
/var/tmp/pbs.25158912.pbs101/dino-pusht-student-cem-periodic-anchor-25158912.pbs101/runtime/venv/lib/python3.11/site-packages/wandb/sdk/internal/internal_api.py:30: DeprecationWarning: pkg_resources is deprecated as an API. See https://setuptools.pypa.io/en/latest/pkg_resources.html
  from pkg_resources import parse_version
/var/tmp/pbs.25158912.pbs101/dino-pusht-student-cem-periodic-anchor-25158912.pbs101/runtime/venv/lib/python3.11/site-packages/pkg_resources/__init__.py:2825: DeprecationWarning: Deprecated call to `pkg_resources.declare_namespace('mpl_toolkits')`.
Implementing implicit namespace packages (as specified in PEP 420) is preferred to `pkg_resources.declare_namespace`. See https://setuptools.pypa.io/en/latest/references/keywords.html#keyword-namespace-packages
  declare_namespace(pkg)
/var/tmp/pbs.25158912.pbs101/dino-pusht-student-cem-periodic-anchor-25158912.pbs101/runtime/venv/lib/python3.11/site-packages/pkg_resources/__init__.py:2825: DeprecationWarning: Deprecated call to `pkg_resources.declare_namespace('google')`.
Implementing implicit namespace packages (as specified in PEP 420) is preferred to `pkg_resources.declare_namespace`. See https://setuptools.pypa.io/en/latest/references/keywords.html#keyword-namespace-packages
  declare_namespace(pkg)
/scratch/users/ntu/yguo017/dino-wm-wall/source/custom_resolvers.py:4: UserWarning: 
The version_base parameter is not specified.
Please specify a compatability version level, or None.
Will assume defaults for version 1.1
  @hydra.main(config_path=None)
Loaded 18685 rollouts
Loaded 21 rollouts
Resuming from epoch 2: /scratch/users/ntu/yguo017/dino-wm-wall/checkpoints/outputs/pusht/checkpoints/model_latest.pth
Using cache found in /var/tmp/pbs.25158912.pbs101/dino-pusht-student-cem-periodic-anchor-25158912.pbs101/runtime/torch/hub/facebookresearch_dinov2_7764ea0f912e53c92e82eb78a2a1631e92725fc8
num_action_repeat: 1
num_proprio_repeat: 1
proprio encoder: ProprioceptiveEmbedding(
  (patch_embed): Conv1d(4, 10, kernel_size=(1,), stride=(1,))
)
action encoder: ProprioceptiveEmbedding(
  (patch_embed): Conv1d(10, 10, kernel_size=(1,), stride=(1,))
)
proprio_dim: 10, after repeat: 10
action_dim: 10, after repeat: 10
emb_dim: 404
Model emb_dim:  404
2026/09/22 11:34:00.976, 0, NVIDIA A100-SXM4-40GB, 100 %, 23653 MiB, 40960 MiB
2026/09/22 11:34:30.979, 0, NVIDIA A100-SXM4-40GB, 100 %, 23653 MiB, 40960 MiB
2026/09/22 11:35:00.981, 0, NVIDIA A100-SXM4-40GB, 100 %, 23653 MiB, 40960 MiB
2026/09/22 11:35:30.984, 0, NVIDIA A100-SXM4-40GB, 100 %, 23655 MiB, 40960 MiB
2026/09/22 11:36:00.987, 0, NVIDIA A100-SXM4-40GB, 100 %, 23655 MiB, 40960 MiB
2026/09/22 11:36:30.989, 0, NVIDIA A100-SXM4-40GB, 100 %, 23655 MiB, 40960 MiB
{"case_index": 0, "eval_seed": 1, "completed": true}
2026/09/22 11:37:00.992, 0, NVIDIA A100-SXM4-40GB, 100 %, 23655 MiB, 40960 MiB
2026/09/22 11:37:30.995, 0, NVIDIA A100-SXM4-40GB, 100 %, 23655 MiB, 40960 MiB
2026/09/22 11:38:00.997, 0, NVIDIA A100-SXM4-40GB, 100 %, 23655 MiB, 40960 MiB
2026/09/22 11:38:31.000, 0, NVIDIA A100-SXM4-40GB, 100 %, 23655 MiB, 40960 MiB
2026/09/22 11:39:01.002, 0, NVIDIA A100-SXM4-40GB, 99 %, 23655 MiB, 40960 MiB
2026/09/22 11:39:31.005, 0, NVIDIA A100-SXM4-40GB, 100 %, 23655 MiB, 40960 MiB
{"case_index": 1, "eval_seed": 100, "completed": true}
2026/09/22 11:40:01.007, 0, NVIDIA A100-SXM4-40GB, 100 %, 23655 MiB, 40960 MiB
2026/09/22 11:40:31.010, 0, NVIDIA A100-SXM4-40GB, 100 %, 23655 MiB, 40960 MiB
2026/09/22 11:41:01.013, 0, NVIDIA A100-SXM4-40GB, 100 %, 23655 MiB, 40960 MiB
2026/09/22 11:41:31.015, 0, NVIDIA A100-SXM4-40GB, 100 %, 23655 MiB, 40960 MiB
2026/09/22 11:42:01.017, 0, NVIDIA A100-SXM4-40GB, 100 %, 23655 MiB, 40960 MiB
2026/09/22 11:42:31.020, 0, NVIDIA A100-SXM4-40GB, 100 %, 23655 MiB, 40960 MiB
{"case_index": 2, "eval_seed": 199, "completed": true}
2026/09/22 11:43:01.023, 0, NVIDIA A100-SXM4-40GB, 100 %, 23655 MiB, 40960 MiB
2026/09/22 11:43:31.025, 0, NVIDIA A100-SXM4-40GB, 100 %, 23655 MiB, 40960 MiB
2026/09/22 11:44:01.028, 0, NVIDIA A100-SXM4-40GB, 100 %, 23655 MiB, 40960 MiB
2026/09/22 11:44:31.031, 0, NVIDIA A100-SXM4-40GB, 100 %, 23655 MiB, 40960 MiB
2026/09/22 11:45:01.033, 0, NVIDIA A100-SXM4-40GB, 100 %, 23655 MiB, 40960 MiB
2026/09/22 11:45:31.036, 0, NVIDIA A100-SXM4-40GB, 100 %, 23655 MiB, 40960 MiB
{"case_index": 4, "eval_seed": 397, "completed": true}
2026/09/22 11:46:01.038, 0, NVIDIA A100-SXM4-40GB, 100 %, 23655 MiB, 40960 MiB
2026/09/22 11:46:31.041, 0, NVIDIA A100-SXM4-40GB, 100 %, 23655 MiB, 40960 MiB
2026/09/22 11:47:01.043, 0, NVIDIA A100-SXM4-40GB, 100 %, 23655 MiB, 40960 MiB
2026/09/22 11:47:31.045, 0, NVIDIA A100-SXM4-40GB, 100 %, 23655 MiB, 40960 MiB
2026/09/22 11:48:01.047, 0, NVIDIA A100-SXM4-40GB, 100 %, 23655 MiB, 40960 MiB
2026/09/22 11:48:31.049, 0, NVIDIA A100-SXM4-40GB, 100 %, 23655 MiB, 40960 MiB
{"case_index": 5, "eval_seed": 496, "completed": true}
2026/09/22 11:49:01.052, 0, NVIDIA A100-SXM4-40GB, 100 %, 23655 MiB, 40960 MiB
2026/09/22 11:49:31.055, 0, NVIDIA A100-SXM4-40GB, 100 %, 23655 MiB, 40960 MiB
2026/09/22 11:50:01.057, 0, NVIDIA A100-SXM4-40GB, 100 %, 23655 MiB, 40960 MiB
2026/09/22 11:50:31.060, 0, NVIDIA A100-SXM4-40GB, 100 %, 23655 MiB, 40960 MiB
2026/09/22 11:51:01.062, 0, NVIDIA A100-SXM4-40GB, 100 %, 23655 MiB, 40960 MiB
2026/09/22 11:51:31.065, 0, NVIDIA A100-SXM4-40GB, 100 %, 23655 MiB, 40960 MiB
{"case_index": 7, "eval_seed": 694, "completed": true}
Traceback (most recent call last):
  File "/scratch/users/ntu/yguo017/dino-wm-wall/control/cem-periodic-anchor-20260922/src/run_dino_pusht_cem_periodic_anchor.py", line 531, in <module>
    raise SystemExit(main())
                     ^^^^^^
  File "/scratch/users/ntu/yguo017/dino-wm-wall/control/cem-periodic-anchor-20260922/src/run_dino_pusht_cem_periodic_anchor.py", line 505, in main
    aggregate = {name: {"per_checkpoint": _aggregate(records[name]), "validity": records[name][0]["arm"]["validity"], "total_counts": {key: int(sum(row["arm"]["total_counts"][key] for row in records[name])) for key in records[name][0]["arm"]["total_counts"]}} for name in ARMS}
                ^^^^^^^^^^^^^^^^^^^^^^^^^^^^^^^^^^^^^^^^^^^^^^^^^^^^^^^^^^^^^^^^^^^^^^^^^^^^^^^^^^^^^^^^^^^^^^^^^^^^^^^^^^^^^^^^^^^^^^^^^^^^^^^^^^^^^^^^^^^^^^^^^^^^^^^^^^^^^^^^^^^^^^^^^^^^^^^^^^^^^^^^^^^^^^^^^^^^^^^^^^^^^^^^^^^^^^^^^^^^^^^^^^^^^^^^^^^^^^^^^^^^^^^^^^^^^^^^^^^^^
  File "/scratch/users/ntu/yguo017/dino-wm-wall/control/cem-periodic-anchor-20260922/src/run_dino_pusht_cem_periodic_anchor.py", line 505, in <dictcomp>
    aggregate = {name: {"per_checkpoint": _aggregate(records[name]), "validity": records[name][0]["arm"]["validity"], "total_counts": {key: int(sum(row["arm"]["total_counts"][key] for row in records[name])) for key in records[name][0]["arm"]["total_counts"]}} for name in ARMS}
                                          ^^^^^^^^^^^^^^^^^^^^^^^^^
  File "/scratch/users/ntu/yguo017/dino-wm-wall/control/cem-periodic-anchor-20260922/src/run_dino_pusht_cem_periodic_anchor.py", line 368, in _aggregate
    result["trajectory_auc"] = _stats([float(record["trajectory_auc"]) for record in records])
                                      ^^^^^^^^^^^^^^^^^^^^^^^^^^^^^^^^^^^^^^^^^^^^^^^^^^^^^^^
  File "/scratch/users/ntu/yguo017/dino-wm-wall/control/cem-periodic-anchor-20260922/src/run_dino_pusht_cem_periodic_anchor.py", line 368, in <listcomp>
    result["trajectory_auc"] = _stats([float(record["trajectory_auc"]) for record in records])
                                             ~~~~~~^^^^^^^^^^^^^^^^^^
KeyError: 'trajectory_auc'
