Wed Sep  9 21:22:04 +08 2026
x1000c1s6b0n1
source/config identities and prior-verified checkpoint metadata match
allocated GPU: NVIDIA A100-SXM4-40GB 42406903808 7c36c6ba-0025-c299-18be-5c27cabfb723
OTC batch: score task=0 episode=0
[robosuite WARNING] No private macro file found! (macros.py:53)
2026-09-09 21:23:31,435 WARNING No private macro file found!
[robosuite WARNING] It is recommended to use a private macro file (macros.py:54)
2026-09-09 21:23:31,435 WARNING It is recommended to use a private macro file
[robosuite WARNING] To setup, run: python /scratch/users/ntu/yguo017/fastwam-smoke/venv/lib/python3.11/site-packages/robosuite/scripts/setup_macros.py (macros.py:55)
2026-09-09 21:23:31,435 WARNING To setup, run: python /scratch/users/ntu/yguo017/fastwam-smoke/venv/lib/python3.11/site-packages/robosuite/scripts/setup_macros.py
2026-09-09 21:23:34,287 INFO No OpenGL_accelerate module loaded: No module named 'OpenGL_accelerate'
Gym has been unmaintained since 2022 and does not support NumPy 2.0 amongst other critical functionality.
Please upgrade to Gymnasium, the maintained drop-in replacement of Gym, or contact the authors of your software and request that they upgrade.
See the migration guide at https://gymnasium.farama.org/introduction/migration_guide/ for additional information.
OTC runtime: constructing model
2026-09-09 21:25:36,731 INFO Loading Wan2.2-TI2V-5B components...
2026-09-09 21:25:36,733 INFO Skipping pretrained video DiT load (`skip_dit_load_from_pretrain=True`); initializing video expert randomly and expecting checkpoint override.
2026-09-09 21:29:39,367 INFO Finished loading Wan2.2-TI2V-5B components in 242.64 seconds.
2026-09-09 21:29:39,367 INFO Skipping ActionDiT pretrained load (`skip_dit_load_from_pretrain=True`); initializing action expert randomly and expecting checkpoint override.
2026-09-09 21:29:43,732 INFO Initialized MoT with experts: ['video', 'action'], num_layers=30
2026-09-09 21:29:43,759 INFO   Expert 'video': num_params=5.00 B
2026-09-09 21:29:43,761 INFO   Expert 'action': num_params=1.02 B
OTC runtime: loading pinned checkpoint
OTC runtime: checkpoint loaded
[info] using task orders [0, 1, 2, 3, 4, 5, 6, 7, 8, 9]
[Warning]: datasets path /scratch/users/ntu/yguo017/fastwam-smoke/libero/datasets does not exist!
[info] using task orders [0, 1, 2, 3, 4, 5, 6, 7, 8, 9]
[Warning]: datasets path /scratch/users/ntu/yguo017/fastwam-smoke/libero/datasets does not exist!
OTC score: state 1/4 replay passed
OTC score: state 2/4 replay passed
OTC score: state 3/4 replay passed
OTC score: state 4/4 replay passed
{"mode": "score", "status": "ok", "split": "CAL", "rows": 32}
OTC batch: score task=0 episode=1
[info] using task orders [0, 1, 2, 3, 4, 5, 6, 7, 8, 9]
[Warning]: datasets path /scratch/users/ntu/yguo017/fastwam-smoke/libero/datasets does not exist!
OTC score: state 1/4 replay passed
OTC score: state 2/4 replay passed
OTC score: state 3/4 replay passed
OTC score: state 4/4 replay passed
{"mode": "score", "status": "ok", "split": "CAL", "rows": 32}
OTC batch: score task=0 episode=2
[info] using task orders [0, 1, 2, 3, 4, 5, 6, 7, 8, 9]
[Warning]: datasets path /scratch/users/ntu/yguo017/fastwam-smoke/libero/datasets does not exist!
OTC score: state 1/4 replay passed
OTC score: state 2/4 replay passed
OTC score: state 3/4 replay passed
OTC score: state 4/4 replay passed
{"mode": "score", "status": "ok", "split": "CHECK", "rows": 32}
OTC batch: score task=0 episode=3
[info] using task orders [0, 1, 2, 3, 4, 5, 6, 7, 8, 9]
[Warning]: datasets path /scratch/users/ntu/yguo017/fastwam-smoke/libero/datasets does not exist!
OTC score: state 1/4 replay passed
OTC score: state 2/4 replay passed
OTC score: state 3/4 replay passed
OTC score: state 4/4 replay passed
{"mode": "score", "status": "ok", "split": "CHECK", "rows": 32}
Wed Sep  9 21:34:50 +08 2026
