job_id=25572720.pbs101
host=x1000c1s0b0n1
nodefile=/var/spool/pbs/aux/25572720.pbs101
root=/scratch/users/ntu/yguo017/pldm-reproduction
2026-09-26T21:29:05Z
Currently Loaded Modulefiles:
  1) gcc/11.4.0-nscc       2) python/3.11.7-gcc11
0, GPU-25f8c476-f27a-b55e-ad08-27dd0ae063fe, NVIDIA A100-SXM4-40GB, 2026/09/27 05:29:05.959, 0, 1, 40960
GPU_IDENTITY_GATE={"CUDA_VISIBLE_DEVICES": "GPU-25f8c476-f27a-b55e-ad08-27dd0ae063fe", "nvml_device": {"index": "0", "name": "NVIDIA A100-SXM4-40GB", "uuid": "GPU-25f8c476-f27a-b55e-ad08-27dd0ae063fe"}, "torch_device_name": "NVIDIA A100-SXM4-40GB", "torch_logical_device": "cuda:0"}
0, GPU-25f8c476-f27a-b55e-ad08-27dd0ae063fe, NVIDIA A100-SXM4-40GB, 2026/09/27 05:30:03.213, 0, 1, 40960
0, GPU-25f8c476-f27a-b55e-ad08-27dd0ae063fe, NVIDIA A100-SXM4-40GB, 2026/09/27 05:30:08.215, 0, 1, 40960
0, GPU-25f8c476-f27a-b55e-ad08-27dd0ae063fe, NVIDIA A100-SXM4-40GB, 2026/09/27 05:30:13.216, 0, 1, 40960
0, GPU-25f8c476-f27a-b55e-ad08-27dd0ae063fe, NVIDIA A100-SXM4-40GB, 2026/09/27 05:30:18.216, 0, 1, 40960
0, GPU-25f8c476-f27a-b55e-ad08-27dd0ae063fe, NVIDIA A100-SXM4-40GB, 2026/09/27 05:30:23.218, 0, 1, 40960
0, GPU-25f8c476-f27a-b55e-ad08-27dd0ae063fe, NVIDIA A100-SXM4-40GB, 2026/09/27 05:30:28.219, 0, 1, 40960
0, GPU-25f8c476-f27a-b55e-ad08-27dd0ae063fe, NVIDIA A100-SXM4-40GB, 2026/09/27 05:30:33.219, 0, 1, 40960
0, GPU-25f8c476-f27a-b55e-ad08-27dd0ae063fe, NVIDIA A100-SXM4-40GB, 2026/09/27 05:30:38.220, 0, 1, 40960
0, GPU-25f8c476-f27a-b55e-ad08-27dd0ae063fe, NVIDIA A100-SXM4-40GB, 2026/09/27 05:30:43.221, 0, 1, 40960
0, GPU-25f8c476-f27a-b55e-ad08-27dd0ae063fe, NVIDIA A100-SXM4-40GB, 2026/09/27 05:30:48.221, 0, 1, 40960
0, GPU-25f8c476-f27a-b55e-ad08-27dd0ae063fe, NVIDIA A100-SXM4-40GB, 2026/09/27 05:30:53.222, 0, 1, 40960
0, GPU-25f8c476-f27a-b55e-ad08-27dd0ae063fe, NVIDIA A100-SXM4-40GB, 2026/09/27 05:30:58.223, 0, 5, 40960
0, GPU-25f8c476-f27a-b55e-ad08-27dd0ae063fe, NVIDIA A100-SXM4-40GB, 2026/09/27 05:31:03.224, 0, 5, 40960
0, GPU-25f8c476-f27a-b55e-ad08-27dd0ae063fe, NVIDIA A100-SXM4-40GB, 2026/09/27 05:31:08.225, 0, 5, 40960
0, GPU-25f8c476-f27a-b55e-ad08-27dd0ae063fe, NVIDIA A100-SXM4-40GB, 2026/09/27 05:31:13.226, 0, 5, 40960
0, GPU-25f8c476-f27a-b55e-ad08-27dd0ae063fe, NVIDIA A100-SXM4-40GB, 2026/09/27 05:31:18.226, 0, 5, 40960
0, GPU-25f8c476-f27a-b55e-ad08-27dd0ae063fe, NVIDIA A100-SXM4-40GB, 2026/09/27 05:31:23.227, 0, 5, 40960
0, GPU-25f8c476-f27a-b55e-ad08-27dd0ae063fe, NVIDIA A100-SXM4-40GB, 2026/09/27 05:31:28.228, 0, 5, 40960
0, GPU-25f8c476-f27a-b55e-ad08-27dd0ae063fe, NVIDIA A100-SXM4-40GB, 2026/09/27 05:31:33.228, 0, 5, 40960
0, GPU-25f8c476-f27a-b55e-ad08-27dd0ae063fe, NVIDIA A100-SXM4-40GB, 2026/09/27 05:31:38.229, 0, 5, 40960
0, GPU-25f8c476-f27a-b55e-ad08-27dd0ae063fe, NVIDIA A100-SXM4-40GB, 2026/09/27 05:31:43.231, 0, 5, 40960
0, GPU-25f8c476-f27a-b55e-ad08-27dd0ae063fe, NVIDIA A100-SXM4-40GB, 2026/09/27 05:31:48.231, 0, 5, 40960
PREPARATION_CPU_GATE=PASS
STAGED_IMPORT_ORIGINS={"pldm.train": "/scratch/users/ntu/yguo017/pldm-reproduction/staged/pldm/train.py", "pldm.data.dataset_factory": "/scratch/users/ntu/yguo017/pldm-reproduction/staged/pldm/data/dataset_factory.py", "pldm.models.hjepa": "/scratch/users/ntu/yguo017/pldm-reproduction/staged/pldm/models/hjepa.py", "pldm_envs.wall.data.offline_wall": "/scratch/users/ntu/yguo017/pldm-reproduction/staged/pldm_envs/wall/data/offline_wall.py", "zarr": "/scratch/users/ntu/yguo017/pldm-reproduction/runtime_overlay/zarr-2.14.2-pinned/zarr/__init__.py", "numcodecs": "/scratch/users/ntu/yguo017/pldm-reproduction/runtime_overlay/zarr-2.14.2-pinned/numcodecs/__init__.py", "gym": "/scratch/users/ntu/yguo017/experiment/reproduction/lpwm/runtime-overlay-minimal/gym/__init__.py", "gym_notices": "/scratch/users/ntu/yguo017/experiment/reproduction/lpwm/runtime-overlay-minimal/gym_notices/__init__.py", "arm_pytorch_utilities": "/scratch/users/ntu/yguo017/pldm-reproduction/runtime_overlay/arm-pytorch-utilities-0.4.3/arm_pytorch_utilities/__init__.py", "pytorch_seed": "/scratch/users/ntu/yguo017/pldm-reproduction/runtime_overlay/pytorch-seed-0.2.0/pytorch_seed/__init__.py", "statsmodels": "/scratch/users/ntu/yguo017/pldm-reproduction/runtime_overlay/statsmodels-patsy-pinned/statsmodels/__init__.py", "statsmodels.api": "/scratch/users/ntu/yguo017/pldm-reproduction/runtime_overlay/statsmodels-patsy-pinned/statsmodels/api.py", "patsy": "/scratch/users/ntu/yguo017/pldm-reproduction/runtime_overlay/statsmodels-patsy-pinned/patsy/__init__.py", "numpy": "/scratch/users/ntu/yguo017/pldm-reproduction/runtime_overlay/numpy-1.26.4-scipy-1.10.0-pinned/numpy/__init__.py", "scipy": "/scratch/users/ntu/yguo017/pldm-reproduction/runtime_overlay/numpy-1.26.4-scipy-1.10.0-pinned/scipy/__init__.py", "pandas": "/scratch/users/ntu/yguo017/pldm-reproduction/runtime_overlay/pandas-2.0.1-pinned/pandas/__init__.py", "pytz": "/scratch/users/ntu/yguo017/pldm-reproduction/runtime_overlay/pandas-2.0.1-pinned/pytz/__init__.py"}
OFFICIAL_CONFIG_GATE=PASS {"seed": 101, "epochs": 2, "quick_debug": false, "n_steps": 16, "objectives": ["VICReg", "IDM"], "optimizer_type": "OptimizerType.Adam", "base_lr": 0.0007, "compile_model": true, "data_path": "/scratch/users/ntu/yguo017/pldm-reproduction/datasets/good_quality_data_memmap", "lazy_load": false, "offline_dataset_device": "cuda", "eval_at_beginning": false, "eval_during_training": false, "native_eval": {"level": "medium", "n_envs": 100, "n_steps": 200, "n_envs_batch_size": 20, "replan_every": 1, "max_plan_length": 96, "mppi_samples": 2000, "eval_mpcs_field_value_unused_by_official_evaluator": 20, "planner_calls_per_invocation_from_source": 1000}}
0, GPU-25f8c476-f27a-b55e-ad08-27dd0ae063fe, NVIDIA A100-SXM4-40GB, 2026/09/27 05:31:53.232, 0, 425, 40960
0, GPU-25f8c476-f27a-b55e-ad08-27dd0ae063fe, NVIDIA A100-SXM4-40GB, 2026/09/27 05:31:58.233, 0, 425, 40960
0, GPU-25f8c476-f27a-b55e-ad08-27dd0ae063fe, NVIDIA A100-SXM4-40GB, 2026/09/27 05:32:03.233, 0, 425, 40960
0, GPU-25f8c476-f27a-b55e-ad08-27dd0ae063fe, NVIDIA A100-SXM4-40GB, 2026/09/27 05:32:08.234, 0, 425, 40960
0, GPU-25f8c476-f27a-b55e-ad08-27dd0ae063fe, NVIDIA A100-SXM4-40GB, 2026/09/27 05:32:13.235, 0, 425, 40960
0, GPU-25f8c476-f27a-b55e-ad08-27dd0ae063fe, NVIDIA A100-SXM4-40GB, 2026/09/27 05:32:18.237, 0, 425, 40960
Loaded offline data with 3072000 samples
Data episode length: 16
Episode length: 16
Slices per traj: 75
3072000 samples in offline_wall dataset
0, GPU-25f8c476-f27a-b55e-ad08-27dd0ae063fe, NVIDIA A100-SXM4-40GB, 2026/09/27 05:32:23.238, 0, 425, 40960
estimating mean stds:   0%|          | 0/100 [00:00<?, ?it/s]estimating mean stds:   1%|          | 1/100 [00:03<06:19,  3.84s/it]estimating mean stds:  18%|█▊        | 18/100 [00:03<00:12,  6.35it/s]estimating mean stds:  28%|██▊       | 28/100 [00:04<00:07,  9.69it/s]estimating mean stds:  44%|████▍     | 44/100 [00:04<00:03, 18.36it/s]estimating mean stds:  62%|██████▏   | 62/100 [00:04<00:01, 30.63it/s]estimating mean stds:  80%|████████  | 80/100 [00:04<00:00, 45.12it/s]estimating mean stds:  98%|█████████▊| 98/100 [00:04<00:00, 61.34it/s]estimating mean stds: 100%|██████████| 100/100 [00:04<00:00, 21.14it/s]
0, GPU-25f8c476-f27a-b55e-ad08-27dd0ae063fe, NVIDIA A100-SXM4-40GB, 2026/09/27 05:32:28.513, 18, 7267, 40960
Inferred input_dim: torch.Size([2, 65, 65])
HJEPA(
  (level1): JEPA(
    (backbone): ImpalaEncoder(
      (stack_blocks): ModuleList(
        (0): ResnetStack(
          (initial_conv): Conv2d(2, 16, kernel_size=(3, 3), stride=(1, 1), padding=(1, 1))
          (blocks): ModuleList(
            (0-1): 2 x ResnetBlock(
              (conv1): Conv2d(16, 16, kernel_size=(3, 3), stride=(1, 1), padding=(1, 1))
              (conv2): Conv2d(16, 16, kernel_size=(3, 3), stride=(1, 1), padding=(1, 1))
            )
          )
          (max_pool): MaxPool2d(kernel_size=3, stride=2, padding=1, dilation=1, ceil_mode=False)
        )
        (1): ResnetStack(
          (initial_conv): Conv2d(16, 32, kernel_size=(3, 3), stride=(1, 1), padding=(1, 1))
          (blocks): ModuleList(
            (0-1): 2 x ResnetBlock(
              (conv1): Conv2d(32, 32, kernel_size=(3, 3), stride=(1, 1), padding=(1, 1))
              (conv2): Conv2d(32, 32, kernel_size=(3, 3), stride=(1, 1), padding=(1, 1))
            )
          )
          (max_pool): MaxPool2d(kernel_size=3, stride=2, padding=1, dilation=1, ceil_mode=False)
        )
        (2): ResnetStack(
          (initial_conv): Conv2d(32, 32, kernel_size=(3, 3), stride=(1, 1), padding=(1, 1))
          (blocks): ModuleList(
            (0-1): 2 x ResnetBlock(
              (conv1): Conv2d(32, 32, kernel_size=(3, 3), stride=(1, 1), padding=(1, 1))
              (conv2): Conv2d(32, 32, kernel_size=(3, 3), stride=(1, 1), padding=(1, 1))
            )
          )
          (max_pool): MaxPool2d(kernel_size=3, stride=2, padding=1, dilation=1, ceil_mode=False)
        )
      )
      (dropout): Identity()
      (mlp): Linear(in_features=2592, out_features=512, bias=True)
      (final_ln): LayerNorm((512,), eps=1e-05, elementwise_affine=True)
    )
    (predictor): RNNPredictorV2(
      (final_ln): LayerNorm((512,), eps=1e-05, elementwise_affine=True)
      (rnn): GRU(2, 512)
    )
  )
)
number of params: 2218672
number of l1 predictor params: 793600
number of l1 backbone params: 1426096
compiling model
0, GPU-25f8c476-f27a-b55e-ad08-27dd0ae063fe, NVIDIA A100-SXM4-40GB, 2026/09/27 05:32:33.513, 0, 7271, 40960
0, GPU-25f8c476-f27a-b55e-ad08-27dd0ae063fe, NVIDIA A100-SXM4-40GB, 2026/09/27 05:32:38.515, 0, 7271, 40960
0, GPU-25f8c476-f27a-b55e-ad08-27dd0ae063fe, NVIDIA A100-SXM4-40GB, 2026/09/27 05:32:43.515, 0, 7271, 40960
0, GPU-25f8c476-f27a-b55e-ad08-27dd0ae063fe, NVIDIA A100-SXM4-40GB, 2026/09/27 05:32:48.517, 0, 7271, 40960
compilation finished after 19.285s
/scratch/users/ntu/yguo017/pldm-reproduction/staged/pldm_envs/wall/data/offline_wall.py:110: UserWarning: The given NumPy array is not writable, and PyTorch does not support non-writable tensors. This means writing to this tensor will result in undefined behavior. You may want to copy the array to protect its data or make it writable before converting it to a tensor. This type of warning will be suppressed for the rest of this program. (Triggered internally at /pytorch/torch/csrc/utils/tensor_numpy.cpp:203.)
  states = torch.from_numpy(
0, GPU-25f8c476-f27a-b55e-ad08-27dd0ae063fe, NVIDIA A100-SXM4-40GB, 2026/09/27 05:32:53.518, 0, 7275, 40960
0, GPU-25f8c476-f27a-b55e-ad08-27dd0ae063fe, NVIDIA A100-SXM4-40GB, 2026/09/27 05:32:58.518, 0, 7279, 40960
0, GPU-25f8c476-f27a-b55e-ad08-27dd0ae063fe, NVIDIA A100-SXM4-40GB, 2026/09/27 05:33:03.520, 0, 7287, 40960
0, GPU-25f8c476-f27a-b55e-ad08-27dd0ae063fe, NVIDIA A100-SXM4-40GB, 2026/09/27 05:33:08.520, 0, 7307, 40960
0, GPU-25f8c476-f27a-b55e-ad08-27dd0ae063fe, NVIDIA A100-SXM4-40GB, 2026/09/27 05:33:13.521, 73, 7307, 40960
0, GPU-25f8c476-f27a-b55e-ad08-27dd0ae063fe, NVIDIA A100-SXM4-40GB, 2026/09/27 05:33:18.522, 2, 7343, 40960
0, GPU-25f8c476-f27a-b55e-ad08-27dd0ae063fe, NVIDIA A100-SXM4-40GB, 2026/09/27 05:33:23.522, 34, 7345, 40960
GPU_CALIBRATION_PASS updates=110/110 timed=100/100 native_eval_calls=0 planner_cost_probe=PASS
0, GPU-25f8c476-f27a-b55e-ad08-27dd0ae063fe, NVIDIA A100-SXM4-40GB, 2026/09/27 05:33:28.523, 0, 7345, 40960
0, GPU-25f8c476-f27a-b55e-ad08-27dd0ae063fe, NVIDIA A100-SXM4-40GB, 2026/09/27 05:33:33.524, 0, 7345, 40960
0, GPU-25f8c476-f27a-b55e-ad08-27dd0ae063fe, NVIDIA A100-SXM4-40GB, 2026/09/27 05:33:38.525, 0, 7345, 40960
0, GPU-25f8c476-f27a-b55e-ad08-27dd0ae063fe, NVIDIA A100-SXM4-40GB, 2026/09/27 05:33:43.526, 0, 7345, 40960
0, GPU-25f8c476-f27a-b55e-ad08-27dd0ae063fe, NVIDIA A100-SXM4-40GB, 2026/09/27 05:33:48.527, 0, 7345, 40960
0, GPU-25f8c476-f27a-b55e-ad08-27dd0ae063fe, NVIDIA A100-SXM4-40GB, 2026/09/27 05:33:53.527, 0, 7345, 40960
0, GPU-25f8c476-f27a-b55e-ad08-27dd0ae063fe, NVIDIA A100-SXM4-40GB, 2026/09/27 05:33:58.528, 0, 7345, 40960
0, GPU-25f8c476-f27a-b55e-ad08-27dd0ae063fe, NVIDIA A100-SXM4-40GB, 2026/09/27 05:34:03.528, 0, 7309, 40960
0, GPU-25f8c476-f27a-b55e-ad08-27dd0ae063fe, NVIDIA A100-SXM4-40GB, 2026/09/27 05:34:08.529, 0, 7309, 40960
calibration_exit_code=0
