Wed Sep  9 21:33:30 +08 2026
x1000c3s2b0n0
source/config identities and prior-verified checkpoint metadata match
allocated GPU: NVIDIA A100-SXM4-40GB 42406903808 0b6f6544-1afc-3493-7410-1207203e2bac
OTC batch: score task=1 episode=0
[robosuite WARNING] No private macro file found! (macros.py:53)
2026-09-09 21:34:55,650 WARNING No private macro file found!
[robosuite WARNING] It is recommended to use a private macro file (macros.py:54)
2026-09-09 21:34:55,650 WARNING It is recommended to use a private macro file
[robosuite WARNING] To setup, run: python /scratch/users/ntu/yguo017/fastwam-smoke/venv/lib/python3.11/site-packages/robosuite/scripts/setup_macros.py (macros.py:55)
2026-09-09 21:34:55,650 WARNING To setup, run: python /scratch/users/ntu/yguo017/fastwam-smoke/venv/lib/python3.11/site-packages/robosuite/scripts/setup_macros.py
2026-09-09 21:34:58,590 INFO No OpenGL_accelerate module loaded: No module named 'OpenGL_accelerate'
Gym has been unmaintained since 2022 and does not support NumPy 2.0 amongst other critical functionality.
Please upgrade to Gymnasium, the maintained drop-in replacement of Gym, or contact the authors of your software and request that they upgrade.
See the migration guide at https://gymnasium.farama.org/introduction/migration_guide/ for additional information.
OTC runtime: constructing model
2026-09-09 21:36:44,019 INFO Loading Wan2.2-TI2V-5B components...
2026-09-09 21:36:44,066 INFO Skipping pretrained video DiT load (`skip_dit_load_from_pretrain=True`); initializing video expert randomly and expecting checkpoint override.
2026-09-09 21:40:58,476 INFO Finished loading Wan2.2-TI2V-5B components in 254.46 seconds.
2026-09-09 21:40:58,477 INFO Skipping ActionDiT pretrained load (`skip_dit_load_from_pretrain=True`); initializing action expert randomly and expecting checkpoint override.
2026-09-09 21:41:03,368 INFO Initialized MoT with experts: ['video', 'action'], num_layers=30
2026-09-09 21:41:03,410 INFO   Expert 'video': num_params=5.00 B
2026-09-09 21:41:03,412 INFO   Expert 'action': num_params=1.02 B
OTC runtime: loading pinned checkpoint
OTC runtime: checkpoint loaded
[info] using task orders [0, 1, 2, 3, 4, 5, 6, 7, 8, 9]
[Warning]: datasets path /scratch/users/ntu/yguo017/fastwam-smoke/libero/datasets does not exist!
[info] using task orders [0, 1, 2, 3, 4, 5, 6, 7, 8, 9]
[Warning]: datasets path /scratch/users/ntu/yguo017/fastwam-smoke/libero/datasets does not exist!
OTC score: state 1/4 replay passed
OTC score: state 2/4 replay passed
OTC score: state 3/4 replay passed
OTC score: state 4/4 replay passed
{"mode": "score", "status": "ok", "split": "CAL", "rows": 32}
OTC batch: score task=1 episode=1
[info] using task orders [0, 1, 2, 3, 4, 5, 6, 7, 8, 9]
[Warning]: datasets path /scratch/users/ntu/yguo017/fastwam-smoke/libero/datasets does not exist!
OTC score: state 1/4 replay passed
OTC score: state 2/4 replay passed
OTC score: state 3/4 replay passed
OTC score: state 4/4 replay passed
{"mode": "score", "status": "ok", "split": "CAL", "rows": 32}
OTC batch: score task=1 episode=2
[info] using task orders [0, 1, 2, 3, 4, 5, 6, 7, 8, 9]
[Warning]: datasets path /scratch/users/ntu/yguo017/fastwam-smoke/libero/datasets does not exist!
OTC score: state 1/4 replay passed
OTC score: state 2/4 replay passed
OTC score: state 3/4 replay passed
OTC score: state 4/4 replay passed
{"mode": "score", "status": "ok", "split": "CHECK", "rows": 32}
OTC batch: score task=1 episode=3
[info] using task orders [0, 1, 2, 3, 4, 5, 6, 7, 8, 9]
[Warning]: datasets path /scratch/users/ntu/yguo017/fastwam-smoke/libero/datasets does not exist!
OTC score: state 1/4 replay passed
OTC score: state 2/4 replay passed
OTC score: state 3/4 replay passed
OTC score: state 4/4 replay passed
{"mode": "score", "status": "ok", "split": "CHECK", "rows": 32}
Wed Sep  9 21:46:38 +08 2026
