timestamp, index, name, utilization.gpu [%], memory.used [MiB], memory.total [MiB]
2026/09/24 19:06:04.375, 0, NVIDIA A100-SXM4-40GB, 0 %, 1 MiB, 40960 MiB
2026/09/24 19:06:09.377, 0, NVIDIA A100-SXM4-40GB, 0 %, 1 MiB, 40960 MiB
2026/09/24 19:06:14.378, 0, NVIDIA A100-SXM4-40GB, 0 %, 1 MiB, 40960 MiB
2026/09/24 19:06:19.378, 0, NVIDIA A100-SXM4-40GB, 0 %, 1 MiB, 40960 MiB
2026/09/24 19:06:24.379, 0, NVIDIA A100-SXM4-40GB, 0 %, 1 MiB, 40960 MiB
2026/09/24 19:06:29.380, 0, NVIDIA A100-SXM4-40GB, 0 %, 1 MiB, 40960 MiB
2026/09/24 19:06:34.380, 0, NVIDIA A100-SXM4-40GB, 0 %, 1 MiB, 40960 MiB
2026/09/24 19:06:39.381, 0, NVIDIA A100-SXM4-40GB, 0 %, 1 MiB, 40960 MiB
2026/09/24 19:06:44.383, 0, NVIDIA A100-SXM4-40GB, 0 %, 1 MiB, 40960 MiB
2026/09/24 19:06:49.383, 0, NVIDIA A100-SXM4-40GB, 0 %, 1 MiB, 40960 MiB
2026/09/24 19:06:54.384, 0, NVIDIA A100-SXM4-40GB, 0 %, 1 MiB, 40960 MiB
2026/09/24 19:06:59.384, 0, NVIDIA A100-SXM4-40GB, 0 %, 1 MiB, 40960 MiB
2026/09/24 19:07:04.385, 0, NVIDIA A100-SXM4-40GB, 0 %, 1 MiB, 40960 MiB
2026/09/24 19:07:09.386, 0, NVIDIA A100-SXM4-40GB, 0 %, 1 MiB, 40960 MiB
2026/09/24 19:07:14.386, 0, NVIDIA A100-SXM4-40GB, 0 %, 1 MiB, 40960 MiB
2026/09/24 19:07:19.387, 0, NVIDIA A100-SXM4-40GB, 0 %, 1 MiB, 40960 MiB
2026/09/24 19:07:24.388, 0, NVIDIA A100-SXM4-40GB, 0 %, 1 MiB, 40960 MiB
2026/09/24 19:07:29.388, 0, NVIDIA A100-SXM4-40GB, 0 %, 1 MiB, 40960 MiB
2026/09/24 19:07:34.389, 0, NVIDIA A100-SXM4-40GB, 0 %, 1 MiB, 40960 MiB
2026/09/24 19:07:39.390, 0, NVIDIA A100-SXM4-40GB, 0 %, 1 MiB, 40960 MiB
2026/09/24 19:07:44.390, 0, NVIDIA A100-SXM4-40GB, 0 %, 1 MiB, 40960 MiB
/scratch/users/ntu/yguo017/lewm-pusht-iteration/stable-worldmodel/stable_worldmodel/envs/__init__.py:215: UserWarning: ale-py not found; ALE/* envs are unavailable. Install with: pip install 'stable-worldmodel[env]' or pip install ale-py.
  from stable_worldmodel.envs import ale  # noqa: F401
2026/09/24 19:07:49.391, 0, NVIDIA A100-SXM4-40GB, 0 %, 1 MiB, 40960 MiB
2026/09/24 19:07:54.393, 0, NVIDIA A100-SXM4-40GB, 0 %, 1 MiB, 40960 MiB
2026/09/24 19:07:59.393, 0, NVIDIA A100-SXM4-40GB, 0 %, 1 MiB, 40960 MiB
2026/09/24 19:08:04.394, 0, NVIDIA A100-SXM4-40GB, 0 %, 1 MiB, 40960 MiB
2026/09/24 19:08:09.395, 0, NVIDIA A100-SXM4-40GB, 0 %, 5 MiB, 40960 MiB
2026/09/24 19:08:14.395, 0, NVIDIA A100-SXM4-40GB, 0 %, 5 MiB, 40960 MiB
2026/09/24 19:08:19.397, 0, NVIDIA A100-SXM4-40GB, 0 %, 5 MiB, 40960 MiB
2026/09/24 19:08:24.398, 0, NVIDIA A100-SXM4-40GB, 0 %, 5 MiB, 40960 MiB
2026/09/24 19:08:29.398, 0, NVIDIA A100-SXM4-40GB, 0 %, 5 MiB, 40960 MiB
19:08:29 | INFO  | __init__.py | Cached 'action' from '/scratch/users/ntu/yguo017/dino-wm-wall/meeting-ready/02-horizon-weighted-recurrent-student/lewm-transfer/official-lewm-dataset-teacher-baseline/artifacts/25535692.pbs101/cache/datasets/pusht_expert_train.h5'
2026/09/24 19:08:34.399, 0, NVIDIA A100-SXM4-40GB, 0 %, 5 MiB, 40960 MiB
2026/09/24 19:08:39.399, 0, NVIDIA A100-SXM4-40GB, 0 %, 5 MiB, 40960 MiB
2026/09/24 19:08:44.400, 0, NVIDIA A100-SXM4-40GB, 0 %, 5 MiB, 40960 MiB
19:08:48 | INFO  | __init__.py | Cached 'proprio' from '/scratch/users/ntu/yguo017/dino-wm-wall/meeting-ready/02-horizon-weighted-recurrent-student/lewm-transfer/official-lewm-dataset-teacher-baseline/artifacts/25535692.pbs101/cache/datasets/pusht_expert_train.h5'
2026/09/24 19:08:49.401, 0, NVIDIA A100-SXM4-40GB, 0 %, 5 MiB, 40960 MiB
2026/09/24 19:08:54.402, 0, NVIDIA A100-SXM4-40GB, 0 %, 5 MiB, 40960 MiB
2026/09/24 19:08:59.402, 0, NVIDIA A100-SXM4-40GB, 0 %, 5 MiB, 40960 MiB
2026/09/24 19:09:04.403, 0, NVIDIA A100-SXM4-40GB, 0 %, 5 MiB, 40960 MiB
19:09:07 | INFO  | __init__.py | Cached 'state' from '/scratch/users/ntu/yguo017/dino-wm-wall/meeting-ready/02-horizon-weighted-recurrent-student/lewm-transfer/official-lewm-dataset-teacher-baseline/artifacts/25535692.pbs101/cache/datasets/pusht_expert_train.h5'
2026/09/24 19:09:09.404, 0, NVIDIA A100-SXM4-40GB, 0 %, 5 MiB, 40960 MiB
FAIL_CLOSED: AttributeError: module 'run_adaptive_teacher_schedule' has no attribute 'load_modules'
19:09:11 | ERROR | richuru.py  | Exception:
Traceback (most recent call last):

> File "/scratch/users/ntu/yguo017/dino-wm-wall/meeting-ready/02-horizon-weighted-recurrent-student/lewm-transfer/official-lewm-dataset-teacher-baseline/run_dataset_paired_stage2.py", line 738, in <module>
    main()
    └ <function main at 0x153317472b60>

  File "/scratch/users/ntu/yguo017/dino-wm-wall/meeting-ready/02-horizon-weighted-recurrent-student/lewm-transfer/official-lewm-dataset-teacher-baseline/run_dataset_paired_stage2.py", line 568, in main
    _, _, reference, _ = schedule.load_modules(control_root, lewm_root)
                         │                     │             └ PosixPath('/scratch/users/ntu/yguo017/lewm-pusht-iteration/le-wm')
                         │                     └ PosixPath('/scratch/users/ntu/yguo017/dino-wm-wall/meeting-ready/02-horizon-weighted-recurrent-student')
                         └ <module 'run_adaptive_teacher_schedule' from '/scratch/users/ntu/yguo017/dino-wm-wall/meeting-ready/02-horizon-weighted-recur...

AttributeError: module 'run_adaptive_teacher_schedule' has no attribute 'load_modules'
2026/09/24 19:09:14.404, 0, NVIDIA A100-SXM4-40GB, 0 %, 5 MiB, 40960 MiB
2026/09/24 19:09:19.405, 0, NVIDIA A100-SXM4-40GB, 0 %, 5 MiB, 40960 MiB
2026/09/24 19:09:24.406, 0, NVIDIA A100-SXM4-40GB, 0 %, 5 MiB, 40960 MiB
