LEWM_STATE_COVERAGE_JOB=24926383.pbs101
HOST=x1000c3s7b0n1
REFERENCE=/scratch/users/ntu/yguo017/dino-wm-wall/meeting-ready/02-horizon-weighted-recurrent-student/lewm-transfer/score-distill/artifacts/24916520.pbs101/lewm_score_distill_summary.json
NVIDIA A100-SXM4-40GB, 40960 MiB
timestamp, index, utilization.gpu [%], memory.used [MiB], memory.total [MiB]
2026/09/21 19:43:00.927, 0, 0 %, 1 MiB, 40960 MiB
2026/09/21 19:43:05.928, 0, 0 %, 1 MiB, 40960 MiB
2026/09/21 19:43:10.929, 0, 0 %, 1 MiB, 40960 MiB
2026/09/21 19:43:15.929, 0, 0 %, 1 MiB, 40960 MiB
2026/09/21 19:43:20.930, 0, 0 %, 1 MiB, 40960 MiB
2026/09/21 19:43:25.931, 0, 0 %, 1 MiB, 40960 MiB
2026/09/21 19:43:30.932, 0, 0 %, 1 MiB, 40960 MiB
2026/09/21 19:43:35.933, 0, 0 %, 1 MiB, 40960 MiB
2026/09/21 19:43:40.933, 0, 0 %, 1 MiB, 40960 MiB
2026/09/21 19:43:45.934, 0, 0 %, 1 MiB, 40960 MiB
2026/09/21 19:43:50.934, 0, 0 %, 1 MiB, 40960 MiB
2026/09/21 19:43:55.935, 0, 0 %, 1 MiB, 40960 MiB
2026/09/21 19:44:00.936, 0, 0 %, 1 MiB, 40960 MiB
2026/09/21 19:44:05.937, 0, 0 %, 1 MiB, 40960 MiB
2026/09/21 19:44:10.937, 0, 0 %, 1 MiB, 40960 MiB
2026/09/21 19:44:15.938, 0, 0 %, 1 MiB, 40960 MiB
2026/09/21 19:44:20.939, 0, 0 %, 1 MiB, 40960 MiB
2026/09/21 19:44:25.939, 0, 0 %, 1 MiB, 40960 MiB
2026/09/21 19:44:30.940, 0, 0 %, 1 MiB, 40960 MiB
2026/09/21 19:44:35.941, 0, 0 %, 1 MiB, 40960 MiB
2026/09/21 19:44:40.943, 0, 0 %, 1 MiB, 40960 MiB
2026/09/21 19:44:45.944, 0, 0 %, 1 MiB, 40960 MiB
2026/09/21 19:44:50.945, 0, 0 %, 1 MiB, 40960 MiB
2026/09/21 19:44:55.946, 0, 0 %, 1 MiB, 40960 MiB
2026/09/21 19:45:00.947, 0, 0 %, 1 MiB, 40960 MiB
2026/09/21 19:45:05.948, 0, 0 %, 577 MiB, 40960 MiB
2026/09/21 19:45:10.949, 0, 0 %, 581 MiB, 40960 MiB
2026/09/21 19:45:15.949, 0, 0 %, 611 MiB, 40960 MiB
2026/09/21 19:45:20.951, 0, 8 %, 613 MiB, 40960 MiB
2026/09/21 19:45:28.111, 0, 0 %, 613 MiB, 40960 MiB
2026/09/21 19:45:33.112, 0, 8 %, 613 MiB, 40960 MiB
2026/09/21 19:45:38.112, 0, 15 %, 613 MiB, 40960 MiB
2026/09/21 19:45:43.114, 0, 8 %, 613 MiB, 40960 MiB
2026/09/21 19:45:48.116, 0, 8 %, 613 MiB, 40960 MiB
2026/09/21 19:45:53.117, 0, 13 %, 613 MiB, 40960 MiB
2026/09/21 19:45:58.118, 0, 16 %, 613 MiB, 40960 MiB
2026/09/21 19:46:03.119, 0, 8 %, 613 MiB, 40960 MiB
2026/09/21 19:46:08.119, 0, 0 %, 613 MiB, 40960 MiB
2026/09/21 19:46:13.120, 0, 8 %, 613 MiB, 40960 MiB
2026/09/21 19:46:18.121, 0, 11 %, 613 MiB, 40960 MiB
2026/09/21 19:46:23.121, 0, 10 %, 613 MiB, 40960 MiB
2026/09/21 19:46:28.122, 0, 0 %, 613 MiB, 40960 MiB
2026/09/21 19:46:33.123, 0, 8 %, 613 MiB, 40960 MiB
2026/09/21 19:46:38.124, 0, 15 %, 613 MiB, 40960 MiB
2026/09/21 19:46:43.125, 0, 8 %, 613 MiB, 40960 MiB
2026/09/21 19:46:48.125, 0, 8 %, 613 MiB, 40960 MiB
2026/09/21 19:46:53.126, 0, 7 %, 639 MiB, 40960 MiB
2026/09/21 19:46:58.127, 0, 0 %, 663 MiB, 40960 MiB
2026/09/21 19:47:03.127, 0, 0 %, 673 MiB, 40960 MiB
2026/09/21 19:47:08.129, 0, 39 %, 681 MiB, 40960 MiB
2026/09/21 19:47:13.130, 0, 40 %, 681 MiB, 40960 MiB
2026/09/21 19:47:18.130, 0, 39 %, 681 MiB, 40960 MiB
2026/09/21 19:47:23.131, 0, 40 %, 681 MiB, 40960 MiB
2026/09/21 19:47:28.133, 0, 39 %, 681 MiB, 40960 MiB
2026/09/21 19:47:33.133, 0, 39 %, 681 MiB, 40960 MiB
2026/09/21 19:47:38.134, 0, 0 %, 683 MiB, 40960 MiB
2026/09/21 19:47:43.135, 0, 0 %, 683 MiB, 40960 MiB
2026/09/21 19:47:48.136, 0, 0 %, 683 MiB, 40960 MiB
2026/09/21 19:47:53.137, 0, 56 %, 689 MiB, 40960 MiB
2026/09/21 19:47:58.137, 0, 38 %, 689 MiB, 40960 MiB
2026/09/21 19:48:03.138, 0, 40 %, 689 MiB, 40960 MiB
2026/09/21 19:48:08.138, 0, 40 %, 689 MiB, 40960 MiB
2026/09/21 19:48:13.139, 0, 38 %, 691 MiB, 40960 MiB
2026/09/21 19:48:18.141, 0, 39 %, 691 MiB, 40960 MiB
2026/09/21 19:48:23.141, 0, 40 %, 691 MiB, 40960 MiB
2026/09/21 19:48:28.142, 0, 38 %, 691 MiB, 40960 MiB
2026/09/21 19:48:33.143, 0, 39 %, 691 MiB, 40960 MiB
2026/09/21 19:48:38.143, 0, 39 %, 691 MiB, 40960 MiB
2026/09/21 19:48:43.144, 0, 39 %, 691 MiB, 40960 MiB
{"status": "PREDICTOR_LEVEL_COMPLETE", "primary_treatment_gate": "NO-GO", "output": "/scratch/users/ntu/yguo017/dino-wm-wall/meeting-ready/02-horizon-weighted-recurrent-student/lewm-transfer/state-coverage/artifacts/24926383.pbs101/lewm_state_coverage_summary.json"}
2026/09/21 19:48:48.145, 0, 0 %, 651 MiB, 40960 MiB
2026/09/21 19:48:53.145, 0, 0 %, 651 MiB, 40960 MiB
2026/09/21 19:48:58.147, 0, 0 %, 651 MiB, 40960 MiB
