PBS_JOBID=25571461.pbs101
HOST=x1000c1s1b0n0.hostmgmt2000.cm.asp2a.nscc.sg
ARM=sparse
SOURCE_COMMIT=bdd812d9432cccda8c350086006401b436f91982
START_UTC=2026-09-26T18:58:52Z
RUN_NAME=repro_sparse_pusht_mlp_var_pd384
CKPT_BASE=/scratch/users/ntu/yguo017/experiment/reproduction/lpwm/formal_runs/25571461.pbs101/sparse/checkpoints
DATASET_DIR=/scratch/users/ntu/yguo017/dino-wm-wall/data
RECOVERY_REPORT=/scratch/users/ntu/yguo017/experiment/reproduction/lpwm/train-video-recovery-25570558.pbs101.json
CUDA_VISIBLE_DEVICES=GPU-69cce928-f6a6-dc9d-0d14-90cd87f6fa8d
NVML_ALL_GPU_IDENTITY_BEGIN
index, uuid, name, memory.total [MiB]
0, GPU-69cce928-f6a6-dc9d-0d14-90cd87f6fa8d, NVIDIA A100-SXM4-40GB, 40960 MiB
NVML_ALL_GPU_IDENTITY_END
NATIVE_EVAL_POSTPROCESS_SELFCHECK=PASS planner_records=2 final_eval_records=1
CUDA_VISIBLE_DEVICES=GPU-69cce928-f6a6-dc9d-0d14-90cd87f6fa8d
TORCH_LOGICAL_DEVICE=cuda:0
TORCH_DEVICE_NAME=NVIDIA A100-SXM4-40GB
TORCH_DEVICE_TOTAL_MEMORY_BYTES=42406903808
TORCH_STARTUP_ALLOCATED_BYTES=0
TORCH_STARTUP_RESERVED_BYTES=0
OFFICIAL_SCRIPT_CWD=/scratch/users/ntu/yguo017/experiment/reproduction/lpwm/lpworldmodel-bdd812d
GPU_TELEMETRY_UTC=2026-09-26T18:59:46Z 0, GPU-69cce928-f6a6-dc9d-0d14-90cd87f6fa8d, 0, 1, 40960;
TORCH_PROCESS_ROLE=train CUDA_VISIBLE_DEVICES=GPU-69cce928-f6a6-dc9d-0d14-90cd87f6fa8d
TORCH_PROCESS_LOGICAL_DEVICE=cuda:0 NAME=NVIDIA A100-SXM4-40GB TOTAL_MEMORY_BYTES=42406903808
TORCH_PROCESS_START_ALLOCATED_BYTES=0 RESERVED_BYTES=0
GPU_TELEMETRY_UTC=2026-09-26T18:59:51Z 0, GPU-69cce928-f6a6-dc9d-0d14-90cd87f6fa8d, 0, 5, 40960;
GPU_TELEMETRY_UTC=2026-09-26T18:59:56Z 0, GPU-69cce928-f6a6-dc9d-0d14-90cd87f6fa8d, 0, 5, 40960;
GPU_TELEMETRY_UTC=2026-09-26T19:00:01Z 0, GPU-69cce928-f6a6-dc9d-0d14-90cd87f6fa8d, 0, 5, 40960;
GPU_TELEMETRY_UTC=2026-09-26T19:00:06Z 0, GPU-69cce928-f6a6-dc9d-0d14-90cd87f6fa8d, 0, 5, 40960;
GPU_TELEMETRY_UTC=2026-09-26T19:00:11Z 0, GPU-69cce928-f6a6-dc9d-0d14-90cd87f6fa8d, 0, 5, 40960;
GPU_TELEMETRY_UTC=2026-09-26T19:00:16Z 01 ,  344.65198 ,
        159.85965 ,  178.3742  ,  205.21758 ,  220.4237  ,  152.33636 ,
        207.9241  ,   65.544266,   83.53995 ,  903.179   ,  137.5744  ,
         46.732365,   82.72684 ,  291.61444 ,   67.54007 ,   23.322866,
          9.578253,  136.85725 ,   91.156525,  198.00491 ,  195.57776 ,
        205.43753 ,   94.73741 ,  676.05914 ,  198.50572 ,  117.44258 ],
      dtype=float32)}
GPU_TELEMETRY_UTC=2026-09-27T03:05:52Z 0, GPU-69cce928-f6a6-dc9d-0d14-90cd87f6fa8d, 15, 6499, 40960;
GPU_TELEMETRY_UTC=2026-09-27T03:05:57Z 0, GPU-69cce928-f6a6-dc9d-0d14-90cd87f6fa8d, 0, 6499, 40960;
GPU_TELEMETRY_UTC=2026-09-27T03:06:02Z 0, GPU-69cce928-f6a6-dc9d-0d14-90cd87f6fa8d, 0, 6499, 40960;
GPU_TELEMETRY_UTC=2026-09-27T03:06:07Z 0, GPU-69cce928-f6a6-dc9d-0d14-90cd87f6fa8d, 0, 6499, 40960;
self.is_success:  [False  True False False False False  True  True False False  True  True
 False False  True False  True  True False  True False False  True  True
  True False False False False False False False  True False  True  True
 False  True False False  True  True False  True  True False  True False
 False False]
GPU_TELEMETRY_UTC=2026-09-27T03:06:12Z 0, GPU-69cce928-f6a6-dc9d-0d14-90cd87f6fa8d, 0, 6499, 40960;
Success rate:  0.42
{'success': array([False,  True, False, False, False, False,  True,  True, False,
       False,  True,  True, False, False,  True, False,  True,  True,
       False,  True, False, False,  True,  True,  True, False, False,
       False, False, False, False, False,  True, False,  True,  True,
       False,  True, False, False,  True,  True, False,  True,  True,
       False,  True, False, False, False]), 'state_dist': array([ 305.82733 ,   43.239216,  362.20633 ,  149.7759  ,  151.76854 ,
        131.06099 ,  139.65704 ,   92.46523 ,  140.48038 ,   84.9463  ,
        137.92137 ,   62.603428,   73.71883 ,  160.70706 ,   96.30431 ,
         76.59782 ,   70.81469 ,   85.94318 ,   60.477207,   96.280304,
       2216.39    ,   61.53549 ,   63.34208 ,  217.35431 ,  344.65198 ,
        159.85965 ,  178.3742  ,  205.21758 ,  220.4237  ,  152.33636 ,
        207.9241  ,   65.544266,   83.53995 ,  903.179   ,  137.5744  ,
         46.732365,   82.72684 ,  291.61444 ,   67.54007 ,   23.322866,
          9.578253,  136.85725 ,   91.156525,  198.00491 ,  195.57776 ,
        205.43753 ,   94.73741 ,  676.05914 ,  198.50572 ,  117.44258 ],
      dtype=float32)}
GPU_TELEMETRY_UTC=2026-09-27T03:06:17Z 0, GPU-69cce928-f6a6-dc9d-0d14-90cd87f6fa8d, 0, 6499, 40960;
GPU_TELEMETRY_UTC=2026-09-27T03:06:22Z 0, GPU-69cce928-f6a6-dc9d-0d14-90cd87f6fa8d, 0, 6499, 40960;
GPU_TELEMETRY_UTC=2026-09-27T03:06:27Z 0, GPU-69cce928-f6a6-dc9d-0d14-90cd87f6fa8d, 0, 6499, 40960;
GPU_TELEMETRY_UTC=2026-09-27T03:06:32Z 0, GPU-69cce928-f6a6-dc9d-0d14-90cd87f6fa8d, 0, 6499, 40960;
[1;34mwandb[0m: 
[1;34mwandb[0m: You can sync this run to the cloud by running:
[1;34mwandb[0m: [1mwandb sync /scratch/users/ntu/yguo017/experiment/reproduction/lpwm/lpworldmodel-bdd812d/plan_outputs/20260927102710_repro_sparse_pusht_mlp_var_pd384_gH5/wandb/offline-run-20260927_102710-3yvyjdte[0m
[1;34mwandb[0m: Find logs at: [1;35mwandb/offline-run-20260927_102710-3yvyjdte/logs[0m
TORCH_PROCESS_PEAK_ROLE=plan ALLOCATED_BYTES=6015282688 RESERVED_BYTES=6276775936
NATIVE_EVAL_POSTPROCESS_SELFCHECK=PASS planner_records=2 final_eval_records=1
GPU_TELEMETRY_UTC=2026-09-27T03:06:37Z NATIVE_FINAL_EVAL_OUTCOMES=PASS count=50 successes=21 path=/scratch/users/ntu/yguo017/experiment/reproduction/lpwm/formal_runs/25571461.pbs101/sparse/final_eval_outcomes.json
NATIVE_FINAL_EVAL_LOGS=PASS records=11 final_eval_records=1 path=/scratch/users/ntu/yguo017/experiment/reproduction/lpwm/lpworldmodel-bdd812d/plan_outputs/20260927102710_repro_sparse_pusht_mlp_var_pd384_gH5/logs.json
NATIVE_PLAN_TARGET_STATES=PASS count=50 path=/scratch/users/ntu/yguo017/experiment/reproduction/lpwm/formal_runs/25571461.pbs101/sparse/final_eval_target_states.json
NATIVE_PLAN_OUTPUT_DIR=/scratch/users/ntu/yguo017/experiment/reproduction/lpwm/lpworldmodel-bdd812d/plan_outputs/20260927102710_repro_sparse_pusht_mlp_var_pd384_gH5
0, GPU-69cce928-f6a6-dc9d-0d14-90cd87f6fa8d, 0, 1, 40960;
OFFICIAL_NATIVE_PLAN_COMPLETED=1 RUN_NAME=repro_sparse_pusht_mlp_var_pd384 N_EVALS=50
END_UTC=2026-09-27T03:06:38Z
