4 [00:23<00:01,  5.73it/s]
Epoch 2 Valid:  71%|███████   | 24/34 [00:23<00:01,  5.82it/s]
Epoch 2 Valid:  74%|███████▎  | 25/34 [00:24<00:01,  5.88it/s]
Epoch 2 Valid:  76%|███████▋  | 26/34 [00:24<00:01,  5.93it/s]
Epoch 2 Valid:  79%|███████▉  | 27/34 [00:24<00:01,  5.96it/s]
Epoch 2 Valid:  82%|████████▏ | 28/34 [00:24<00:01,  5.99it/s]
Epoch 2 Valid:  85%|████████▌ | 29/34 [00:24<00:00,  6.01it/s]
Epoch 2 Valid:  88%|████████▊ | 30/34 [00:24<00:00,  6.02it/s]
Epoch 2 Valid:  91%|█████████ | 31/34 [00:25<00:00,  6.03it/s]
Epoch 2 Valid:  94%|█████████▍| 32/34 [00:25<00:00,  6.06it/s]
Epoch 2 Valid:  97%|█████████▋| 33/34 [00:25<00:00,  6.10it/s]
Epoch 2 Valid: 100%|██████████| 34/34 [00:25<00:00,  4.94it/s]
Epoch 2 Valid: 100%|██████████| 34/34 [00:25<00:00,  1.33it/s]
[2026-09-27 10:25:06,982][__main__][INFO] - Epoch 2  Training loss: 0.0102                  Validation loss: 0.0115
[2026-09-27 10:25:10,171][__main__][INFO] - Saved model to /scratch/users/ntu/yguo017/experiment/reproduction/lpwm/formal_runs/25571461.pbs101/sparse/checkpoints/outputs/repro_sparse_pusht_mlp_var_pd384
[1;34mwandb[0m: 
[1;34mwandb[0m: You can sync this run to the cloud by running:
[1;34mwandb[0m: [1mwandb sync /scratch/users/ntu/yguo017/experiment/reproduction/lpwm/formal_runs/25571461.pbs101/sparse/checkpoints/outputs/repro_sparse_pusht_mlp_var_pd384/wandb/offline-run-20260927_030047-yjq1xtnq[0m
[1;34mwandb[0m: Find logs at: [1;35mwandb/offline-run-20260927_030047-yjq1xtnq/logs[0m
TORCH_PROCESS_PEAK_ROLE=train ALLOCATED_BYTES=30329685504 RESERVED_BYTES=31251759104
