timestamp, index, name, utilization.gpu [%], memory.used [MiB], memory.total [MiB]
2026/09/23 17:59:47.618, 0, NVIDIA A100-SXM4-40GB, 0 %, 1 MiB, 40960 MiB
2026/09/23 17:59:52.620, 0, NVIDIA A100-SXM4-40GB, 0 %, 1 MiB, 40960 MiB
2026/09/23 17:59:57.621, 0, NVIDIA A100-SXM4-40GB, 0 %, 1 MiB, 40960 MiB
2026/09/23 18:00:02.622, 0, NVIDIA A100-SXM4-40GB, 0 %, 1 MiB, 40960 MiB
2026/09/23 18:00:07.622, 0, NVIDIA A100-SXM4-40GB, 0 %, 1 MiB, 40960 MiB
2026/09/23 18:00:12.623, 0, NVIDIA A100-SXM4-40GB, 0 %, 1 MiB, 40960 MiB
2026/09/23 18:00:17.623, 0, NVIDIA A100-SXM4-40GB, 0 %, 1 MiB, 40960 MiB
2026/09/23 18:00:22.624, 0, NVIDIA A100-SXM4-40GB, 0 %, 1 MiB, 40960 MiB
2026/09/23 18:00:27.625, 0, NVIDIA A100-SXM4-40GB, 0 %, 5 MiB, 40960 MiB
2026/09/23 18:00:32.625, 0, NVIDIA A100-SXM4-40GB, 0 %, 5 MiB, 40960 MiB
2026/09/23 18:00:37.626, 0, NVIDIA A100-SXM4-40GB, 0 %, 5 MiB, 40960 MiB
2026/09/23 18:00:42.627, 0, NVIDIA A100-SXM4-40GB, 0 %, 5 MiB, 40960 MiB
2026/09/23 18:00:47.627, 0, NVIDIA A100-SXM4-40GB, 0 %, 5 MiB, 40960 MiB
2026/09/23 18:00:52.628, 0, NVIDIA A100-SXM4-40GB, 0 %, 5 MiB, 40960 MiB
2026/09/23 18:00:57.629, 0, NVIDIA A100-SXM4-40GB, 0 %, 5 MiB, 40960 MiB
2026/09/23 18:01:02.629, 0, NVIDIA A100-SXM4-40GB, 0 %, 5 MiB, 40960 MiB
2026/09/23 18:01:07.630, 0, NVIDIA A100-SXM4-40GB, 0 %, 5 MiB, 40960 MiB
/scratch/users/ntu/yguo017/lewm-pusht-iteration/stable-worldmodel/stable_worldmodel/envs/__init__.py:215: UserWarning: ale-py not found; ALE/* envs are unavailable. Install with: pip install 'stable-worldmodel[env]' or pip install ale-py.
  from stable_worldmodel.envs import ale  # noqa: F401
2026/09/23 18:01:12.630, 0, NVIDIA A100-SXM4-40GB, 0 %, 5 MiB, 40960 MiB
2026/09/23 18:01:17.631, 0, NVIDIA A100-SXM4-40GB, 0 %, 5 MiB, 40960 MiB
2026/09/23 18:01:22.632, 0, NVIDIA A100-SXM4-40GB, 0 %, 5 MiB, 40960 MiB
2026/09/23 18:01:27.632, 0, NVIDIA A100-SXM4-40GB, 0 %, 5 MiB, 40960 MiB
2026/09/23 18:01:32.633, 0, NVIDIA A100-SXM4-40GB, 0 %, 5 MiB, 40960 MiB
2026/09/23 18:01:37.633, 0, NVIDIA A100-SXM4-40GB, 0 %, 5 MiB, 40960 MiB
2026/09/23 18:01:42.634, 0, NVIDIA A100-SXM4-40GB, 0 %, 5 MiB, 40960 MiB
2026/09/23 18:01:47.635, 0, NVIDIA A100-SXM4-40GB, 0 %, 503 MiB, 40960 MiB
/scratch/users/ntu/yguo017/lewm-pusht-iteration/venv/lib64/python3.11/site-packages/gymnasium/spaces/box.py:415: UserWarning: [33mWARN: Casting input x to numpy array.[0m
  gym.logger.warn("Casting input x to numpy array.")
2026/09/23 18:01:52.635, 0, NVIDIA A100-SXM4-40GB, 0 %, 581 MiB, 40960 MiB
2026/09/23 18:01:57.636, 0, NVIDIA A100-SXM4-40GB, 0 %, 585 MiB, 40960 MiB
2026/09/23 18:02:02.637, 0, NVIDIA A100-SXM4-40GB, 23 %, 615 MiB, 40960 MiB
CEM solve time: 10.3755 seconds
/scratch/users/ntu/yguo017/lewm-pusht-iteration/venv/lib64/python3.11/site-packages/gymnasium/utils/passive_env_checker.py:157: UserWarning: [33mWARN: The obs returned by the `step()` method is not within the observation space.[0m
  logger.warn(f"{pre} is not within the observation space.")
CEM solve time: 0.3697 seconds
CEM solve time: 1.4202 seconds
CEM solve time: 0.9079 seconds
CEM solve time: 0.4916 seconds
CEM solve time: 0.4962 seconds
2026/09/23 18:02:07.637, 0, NVIDIA A100-SXM4-40GB, 53 %, 645 MiB, 40960 MiB
CEM solve time: 0.4957 seconds
CEM solve time: 0.5073 seconds
CEM solve time: 0.4899 seconds
CEM solve time: 0.4939 seconds
CEM solve time: 0.9014 seconds
CEM solve time: 0.9064 seconds
CEM solve time: 0.3702 seconds
CEM solve time: 0.3702 seconds
2026/09/23 18:02:12.638, 0, NVIDIA A100-SXM4-40GB, 37 %, 621 MiB, 40960 MiB
CEM solve time: 0.4913 seconds
CEM solve time: 0.4909 seconds
CEM solve time: 0.3658 seconds
CEM solve time: 0.3656 seconds
CEM solve time: 0.8997 seconds
CEM solve time: 0.8996 seconds
CEM solve time: 0.4933 seconds
2026/09/23 18:02:17.638, 0, NVIDIA A100-SXM4-40GB, 32 %, 647 MiB, 40960 MiB
CEM solve time: 0.4899 seconds
CEM solve time: 0.4914 seconds
CEM solve time: 0.4901 seconds
CEM solve time: 0.8989 seconds
CEM solve time: 0.8991 seconds
CEM solve time: 0.4904 seconds
CEM solve time: 0.4897 seconds
2026/09/23 18:02:22.639, 0, NVIDIA A100-SXM4-40GB, 36 %, 625 MiB, 40960 MiB
CEM solve time: 0.3716 seconds
CEM solve time: 0.3655 seconds
CEM solve time: 0.4915 seconds
CEM solve time: 0.4904 seconds
CEM solve time: 0.4915 seconds
CEM solve time: 0.4916 seconds
CEM solve time: 0.3656 seconds
CEM solve time: 0.3662 seconds
CEM solve time: 0.4982 seconds
2026/09/23 18:02:27.639, 0, NVIDIA A100-SXM4-40GB, 37 %, 653 MiB, 40960 MiB
CEM solve time: 0.4909 seconds
CEM solve time: 0.9031 seconds
CEM solve time: 0.9025 seconds
CEM solve time: 0.4939 seconds
CEM solve time: 0.4918 seconds
CEM solve time: 0.3660 seconds
CEM solve time: 0.3664 seconds
2026/09/23 18:02:32.640, 0, NVIDIA A100-SXM4-40GB, 73 %, 657 MiB, 40960 MiB
CEM solve time: 0.9006 seconds
CEM solve time: 0.9013 seconds
CEM solve time: 0.4916 seconds
CEM solve time: 0.4919 seconds
CEM solve time: 0.4934 seconds
CEM solve time: 0.4915 seconds
CEM solve time: 0.3669 seconds
CEM solve time: 0.3687 seconds
2026/09/23 18:02:37.641, 0, NVIDIA A100-SXM4-40GB, 34 %, 657 MiB, 40960 MiB
CEM solve time: 0.5303 seconds
CEM solve time: 0.4929 seconds
CEM solve time: 0.9685 seconds
CEM solve time: 0.9074 seconds
CEM solve time: 0.4950 seconds
CEM solve time: 0.4928 seconds
CEM solve time: 0.3674 seconds
CEM solve time: 0.3689 seconds
2026/09/23 18:02:42.641, 0, NVIDIA A100-SXM4-40GB, 37 %, 633 MiB, 40960 MiB
CEM solve time: 0.4954 seconds
CEM solve time: 0.4926 seconds
CEM solve time: 0.9107 seconds
CEM solve time: 0.9036 seconds
CEM solve time: 0.3682 seconds
CEM solve time: 0.3687 seconds
CEM solve time: 0.9089 seconds
2026/09/23 18:02:47.642, 0, NVIDIA A100-SXM4-40GB, 73 %, 661 MiB, 40960 MiB
CEM solve time: 0.9050 seconds
CEM solve time: 0.5001 seconds
CEM solve time: 0.4938 seconds
CEM solve time: 0.4998 seconds
CEM solve time: 0.5005 seconds
CEM solve time: 0.9075 seconds
2026/09/23 18:02:52.642, 0, NVIDIA A100-SXM4-40GB, 71 %, 661 MiB, 40960 MiB
CEM solve time: 0.9163 seconds
CEM solve time: 0.5016 seconds
CEM solve time: 0.4954 seconds
CEM solve time: 0.3740 seconds
CEM solve time: 0.3710 seconds
CEM solve time: 0.4971 seconds
CEM solve time: 0.4985 seconds
CEM solve time: 0.9074 seconds
2026/09/23 18:02:57.643, 0, NVIDIA A100-SXM4-40GB, 73 %, 665 MiB, 40960 MiB
CEM solve time: 0.9069 seconds
CEM solve time: 0.4968 seconds
CEM solve time: 0.4975 seconds
CEM solve time: 0.3723 seconds
CEM solve time: 0.3748 seconds
CEM solve time: 0.4967 seconds
CEM solve time: 0.4960 seconds
CEM solve time: 0.4987 seconds
2026/09/23 18:03:02.644, 0, NVIDIA A100-SXM4-40GB, 37 %, 665 MiB, 40960 MiB
CEM solve time: 0.4981 seconds
CEM solve time: 0.9070 seconds
CEM solve time: 0.9329 seconds
CEM solve time: 0.3747 seconds
CEM solve time: 0.3784 seconds
CEM solve time: 0.4990 seconds
CEM solve time: 0.4993 seconds
CEM solve time: 0.4975 seconds
2026/09/23 18:03:07.644, 0, NVIDIA A100-SXM4-40GB, 37 %, 669 MiB, 40960 MiB
CEM solve time: 0.4979 seconds
CEM solve time: 0.4999 seconds
CEM solve time: 0.4990 seconds
CEM solve time: 0.9102 seconds
CEM solve time: 0.9575 seconds
CEM solve time: 0.3716 seconds
CEM solve time: 0.3790 seconds
2026/09/23 18:03:12.645, 0, NVIDIA A100-SXM4-40GB, 20 %, 643 MiB, 40960 MiB
CEM solve time: 0.3729 seconds
CEM solve time: 0.3731 seconds
CEM solve time: 0.4985 seconds
CEM solve time: 0.4916 seconds
CEM solve time: 0.9121 seconds
CEM solve time: 0.9109 seconds
CEM solve time: 0.4988 seconds
2026/09/23 18:03:17.646, 0, NVIDIA A100-SXM4-40GB, 53 %, 671 MiB, 40960 MiB
CEM solve time: 0.4969 seconds
CEM solve time: 0.9104 seconds
CEM solve time: 0.9090 seconds
CEM solve time: 0.4937 seconds
CEM solve time: 0.4976 seconds
CEM solve time: 0.3730 seconds
CEM solve time: 0.3735 seconds
2026/09/23 18:03:22.647, 0, NVIDIA A100-SXM4-40GB, 53 %, 645 MiB, 40960 MiB
CEM solve time: 0.4963 seconds
CEM solve time: 0.4941 seconds
CEM solve time: 0.3708 seconds
CEM solve time: 0.3700 seconds
CEM solve time: 0.9003 seconds
CEM solve time: 0.9045 seconds
CEM solve time: 0.4982 seconds
CEM solve time: 0.4965 seconds
2026/09/23 18:03:27.647, 0, NVIDIA A100-SXM4-40GB, 53 %, 645 MiB, 40960 MiB
CEM solve time: 0.4963 seconds
CEM solve time: 0.4958 seconds
CEM solve time: 0.8996 seconds
CEM solve time: 0.8991 seconds
CEM solve time: 0.3653 seconds
CEM solve time: 0.3666 seconds
CEM solve time: 0.4906 seconds
2026/09/23 18:03:32.648, 0, NVIDIA A100-SXM4-40GB, 26 %, 649 MiB, 40960 MiB
CEM solve time: 0.4897 seconds
CEM solve time: 0.5104 seconds
CEM solve time: 0.4963 seconds
CEM solve time: 0.4963 seconds
CEM solve time: 0.4952 seconds
CEM solve time: 0.4966 seconds
CEM solve time: 0.4977 seconds
CEM solve time: 0.3665 seconds
CEM solve time: 0.3717 seconds
2026/09/23 18:03:37.649, 0, NVIDIA A100-SXM4-40GB, 21 %, 623 MiB, 40960 MiB
CEM solve time: 0.9084 seconds
CEM solve time: 0.9262 seconds
CEM solve time: 0.4973 seconds
CEM solve time: 0.4964 seconds
CEM solve time: 0.4988 seconds
CEM solve time: 0.4963 seconds
2026/09/23 18:03:42.649, 0, NVIDIA A100-SXM4-40GB, 37 %, 653 MiB, 40960 MiB
CEM solve time: 0.9103 seconds
CEM solve time: 0.9079 seconds
CEM solve time: 0.3721 seconds
CEM solve time: 0.3724 seconds
CEM solve time: 0.4980 seconds
CEM solve time: 0.4981 seconds
2026/09/23 18:03:47.650, 0, NVIDIA A100-SXM4-40GB, 0 %, 653 MiB, 40960 MiB
CEM solve time: 0.9093 seconds
CEM solve time: 0.9077 seconds
CEM solve time: 0.3685 seconds
CEM solve time: 0.3704 seconds
CEM solve time: 0.4974 seconds
CEM solve time: 0.4995 seconds
CEM solve time: 0.5002 seconds
2026/09/23 18:03:52.650, 0, NVIDIA A100-SXM4-40GB, 28 %, 655 MiB, 40960 MiB
CEM solve time: 0.4982 seconds
CEM solve time: 0.9090 seconds
CEM solve time: 0.9102 seconds
CEM solve time: 0.3739 seconds
CEM solve time: 0.3791 seconds
CEM solve time: 0.4977 seconds
CEM solve time: 0.4992 seconds
2026/09/23 18:03:57.651, 0, NVIDIA A100-SXM4-40GB, 37 %, 657 MiB, 40960 MiB
CEM solve time: 0.4997 seconds
CEM solve time: 0.4957 seconds
CEM solve time: 0.3714 seconds
CEM solve time: 0.3719 seconds
CEM solve time: 0.4977 seconds
CEM solve time: 0.4987 seconds
CEM solve time: 0.9250 seconds
CEM solve time: 0.9094 seconds
2026/09/23 18:04:02.651, 0, NVIDIA A100-SXM4-40GB, 71 %, 661 MiB, 40960 MiB
CEM solve time: 0.9105 seconds
CEM solve time: 0.9108 seconds
CEM solve time: 0.4984 seconds
CEM solve time: 0.5067 seconds
CEM solve time: 0.5003 seconds
CEM solve time: 0.4986 seconds
CEM solve time: 0.3674 seconds
2026/09/23 18:04:07.652, 0, NVIDIA A100-SXM4-40GB, 29 %, 633 MiB, 40960 MiB
CEM solve time: 0.3728 seconds
CEM solve time: 0.3726 seconds
CEM solve time: 0.3728 seconds
CEM solve time: 0.8655 seconds
CEM solve time: 0.4990 seconds
CEM solve time: 0.9114 seconds
CEM solve time: 0.9093 seconds
2026/09/23 18:04:12.653, 0, NVIDIA A100-SXM4-40GB, 72 %, 663 MiB, 40960 MiB
CEM solve time: 0.4974 seconds
CEM solve time: 0.4969 seconds
CEM solve time: 0.3731 seconds
CEM solve time: 0.3727 seconds
CEM solve time: 0.9104 seconds
CEM solve time: 0.9602 seconds
CEM solve time: 0.4988 seconds
2026/09/23 18:04:17.653, 0, NVIDIA A100-SXM4-40GB, 39 %, 663 MiB, 40960 MiB
CEM solve time: 0.5101 seconds
CEM solve time: 0.5010 seconds
CEM solve time: 0.5302 seconds
CEM solve time: 0.9101 seconds
CEM solve time: 0.9076 seconds
CEM solve time: 0.4994 seconds
CEM solve time: 0.5094 seconds
2026/09/23 18:04:22.654, 0, NVIDIA A100-SXM4-40GB, 37 %, 641 MiB, 40960 MiB
CEM solve time: 0.4977 seconds
CEM solve time: 0.5199 seconds
CEM solve time: 0.3717 seconds
CEM solve time: 0.3719 seconds
CEM solve time: 0.9118 seconds
CEM solve time: 0.9131 seconds
CEM solve time: 0.4978 seconds
2026/09/23 18:04:27.654, 0, NVIDIA A100-SXM4-40GB, 36 %, 669 MiB, 40960 MiB
CEM solve time: 0.4989 seconds
CEM solve time: 0.3850 seconds
CEM solve time: 0.3736 seconds
CEM solve time: 0.4988 seconds
CEM solve time: 0.4986 seconds
CEM solve time: 0.4985 seconds
CEM solve time: 0.4985 seconds
CEM solve time: 0.3734 seconds
CEM solve time: 0.3729 seconds
2026/09/23 18:04:32.655, 0, NVIDIA A100-SXM4-40GB, 72 %, 671 MiB, 40960 MiB
CEM solve time: 0.9094 seconds
CEM solve time: 0.9094 seconds
CEM solve time: 0.5900 seconds
CEM solve time: 0.4993 seconds
CEM solve time: 0.5026 seconds
CEM solve time: 0.4992 seconds
CEM solve time: 0.3681 seconds
2026/09/23 18:04:37.655, 0, NVIDIA A100-SXM4-40GB, 37 %, 645 MiB, 40960 MiB
CEM solve time: 0.3699 seconds
CEM solve time: 0.9053 seconds
CEM solve time: 0.9052 seconds
CEM solve time: 0.5009 seconds
CEM solve time: 0.4993 seconds
CEM solve time: 0.4980 seconds
CEM solve time: 0.4996 seconds
2026/09/23 18:04:42.656, 0, NVIDIA A100-SXM4-40GB, 23 %, 647 MiB, 40960 MiB
CEM solve time: 0.4997 seconds
CEM solve time: 0.4988 seconds
CEM solve time: 0.3696 seconds
CEM solve time: 0.3718 seconds
CEM solve time: 0.9049 seconds
CEM solve time: 0.9111 seconds
CEM solve time: 0.5025 seconds
CEM solve time: 0.5158 seconds
2026/09/23 18:04:47.657, 0, NVIDIA A100-SXM4-40GB, 50 %, 675 MiB, 40960 MiB
CEM solve time: 0.5188 seconds
CEM solve time: 0.4949 seconds
CEM solve time: 0.9101 seconds
CEM solve time: 0.9347 seconds
CEM solve time: 0.3702 seconds
CEM solve time: 0.3692 seconds
CEM solve time: 0.5195 seconds
2026/09/23 18:04:52.657, 0, NVIDIA A100-SXM4-40GB, 53 %, 677 MiB, 40960 MiB
CEM solve time: 0.5082 seconds
CEM solve time: 0.3714 seconds
CEM solve time: 0.3712 seconds
CEM solve time: 0.5027 seconds
CEM solve time: 0.5073 seconds
CEM solve time: 0.9558 seconds
CEM solve time: 0.9665 seconds
2026/09/23 18:04:57.658, 0, NVIDIA A100-SXM4-40GB, 72 %, 653 MiB, 40960 MiB
CEM solve time: 0.4992 seconds
CEM solve time: 0.4979 seconds
CEM solve time: 0.9088 seconds
CEM solve time: 0.9067 seconds
CEM solve time: 0.3752 seconds
CEM solve time: 0.3722 seconds
CEM solve time: 0.4956 seconds
CEM solve time: 0.4955 seconds
2026/09/23 18:05:02.658, 0, NVIDIA A100-SXM4-40GB, 44 %, 681 MiB, 40960 MiB
CEM solve time: 0.9059 seconds
CEM solve time: 0.9079 seconds
CEM solve time: 0.4958 seconds
CEM solve time: 0.4946 seconds
CEM solve time: 0.3693 seconds
CEM solve time: 0.3690 seconds
CEM solve time: 0.4930 seconds
2026/09/23 18:05:07.659, 0, NVIDIA A100-SXM4-40GB, 72 %, 685 MiB, 40960 MiB
CEM solve time: 0.4952 seconds
CEM solve time: 0.9142 seconds
CEM solve time: 0.9049 seconds
CEM solve time: 0.5097 seconds
CEM solve time: 0.4934 seconds
CEM solve time: 0.3713 seconds
CEM solve time: 0.3706 seconds
2026/09/23 18:05:12.660, 0, NVIDIA A100-SXM4-40GB, 37 %, 685 MiB, 40960 MiB
CEM solve time: 0.4946 seconds
CEM solve time: 0.4939 seconds
CEM solve time: 0.5014 seconds
CEM solve time: 0.5011 seconds
CEM solve time: 0.5002 seconds
CEM solve time: 0.4977 seconds
CEM solve time: 0.3784 seconds
CEM solve time: 0.3759 seconds
2026/09/23 18:05:17.660, 0, NVIDIA A100-SXM4-40GB, 75 %, 689 MiB, 40960 MiB
CEM solve time: 0.9081 seconds
CEM solve time: 0.9085 seconds
CEM solve time: 0.3745 seconds
CEM solve time: 0.3733 seconds
CEM solve time: 0.4965 seconds
CEM solve time: 0.4957 seconds
CEM solve time: 0.5000 seconds
CEM solve time: 0.4989 seconds
2026/09/23 18:05:22.661, 0, NVIDIA A100-SXM4-40GB, 75 %, 689 MiB, 40960 MiB
CEM solve time: 0.9074 seconds
CEM solve time: 0.9073 seconds
CEM solve time: 0.9102 seconds
CEM solve time: 0.9080 seconds
CEM solve time: 0.4988 seconds
CEM solve time: 0.4967 seconds
2026/09/23 18:05:27.661, 0, NVIDIA A100-SXM4-40GB, 29 %, 665 MiB, 40960 MiB
CEM solve time: 0.3726 seconds
CEM solve time: 0.3729 seconds
CEM solve time: 0.4975 seconds
CEM solve time: 0.4982 seconds
CEM solve time: 0.4996 seconds
CEM solve time: 0.4992 seconds
CEM solve time: 0.4968 seconds
CEM solve time: 0.4956 seconds
CEM solve time: 0.3732 seconds
2026/09/23 18:05:32.662, 0, NVIDIA A100-SXM4-40GB, 25 %, 665 MiB, 40960 MiB
CEM solve time: 0.3735 seconds
CEM solve time: 0.9102 seconds
CEM solve time: 0.9102 seconds
CEM solve time: 0.4981 seconds
CEM solve time: 0.4994 seconds
CEM solve time: 0.3728 seconds
CEM solve time: 0.3718 seconds
2026/09/23 18:05:37.663, 0, NVIDIA A100-SXM4-40GB, 74 %, 695 MiB, 40960 MiB
CEM solve time: 0.9087 seconds
CEM solve time: 0.9064 seconds
CEM solve time: 0.9067 seconds
CEM solve time: 0.4984 seconds
CEM solve time: 0.4983 seconds
CEM solve time: 0.4967 seconds
CEM solve time: 0.4946 seconds
2026/09/23 18:05:42.663, 0, NVIDIA A100-SXM4-40GB, 24 %, 697 MiB, 40960 MiB
CEM solve time: 0.4918 seconds
CEM solve time: 0.3746 seconds
CEM solve time: 0.3701 seconds
CEM solve time: 0.9032 seconds
CEM solve time: 0.9039 seconds
CEM solve time: 0.9042 seconds
2026/09/23 18:05:47.664, 0, NVIDIA A100-SXM4-40GB, 75 %, 697 MiB, 40960 MiB
CEM solve time: 0.9038 seconds
CEM solve time: 0.3830 seconds
CEM solve time: 0.3680 seconds
CEM solve time: 0.4944 seconds
CEM solve time: 0.4924 seconds
CEM solve time: 0.4931 seconds
CEM solve time: 0.4943 seconds
CEM solve time: 0.4962 seconds
CEM solve time: 0.4948 seconds
2026/09/23 18:05:52.664, 0, NVIDIA A100-SXM4-40GB, 53 %, 701 MiB, 40960 MiB
CEM solve time: 0.9143 seconds
CEM solve time: 0.9021 seconds
CEM solve time: 0.4965 seconds
CEM solve time: 0.4949 seconds
CEM solve time: 0.3688 seconds
CEM solve time: 0.3712 seconds
CEM solve time: 0.4960 seconds
2026/09/23 18:05:57.665, 0, NVIDIA A100-SXM4-40GB, 22 %, 701 MiB, 40960 MiB
CEM solve time: 0.4967 seconds
CEM solve time: 0.3701 seconds
CEM solve time: 0.3687 seconds
CEM solve time: 0.9067 seconds
CEM solve time: 0.9040 seconds
CEM solve time: 0.4979 seconds
CEM solve time: 0.4949 seconds
2026/09/23 18:06:02.666, 0, NVIDIA A100-SXM4-40GB, 72 %, 703 MiB, 40960 MiB
CEM solve time: 0.9465 seconds
CEM solve time: 0.9107 seconds
CEM solve time: 0.5250 seconds
CEM solve time: 0.5267 seconds
CEM solve time: 0.3717 seconds
CEM solve time: 0.3701 seconds
CEM solve time: 0.5148 seconds
CEM solve time: 0.5198 seconds
2026/09/23 18:06:07.666, 0, NVIDIA A100-SXM4-40GB, 33 %, 679 MiB, 40960 MiB
CEM solve time: 0.3731 seconds
CEM solve time: 0.3696 seconds
CEM solve time: 0.4965 seconds
CEM solve time: 0.4929 seconds
CEM solve time: 0.9118 seconds
CEM solve time: 0.9040 seconds
CEM solve time: 0.4942 seconds
2026/09/23 18:06:12.667, 0, NVIDIA A100-SXM4-40GB, 37 %, 709 MiB, 40960 MiB
CEM solve time: 0.4937 seconds
CEM solve time: 0.3718 seconds
CEM solve time: 0.3715 seconds
CEM solve time: 0.4940 seconds
CEM solve time: 0.4971 seconds
CEM solve time: 0.9498 seconds
CEM solve time: 0.9403 seconds
CEM solve time: 0.5012 seconds
2026/09/23 18:06:17.667, 0, NVIDIA A100-SXM4-40GB, 50 %, 709 MiB, 40960 MiB
CEM solve time: 0.4948 seconds
CEM solve time: 0.3694 seconds
CEM solve time: 0.3690 seconds
CEM solve time: 0.5005 seconds
CEM solve time: 0.4945 seconds
CEM solve time: 0.9054 seconds
CEM solve time: 0.9025 seconds
2026/09/23 18:06:22.668, 0, NVIDIA A100-SXM4-40GB, 38 %, 713 MiB, 40960 MiB
CEM solve time: 0.4940 seconds
CEM solve time: 0.4916 seconds
CEM solve time: 0.4952 seconds
CEM solve time: 0.4950 seconds
CEM solve time: 0.4981 seconds
CEM solve time: 0.4969 seconds
CEM solve time: 0.9158 seconds
2026/09/23 18:06:27.669, 0, NVIDIA A100-SXM4-40GB, 71 %, 711 MiB, 40960 MiB
CEM solve time: 0.9350 seconds
CEM solve time: 0.3687 seconds
CEM solve time: 0.3694 seconds
CEM solve time: 0.4946 seconds
CEM solve time: 0.4939 seconds
CEM solve time: 0.4940 seconds
CEM solve time: 0.4930 seconds
CEM solve time: 0.3708 seconds
CEM solve time: 0.3688 seconds
2026/09/23 18:06:32.669, 0, NVIDIA A100-SXM4-40GB, 30 %, 717 MiB, 40960 MiB
CEM solve time: 0.9095 seconds
CEM solve time: 0.9030 seconds
{"stage": "stage2", "overall": "FAIL", "summary": "/scratch/users/ntu/yguo017/dino-wm-wall/meeting-ready/02-horizon-weighted-recurrent-student/lewm-transfer/official-pusht-cem/artifacts/25491774.pbs101/stage2_summary.json"}
2026/09/23 18:06:37.670, 0, NVIDIA A100-SXM4-40GB, 0 %, 685 MiB, 40960 MiB
2026/09/23 18:06:42.671, 0, NVIDIA A100-SXM4-40GB, 0 %, 685 MiB, 40960 MiB
2026/09/23 18:06:47.671, 0, NVIDIA A100-SXM4-40GB, 0 %, 685 MiB, 40960 MiB
