Wed Sep  9 20:40:32 +08 2026
x1000c2s2b0n1
source/config identities and prior-verified checkpoint metadata match
allocated GPU: NVIDIA A100-SXM4-40GB 42406903808 aee059ab-99f9-2226-1287-943daad2c582
OTC batch: collect task=0 episode=0
[robosuite WARNING] No private macro file found! (macros.py:53)
2026-09-09 20:42:14,169 WARNING No private macro file found!
[robosuite WARNING] It is recommended to use a private macro file (macros.py:54)
2026-09-09 20:42:14,169 WARNING It is recommended to use a private macro file
[robosuite WARNING] To setup, run: python /scratch/users/ntu/yguo017/fastwam-smoke/venv/lib/python3.11/site-packages/robosuite/scripts/setup_macros.py (macros.py:55)
2026-09-09 20:42:14,170 WARNING To setup, run: python /scratch/users/ntu/yguo017/fastwam-smoke/venv/lib/python3.11/site-packages/robosuite/scripts/setup_macros.py
2026-09-09 20:42:17,012 INFO No OpenGL_accelerate module loaded: No module named 'OpenGL_accelerate'
Gym has been unmaintained since 2022 and does not support NumPy 2.0 amongst other critical functionality.
Please upgrade to Gymnasium, the maintained drop-in replacement of Gym, or contact the authors of your software and request that they upgrade.
See the migration guide at https://gymnasium.farama.org/introduction/migration_guide/ for additional information.
OTC runtime: constructing model
2026-09-09 20:43:53,649 INFO Loading Wan2.2-TI2V-5B components...
2026-09-09 20:43:53,652 INFO Skipping pretrained video DiT load (`skip_dit_load_from_pretrain=True`); initializing video expert randomly and expecting checkpoint override.
2026-09-09 20:47:42,161 INFO Finished loading Wan2.2-TI2V-5B components in 228.51 seconds.
2026-09-09 20:47:42,162 INFO Skipping ActionDiT pretrained load (`skip_dit_load_from_pretrain=True`); initializing action expert randomly and expecting checkpoint override.
2026-09-09 20:47:46,379 INFO Initialized MoT with experts: ['video', 'action'], num_layers=30
2026-09-09 20:47:46,404 INFO   Expert 'video': num_params=5.00 B
2026-09-09 20:47:46,407 INFO   Expert 'action': num_params=1.02 B
OTC runtime: loading pinned checkpoint
OTC runtime: checkpoint loaded
[info] using task orders [0, 1, 2, 3, 4, 5, 6, 7, 8, 9]
[Warning]: datasets path /scratch/users/ntu/yguo017/fastwam-smoke/libero/datasets does not exist!
[info] using task orders [0, 1, 2, 3, 4, 5, 6, 7, 8, 9]
[Warning]: datasets path /scratch/users/ntu/yguo017/fastwam-smoke/libero/datasets does not exist!
{"mode": "collect", "status": "ok", "selected": 4, "replans": 12}
OTC batch: collect task=0 episode=1
[info] using task orders [0, 1, 2, 3, 4, 5, 6, 7, 8, 9]
[Warning]: datasets path /scratch/users/ntu/yguo017/fastwam-smoke/libero/datasets does not exist!
{"mode": "collect", "status": "ok", "selected": 4, "replans": 12}
OTC batch: collect task=0 episode=2
[info] using task orders [0, 1, 2, 3, 4, 5, 6, 7, 8, 9]
[Warning]: datasets path /scratch/users/ntu/yguo017/fastwam-smoke/libero/datasets does not exist!
{"mode": "collect", "status": "ok", "selected": 4, "replans": 12}
OTC batch: collect task=0 episode=3
[info] using task orders [0, 1, 2, 3, 4, 5, 6, 7, 8, 9]
[Warning]: datasets path /scratch/users/ntu/yguo017/fastwam-smoke/libero/datasets does not exist!
{"mode": "collect", "status": "ok", "selected": 4, "replans": 13}
Wed Sep  9 20:51:16 +08 2026
