NVIDIA A100-SXM4-40GB, 40960 MiB
timestamp, index, name, utilization.gpu [%], memory.used [MiB], memory.total [MiB]
2026/09/20 21:25:22.586, 0, NVIDIA A100-SXM4-40GB, 0 %, 1 MiB, 40960 MiB
Gym has been unmaintained since 2022 and does not support NumPy 2.0 amongst other critical functionality.
Please upgrade to Gymnasium, the maintained drop-in replacement of Gym, or contact the authors of your software and request that they upgrade.
See the migration guide at https://gymnasium.farama.org/introduction/migration_guide/ for additional information.
/var/tmp/pbs.24560503.pbs101/dino-pusht-student-cem-trace-24560503.pbs101/runtime/venv/lib/python3.11/site-packages/wandb/util.py:118: SentryHubDeprecationWarning: `sentry_sdk.Hub` is deprecated and will be removed in a future major release. Please consult our 1.x to 2.x migration guide for details on how to migrate `Hub` usage to the new API: https://docs.sentry.io/platforms/python/migration/1.x-to-2.x
  sentry_hub = sentry_sdk.Hub(sentry_client)
/var/tmp/pbs.24560503.pbs101/dino-pusht-student-cem-trace-24560503.pbs101/runtime/venv/lib/python3.11/site-packages/wandb/sdk/internal/internal_api.py:30: DeprecationWarning: pkg_resources is deprecated as an API. See https://setuptools.pypa.io/en/latest/pkg_resources.html
  from pkg_resources import parse_version
/var/tmp/pbs.24560503.pbs101/dino-pusht-student-cem-trace-24560503.pbs101/runtime/venv/lib/python3.11/site-packages/pkg_resources/__init__.py:2825: DeprecationWarning: Deprecated call to `pkg_resources.declare_namespace('mpl_toolkits')`.
Implementing implicit namespace packages (as specified in PEP 420) is preferred to `pkg_resources.declare_namespace`. See https://setuptools.pypa.io/en/latest/references/keywords.html#keyword-namespace-packages
  declare_namespace(pkg)
/var/tmp/pbs.24560503.pbs101/dino-pusht-student-cem-trace-24560503.pbs101/runtime/venv/lib/python3.11/site-packages/pkg_resources/__init__.py:2825: DeprecationWarning: Deprecated call to `pkg_resources.declare_namespace('google')`.
Implementing implicit namespace packages (as specified in PEP 420) is preferred to `pkg_resources.declare_namespace`. See https://setuptools.pypa.io/en/latest/references/keywords.html#keyword-namespace-packages
  declare_namespace(pkg)
/scratch/users/ntu/yguo017/dino-wm-wall/source/custom_resolvers.py:4: UserWarning: 
The version_base parameter is not specified.
Please specify a compatability version level, or None.
Will assume defaults for version 1.1
  @hydra.main(config_path=None)
Loaded 18685 rollouts
Loaded 21 rollouts
Resuming from epoch 2: /scratch/users/ntu/yguo017/dino-wm-wall/checkpoints/outputs/pusht/checkpoints/model_latest.pth
Using cache found in /var/tmp/pbs.24560503.pbs101/dino-pusht-student-cem-trace-24560503.pbs101/runtime/torch/hub/facebookresearch_dinov2_7764ea0f912e53c92e82eb78a2a1631e92725fc8
num_action_repeat: 1
num_proprio_repeat: 1
proprio encoder: ProprioceptiveEmbedding(
  (patch_embed): Conv1d(4, 10, kernel_size=(1,), stride=(1,))
)
action encoder: ProprioceptiveEmbedding(
  (patch_embed): Conv1d(10, 10, kernel_size=(1,), stride=(1,))
)
proprio_dim: 10, after repeat: 10
action_dim: 10, after repeat: 10
emb_dim: 404
Model emb_dim:  404
2026/09/20 21:25:52.589, 0, NVIDIA A100-SXM4-40GB, 100 %, 23655 MiB, 40960 MiB
2026/09/20 21:26:22.591, 0, NVIDIA A100-SXM4-40GB, 100 %, 23655 MiB, 40960 MiB
2026/09/20 21:26:52.594, 0, NVIDIA A100-SXM4-40GB, 100 %, 23655 MiB, 40960 MiB
2026/09/20 21:27:22.597, 0, NVIDIA A100-SXM4-40GB, 100 %, 23655 MiB, 40960 MiB
{"case_index": 0, "eval_seed": 1, "completed": true}
2026/09/20 21:27:52.599, 0, NVIDIA A100-SXM4-40GB, 100 %, 23655 MiB, 40960 MiB
2026/09/20 21:28:22.602, 0, NVIDIA A100-SXM4-40GB, 100 %, 23655 MiB, 40960 MiB
2026/09/20 21:28:52.605, 0, NVIDIA A100-SXM4-40GB, 100 %, 23655 MiB, 40960 MiB
2026/09/20 21:29:22.607, 0, NVIDIA A100-SXM4-40GB, 100 %, 23655 MiB, 40960 MiB
{"case_index": 1, "eval_seed": 100, "completed": true}
2026/09/20 21:29:52.610, 0, NVIDIA A100-SXM4-40GB, 100 %, 23655 MiB, 40960 MiB
2026/09/20 21:30:22.612, 0, NVIDIA A100-SXM4-40GB, 100 %, 23655 MiB, 40960 MiB
2026/09/20 21:30:52.615, 0, NVIDIA A100-SXM4-40GB, 100 %, 23655 MiB, 40960 MiB
2026/09/20 21:31:22.617, 0, NVIDIA A100-SXM4-40GB, 100 %, 23655 MiB, 40960 MiB
{"case_index": 2, "eval_seed": 199, "completed": true}
2026/09/20 21:31:52.620, 0, NVIDIA A100-SXM4-40GB, 100 %, 23655 MiB, 40960 MiB
2026/09/20 21:32:22.622, 0, NVIDIA A100-SXM4-40GB, 100 %, 23655 MiB, 40960 MiB
2026/09/20 21:32:52.625, 0, NVIDIA A100-SXM4-40GB, 100 %, 23655 MiB, 40960 MiB
2026/09/20 21:33:22.627, 0, NVIDIA A100-SXM4-40GB, 100 %, 23655 MiB, 40960 MiB
{"case_index": 4, "eval_seed": 397, "completed": true}
2026/09/20 21:33:52.630, 0, NVIDIA A100-SXM4-40GB, 100 %, 23655 MiB, 40960 MiB
2026/09/20 21:34:22.632, 0, NVIDIA A100-SXM4-40GB, 100 %, 23655 MiB, 40960 MiB
2026/09/20 21:34:52.635, 0, NVIDIA A100-SXM4-40GB, 100 %, 23655 MiB, 40960 MiB
{"case_index": 5, "eval_seed": 496, "completed": true}
2026/09/20 21:35:22.637, 0, NVIDIA A100-SXM4-40GB, 100 %, 23655 MiB, 40960 MiB
2026/09/20 21:35:52.640, 0, NVIDIA A100-SXM4-40GB, 100 %, 23655 MiB, 40960 MiB
2026/09/20 21:36:22.642, 0, NVIDIA A100-SXM4-40GB, 100 %, 23655 MiB, 40960 MiB
2026/09/20 21:36:52.645, 0, NVIDIA A100-SXM4-40GB, 100 %, 23655 MiB, 40960 MiB
{"case_index": 7, "eval_seed": 694, "completed": true}
{
  "output": "/scratch/users/ntu/yguo017/dino-wm-wall/artifacts/dino-pusht-student-cem-trace-24560503.pbs101",
  "decisions": {
    "direct_initial_pool_scoring_mismatch": "SUPPORTED",
    "iterative_cem_amplification": "SUPPORTED",
    "student_distribution_shadow_misranking_at_iter30": "SUPPORTED",
    "spatial_mean_pooling_causal_attribution": "UNTESTED",
    "closed_loop_ood_causal_attribution": "UNTESTED"
  }
}
