Tue Sep  8 15:34:18 2026       
+-----------------------------------------------------------------------------------------+
| NVIDIA-SMI 570.124.06             Driver Version: 570.124.06     CUDA Version: 12.8     |
|-----------------------------------------+------------------------+----------------------+
| GPU  Name                 Persistence-M | Bus-Id          Disp.A | Volatile Uncorr. ECC |
| Fan  Temp   Perf          Pwr:Usage/Cap |           Memory-Usage | GPU-Util  Compute M. |
|                                         |                        |               MIG M. |
|=========================================+========================+======================|
|   0  NVIDIA A100-SXM4-40GB          On  |   00000000:81:00.0 Off |                    0 |
| N/A   44C    P0             55W /  400W |       1MiB /  40960MiB |      0%      Default |
|                                         |                        |             Disabled |
+-----------------------------------------+------------------------+----------------------+
                                                                                         
+-----------------------------------------------------------------------------------------+
| Processes:                                                                              |
|  GPU   GI   CI              PID   Type   Process name                        GPU Memory |
|        ID   ID                                                               Usage      |
|=========================================================================================|
|  No running processes found                                                             |
+-----------------------------------------------------------------------------------------+
CUDA extension not installed.
Evaluating ...
0
1
2
3
4
5
6
7
8
9
10
11
27.65471649169922
RESULT {"model": "opt-125m", "method": "fp16", "ppl": 27.65471649169922, "quant_seconds": null, "eval_seconds_including_rtn_if_applicable": 13.93709438398946, "total_seconds": 26.285503884981154, "peak_allocated_gib": 1.2970280647277832, "peak_reserved_gib": 1.3203125, "gpu": "NVIDIA A100-SXM4-40GB", "torch": "2.1.2+cu118", "model_revision": "27dcfa74d334bc871f3234de431e71c6eeba5dd6", "upstream_commit": "2d65066eeb06a5c9ff5184d8cebdf33662c67faf", "evaluated_tokens": 286720, "seed": 0, "calibration_samples": 128, "group_size": -1, "act_order": false}
CUDA extension not installed.
Evaluating ...
0
1
2
3
4
5
6
7
8
9
10
11
37.278438568115234
RESULT {"model": "opt-125m", "method": "rtn4", "ppl": 37.278438568115234, "quant_seconds": null, "eval_seconds_including_rtn_if_applicable": 5.54182407000917, "total_seconds": 6.600809910014505, "peak_allocated_gib": 1.3030695915222168, "peak_reserved_gib": 1.3203125, "gpu": "NVIDIA A100-SXM4-40GB", "torch": "2.1.2+cu118", "model_revision": "27dcfa74d334bc871f3234de431e71c6eeba5dd6", "upstream_commit": "2d65066eeb06a5c9ff5184d8cebdf33662c67faf", "evaluated_tokens": 286720, "seed": 0, "calibration_samples": 128, "group_size": -1, "act_order": false}
CUDA extension not installed.
Starting ...
Ready.
0 self_attn.k_proj
Quantizing ...
time 3.42
error 12432.7080078125
0 self_attn.v_proj
Quantizing ...
time 0.19
error 210.19894409179688
0 self_attn.q_proj
Quantizing ...
time 0.20
error 9493.8076171875
0 self_attn.out_proj
Quantizing ...
time 0.19
error 5.266777038574219
0 fc1
Quantizing ...
time 0.32
error 657.878173828125
0 fc2
Quantizing ...
time 0.76
error 38.02374267578125
1 self_attn.k_proj
Quantizing ...
time 0.20
error 7435.90673828125
1 self_attn.v_proj
Quantizing ...
time 0.20
error 210.86563110351562
1 self_attn.q_proj
Quantizing ...
time 0.18
error 5534.1015625
1 self_attn.out_proj
Quantizing ...
time 0.19
error 5.199835300445557
1 fc1
Quantizing ...
time 0.19
error 2620.560546875
1 fc2
Quantizing ...
time 0.76
error 32.219913482666016
2 self_attn.k_proj
Quantizing ...
time 0.19
error 16983.5078125
2 self_attn.v_proj
Quantizing ...
time 0.18
error 656.034423828125
2 self_attn.q_proj
Quantizing ...
time 0.19
error 13548.36328125
2 self_attn.out_proj
Quantizing ...
time 0.19
error 5.48815393447876
2 fc1
Quantizing ...
time 0.19
error 2599.54248046875
2 fc2
Quantizing ...
time 0.76
error 30.572772979736328
3 self_attn.k_proj
Quantizing ...
time 0.20
error 11153.302734375
3 self_attn.v_proj
Quantizing ...
time 0.18
error 926.288330078125
3 self_attn.q_proj
Quantizing ...
time 0.19
error 10645.9287109375
3 self_attn.out_proj
Quantizing ...
time 0.19
error 6.111075401306152
3 fc1
Quantizing ...
time 0.19
error 1784.899658203125
3 fc2
Quantizing ...
time 0.77
error 22.59659194946289
4 self_attn.k_proj
Quantizing ...
time 0.19
error 14532.5693359375
4 self_attn.v_proj
Quantizing ...
time 0.19
error 1097.480224609375
4 self_attn.q_proj
Quantizing ...
time 0.19
error 13807.478515625
4 self_attn.out_proj
Quantizing ...
time 0.20
error 7.543057918548584
4 fc1
Quantizing ...
time 0.18
error 2658.418212890625
4 fc2
Quantizing ...
time 0.77
error 59.219181060791016
5 self_attn.k_proj
Quantizing ...
time 0.19
error 16193.474609375
5 self_attn.v_proj
Quantizing ...
time 0.19
error 950.6759033203125
5 self_attn.q_proj
Quantizing ...
time 0.20
error 15354.169921875
5 self_attn.out_proj
Quantizing ...
time 0.18
error 13.209815979003906
5 fc1
Quantizing ...
time 0.19
error 2362.7197265625
5 fc2
Quantizing ...
time 0.77
error 112.64151000976562
6 self_attn.k_proj
Quantizing ...
time 0.19
error 17462.99609375
6 self_attn.v_proj
Quantizing ...
time 0.18
error 1270.65478515625
6 self_attn.q_proj
Quantizing ...
time 0.18
error 15270.208984375
6 self_attn.out_proj
Quantizing ...
time 0.18
error 18.438846588134766
6 fc1
Quantizing ...
time 0.20
error 2363.396728515625
6 fc2
Quantizing ...
time 0.75
error 144.3000946044922
7 self_attn.k_proj
Quantizing ...
time 0.20
error 18902.8515625
7 self_attn.v_proj
Quantizing ...
time 0.19
error 1403.410888671875
7 self_attn.q_proj
Quantizing ...
time 0.19
error 16878.716796875
7 self_attn.out_proj
Quantizing ...
time 0.19
error 25.679927825927734
7 fc1
Quantizing ...
time 0.19
error 2964.919189453125
7 fc2
Quantizing ...
time 0.74
error 176.65975952148438
8 self_attn.k_proj
Quantizing ...
time 0.19
error 19861.69921875
8 self_attn.v_proj
Quantizing ...
time 0.18
error 2063.263671875
8 self_attn.q_proj
Quantizing ...
time 0.18
error 18481.6484375
8 self_attn.out_proj
Quantizing ...
time 0.18
error 38.651771545410156
8 fc1
Quantizing ...
time 0.18
error 3883.72705078125
8 fc2
Quantizing ...
time 0.73
error 289.08770751953125
9 self_attn.k_proj
Quantizing ...
time 0.19
error 21233.35546875
9 self_attn.v_proj
Quantizing ...
time 0.18
error 2231.73583984375
9 self_attn.q_proj
Quantizing ...
time 0.19
error 18389.75
9 self_attn.out_proj
Quantizing ...
time 0.18
error 71.64728546142578
9 fc1
Quantizing ...
time 0.18
error 4941.86328125
9 fc2
Quantizing ...
time 0.73
error 369.8883972167969
10 self_attn.k_proj
Quantizing ...
time 0.18
error 24618.69921875
10 self_attn.v_proj
Quantizing ...
time 0.18
error 2779.5322265625
10 self_attn.q_proj
Quantizing ...
time 0.18
error 18548.390625
10 self_attn.out_proj
Quantizing ...
time 0.19
error 84.02954864501953
10 fc1
Quantizing ...
time 0.18
error 6106.1103515625
10 fc2
Quantizing ...
time 0.73
error 604.8637084960938
11 self_attn.k_proj
Quantizing ...
time 0.19
error 21134.40625
11 self_attn.v_proj
Quantizing ...
time 0.18
error 3732.0126953125
11 self_attn.q_proj
Quantizing ...
time 0.18
error 16951.162109375
11 self_attn.out_proj
Quantizing ...
time 0.18
error 167.65737915039062
11 fc1
Quantizing ...
time 0.18
error 9338.169921875
11 fc2
Quantizing ...
time 0.73
error 854.3199462890625
Evaluating ...
0
1
2
