warning: The `fitz` API is deprecated and will be removed in future. Use `import pymupdf` instead.
[phase0_fulltext] candidate pool: 29 papers (4 U + 0 H + 10 T2 + 15 T3)
  [1/29] T2 semanticscholar:f3be325255c5fd6d53ae023730bdd0d542ee08fe OK    html_arxiv                WAM-RL: World-Action Model Reinforcement Learning with Reconstruction Rewards an
  [2/29] U arxiv:2607.28405v1 OK    html_arxiv                QuantWAMs: Calibrating at the Right Granularity for World Action Models
  [3/29] T2 semanticscholar:3136feb03c4c95b58c2336369024578d54681461 OK    html_arxiv                AHA-WAM:Asynchronous Horizon-Adaptive World-Action Modeling with Observation-Gui
  [4/29] T2 semanticscholar:99888c5119beae4db99120f059acd608e338da3c OK    html_arxiv                MV-WAM: Manifold-Aware World Action Model with Value Augmentation
  [5/29] U arxiv:2602.02110v1 OK    html_arxiv                An Empirical Study of World Model Quantization
  [6/29] T2 openalex:W4413156213 OK    html_arxiv                CoT-VLA: Visual Chain-of-Thought Reasoning for Vision-Language-Action Models
  [7/29] U user_ref:title:Saliency-Aware Quantized Imitation Learning for Efficient Robotic Control FAIL  failed                    (user-provided title: Saliency-Aware Quantized Imitation Learning for Efficient 
  [8/29] T2 semanticscholar:d7710c7bd17a5b107288baf529a1bfde4ad6bd9a OK    html_arxiv                Tactile-WAM: Touch-Aware World Action Model with Tactile Asymmetric Attention
  [9/29] T2 semanticscholar:d472d9aab787471aa33d385816fbbd70e66343a5 OK    html_arxiv                HiMem-WAM: Hierarchical Memory-Gated World Action Models for Robotic Manipulatio
  [10/29] T2 semanticscholar:aea2454e7391e9b6e33bbf47ea8183c5bd63c0fe OK    html_arxiv                OA-WAM: Object-Addressable World Action Model for Robust Robot Manipulation
  [11/29] T2 semanticscholar:b5be12ccbb037be57a1dbc03fbd43d379170055f OK    html_arxiv                Fast-WAM: Do World Action Models Need Test-time Future Imagination?
  [12/29] T2 semanticscholar:3f524642bda4a50a0b029387987a9b6d74232d0e OK    html_arxiv                Flash-WAM: Modality-Aware Distillation for World Action Models
  [13/29] T2 semanticscholar:e2fe3309f074c0704c6655dcf98807959023043d OK    html_arxiv                DIM-WAM: World-Action Modeling with Diverse Historical Event Memory
  [14/29] T3 arxiv:2608.20114v2 OK    html_arxiv                DECOWAM: Decoupled Whole-Body World-Action Model for Legged Mobile Manipulation
  [15/29] T3 arxiv:2608.09381v1 OK    html_arxiv                JEPA-WAM: Learning Vision-Language-Action Policies with Joint-Embedding World Mo
  [16/29] T3 arxiv:2608.26103v2 OK    html_arxiv                Zero-WAM: In-Context World-Action Modeling from Human Videos for Open-Ended Task
  [17/29] T3 arxiv:2608.20735v2 OK    html_arxiv                ForeTime-VLA: Causal Future-Token Distillation from a World Action Model for Con
  [18/29] T3 arxiv:2608.22364v1 OK    html_arxiv                WAM-OPD: On-Policy Distillation for World Action Models
  [19/29] T3 arxiv:2607.00678v2 OK    html_arxiv                ABot-M0.5: Unified Mobility-and-Manipulation World Action Model
  [20/29] T3 arxiv:2606.17046v2 OK    html_arxiv                Geometric Action Model for Robot Policy Learning
  [21/29] T3 arxiv:2604.01985v2 OK    html_arxiv                World Action Verifier: Self-Improving World Models via Forward-Inverse Asymmetry
  [22/29] T3 arxiv:2608.01397v1 OK    html_arxiv                SG-WAM: Self-Guided World Modeling in Geometry-Aware Policy Space
  [23/29] T3 arxiv:2608.04404v1 OK    html_arxiv                Faster-WAM: Efficient Inference-Time Future Conditioning for Robust World Action
  [24/29] T3 arxiv:2606.10040v2 OK    html_arxiv                Efficient-WAM: A 1B-Parameter World-Action Model with Low-Cost Future Imaginatio
  [25/29] T3 arxiv:2607.25918v1 OK    html_arxiv                DC-WAM: Dynamic-Centric Visual Supervision and Reasoning for World-Action Models
  [26/29] T3 arxiv:2605.22882v4 OK    html_arxiv                GEM-4D: Geometry-Enhanced Video World Models for Robot Manipulation
  [27/29] T3 arxiv:2605.12167v1 OK    html_arxiv                From Imagined Futures to Executable Actions: Mixture of Latent Actions for Robot
  [28/29] T3 arxiv:2608.22067v4 OK    html_arxiv                DELE-w0.5: Inferring Action from Future Latent State for Robotic Manipulation
  [29/29] U user_ref:arxiv_id:2505.15304 OK    html_arxiv                (user-provided arxiv_id: 2505.15304)

  wrote D:\Downloads\Final Year Project\ideaspark_run\world-action-model-quantization\phase0\fulltext_cache.json (28/29 succeeded)
  wrote per-paper read view: D:\Downloads\Final Year Project\ideaspark_run\world-action-model-quantization\phase0\fulltext/ (29 .md + index.json)
