  [skip] openreview: missing env vars: OPENREVIEW_USER, OPENREVIEW_PASS

!!!!!!!!!!!!!!!!!!!!!!!!!!!!!!!!!!!!!!!!!!!!!!!!!!!!!!!!!!!!!!!!!!!!!!
  ⚠️  Phase 3.1 collision: CONNECTORS DEGRADED — ran 3/4.
       used:    arxiv, openalex, semanticscholar
       SKIPPED: openreview
       Retrieval/collision coverage is WEAKER than a full run.
       Common cause: the connector package is not importable in THIS
       process (e.g. a background/non-login shell that dropped the
       pip --user site-packages). Re-run `check_connectors` in the SAME
       shell you launch phases from, or install into the active env.
!!!!!!!!!!!!!!!!!!!!!!!!!!!!!!!!!!!!!!!!!!!!!!!!!!!!!!!!!!!!!!!!!!!!!!
  arxiv: 32 in-window across 4 queries -> 31 kept (round-robin)
  wrote D:\Downloads\Final Year Project\ideaspark_run\world-action-model-quantization\phase3_collision\arxiv_collision.json with 31 unique papers
  openalex: 100 BM25 hits across 4 queries -> 96 kept (round-robin)
  wrote D:\Downloads\Final Year Project\ideaspark_run\world-action-model-quantization\phase3_collision\openalex_collision.json with 96 unique papers
  semanticscholar 'single-site closed-loop consequence score' failed: HTTP Error 429: 
    semanticscholar 'action and next-observation counterfactuals' failed: HTTP Error 429: 
    semanticscholar 'coupled video-action denoising' failed: HTTP Error 429: 
    semanticscholar: 50 hits across 4 queries -> 50 kept (round-robin)
  wrote D:\Downloads\Final Year Project\ideaspark_run\world-action-model-quantization\phase3_collision\semanticscholar_collision.json with 50 unique papers
  arxiv: 119 in-window across 5 queries -> 119 kept (round-robin)
  wrote D:\Downloads\Final Year Project\ideaspark_run\world-action-model-quantization\phase3_collision\arxiv_alias_collision.json with 119 unique papers
  openalex: 125 BM25 hits across 5 queries -> 123 kept (round-robin)
  wrote D:\Downloads\Final Year Project\ideaspark_run\world-action-model-quantization\phase3_collision\openalex_alias_collision.json with 123 unique papers
  semanticscholar 'task-loss-aware quantization calibration' failed: HTTP Error 429: 
    semanticscholar 'model-error-aware robust MPC' failed: HTTP Error 429: 
    semanticscholar 'teacher-student behavior matching' failed: HTTP Error 429: 
    semanticscholar 'off-policy marginal effect estimation' failed: HTTP Error 429: 
    semanticscholar 'interventional policy sensitivity analysis' failed: HTTP Error 429: 
    semanticscholar: 0 hits across 5 queries -> 0 kept (round-robin)
  wrote D:\Downloads\Final Year Project\ideaspark_run\world-action-model-quantization\phase3_collision\semanticscholar_alias_collision.json with 0 unique papers
  channels: signature=176 hits (10mo), alias=+241 unique hits (48mo)
  truncation[signature]: kept 95/176 (dropped 7 zero-relevance + 74 below adaptive floor + 0 over cap 120; min kept score 3)
  truncation[alias]: kept 120/241 (dropped 5 zero-relevance + 58 below adaptive floor + 58 over cap 120; min kept score 3)
